# Log excerpt; complete raw log retained locally under build/p0/runs.
# Original lines: 5536
# Marker counts: {'Exception': 171, 'ERROR': 2, 'P0_NETWORK': 3, ' CW INPUT': 33, ' CW ACK': 14, 'P0_LOCK_PHASE': 4, ' CW ENGAGEMENT': 1, ' CW LOCK': 4, 'P0_LOCK_READY': 1, ' CW FACING': 3, ' CW START': 3, ' CW AIM': 3, 'CW_EVENT': 10, ' CW FREEZE': 3, ' CW COMMIT': 3, 'P0_PERF': 3}
[Loaded java.lang.Exception from C:\Program Files\Zulu\zulu-8\jre\lib\rt.jar]
[Loaded java.lang.RuntimeException from C:\Program Files\Zulu\zulu-8\jre\lib\rt.jar]
[Loaded java.lang.ReflectiveOperationException from C:\Program Files\Zulu\zulu-8\jre\lib\rt.jar]
[Loaded java.lang.ClassNotFoundException from C:\Program Files\Zulu\zulu-8\jre\lib\rt.jar]
[Loaded java.lang.ClassCastException from C:\Program Files\Zulu\zulu-8\jre\lib\rt.jar]
[Loaded java.lang.ArrayStoreException from C:\Program Files\Zulu\zulu-8\jre\lib\rt.jar]
[Loaded java.lang.IllegalMonitorStateException from C:\Program Files\Zulu\zulu-8\jre\lib\rt.jar]
[Loaded java.lang.Thread$UncaughtExceptionHandler from C:\Program Files\Zulu\zulu-8\jre\lib\rt.jar]
[Loaded java.lang.NullPointerException from C:\Program Files\Zulu\zulu-8\jre\lib\rt.jar]
[Loaded java.lang.ArithmeticException from C:\Program Files\Zulu\zulu-8\jre\lib\rt.jar]
[Loaded java.lang.InterruptedException from C:\Program Files\Zulu\zulu-8\jre\lib\rt.jar]
[Loaded java.security.PrivilegedExceptionAction from C:\Program Files\Zulu\zulu-8\jre\lib\rt.jar]
[07:54:45] [main/ERROR] [FML]: The binary patch set is missing. Either you are in a development environment, or things are not going to work!
[07:54:46] [main/ERROR] [FML]: FML appears to be missing any signature data. This is not a good thing
[07:55:04] [Server thread/INFO] [STDOUT]: [com.layue13.clashweave.validation.NetworkScenario:login:44]: P0_NETWORK login=P0A
[07:55:05] [Server thread/INFO] [STDOUT]: [com.layue13.clashweave.forge.CombatServer:trace:828]: CW INPUT player=P0A seq=1 kind=-2 target=-1 origin=0 stamp=197 effectiveStamp=197 receivedTick=211 consumedTick=212 arrival=90120985782200 gate=STALE
[07:55:05] [Server thread/INFO] [STDOUT]: [com.layue13.clashweave.forge.CombatServer:trace:828]: CW ACK player=P0A seq=1 result=REJECT:STALE
[07:55:05] [Server thread/INFO] [STDOUT]: [com.layue13.clashweave.forge.CombatServer:trace:828]: CW INPUT player=P0A seq=2 kind=-2 target=-1 origin=0 stamp=198 effectiveStamp=198 receivedTick=211 consumedTick=212 arrival=90120985861600 gate=STALE
[07:55:05] [Server thread/INFO] [STDOUT]: [com.layue13.clashweave.forge.CombatServer:trace:828]: CW ACK player=P0A seq=2 result=REJECT:STALE
[07:55:05] [Server thread/INFO] [STDOUT]: [com.layue13.clashweave.forge.CombatServer:trace:828]: CW INPUT player=P0A seq=3 kind=-2 target=-1 origin=0 stamp=199 effectiveStamp=199 receivedTick=211 consumedTick=212 arrival=90120985879500 gate=STALE
[07:55:05] [Server thread/INFO] [STDOUT]: [com.layue13.clashweave.forge.CombatServer:trace:828]: CW ACK player=P0A seq=3 result=REJECT:STALE
[07:55:05] [Server thread/INFO] [STDOUT]: [com.layue13.clashweave.forge.CombatServer:trace:828]: CW INPUT player=P0A seq=4 kind=-2 target=-1 origin=0 stamp=200 effectiveStamp=200 receivedTick=211 consumedTick=212 arrival=90120985895200 gate=STALE
[07:55:05] [Server thread/INFO] [STDOUT]: [com.layue13.clashweave.forge.CombatServer:trace:828]: CW ACK player=P0A seq=4 result=REJECT:STALE
[07:55:05] [Server thread/INFO] [STDOUT]: [com.layue13.clashweave.forge.CombatServer:trace:828]: CW INPUT player=P0A seq=5 kind=-2 target=-1 origin=0 stamp=201 effectiveStamp=201 receivedTick=211 consumedTick=212 arrival=90120985924600 gate=STALE
[07:55:05] [Server thread/INFO] [STDOUT]: [com.layue13.clashweave.forge.CombatServer:trace:828]: CW ACK player=P0A seq=5 result=REJECT:STALE
[07:55:05] [Server thread/INFO] [STDOUT]: [com.layue13.clashweave.forge.CombatServer:trace:828]: CW INPUT player=P0A seq=6 kind=-2 target=-1 origin=0 stamp=202 effectiveStamp=202 receivedTick=211 consumedTick=212 arrival=90120985936400 gate=STALE
[07:55:05] [Server thread/INFO] [STDOUT]: [com.layue13.clashweave.forge.CombatServer:trace:828]: CW ACK player=P0A seq=6 result=REJECT:STALE
[07:55:05] [Server thread/INFO] [STDOUT]: [com.layue13.clashweave.forge.CombatServer:trace:828]: CW INPUT player=P0A seq=7 kind=-2 target=-1 origin=0 stamp=203 effectiveStamp=203 receivedTick=212 consumedTick=213 arrival=90120993192900 gate=STALE
[07:55:05] [Server thread/INFO] [STDOUT]: [com.layue13.clashweave.forge.CombatServer:trace:828]: CW ACK player=P0A seq=7 result=REJECT:STALE
[07:55:05] [Server thread/INFO] [STDOUT]: [com.layue13.clashweave.forge.CombatServer:trace:828]: CW INPUT player=P0A seq=8 kind=-2 target=-1 origin=0 stamp=204 effectiveStamp=204 receivedTick=212 consumedTick=213 arrival=90120993246100 gate=OK
[07:55:05] [Server thread/INFO] [STDOUT]: [com.layue13.clashweave.forge.CombatServer:trace:828]: CW INPUT player=P0A seq=9 kind=-2 target=-1 origin=0 stamp=205 effectiveStamp=205 receivedTick=212 consumedTick=213 arrival=90120993297300 gate=OK
[07:55:05] [Server thread/INFO] [STDOUT]: [com.layue13.clashweave.forge.CombatServer:trace:828]: CW INPUT player=P0A seq=10 kind=-2 target=-1 origin=0 stamp=206 effectiveStamp=206 receivedTick=212 consumedTick=213 arrival=90120993319500 gate=OK
[07:55:05] [Server thread/INFO] [STDOUT]: [com.layue13.clashweave.forge.CombatServer:trace:828]: CW INPUT player=P0A seq=11 kind=-2 target=-1 origin=0 stamp=207 effectiveStamp=207 receivedTick=212 consumedTick=213 arrival=90120993342100 gate=OK
[07:55:05] [Server thread/INFO] [STDOUT]: [com.layue13.clashweave.forge.CombatServer:trace:828]: CW INPUT player=P0A seq=12 kind=-2 target=-1 origin=0 stamp=208 effectiveStamp=208 receivedTick=212 consumedTick=213 arrival=90120993365700 gate=OK
[07:55:14] [Server thread/INFO] [STDOUT]: [com.layue13.clashweave.validation.NetworkScenario:login:44]: P0_NETWORK login=P0B
[07:55:16] [Server thread/INFO] [STDOUT]: [com.layue13.clashweave.validation.LockSupportScenario:phase:32]: P0_LOCK_PHASE name=WAIT serial=0 angle=0.0 assist=true target=80162 tick=442
[07:55:16] [Server thread/INFO] [STDOUT]: [com.layue13.clashweave.forge.CombatServer:trace:828]: CW ENGAGEMENT player=P0A engaged=true revision=3 tick=444 sent=90131922758400
[07:55:17] [Server thread/INFO] [STDOUT]: [com.layue13.clashweave.forge.CombatServer:trace:828]: CW LOCK_TARGET player=P0A target=80162 hint=-1
[07:55:17] [Server thread/INFO] [STDOUT]: [com.layue13.clashweave.forge.CombatServer:trace:828]: CW ACK player=P0A seq=24 result=LOCK
[07:55:17] [Server thread/INFO] [STDOUT]: [com.layue13.clashweave.validation.LockSupportScenario:tick:47]: P0_LOCK_READY actualInputAccepted=true
[07:55:17] [Server thread/INFO] [STDOUT]: [com.layue13.clashweave.validation.LockSupportScenario:phase:32]: P0_LOCK_PHASE name=AIM serial=39 angle=30.0 assist=true target=80162 tick=468
[07:55:17] [Server thread/INFO] [STDOUT]: [com.layue13.clashweave.forge.CombatServer:trace:828]: CW FACING player=P0A seq=25 requested=0.0 known=0.0 chosen=0.0 accepted=true reason=OK
[07:55:17] [Server thread/INFO] [STDOUT]: [com.layue13.clashweave.forge.CombatServer:trace:828]: CW START player=P0A id=1 action=iai tick=477
[07:55:17] [Server thread/INFO] [STDOUT]: [com.layue13.clashweave.forge.CombatServer:trace:828]: CW LOCK_AIM player=P0A id=1 target=80162 enabled=true before=0.0 after=15.0 correction=15.0 targetYaw=29.999999999999993 pitchCorrection=0
[07:55:17] [Server thread/INFO] [STDOUT]: [com.layue13.clashweave.forge.CombatServer:trace:828]: CW AIM player=P0A id=1 requested=0.0 requestedPitch=0.0 selectedPitch=0.0 beforePitchDelta=0.0 afterPitchDelta=0.0 baseline=0.0 selected=15.0 beforeDelta=0.0 afterDelta=15.0 accepted=true
[07:55:17] [Server thread/INFO] [STDOUT]: [com.layue13.clashweave.forge.SemanticDispatcher:publish:33]: CW_EVENT id=1 kind=DRAW actor=0 target=-1 instance=1 tick=477
[07:55:17] [Server thread/INFO] [STDOUT]: [com.layue13.clashweave.forge.SemanticDispatcher:publish:33]: CW_EVENT id=2 kind=SWING actor=0 target=-1 instance=1 tick=477
[07:55:17] [Server thread/INFO] [STDOUT]: [com.layue13.clashweave.forge.CombatServer:trace:828]: CW ACK player=P0A seq=25 result=START
[07:55:18] [Server thread/INFO] [STDOUT]: [com.layue13.clashweave.forge.CombatServer:trace:828]: CW ACK player=P0A seq=26 result=MOVE_READY
[07:55:18] [Server thread/INFO] [STDOUT]: [com.layue13.clashweave.forge.CombatServer:trace:828]: CW FREEZE player=P0A targetPlayer=false target=80162 id=1 hitTick=482 frozen=90133822845000
[07:55:18] [Server thread/INFO] [STDOUT]: [com.layue13.clashweave.forge.SemanticDispatcher:publish:33]: CW_EVENT id=3 kind=HIT actor=0 target=80162 instance=1 tick=482
[07:55:18] [Server thread/INFO] [STDOUT]: [com.layue13.clashweave.forge.SemanticDispatcher:publish:33]: CW_EVENT id=4 kind=HURT actor=80162 target=0 instance=1 tick=482
[07:55:18] [Server thread/INFO] [STDOUT]: [com.layue13.clashweave.forge.CombatServer:trace:828]: CW COMMIT player=P0A targetPlayer=false target=80162 id=1 hitTick=482 commitTick=482 frozen=90133822845000 cutoff=90133823222800 guard=0 damage=5.0 hit=true hp=3995.4 facing=true
[07:55:18] [Server thread/INFO] [STDOUT]: [com.layue13.clashweave.validation.LockSupportScenario:phase:32]: P0_LOCK_PHASE name=WEAK serial=0 angle=0.0 assist=true target=80162 tick=492
[07:55:19] [Server thread/INFO] [STDOUT]: [com.layue13.clashweave.validation.NetworkScenario:tick:105]: P0_PERF samples=100 meanNanos=285320 maxNanos=5940900
[07:55:24] [Server thread/INFO] [STDOUT]: [com.layue13.clashweave.validation.LockSupportScenario:phase:32]: P0_LOCK_PHASE name=STRONG serial=0 angle=0.0 assist=true target=80162 tick=612
[07:55:24] [Server thread/INFO] [STDOUT]: [com.layue13.clashweave.validation.NetworkScenario:tick:105]: P0_PERF samples=200 meanNanos=180352 maxNanos=5940900
[07:55:26] [Server thread/INFO] [STDOUT]: [com.layue13.clashweave.forge.CombatServer:trace:828]: CW FACING player=P0A seq=27 requested=62.550858 known=62.550858 chosen=62.550858 accepted=true reason=OK
[07:55:26] [Server thread/INFO] [STDOUT]: [com.layue13.clashweave.forge.CombatServer:trace:828]: CW START player=P0A id=2 action=light_1 tick=638
[07:55:26] [Server thread/INFO] [STDOUT]: [com.layue13.clashweave.forge.CombatServer:trace:828]: CW LOCK_AIM player=P0A id=2 target=80162 enabled=true before=62.550858 after=75.0 correction=12.449142456054688 targetYaw=75.00000000000001 pitchCorrection=0
[07:55:26] [Server thread/INFO] [STDOUT]: [com.layue13.clashweave.forge.CombatServer:trace:828]: CW AIM player=P0A id=2 requested=62.550858 requestedPitch=2.7234325 selectedPitch=2.7234325 beforePitchDelta=2.7234325 afterPitchDelta=0.0 baseline=62.550858 selected=75.0 beforeDelta=0.0 afterDelta=12.449142456054688 accepted=true
[07:55:26] [Server thread/INFO] [STDOUT]: [com.layue13.clashweave.forge.SemanticDispatcher:publish:33]: CW_EVENT id=5 kind=SWING actor=0 target=-1 instance=2 tick=638
[07:55:26] [Server thread/INFO] [STDOUT]: [com.layue13.clashweave.forge.CombatServer:trace:828]: CW ACK player=P0A seq=27 result=START
[07:55:26] [Server thread/INFO] [STDOUT]: [com.layue13.clashweave.forge.CombatServer:trace:828]: CW ACK player=P0A seq=28 result=MOVE_READY
[07:55:26] [Server thread/INFO] [STDOUT]: [com.layue13.clashweave.forge.CombatServer:trace:828]: CW FREEZE player=P0A targetPlayer=false target=80162 id=2 hitTick=642 frozen=90141823790600
[07:55:26] [Server thread/INFO] [STDOUT]: [com.layue13.clashweave.forge.SemanticDispatcher:publish:33]: CW_EVENT id=6 kind=HIT actor=0 target=80162 instance=2 tick=642
[07:55:26] [Server thread/INFO] [STDOUT]: [com.layue13.clashweave.forge.SemanticDispatcher:publish:33]: CW_EVENT id=7 kind=HURT actor=80162 target=0 instance=2 tick=642
[07:55:26] [Server thread/INFO] [STDOUT]: [com.layue13.clashweave.forge.CombatServer:trace:828]: CW COMMIT player=P0A targetPlayer=false target=80162 id=2 hitTick=642 commitTick=642 frozen=90141823790600 cutoff=90141824077800 guard=0 damage=3.0 hit=true hp=3983.64 facing=false
[07:55:27] [Server thread/INFO] [STDOUT]: [com.layue13.clashweave.forge.CombatServer:trace:828]: CW FACING player=P0A seq=29 requested=197.36386 known=197.36386 chosen=197.36386 accepted=true reason=OK
[07:55:27] [Server thread/INFO] [STDOUT]: [com.layue13.clashweave.forge.CombatServer:trace:828]: CW START player=P0A id=3 action=light_1 tick=678
[07:55:27] [Server thread/INFO] [STDOUT]: [com.layue13.clashweave.forge.CombatServer:trace:828]: CW LOCK_AIM player=P0A id=3 target=80162 enabled=true before=197.36386 after=210.0 correction=12.636138916015625 targetYaw=-149.99999999999997 pitchCorrection=0
[07:55:27] [Server thread/INFO] [STDOUT]: [com.layue13.clashweave.forge.CombatServer:trace:828]: CW AIM player=P0A id=3 requested=197.36386 requestedPitch=2.7869935 selectedPitch=2.7869935 beforePitchDelta=2.7869935 afterPitchDelta=0.0 baseline=197.36386 selected=210.0 beforeDelta=0.0 afterDelta=12.636138916015625 accepted=true
[07:55:27] [Server thread/INFO] [STDOUT]: [com.layue13.clashweave.forge.SemanticDispatcher:publish:33]: CW_EVENT id=8 kind=SWING actor=0 target=-1 instance=3 tick=678
[07:55:28] [Server thread/INFO] [STDOUT]: [com.layue13.clashweave.forge.CombatServer:trace:828]: CW FREEZE player=P0A targetPlayer=false target=80162 id=3 hitTick=682 frozen=90143819324700
[07:55:28] [Server thread/INFO] [STDOUT]: [com.layue13.clashweave.forge.SemanticDispatcher:publish:33]: CW_EVENT id=9 kind=HIT actor=0 target=80162 instance=3 tick=682
[07:55:28] [Server thread/INFO] [STDOUT]: [com.layue13.clashweave.forge.SemanticDispatcher:publish:33]: CW_EVENT id=10 kind=HURT actor=80162 target=0 instance=3 tick=682
[07:55:28] [Server thread/INFO] [STDOUT]: [com.layue13.clashweave.forge.CombatServer:trace:828]: CW COMMIT player=P0A targetPlayer=false target=80162 id=3 hitTick=682 commitTick=682 frozen=90143819324700 cutoff=90143819646000 guard=0 damage=3.0 hit=true hp=3978.88 facing=false
[07:55:29] [Server thread/INFO] [STDOUT]: [com.layue13.clashweave.validation.NetworkScenario:tick:105]: P0_PERF samples=300 meanNanos=166144 maxNanos=5940900
[07:55:30] [Server thread/INFO] [STDOUT]: [com.layue13.clashweave.validation.LockSupportScenario:tick:49]: P0_NETWORK COMPLETE
