Starting a Gradle Daemon (subsequent builds will be faster)

> Configure project :
Version override set to 0.1.0-dev!
You might want to check out './gradlew :faq' if your build fails.
Build script update from 2.0.33 to 2.0.34 available! Run ./gradlew updateBuildScript
'indentWithSpaces' is deprecated, use 'leadingTabsToSpaces' in your gradle build script instead.
'indentWithSpaces' is deprecated, use 'leadingTabsToSpaces' in your gradle build script instead.
Recommend replacing '4.19.0' with '4.19' for Eclipse JDT

> Task :compileInjectedInterfacesJava NO-SOURCE
> Task :extractDependencyATs SKIPPED
> Task :generateForgeSrgMappings SKIPPED
> Task :downloadVanillaJars SKIPPED
> Task :mergeVanillaSidedJars SKIPPED
> Task :deobfuscateMergedJarToSrg SKIPPED
> Task :downloadFernflower SKIPPED
> Task :decompileSrgJar SKIPPED
> Task :cleanupDecompSrgJar SKIPPED
> Task :patchDecompiledJar SKIPPED
> Task :applyJST SKIPPED
> Task :remapDecompiledJar SKIPPED
> Task :decompressDecompiledSources UP-TO-DATE
> Task :processInjectedInterfacesResources NO-SOURCE
> Task :injectedInterfacesClasses UP-TO-DATE
> Task :compilePatchedMcJava UP-TO-DATE
> Task :processPatchedMcResources UP-TO-DATE
> Task :patchedMcClasses UP-TO-DATE
> Task :compileApiJava NO-SOURCE
> Task :processApiResources NO-SOURCE
> Task :apiClasses UP-TO-DATE
> Task :injectTags UP-TO-DATE
> Task :compileInjectedTagsJava UP-TO-DATE
> Task :extractNatives2 UP-TO-DATE
> Task :createMcLauncherFiles UP-TO-DATE
> Task :compileMcLauncherJava UP-TO-DATE
> Task :processInjectedTagsResources NO-SOURCE
> Task :injectedTagsClasses UP-TO-DATE
> Task :processMcLauncherResources NO-SOURCE
> Task :mcLauncherClasses UP-TO-DATE
> Task :compileJava
> Task :processResources
> Task :classes
> Task :jar
> Task :packageMcLauncher UP-TO-DATE
> Task :packagePatchedMc UP-TO-DATE
> Task :compileS1bExperimentJava
> Task :processS1bExperimentResources NO-SOURCE
> Task :s1bExperimentClasses
> Task :s1bExperimentJar
> Task :round2LaunchFile
> Task :reobfJar
> Task :sourcesJar
> Task :assemble
> Task :checkstyleApi NO-SOURCE
> Task :compileIdeVirtualMainJava SKIPPED
> Task :processIdeVirtualMainResources SKIPPED
> Task :spotlessJava
> Task :spotlessJavaCheck
> Task :spotlessKotlin UP-TO-DATE
> Task :spotlessKotlinCheck UP-TO-DATE
> Task :spotlessMisc UP-TO-DATE
> Task :spotlessMiscCheck UP-TO-DATE
> Task :spotlessScala UP-TO-DATE
> Task :spotlessScalaCheck UP-TO-DATE
> Task :spotlessCheck
> Task :ideVirtualMainClasses SKIPPED
> Task :checkstyleIdeVirtualMain SKIPPED
> Task :checkstyleInjectedInterfaces NO-SOURCE
> Task :checkstyleInjectedTags SKIPPED
> Task :checkstyleMcLauncher SKIPPED
> Task :checkstylePatchedMc SKIPPED
> Task :compileTestJava NO-SOURCE
> Task :processTestResources NO-SOURCE
> Task :testClasses UP-TO-DATE
> Task :checkstyleTest NO-SOURCE
> Task :test NO-SOURCE
> Task :checkstyleMain
> Task :checkstyleS1bExperiment
> Task :check
> Task :build

[Incubating] Problems report is available at: file:///C:/Users/layue13/Documents/Projects/Clashweave/build/reports/problems/problems-report.html

Deprecated Gradle features were used in this build, making it incompatible with Gradle 10.

You can use '--warning-mode all' to show the individual deprecation warnings and determine if they come from your own scripts or plugins.

For more on this, please refer to https://docs.gradle.org/9.7.1/userguide/command_line_interface.html#sec:command_line_warnings in the Gradle documentation.

BUILD SUCCESSFUL in 10s
28 actionable tasks: 12 executed, 16 up-to-date
