Starting a Gradle Daemon, 1 incompatible and 1 stopped Daemons could not be reused, use --status for details

> Configure project :
Version override set to 0.1.0-dev!
You might want to check out './gradlew :faq' if your build fails.
Build script update from 2.0.33 to 2.0.34 available! Run ./gradlew updateBuildScript
Recommend replacing '4.19.0' with '4.19' for Eclipse JDT
'indentWithSpaces' is deprecated, use 'leadingTabsToSpaces' in your gradle build script instead.
'indentWithSpaces' is deprecated, use 'leadingTabsToSpaces' in your gradle build script instead.

> Task :spotlessJava
> Task :spotlessJavaApply
> Task :spotlessKotlin UP-TO-DATE
> Task :spotlessKotlinApply UP-TO-DATE
> Task :spotlessMisc UP-TO-DATE
> Task :spotlessMiscApply UP-TO-DATE
> Task :spotlessScala UP-TO-DATE
> Task :spotlessScalaApply UP-TO-DATE
> Task :spotlessApply
> Task :spotlessJavaCheck
> Task :spotlessKotlinCheck UP-TO-DATE
> Task :spotlessMiscCheck UP-TO-DATE
> Task :spotlessScalaCheck UP-TO-DATE
> Task :spotlessCheck
> Task :compileInjectedInterfacesJava NO-SOURCE
> Task :extractDependencyATs SKIPPED
> Task :generateForgeSrgMappings SKIPPED
> Task :downloadVanillaJars SKIPPED
> Task :mergeVanillaSidedJars SKIPPED
> Task :deobfuscateMergedJarToSrg SKIPPED
> Task :downloadFernflower SKIPPED
> Task :decompileSrgJar SKIPPED
> Task :cleanupDecompSrgJar SKIPPED
> Task :patchDecompiledJar SKIPPED
> Task :applyJST SKIPPED
> Task :remapDecompiledJar SKIPPED
> Task :decompressDecompiledSources UP-TO-DATE
> Task :processInjectedInterfacesResources NO-SOURCE
> Task :injectedInterfacesClasses UP-TO-DATE
> Task :compilePatchedMcJava UP-TO-DATE
> Task :processPatchedMcResources UP-TO-DATE
> Task :patchedMcClasses UP-TO-DATE
> Task :compileApiJava NO-SOURCE
> Task :processApiResources NO-SOURCE
> Task :apiClasses UP-TO-DATE
> Task :injectTags UP-TO-DATE
> Task :compileInjectedTagsJava UP-TO-DATE
> Task :extractNatives2 UP-TO-DATE
> Task :createMcLauncherFiles UP-TO-DATE
> Task :compileMcLauncherJava UP-TO-DATE
> Task :processInjectedTagsResources NO-SOURCE
> Task :injectedTagsClasses UP-TO-DATE
> Task :processMcLauncherResources NO-SOURCE
> Task :mcLauncherClasses UP-TO-DATE
> Task :compileJava
> Task :processResources UP-TO-DATE
> Task :classes
> Task :compileTestJava UP-TO-DATE
> Task :processTestResources NO-SOURCE
> Task :testClasses UP-TO-DATE
> Task :jar
> Task :packageMcLauncher UP-TO-DATE
> Task :packagePatchedMc UP-TO-DATE
> Task :reobfJar
> Task :sourcesJar
> Task :assemble
> Task :checkstyleApi NO-SOURCE
> Task :compileIdeVirtualMainJava SKIPPED
> Task :processIdeVirtualMainResources SKIPPED
> Task :ideVirtualMainClasses SKIPPED
> Task :checkstyleIdeVirtualMain SKIPPED
> Task :checkstyleInjectedInterfaces NO-SOURCE
> Task :checkstyleInjectedTags SKIPPED
> Task :checkstyleMcLauncher SKIPPED
> Task :compileP0ValidationJava UP-TO-DATE
> Task :processP0ValidationResources NO-SOURCE
> Task :p0ValidationClasses UP-TO-DATE
> Task :checkstylePatchedMc SKIPPED
> Task :p0ValidationJar UP-TO-DATE
> Task :checkstyleTest
> Task :checkstyleMain

> Task :test

AuthorityTest > sessionReplayFutureAndStaleRejectWithoutFallback PASSED

AuthorityTest > cumulativeBudgetAllowsBatchAfterLongTickButRejectsTeleportAndTotalOverflow PASSED

AuthorityTest > guardRequiresBothClocksAndStrictArrivalBoundary PASSED

AuthorityTest > shortEnvelopeCannotIdentifyModerateOverspeedWithinItsMargin PASSED

SchedulerTest > interruptionRejectsBoundEdge PASSED

SchedulerTest > counterRequestExpiresWithoutFallingBackToIdleAttack PASSED

SchedulerTest > latestValidRequestReplacesButInvalidDoesNotErase PASSED

SchedulerTest > hitLedgerIsPerTargetAndSegmentAndClearsAtEnd PASSED

SchedulerTest > guiClearsBufferedDerivativeButKeepsCurrentRecoveryAndLedger PASSED

SchedulerTest > lateWireDerivativeAndStaleIdleCannotBecomeAnotherAttack PASSED

SchedulerTest > frozenTradeSurvivesEveryTraversalPermutation PASSED

SchedulerTest > expiredDerivativeNeverBecomesIdleAttack PASSED

SchedulerTest > illegalNodesAndUnavailableLauncherReject PASSED

StateMessageTest > inputEncodingPreservesObservedOriginAndRejectsTruncatedPacket PASSED

StateMessageTest > observerEncodingCannotMutateOrExposeOwnerCredentials PASSED

> Task :downloadAssetManifest SKIPPED
> Task :downloadVanillaAssets UP-TO-DATE
> Task :p0LaunchFiles
> Task :checkstyleP0Validation
> Task :check
> Task :build

[Incubating] Problems report is available at: file:///C:/Users/layue13/Documents/Projects/Clashweave/build/reports/problems/problems-report.html

Deprecated Gradle features were used in this build, making it incompatible with Gradle 10.

You can use '--warning-mode all' to show the individual deprecation warnings and determine if they come from your own scripts or plugins.

For more on this, please refer to https://docs.gradle.org/9.7.1/userguide/command_line_interface.html#sec:command_line_warnings in the Gradle documentation.

BUILD SUCCESSFUL in 16s
36 actionable tasks: 12 executed, 24 up-to-date
