# Log excerpt; complete raw log retained locally under build/p0/runs.
# Original lines: 584
# Marker counts: {'ERROR': 3, 'CW_RENDER': 1, 'P0_AUDIO': 36, 'Exception': 2, 'CW_VIEW': 34, 'CW_ENGAGEMENT': 1, 'P0_APPEARANCE': 2, 'P0_REPLAY': 29, 'P0_CAPTURE': 8, 'P0_LOCAL_AUDIO': 24, 'CW_LOCAL_SWING': 24, 'P0_REQUEST': 62, 'CW_ALIGN': 35, 'CW_PRESENT': 128, 'CW_FEEDBACK': 35, 'CW_FRAME': 35, 'P0_LATE_WIRE': 1, 'P0_PENDING': 7}
[15:47:01] [main/ERROR] [FML]: The binary patch set is missing. Either you are in a development environment, or things are not going to work!
[15:47:01] [main/ERROR] [FML]: FML appears to be missing any signature data. This is not a good thing
This is just a prompt for computer specs to be printed. THIS IS NOT A ERROR
[15:47:05] [Client thread/INFO] [STDOUT]: [com.layue13.clashweave.client.KatanaRendering:load:35]: CW_RENDER models loaded units=block blade=+Y sheath=downwardBipedY angle=45.0
[15:47:05] [Client thread/INFO] [STDOUT]: [com.layue13.clashweave.validation.ClientReplay:<init>:68]: P0_AUDIO initial loader settled
[15:47:06] [Forge Version Check/INFO] [STDERR]: [java.lang.Throwable$WrappedPrintStream:println:749]: com.google.gson.JsonSyntaxException: java.lang.IllegalStateException: Expected BEGIN_OBJECT but was STRING at line 1 column 1
[15:47:06] [Forge Version Check/INFO] [STDERR]: [java.lang.Throwable$WrappedPrintStream:println:749]: Caused by: java.lang.IllegalStateException: Expected BEGIN_OBJECT but was STRING at line 1 column 1
[15:47:10] [Client thread/INFO] [STDOUT]: [com.layue13.clashweave.client.ViewPreservingCorrections$Preserved:processPacket:73]: CW_VIEW packet=1 yawDelta=0.0 pitchDelta=0.0 requestedYawDelta=0.0 requestedPitchDelta=0.0 nano=32046082236600
[15:47:10] [Client thread/INFO] [STDOUT]: [com.layue13.clashweave.client.ViewPreservingCorrections$Preserved:processPacket:73]: CW_VIEW packet=1 yawDelta=0.0 pitchDelta=0.0 requestedYawDelta=0.0 requestedPitchDelta=0.0 nano=32046082562000
[15:47:10] [Client thread/INFO] [STDOUT]: [com.layue13.clashweave.client.ViewPreservingCorrections$Preserved:processPacket:73]: CW_VIEW packet=1 yawDelta=0.0 pitchDelta=0.0 requestedYawDelta=0.0 requestedPitchDelta=0.0 nano=32046399360300
[15:47:10] [Client thread/INFO] [STDOUT]: [com.layue13.clashweave.client.ClientProxy:apply:239]: CW_ENGAGEMENT player=P0A engaged=true revision=2 tick=190 receive=32046400736600
[15:47:10] [Client thread/INFO] [STDOUT]: [com.layue13.clashweave.validation.ClientReplay:tick:95]: P0_APPEARANCE entity=0 skin=clashweave:katana effects=clashweave:default animations=clashweave:katana style=katana
[15:47:12] [Client thread/INFO] [STDOUT]: [com.layue13.clashweave.validation.ClientReplay:tick:238]: P0_REPLAY tick=40 action= progress=2.320000000111122E-4 feedback=
[15:47:12] [Client thread/INFO] [STDOUT]: [com.layue13.clashweave.validation.ClientReplay:frame:385]: P0_CAPTURE sheathed-0 instance=0 progress=1.3560881097044728 nano=32048611642800
[15:47:13] [Client thread/INFO] [STDOUT]: [com.layue13.clashweave.validation.ClientReplay:frame:385]: P0_CAPTURE sheathed-2 instance=0 progress=1.080150412969033 nano=32048692444500
[15:47:14] [Client thread/INFO] [STDOUT]: [com.layue13.clashweave.validation.ClientReplay:audio:398]: P0_LOCAL_AUDIO nano=32050577776900
[15:47:14] [Client thread/INFO] [STDOUT]: [com.layue13.clashweave.client.ClientProxy:send:156]: CW_LOCAL_SWING seq=2 press=32050577538900 feedback=32050580539700
[15:47:14] [Client thread/INFO] [STDOUT]: [com.layue13.clashweave.validation.ClientReplay:request:300]: P0_REQUEST intent=LIGHT yaw=0.0 pitch=0.0 nano=32050580813000
[15:47:14] [Client thread/INFO] [STDOUT]: [com.layue13.clashweave.validation.ClientReplay:tick:238]: P0_REPLAY tick=80 action= progress=2.6885200196602455E-4 feedback=
[15:47:15] [Client thread/INFO] [STDOUT]: [com.layue13.clashweave.client.ClientProxy:apply:253]: CW_ALIGN player=P0A seq=2 predicted=0 authoritative=0 sameAction=true
[15:47:15] [Client thread/INFO] [STDOUT]: [com.layue13.clashweave.client.ClientProxy:tick:183]: CW_PRESENT id=1 kind=DRAW actor=0 owner=0
[15:47:15] [Client thread/INFO] [STDOUT]: [com.layue13.clashweave.client.ClientProxy:tick:183]: CW_PRESENT id=2 kind=SWING actor=0 owner=0
[15:47:15] [Client thread/INFO] [STDOUT]: [com.layue13.clashweave.validation.ClientReplay:frame:385]: P0_CAPTURE draw-0 instance=1 progress=2.5672159999999735 nano=32050723013900
[15:47:15] [Client thread/INFO] [STDOUT]: [com.layue13.clashweave.validation.ClientReplay:frame:385]: P0_CAPTURE draw-2 instance=1 progress=2.977222780240595 nano=32050801744100
[15:47:15] [Client thread/INFO] [STDOUT]: [com.layue13.clashweave.client.ClientProxy:apply:298]: CW_FEEDBACK player=P0A result=HIT frozen=32050835434600 receive=32050837674600 corrections=0
[15:47:15] [Client thread/INFO] [STDOUT]: [com.layue13.clashweave.validation.ClientReplay:audio:399]: P0_AUDIO source=random.successful_hit frozen=32050835434600 nano=32050838005600
[15:47:15] [Client thread/INFO] [STDOUT]: [com.layue13.clashweave.client.ClientProxy:tick:183]: CW_PRESENT id=3 kind=HIT actor=0 owner=0
[15:47:15] [Client thread/INFO] [STDOUT]: [com.layue13.clashweave.client.ClientProxy:tick:183]: CW_PRESENT id=4 kind=HURT actor=1 owner=0
[15:47:15] [Client thread/INFO] [STDOUT]: [com.layue13.clashweave.client.ClientProxy:hud:360]: CW_FRAME frozen=32050835434600 frame=32050841235000
[15:47:15] [Client thread/INFO] [STDOUT]: [com.layue13.clashweave.validation.ClientReplay:request:300]: P0_REQUEST intent=LIGHT yaw=0.0 pitch=0.0 nano=32050953402600
[15:47:15] [Client thread/INFO] [STDOUT]: [com.layue13.clashweave.client.ClientProxy:tick:183]: CW_PRESENT id=5 kind=SWING actor=0 owner=0
[15:47:15] [Client thread/INFO] [STDOUT]: [com.layue13.clashweave.client.ClientProxy:apply:298]: CW_FEEDBACK player=P0A result=HIT frozen=32051183932800 receive=32051203408700 corrections=0
[15:47:15] [Client thread/INFO] [STDOUT]: [com.layue13.clashweave.validation.ClientReplay:audio:399]: P0_AUDIO source=random.successful_hit frozen=32051183932800 nano=32051203813400
[15:47:15] [Client thread/INFO] [STDOUT]: [com.layue13.clashweave.client.ClientProxy:tick:183]: CW_PRESENT id=6 kind=HIT actor=0 owner=0
[15:47:15] [Client thread/INFO] [STDOUT]: [com.layue13.clashweave.client.ClientProxy:tick:183]: CW_PRESENT id=7 kind=HURT actor=1 owner=0
[15:47:15] [Client thread/INFO] [STDOUT]: [com.layue13.clashweave.client.ClientProxy:hud:360]: CW_FRAME frozen=32051183932800 frame=32051205012300
[15:47:15] [Client thread/INFO] [STDOUT]: [com.layue13.clashweave.validation.ClientReplay:request:300]: P0_REQUEST intent=LIGHT yaw=0.0 pitch=0.0 nano=32051254307900
[15:47:15] [Client thread/INFO] [STDOUT]: [com.layue13.clashweave.client.ClientProxy:tick:183]: CW_PRESENT id=8 kind=SWING actor=0 owner=0
[15:47:15] [Client thread/INFO] [STDOUT]: [com.layue13.clashweave.client.ClientProxy:apply:298]: CW_FEEDBACK player=P0A result=HIT frozen=32051534915200 receive=32051570938600 corrections=0
[15:47:15] [Client thread/INFO] [STDOUT]: [com.layue13.clashweave.validation.ClientReplay:audio:399]: P0_AUDIO source=random.successful_hit frozen=32051534915200 nano=32051571249500
[15:47:15] [Client thread/INFO] [STDOUT]: [com.layue13.clashweave.client.ClientProxy:tick:183]: CW_PRESENT id=9 kind=HIT actor=0 owner=0
[15:47:15] [Client thread/INFO] [STDOUT]: [com.layue13.clashweave.client.ClientProxy:tick:183]: CW_PRESENT id=10 kind=HURT actor=1 owner=0
[15:47:15] [Client thread/INFO] [STDOUT]: [com.layue13.clashweave.validation.ClientReplay:request:300]: P0_REQUEST intent=LIGHT yaw=0.0 pitch=0.0 nano=32051571793500
[15:47:15] [Client thread/INFO] [STDOUT]: [com.layue13.clashweave.client.ClientProxy:hud:360]: CW_FRAME frozen=32051534915200 frame=32051572410700
[15:47:16] [Client thread/INFO] [STDOUT]: [com.layue13.clashweave.client.ClientProxy:tick:183]: CW_PRESENT id=11 kind=SWING actor=0 owner=0
[15:47:16] [Client thread/INFO] [STDOUT]: [com.layue13.clashweave.validation.ClientReplay:tick:173]: P0_LATE_WIRE seq=10 origin=1
[15:47:17] [Client thread/INFO] [STDOUT]: [com.layue13.clashweave.validation.ClientReplay:tick:238]: P0_REPLAY tick=120 action= progress=1.240000000279906E-4 feedback=ORIGIN_CHANGED
[15:47:17] [Client thread/INFO] [STDOUT]: [com.layue13.clashweave.validation.ClientReplay:audio:398]: P0_LOCAL_AUDIO nano=32052903565400
[15:47:17] [Client thread/INFO] [STDOUT]: [com.layue13.clashweave.client.ClientProxy:send:156]: CW_LOCAL_SWING seq=11 press=32052903446200 feedback=32052904515000
[15:47:17] [Client thread/INFO] [STDOUT]: [com.layue13.clashweave.validation.ClientReplay:request:300]: P0_REQUEST intent=LIGHT yaw=0.0 pitch=0.0 nano=32052904685800
[15:47:17] [Client thread/INFO] [STDOUT]: [com.layue13.clashweave.client.ClientProxy:apply:253]: CW_ALIGN player=P0A seq=11 predicted=0 authoritative=0 sameAction=true
[15:47:17] [Client thread/INFO] [STDOUT]: [com.layue13.clashweave.client.ClientProxy:tick:183]: CW_PRESENT id=12 kind=SWING actor=0 owner=0
[15:47:17] [Client thread/INFO] [STDOUT]: [com.layue13.clashweave.validation.ClientReplay:request:300]: P0_REQUEST intent=HEAVY yaw=0.0 pitch=0.0 nano=32053203603100
[15:47:18] [Client thread/INFO] [STDOUT]: [com.layue13.clashweave.validation.ClientReplay:audio:398]: P0_LOCAL_AUDIO nano=32054170417100
[15:47:18] [Client thread/INFO] [STDOUT]: [com.layue13.clashweave.client.ClientProxy:send:156]: CW_LOCAL_SWING seq=14 press=32054170294500 feedback=32054170733200
[15:47:18] [Client thread/INFO] [STDOUT]: [com.layue13.clashweave.validation.ClientReplay:request:300]: P0_REQUEST intent=HEAVY yaw=0.0 pitch=0.0 nano=32054170904200
[15:47:18] [Client thread/INFO] [STDOUT]: [com.layue13.clashweave.client.ClientProxy:apply:253]: CW_ALIGN player=P0A seq=14 predicted=0 authoritative=0 sameAction=true
[15:47:18] [Client thread/INFO] [STDOUT]: [com.layue13.clashweave.validation.ClientReplay:frame:385]: P0_CAPTURE swing-0 instance=6 progress=6.997511999999972 nano=32054569655600
[15:47:19] [Client thread/INFO] [STDOUT]: [com.layue13.clashweave.validation.ClientReplay:frame:385]: P0_CAPTURE swing-2 instance=6 progress=8.205318318871718 nano=32054632268200
[15:47:19] [Client thread/INFO] [STDOUT]: [com.layue13.clashweave.validation.ClientReplay:tick:238]: P0_REPLAY tick=160 action=heavy progress=9.000162147304877 feedback=MOVE_READY
[15:47:19] [Client thread/INFO] [STDOUT]: [com.layue13.clashweave.validation.ClientReplay:request:300]: P0_REQUEST intent=SHEATHE yaw=0.0 pitch=0.0 nano=32055433138200
[15:47:19] [Client thread/INFO] [STDOUT]: [com.layue13.clashweave.client.ClientProxy:apply:253]: CW_ALIGN player=P0A seq=16 predicted=0 authoritative=0 sameAction=true
[15:47:20] [Client thread/INFO] [STDOUT]: [com.layue13.clashweave.validation.ClientReplay:frame:385]: P0_CAPTURE sheathe-0 instance=7 progress=2.97887637236056 nano=32055632548900
[15:47:20] [Client thread/INFO] [STDOUT]: [com.layue13.clashweave.validation.ClientReplay:frame:385]: P0_CAPTURE sheathe-2 instance=7 progress=4.668318454657651 nano=32055717558400
[15:47:20] [Client thread/INFO] [STDOUT]: [com.layue13.clashweave.validation.ClientReplay:tick:95]: P0_APPEARANCE entity=62762 skin=clashweave:katana effects=clashweave:default animations=clashweave:katana style=katana
[15:47:20] [Client thread/INFO] [STDOUT]: [com.layue13.clashweave.client.ViewPreservingCorrections$Preserved:processPacket:73]: CW_VIEW packet=1 yawDelta=0.0 pitchDelta=0.0 requestedYawDelta=-80.0 requestedPitchDelta=0.0 nano=32055851989400
[15:47:21] [Client thread/INFO] [STDOUT]: [com.layue13.clashweave.validation.ClientReplay:audio:398]: P0_LOCAL_AUDIO nano=32056702007600
[15:47:21] [Client thread/INFO] [STDOUT]: [com.layue13.clashweave.client.ClientProxy:send:156]: CW_LOCAL_SWING seq=18 press=32056701885000 feedback=32056702316300
[15:47:21] [Client thread/INFO] [STDOUT]: [com.layue13.clashweave.validation.ClientReplay:request:300]: P0_REQUEST intent=LIGHT yaw=0.0 pitch=0.0 nano=32056702475300
[15:47:21] [Client thread/INFO] [STDOUT]: [com.layue13.clashweave.validation.ClientReplay:tick:238]: P0_REPLAY tick=200 action= progress=1.3200000000779255E-4 feedback=MOVE_READY
[15:47:21] [Client thread/INFO] [STDOUT]: [com.layue13.clashweave.client.ClientProxy:apply:253]: CW_ALIGN player=P0A seq=18 predicted=0 authoritative=0 sameAction=true
[15:47:21] [Client thread/INFO] [STDOUT]: [com.layue13.clashweave.validation.ClientReplay:request:300]: P0_REQUEST intent=LIGHT yaw=0.0 pitch=0.0 nano=32057052609500
[15:47:21] [Client thread/INFO] [STDOUT]: [com.layue13.clashweave.client.ViewPreservingCorrections$Preserved:processPacket:73]: CW_VIEW packet=1 yawDelta=0.0 pitchDelta=0.0 requestedYawDelta=0.0 requestedPitchDelta=0.0 nano=32057602164200
[15:47:22] [Client thread/INFO] [STDOUT]: [com.layue13.clashweave.validation.ClientReplay:audio:398]: P0_LOCAL_AUDIO nano=32057968321000
[15:47:22] [Client thread/INFO] [STDOUT]: [com.layue13.clashweave.client.ClientProxy:send:156]: CW_LOCAL_SWING seq=21 press=32057968194900 feedback=32057968609000
[15:47:22] [Client thread/INFO] [STDOUT]: [com.layue13.clashweave.validation.ClientReplay:request:300]: P0_REQUEST intent=HEAVY yaw=0.0 pitch=0.0 nano=32057968819000
[15:47:22] [Client thread/INFO] [STDOUT]: [com.layue13.clashweave.client.ClientProxy:apply:253]: CW_ALIGN player=P0A seq=21 predicted=0 authoritative=0 sameAction=true
[15:47:22] [Client thread/INFO] [STDOUT]: [com.layue13.clashweave.client.ClientProxy:apply:298]: CW_FEEDBACK player=P0A result=PARRY frozen=32058236554300 receive=32058417936900 corrections=0
[15:47:22] [Client thread/INFO] [STDOUT]: [com.layue13.clashweave.validation.ClientReplay:audio:399]: P0_AUDIO source=random.anvil_land frozen=32058236554300 nano=32058418365200
[15:47:22] [Client thread/INFO] [STDOUT]: [com.layue13.clashweave.client.ClientProxy:hud:360]: CW_FRAME frozen=32058236554300 frame=32058422333700
[15:47:23] [Client thread/INFO] [STDOUT]: [com.layue13.clashweave.validation.ClientReplay:tick:238]: P0_REPLAY tick=240 action=heavy progress=14.00010166207528 feedback=PARRY
[15:47:23] [Client thread/INFO] [STDOUT]: [com.layue13.clashweave.client.ViewPreservingCorrections$Preserved:processPacket:73]: CW_VIEW packet=1 yawDelta=0.0 pitchDelta=0.0 requestedYawDelta=0.0 requestedPitchDelta=0.0 nano=32058867776800
[15:47:23] [Client thread/INFO] [STDOUT]: [com.layue13.clashweave.validation.ClientReplay:request:300]: P0_REQUEST intent=SHEATHE yaw=0.0 pitch=0.0 nano=32059218143600
[15:47:23] [Client thread/INFO] [STDOUT]: [com.layue13.clashweave.client.ClientProxy:apply:253]: CW_ALIGN player=P0A seq=23 predicted=0 authoritative=0 sameAction=true
[15:47:24] [Client thread/INFO] [STDOUT]: [com.layue13.clashweave.client.ViewPreservingCorrections$Preserved:processPacket:73]: CW_VIEW packet=1 yawDelta=0.0 pitchDelta=0.0 requestedYawDelta=0.0 requestedPitchDelta=0.0 nano=32059667993600
[15:47:24] [Client thread/INFO] [STDOUT]: [com.layue13.clashweave.validation.ClientReplay:audio:398]: P0_LOCAL_AUDIO nano=32060468103400
[15:47:24] [Client thread/INFO] [STDOUT]: [com.layue13.clashweave.client.ClientProxy:send:156]: CW_LOCAL_SWING seq=25 press=32060467949100 feedback=32060469096800
[15:47:24] [Client thread/INFO] [STDOUT]: [com.layue13.clashweave.client.ClientProxy:apply:253]: CW_ALIGN player=P0A seq=25 predicted=0 authoritative=0 sameAction=true
[15:47:25] [Client thread/INFO] [STDOUT]: [com.layue13.clashweave.validation.ClientReplay:tick:238]: P0_REPLAY tick=280 action=iai progress=4.000187588541792 feedback=MOVE_READY
[15:47:25] [Client thread/INFO] [STDOUT]: [com.layue13.clashweave.client.ClientProxy:apply:298]: CW_FEEDBACK player=P0A result=PARRY frozen=32060737077400 receive=32060984930000 corrections=0
[15:47:25] [Client thread/INFO] [STDOUT]: [com.layue13.clashweave.validation.ClientReplay:audio:399]: P0_AUDIO source=random.anvil_land frozen=32060737077400 nano=32060985259800
[15:47:25] [Client thread/INFO] [STDOUT]: [com.layue13.clashweave.client.ClientProxy:hud:360]: CW_FRAME frozen=32060737077400 frame=32060985991400
[15:47:25] [Client thread/INFO] [STDOUT]: [com.layue13.clashweave.client.ClientProxy:apply:298]: CW_FEEDBACK player=P0A result=PARRY frozen=32061186421500 receive=32061385242800 corrections=0
[15:47:25] [Client thread/INFO] [STDOUT]: [com.layue13.clashweave.validation.ClientReplay:audio:399]: P0_AUDIO source=random.anvil_land frozen=32061186421500 nano=32061385573100
[15:47:25] [Client thread/INFO] [STDOUT]: [com.layue13.clashweave.client.ClientProxy:hud:360]: CW_FRAME frozen=32061186421500 frame=32061386372700
[15:47:26] [Client thread/INFO] [STDOUT]: [com.layue13.clashweave.client.ViewPreservingCorrections$Preserved:processPacket:73]: CW_VIEW packet=1 yawDelta=0.0 pitchDelta=0.0 requestedYawDelta=0.0 requestedPitchDelta=0.0 nano=32062284506700
[15:47:27] [Client thread/INFO] [STDOUT]: [com.layue13.clashweave.validation.ClientReplay:tick:238]: P0_REPLAY tick=320 action= progress=4.347289814177202E-5 feedback=MOVE_READY
[15:47:27] [Client thread/INFO] [STDOUT]: [com.layue13.clashweave.validation.ClientReplay:audio:398]: P0_LOCAL_AUDIO nano=32062985000600
[15:47:27] [Client thread/INFO] [STDOUT]: [com.layue13.clashweave.client.ClientProxy:send:156]: CW_LOCAL_SWING seq=31 press=32062984866000 feedback=32062985279800
[15:47:27] [Client thread/INFO] [STDOUT]: [com.layue13.clashweave.validation.ClientReplay:tick:176]: P0_PENDING engaged=true
[15:47:27] [Client thread/INFO] [STDOUT]: [com.layue13.clashweave.client.ClientProxy:apply:253]: CW_ALIGN player=P0A seq=31 predicted=0 authoritative=0 sameAction=true
[15:47:27] [Client thread/INFO] [STDOUT]: [com.layue13.clashweave.client.ClientProxy:apply:298]: CW_FEEDBACK player=P0A result=PARRY frozen=32063285919400 receive=32063534897700 corrections=0
[15:47:27] [Client thread/INFO] [STDOUT]: [com.layue13.clashweave.validation.ClientReplay:audio:399]: P0_AUDIO source=random.anvil_land frozen=32063285919400 nano=32063535294400
[15:47:27] [Client thread/INFO] [STDOUT]: [com.layue13.clashweave.client.ClientProxy:hud:360]: CW_FRAME frozen=32063285919400 frame=32063536037800
[15:47:28] [Client thread/INFO] [STDOUT]: [com.layue13.clashweave.client.ViewPreservingCorrections$Preserved:processPacket:73]: CW_VIEW packet=1 yawDelta=0.0 pitchDelta=0.0 requestedYawDelta=0.0 requestedPitchDelta=0.0 nano=32063934992200
[15:47:28] [Client thread/INFO] [STDOUT]: [com.layue13.clashweave.validation.ClientReplay:tick:176]: P0_PENDING engaged=true
[15:47:28] [Client thread/INFO] [STDOUT]: [com.layue13.clashweave.client.ClientProxy:apply:253]: CW_ALIGN player=P0A seq=33 predicted=0 authoritative=0 sameAction=true
[15:47:29] [Client thread/INFO] [STDOUT]: [com.layue13.clashweave.client.ViewPreservingCorrections$Preserved:processPacket:73]: CW_VIEW packet=1 yawDelta=0.0 pitchDelta=0.0 requestedYawDelta=0.0 requestedPitchDelta=0.0 nano=32064734936200
[15:47:29] [Client thread/INFO] [STDOUT]: [com.layue13.clashweave.validation.ClientReplay:tick:238]: P0_REPLAY tick=360 action= progress=0.0018186316467563302 feedback=MOVE_READY
[15:47:29] [Client thread/INFO] [STDOUT]: [com.layue13.clashweave.validation.ClientReplay:audio:398]: P0_LOCAL_AUDIO nano=32065485003100
[15:47:29] [Client thread/INFO] [STDOUT]: [com.layue13.clashweave.client.ClientProxy:send:156]: CW_LOCAL_SWING seq=35 press=32065484878600 feedback=32065485310700
[15:47:29] [Client thread/INFO] [STDOUT]: [com.layue13.clashweave.validation.ClientReplay:tick:176]: P0_PENDING engaged=true
[15:47:29] [Client thread/INFO] [STDOUT]: [com.layue13.clashweave.client.ClientProxy:apply:253]: CW_ALIGN player=P0A seq=35 predicted=0 authoritative=0 sameAction=true
[15:47:30] [Client thread/INFO] [STDOUT]: [com.layue13.clashweave.client.ClientProxy:apply:298]: CW_FEEDBACK player=P0A result=PARRY frozen=32065785702200 receive=32066034762000 corrections=0
[15:47:30] [Client thread/INFO] [STDOUT]: [com.layue13.clashweave.validation.ClientReplay:audio:399]: P0_AUDIO source=random.anvil_land frozen=32065785702200 nano=32066035120700
[15:47:30] [Client thread/INFO] [STDOUT]: [com.layue13.clashweave.client.ClientProxy:hud:360]: CW_FRAME frozen=32065785702200 frame=32066035980900
[15:47:30] [Client thread/INFO] [STDOUT]: [com.layue13.clashweave.client.ClientProxy:apply:298]: CW_FEEDBACK player=P0A result=PARRY frozen=32066236151100 receive=32066434804400 corrections=0
[15:47:30] [Client thread/INFO] [STDOUT]: [com.layue13.clashweave.validation.ClientReplay:audio:399]: P0_AUDIO source=random.anvil_land frozen=32066236151100 nano=32066435150800
[15:47:30] [Client thread/INFO] [STDOUT]: [com.layue13.clashweave.client.ClientProxy:hud:360]: CW_FRAME frozen=32066236151100 frame=32066435862800
[15:47:31] [Client thread/INFO] [STDOUT]: [com.layue13.clashweave.validation.ClientReplay:tick:238]: P0_REPLAY tick=400 action=light_2 progress=5.00009799999998 feedback=MOVE_READY
[15:47:31] [Client thread/INFO] [STDOUT]: [com.layue13.clashweave.client.ClientProxy:apply:298]: CW_FEEDBACK player=P0A result=BLOCK frozen=32066584910300 receive=32066787210900 corrections=0
[15:47:31] [Client thread/INFO] [STDOUT]: [com.layue13.clashweave.validation.ClientReplay:audio:399]: P0_AUDIO source=random.anvil_land frozen=32066584910300 nano=32066787495100
[15:47:31] [Client thread/INFO] [STDOUT]: [com.layue13.clashweave.client.ClientProxy:hud:360]: CW_FRAME frozen=32066584910300 frame=32066788485700
[15:47:31] [Client thread/INFO] [STDOUT]: [com.layue13.clashweave.client.ViewPreservingCorrections$Preserved:processPacket:73]: CW_VIEW packet=1 yawDelta=0.0 pitchDelta=0.0 requestedYawDelta=0.0 requestedPitchDelta=0.0 nano=32067485559300
[15:47:32] [Client thread/INFO] [STDOUT]: [com.layue13.clashweave.validation.ClientReplay:audio:398]: P0_LOCAL_AUDIO nano=32067985051900
[15:47:32] [Client thread/INFO] [STDOUT]: [com.layue13.clashweave.client.ClientProxy:send:156]: CW_LOCAL_SWING seq=43 press=32067984907700 feedback=32067985389100
[15:47:32] [Client thread/INFO] [STDOUT]: [com.layue13.clashweave.client.ClientProxy:apply:253]: CW_ALIGN player=P0A seq=43 predicted=0 authoritative=0 sameAction=true
[15:47:32] [Client thread/INFO] [STDOUT]: [com.layue13.clashweave.client.ClientProxy:apply:298]: CW_FEEDBACK player=P0A result=PARRY frozen=32068236403500 receive=32068484748300 corrections=0
[15:47:32] [Client thread/INFO] [STDOUT]: [com.layue13.clashweave.validation.ClientReplay:audio:399]: P0_AUDIO source=random.anvil_land frozen=32068236403500 nano=32068485099100
[15:47:32] [Client thread/INFO] [STDOUT]: [com.layue13.clashweave.client.ClientProxy:hud:360]: CW_FRAME frozen=32068236403500 frame=32068486198500
[15:47:33] [Client thread/INFO] [STDOUT]: [com.layue13.clashweave.validation.ClientReplay:tick:238]: P0_REPLAY tick=440 action=heavy progress=15.000063999999952 feedback=PARRY
[15:47:33] [Client thread/INFO] [STDOUT]: [com.layue13.clashweave.client.ViewPreservingCorrections$Preserved:processPacket:73]: CW_VIEW packet=1 yawDelta=0.0 pitchDelta=0.0 requestedYawDelta=0.0 requestedPitchDelta=0.0 nano=32068834617200
[15:47:33] [Client thread/INFO] [STDOUT]: [com.layue13.clashweave.validation.ClientReplay:tick:176]: P0_PENDING engaged=true
[15:47:34] [Client thread/INFO] [STDOUT]: [com.layue13.clashweave.validation.ClientReplay:audio:398]: P0_LOCAL_AUDIO nano=32070485076500
[15:47:34] [Client thread/INFO] [STDOUT]: [com.layue13.clashweave.client.ClientProxy:send:156]: CW_LOCAL_SWING seq=47 press=32070484945900 feedback=32070486046400
[15:47:34] [Client thread/INFO] [STDOUT]: [com.layue13.clashweave.validation.ClientReplay:tick:176]: P0_PENDING engaged=true
[15:47:35] [Client thread/INFO] [STDOUT]: [com.layue13.clashweave.validation.ClientReplay:tick:238]: P0_REPLAY tick=480 action=iai progress=4.000126000000023 feedback=MOVE_READY
[15:47:35] [Client thread/INFO] [STDOUT]: [com.layue13.clashweave.client.ClientProxy:apply:298]: CW_FEEDBACK player=P0A result=PARRY frozen=32070784474800 receive=32070986146200 corrections=0
[15:47:35] [Client thread/INFO] [STDOUT]: [com.layue13.clashweave.client.ClientProxy:hud:360]: CW_FRAME frozen=32070784474800 frame=32070987220600
[15:47:37] [Client thread/INFO] [STDOUT]: [com.layue13.clashweave.validation.ClientReplay:audio:398]: P0_LOCAL_AUDIO nano=32072985362900
[15:47:37] [Client thread/INFO] [STDOUT]: [com.layue13.clashweave.client.ClientProxy:send:156]: CW_LOCAL_SWING seq=53 press=32072985232600 feedback=32072985628600
[15:47:37] [Client thread/INFO] [STDOUT]: [com.layue13.clashweave.validation.ClientReplay:tick:176]: P0_PENDING engaged=true
[15:47:38] [Client thread/INFO] [STDOUT]: [com.layue13.clashweave.validation.ClientReplay:tick:176]: P0_PENDING engaged=true
[15:47:39] [Client thread/INFO] [STDOUT]: [com.layue13.clashweave.validation.ClientReplay:audio:398]: P0_LOCAL_AUDIO nano=32075484751600
[15:47:39] [Client thread/INFO] [STDOUT]: [com.layue13.clashweave.client.ClientProxy:send:156]: CW_LOCAL_SWING seq=57 press=32075484635100 feedback=32075485732300
