[05:40:36] [Server thread/INFO] [STDOUT]: [com.layue13.clashweave.experiment.s3supp.Experiment:log:22]: CW3 LOGIN name=GuardB
[05:40:44] [Server thread/INFO] [STDOUT]: [com.layue13.clashweave.experiment.s3supp.Experiment:log:22]: CW3 LOGIN name=GuardA
[05:40:46] [Netty IO #2/INFO] [STDOUT]: [com.layue13.clashweave.experiment.s3supp.Experiment:log:22]: CW3 WIRE nano=99227682373700 side=SERVER kind=3 id=0 wall=1791549646886 thread=Netty IO #2 observed=397
[05:40:46] [Server thread/INFO] [STDOUT]: [com.layue13.clashweave.experiment.s3supp.Experiment:log:22]: CW3 RECEIVE id=0 kind=3 stamp=0 tickObserved=397 recvWall=1791549646896 sendWall=1791549646685 wireMs=211
[05:40:46] [Server thread/INFO] [STDOUT]: [com.layue13.clashweave.experiment.s3supp.Experiment:log:22]: CW3 READY tick=398
[05:40:48] [Server thread/INFO] [STDOUT]: [com.layue13.clashweave.experiment.s3supp.Experiment:log:22]: CW3 PLAN id=0 lead=0 defer=2 anchorTick=428 hit=440 stamp=440 anchorWall=99229195475900 legacy=false
[05:40:48] [Server thread/INFO] [STDOUT]: [com.layue13.clashweave.experiment.s3supp.Experiment:log:22]: CW3 FREEZE id=0 tick=440 target=0 attacker=1 distance=1.0
[05:40:49] [Server thread/INFO] [STDOUT]: [com.layue13.clashweave.experiment.s3supp.Experiment:log:22]: CW3 RESULT id=0 lead=0 defer=2 hit=440 commit=442 deadlineNano=99229896363600 commitWall=1791549649105 stamp=-9999 arrivalNano=9223372036854775807 window=false before=false parry=false vanillaAccepted=true loss=1.0 feedbackDelayMs=108.7764
[05:40:49] [Netty IO #1/INFO] [STDOUT]: [com.layue13.clashweave.experiment.s3supp.Experiment:log:22]: CW3 WIRE nano=99230034656700 side=SERVER kind=2 id=0 wall=1791549649240 thread=Netty IO #1 observed=445
[05:40:49] [Server thread/INFO] [STDOUT]: [com.layue13.clashweave.experiment.s3supp.Experiment:log:22]: CW3 RECEIVE id=0 kind=2 stamp=440 tickObserved=445 recvWall=1791549649287 sendWall=99229833634700 wireMs=-97438283985413
[05:40:49] [Server thread/INFO] [STDOUT]: [com.layue13.clashweave.experiment.s3supp.Experiment:log:22]: CW3 CONSUME id=0 stamp=440 consumeTick=446 recvObserved=445 age=6 queueMs=0 sendWall=99229833634700 recvWall=1791549649287 consumeWall=1791549649287 accepted=true
[05:40:49] [Server thread/INFO] [STDOUT]: [com.layue13.clashweave.experiment.s3supp.Experiment:log:22]: CW3 PLAN id=1 lead=0 defer=2 anchorTick=447 hit=459 stamp=459 anchorWall=99230145592800 legacy=false
[05:40:49] [Server thread/INFO] [STDOUT]: [com.layue13.clashweave.experiment.s3supp.Experiment:log:22]: CW3 FREEZE id=1 tick=459 target=0 attacker=1 distance=1.0
[05:40:50] [Server thread/INFO] [STDOUT]: [com.layue13.clashweave.experiment.s3supp.Experiment:log:22]: CW3 RESULT id=1 lead=0 defer=2 hit=459 commit=461 deadlineNano=99230833186100 commitWall=1791549650037 stamp=-9999 arrivalNano=9223372036854775807 window=false before=false parry=false vanillaAccepted=true loss=1.0 feedbackDelayMs=93.006
[05:40:50] [Netty IO #1/INFO] [STDOUT]: [com.layue13.clashweave.experiment.s3supp.Experiment:log:22]: CW3 WIRE nano=99230951409700 side=SERVER kind=2 id=1 wall=1791549650155 thread=Netty IO #1 observed=463
[05:40:50] [Server thread/INFO] [STDOUT]: [com.layue13.clashweave.experiment.s3supp.Experiment:log:22]: CW3 RECEIVE id=1 kind=2 stamp=459 tickObserved=463 recvWall=1791549650194 sendWall=99230750920100 wireMs=-97439201269906
[05:40:50] [Server thread/INFO] [STDOUT]: [com.layue13.clashweave.experiment.s3supp.Experiment:log:22]: CW3 CONSUME id=1 stamp=459 consumeTick=464 recvObserved=463 age=5 queueMs=0 sendWall=99230750920100 recvWall=1791549650194 consumeWall=1791549650194 accepted=true
[05:40:50] [Server thread/INFO] [STDOUT]: [com.layue13.clashweave.experiment.s3supp.Experiment:log:22]: CW3 PLAN id=2 lead=0 defer=2 anchorTick=466 hit=478 stamp=478 anchorWall=99231085123400 legacy=false
[05:40:50] [Server thread/INFO] [STDOUT]: [com.layue13.clashweave.experiment.s3supp.Experiment:log:22]: CW3 FREEZE id=2 tick=478 target=0 attacker=1 distance=1.0
[05:40:50] [Server thread/INFO] [STDOUT]: [com.layue13.clashweave.experiment.s3supp.Experiment:log:22]: CW3 RESULT id=2 lead=0 defer=2 hit=478 commit=480 deadlineNano=99231784819800 commitWall=1791549650988 stamp=-9999 arrivalNano=9223372036854775807 window=false before=false parry=false vanillaAccepted=true loss=1.0 feedbackDelayMs=93.6054
[05:40:51] [Netty IO #1/INFO] [STDOUT]: [com.layue13.clashweave.experiment.s3supp.Experiment:log:22]: CW3 WIRE nano=99231901479000 side=SERVER kind=2 id=2 wall=1791549651105 thread=Netty IO #1 observed=482
[05:40:51] [Server thread/INFO] [STDOUT]: [com.layue13.clashweave.experiment.s3supp.Experiment:log:22]: CW3 RECEIVE id=2 kind=2 stamp=478 tickObserved=482 recvWall=1791549651145 sendWall=99231700404400 wireMs=-97440150753255
[05:40:51] [Server thread/INFO] [STDOUT]: [com.layue13.clashweave.experiment.s3supp.Experiment:log:22]: CW3 CONSUME id=2 stamp=478 consumeTick=483 recvObserved=482 age=5 queueMs=0 sendWall=99231700404400 recvWall=1791549651145 consumeWall=1791549651145 accepted=true
[05:40:51] [Server thread/INFO] [STDOUT]: [com.layue13.clashweave.experiment.s3supp.Experiment:log:22]: CW3 PLAN id=3 lead=0 defer=2 anchorTick=485 hit=497 stamp=497 anchorWall=99232034497700 legacy=false
[05:40:51] [Server thread/INFO] [STDOUT]: [com.layue13.clashweave.experiment.s3supp.Experiment:log:22]: CW3 FREEZE id=3 tick=497 target=0 attacker=1 distance=1.0
[05:40:51] [Server thread/INFO] [STDOUT]: [com.layue13.clashweave.experiment.s3supp.Experiment:log:22]: CW3 RESULT id=3 lead=0 defer=2 hit=497 commit=499 deadlineNano=99232738573200 commitWall=1791549651942 stamp=-9999 arrivalNano=9223372036854775807 window=false before=false parry=false vanillaAccepted=true loss=1.0 feedbackDelayMs=94.398
[05:40:52] [Netty IO #1/INFO] [STDOUT]: [com.layue13.clashweave.experiment.s3supp.Experiment:log:22]: CW3 WIRE nano=99232850813900 side=SERVER kind=2 id=3 wall=1791549652054 thread=Netty IO #1 observed=501
[05:40:52] [Server thread/INFO] [STDOUT]: [com.layue13.clashweave.experiment.s3supp.Experiment:log:22]: CW3 RECEIVE id=3 kind=2 stamp=497 tickObserved=501 recvWall=1791549652099 sendWall=99232650001900 wireMs=-97441100349801
[05:40:52] [Server thread/INFO] [STDOUT]: [com.layue13.clashweave.experiment.s3supp.Experiment:log:22]: CW3 CONSUME id=3 stamp=497 consumeTick=502 recvObserved=501 age=5 queueMs=0 sendWall=99232650001900 recvWall=1791549652099 consumeWall=1791549652099 accepted=true
[05:40:52] [Server thread/INFO] [STDOUT]: [com.layue13.clashweave.experiment.s3supp.Experiment:log:22]: CW3 PLAN id=4 lead=0 defer=2 anchorTick=504 hit=516 stamp=516 anchorWall=99232990113100 legacy=false
[05:40:52] [Server thread/INFO] [STDOUT]: [com.layue13.clashweave.experiment.s3supp.Experiment:log:22]: CW3 FREEZE id=4 tick=516 target=0 attacker=1 distance=1.0
[05:40:52] [Server thread/INFO] [STDOUT]: [com.layue13.clashweave.experiment.s3supp.Experiment:log:22]: CW3 RESULT id=4 lead=0 defer=2 hit=516 commit=518 deadlineNano=99233684405700 commitWall=1791549652888 stamp=-9999 arrivalNano=9223372036854775807 window=false before=false parry=false vanillaAccepted=true loss=1.0 feedbackDelayMs=94.18
[05:40:53] [Netty IO #1/INFO] [STDOUT]: [com.layue13.clashweave.experiment.s3supp.Experiment:log:22]: CW3 WIRE nano=99233800577800 side=SERVER kind=2 id=4 wall=1791549653004 thread=Netty IO #1 observed=520
[05:40:53] [Server thread/INFO] [STDOUT]: [com.layue13.clashweave.experiment.s3supp.Experiment:log:22]: CW3 RECEIVE id=4 kind=2 stamp=516 tickObserved=520 recvWall=1791549653046 sendWall=99233599999600 wireMs=-97442050346554
[05:40:53] [Server thread/INFO] [STDOUT]: [com.layue13.clashweave.experiment.s3supp.Experiment:log:22]: CW3 CONSUME id=4 stamp=516 consumeTick=521 recvObserved=520 age=5 queueMs=0 sendWall=99233599999600 recvWall=1791549653046 consumeWall=1791549653046 accepted=true
[05:40:53] [Server thread/INFO] [STDOUT]: [com.layue13.clashweave.experiment.s3supp.Experiment:log:22]: CW3 PLAN id=5 lead=1 defer=2 anchorTick=523 hit=535 stamp=534 anchorWall=99233937400500 legacy=false
[05:40:53] [Server thread/INFO] [STDOUT]: [com.layue13.clashweave.experiment.s3supp.Experiment:log:22]: CW3 FREEZE id=5 tick=535 target=0 attacker=1 distance=1.0
[05:40:53] [Server thread/INFO] [STDOUT]: [com.layue13.clashweave.experiment.s3supp.Experiment:log:22]: CW3 RESULT id=5 lead=1 defer=2 hit=535 commit=537 deadlineNano=99234641009200 commitWall=1791549653845 stamp=-9999 arrivalNano=9223372036854775807 window=false before=false parry=false vanillaAccepted=true loss=1.0 feedbackDelayMs=94.4962
[05:40:53] [Netty IO #1/INFO] [STDOUT]: [com.layue13.clashweave.experiment.s3supp.Experiment:log:22]: CW3 WIRE nano=99234700580300 side=SERVER kind=2 id=5 wall=1791549653904 thread=Netty IO #1 observed=538
[05:40:53] [Server thread/INFO] [STDOUT]: [com.layue13.clashweave.experiment.s3supp.Experiment:log:22]: CW3 RECEIVE id=5 kind=2 stamp=534 tickObserved=538 recvWall=1791549653939 sendWall=99234500037500 wireMs=-97442950383561
[05:40:53] [Server thread/INFO] [STDOUT]: [com.layue13.clashweave.experiment.s3supp.Experiment:log:22]: CW3 CONSUME id=5 stamp=534 consumeTick=539 recvObserved=538 age=5 queueMs=0 sendWall=99234500037500 recvWall=1791549653939 consumeWall=1791549653939 accepted=true
[05:40:54] [Server thread/INFO] [STDOUT]: [com.layue13.clashweave.experiment.s3supp.Experiment:log:22]: CW3 PLAN id=6 lead=1 defer=2 anchorTick=542 hit=554 stamp=553 anchorWall=99234892336800 legacy=false
[05:40:54] [Server thread/INFO] [STDOUT]: [com.layue13.clashweave.experiment.s3supp.Experiment:log:22]: CW3 FREEZE id=6 tick=554 target=0 attacker=1 distance=1.0
[05:40:54] [Server thread/INFO] [STDOUT]: [com.layue13.clashweave.experiment.s3supp.Experiment:log:22]: CW3 RESULT id=6 lead=1 defer=2 hit=554 commit=556 deadlineNano=99235597237300 commitWall=1791549654801 stamp=-9999 arrivalNano=9223372036854775807 window=false before=false parry=false vanillaAccepted=true loss=1.0 feedbackDelayMs=110.9246
[05:40:54] [Netty IO #1/INFO] [STDOUT]: [com.layue13.clashweave.experiment.s3supp.Experiment:log:22]: CW3 WIRE nano=99235651611500 side=SERVER kind=2 id=6 wall=1791549654855 thread=Netty IO #1 observed=557
[05:40:54] [Server thread/INFO] [STDOUT]: [com.layue13.clashweave.experiment.s3supp.Experiment:log:22]: CW3 RECEIVE id=6 kind=2 stamp=553 tickObserved=557 recvWall=1791549654894 sendWall=99235450810500 wireMs=-97443901155606
[05:40:54] [Server thread/INFO] [STDOUT]: [com.layue13.clashweave.experiment.s3supp.Experiment:log:22]: CW3 CONSUME id=6 stamp=553 consumeTick=558 recvObserved=557 age=5 queueMs=0 sendWall=99235450810500 recvWall=1791549654894 consumeWall=1791549654894 accepted=true
[05:40:55] [Server thread/INFO] [STDOUT]: [com.layue13.clashweave.experiment.s3supp.Experiment:log:22]: CW3 PLAN id=7 lead=1 defer=2 anchorTick=561 hit=573 stamp=572 anchorWall=99235846601000 legacy=false
[05:40:55] [Server thread/INFO] [STDOUT]: [com.layue13.clashweave.experiment.s3supp.Experiment:log:22]: CW3 FREEZE id=7 tick=573 target=0 attacker=1 distance=1.0
[05:40:55] [Server thread/INFO] [STDOUT]: [com.layue13.clashweave.experiment.s3supp.Experiment:log:22]: CW3 RESULT id=7 lead=1 defer=2 hit=573 commit=575 deadlineNano=99236536391200 commitWall=1791549655740 stamp=-9999 arrivalNano=9223372036854775807 window=false before=false parry=false vanillaAccepted=true loss=1.0 feedbackDelayMs=95.2233
[05:40:55] [Netty IO #1/INFO] [STDOUT]: [com.layue13.clashweave.experiment.s3supp.Experiment:log:22]: CW3 WIRE nano=99236618094900 side=SERVER kind=2 id=7 wall=1791549655822 thread=Netty IO #1 observed=576
[05:40:55] [Server thread/INFO] [STDOUT]: [com.layue13.clashweave.experiment.s3supp.Experiment:log:22]: CW3 RECEIVE id=7 kind=2 stamp=572 tickObserved=576 recvWall=1791549655848 sendWall=99236417450000 wireMs=-97444867794152
[05:40:55] [Server thread/INFO] [STDOUT]: [com.layue13.clashweave.experiment.s3supp.Experiment:log:22]: CW3 CONSUME id=7 stamp=572 consumeTick=577 recvObserved=576 age=5 queueMs=0 sendWall=99236417450000 recvWall=1791549655848 consumeWall=1791549655848 accepted=true
[05:40:55] [Server thread/INFO] [STDOUT]: [com.layue13.clashweave.experiment.s3supp.Experiment:log:22]: CW3 PLAN id=8 lead=1 defer=2 anchorTick=580 hit=592 stamp=591 anchorWall=99236785729900 legacy=false
[05:40:56] [Server thread/INFO] [STDOUT]: [com.layue13.clashweave.experiment.s3supp.Experiment:log:22]: CW3 FREEZE id=8 tick=592 target=0 attacker=1 distance=1.0
[05:40:56] [Server thread/INFO] [STDOUT]: [com.layue13.clashweave.experiment.s3supp.Experiment:log:22]: CW3 RESULT id=8 lead=1 defer=2 hit=592 commit=594 deadlineNano=99237485561100 commitWall=1791549656689 stamp=-9999 arrivalNano=9223372036854775807 window=false before=false parry=false vanillaAccepted=true loss=1.0 feedbackDelayMs=93.6841
[05:40:56] [Netty IO #1/INFO] [STDOUT]: [com.layue13.clashweave.experiment.s3supp.Experiment:log:22]: CW3 WIRE nano=99237567725200 side=SERVER kind=2 id=8 wall=1791549656771 thread=Netty IO #1 observed=595
[05:40:56] [Server thread/INFO] [STDOUT]: [com.layue13.clashweave.experiment.s3supp.Experiment:log:22]: CW3 RECEIVE id=8 kind=2 stamp=591 tickObserved=595 recvWall=1791549656801 sendWall=99237366964400 wireMs=-97445817307599
[05:40:56] [Server thread/INFO] [STDOUT]: [com.layue13.clashweave.experiment.s3supp.Experiment:log:22]: CW3 CONSUME id=8 stamp=591 consumeTick=596 recvObserved=595 age=5 queueMs=0 sendWall=99237366964400 recvWall=1791549656801 consumeWall=1791549656801 accepted=true
[05:40:56] [Server thread/INFO] [STDOUT]: [com.layue13.clashweave.experiment.s3supp.Experiment:log:22]: CW3 PLAN id=9 lead=1 defer=2 anchorTick=599 hit=611 stamp=610 anchorWall=99237738394000 legacy=false
[05:40:57] [Server thread/INFO] [STDOUT]: [com.layue13.clashweave.experiment.s3supp.Experiment:log:22]: CW3 FREEZE id=9 tick=611 target=0 attacker=1 distance=1.0
[05:40:57] [Server thread/INFO] [STDOUT]: [com.layue13.clashweave.experiment.s3supp.Experiment:log:22]: CW3 RESULT id=9 lead=1 defer=2 hit=611 commit=613 deadlineNano=99238437073600 commitWall=1791549657641 stamp=-9999 arrivalNano=9223372036854775807 window=false before=false parry=false vanillaAccepted=true loss=1.0 feedbackDelayMs=93.4899
[05:40:57] [Netty IO #1/INFO] [STDOUT]: [com.layue13.clashweave.experiment.s3supp.Experiment:log:22]: CW3 WIRE nano=99238518287000 side=SERVER kind=2 id=9 wall=1791549657722 thread=Netty IO #1 observed=614
[05:40:57] [Server thread/INFO] [STDOUT]: [com.layue13.clashweave.experiment.s3supp.Experiment:log:22]: CW3 RECEIVE id=9 kind=2 stamp=610 tickObserved=614 recvWall=1791549657750 sendWall=99238317437000 wireMs=-97446767779250
[05:40:57] [Server thread/INFO] [STDOUT]: [com.layue13.clashweave.experiment.s3supp.Experiment:log:22]: CW3 CONSUME id=9 stamp=610 consumeTick=615 recvObserved=614 age=5 queueMs=0 sendWall=99238317437000 recvWall=1791549657750 consumeWall=1791549657750 accepted=true
[05:40:57] [Server thread/INFO] [STDOUT]: [com.layue13.clashweave.experiment.s3supp.Experiment:log:22]: CW3 PLAN id=10 lead=2 defer=2 anchorTick=618 hit=630 stamp=628 anchorWall=99238687870200 legacy=false
[05:40:58] [Server thread/INFO] [STDOUT]: [com.layue13.clashweave.experiment.s3supp.Experiment:log:22]: CW3 FREEZE id=10 tick=630 target=0 attacker=1 distance=1.0
[05:40:58] [Server thread/INFO] [STDOUT]: [com.layue13.clashweave.experiment.s3supp.Experiment:log:22]: CW3 RESULT id=10 lead=2 defer=2 hit=630 commit=632 deadlineNano=99239387608500 commitWall=1791549658591 stamp=-9999 arrivalNano=9223372036854775807 window=false before=false parry=false vanillaAccepted=true loss=1.0 feedbackDelayMs=93.0025
[05:40:58] [Netty IO #1/INFO] [STDOUT]: [com.layue13.clashweave.experiment.s3supp.Experiment:log:22]: CW3 WIRE nano=99239418414900 side=SERVER kind=2 id=10 wall=1791549658622 thread=Netty IO #1 observed=632
[05:40:58] [Server thread/INFO] [STDOUT]: [com.layue13.clashweave.experiment.s3supp.Experiment:log:22]: CW3 RECEIVE id=10 kind=2 stamp=628 tickObserved=632 recvWall=1791549658638 sendWall=99239217653900 wireMs=-97447667995262
[05:40:58] [Server thread/INFO] [STDOUT]: [com.layue13.clashweave.experiment.s3supp.Experiment:log:22]: CW3 CONSUME id=10 stamp=628 consumeTick=633 recvObserved=632 age=5 queueMs=0 sendWall=99239217653900 recvWall=1791549658638 consumeWall=1791549658638 accepted=true
[05:40:58] [Server thread/INFO] [STDOUT]: [com.layue13.clashweave.experiment.s3supp.Experiment:log:22]: CW3 PLAN id=11 lead=2 defer=2 anchorTick=637 hit=649 stamp=647 anchorWall=99239637276400 legacy=false
[05:40:59] [Server thread/INFO] [STDOUT]: [com.layue13.clashweave.experiment.s3supp.Experiment:log:22]: CW3 FREEZE id=11 tick=649 target=0 attacker=1 distance=1.0
[05:40:59] [Server thread/INFO] [STDOUT]: [com.layue13.clashweave.experiment.s3supp.Experiment:log:22]: CW3 RESULT id=11 lead=2 defer=2 hit=649 commit=651 deadlineNano=99240343325200 commitWall=1791549659547 stamp=-9999 arrivalNano=9223372036854775807 window=false before=false parry=false vanillaAccepted=true loss=1.0 feedbackDelayMs=108.4121
[05:40:59] [Netty IO #1/INFO] [STDOUT]: [com.layue13.clashweave.experiment.s3supp.Experiment:log:22]: CW3 WIRE nano=99240367879900 side=SERVER kind=2 id=11 wall=1791549659571 thread=Netty IO #1 observed=651
[05:40:59] [Server thread/INFO] [STDOUT]: [com.layue13.clashweave.experiment.s3supp.Experiment:log:22]: CW3 RECEIVE id=11 kind=2 stamp=647 tickObserved=651 recvWall=1791549659594 sendWall=99240167174100 wireMs=-97448617514506
[05:40:59] [Server thread/INFO] [STDOUT]: [com.layue13.clashweave.experiment.s3supp.Experiment:log:22]: CW3 CONSUME id=11 stamp=647 consumeTick=652 recvObserved=651 age=5 queueMs=0 sendWall=99240167174100 recvWall=1791549659594 consumeWall=1791549659594 accepted=true
[05:40:59] [Server thread/INFO] [STDOUT]: [com.layue13.clashweave.experiment.s3supp.Experiment:log:22]: CW3 PLAN id=12 lead=2 defer=2 anchorTick=656 hit=668 stamp=666 anchorWall=99240592283300 legacy=false
[05:41:00] [Server thread/INFO] [STDOUT]: [com.layue13.clashweave.experiment.s3supp.Experiment:log:22]: CW3 FREEZE id=12 tick=668 target=0 attacker=1 distance=1.0
[05:41:00] [Server thread/INFO] [STDOUT]: [com.layue13.clashweave.experiment.s3supp.Experiment:log:22]: CW3 RESULT id=12 lead=2 defer=2 hit=668 commit=670 deadlineNano=99241292526200 commitWall=1791549660496 stamp=-9999 arrivalNano=9223372036854775807 window=false before=false parry=false vanillaAccepted=true loss=1.0 feedbackDelayMs=93.597
[05:41:00] [Netty IO #1/INFO] [STDOUT]: [com.layue13.clashweave.experiment.s3supp.Experiment:log:22]: CW3 WIRE nano=99241317690600 side=SERVER kind=2 id=12 wall=1791549660521 thread=Netty IO #1 observed=670
[05:41:00] [Server thread/INFO] [STDOUT]: [com.layue13.clashweave.experiment.s3supp.Experiment:log:22]: CW3 RECEIVE id=12 kind=2 stamp=666 tickObserved=670 recvWall=1791549660544 sendWall=99241117104800 wireMs=-97449567444256
[05:41:00] [Server thread/INFO] [STDOUT]: [com.layue13.clashweave.experiment.s3supp.Experiment:log:22]: CW3 CONSUME id=12 stamp=666 consumeTick=671 recvObserved=670 age=5 queueMs=0 sendWall=99241117104800 recvWall=1791549660544 consumeWall=1791549660544 accepted=true
[05:41:00] [Server thread/INFO] [STDOUT]: [com.layue13.clashweave.experiment.s3supp.Experiment:log:22]: CW3 PLAN id=13 lead=2 defer=2 anchorTick=675 hit=687 stamp=685 anchorWall=99241543885000 legacy=false
[05:41:01] [Server thread/INFO] [STDOUT]: [com.layue13.clashweave.experiment.s3supp.Experiment:log:22]: CW3 FREEZE id=13 tick=687 target=0 attacker=1 distance=1.0
[05:41:01] [Server thread/INFO] [STDOUT]: [com.layue13.clashweave.experiment.s3supp.Experiment:log:22]: CW3 RESULT id=13 lead=2 defer=2 hit=687 commit=689 deadlineNano=99242246462100 commitWall=1791549661450 stamp=-9999 arrivalNano=9223372036854775807 window=false before=false parry=false vanillaAccepted=true loss=1.0 feedbackDelayMs=108.7838
[05:41:01] [Netty IO #1/INFO] [STDOUT]: [com.layue13.clashweave.experiment.s3supp.Experiment:log:22]: CW3 WIRE nano=99242267737400 side=SERVER kind=2 id=13 wall=1791549661471 thread=Netty IO #1 observed=689
[05:41:01] [Server thread/INFO] [STDOUT]: [com.layue13.clashweave.experiment.s3supp.Experiment:log:22]: CW3 RECEIVE id=13 kind=2 stamp=685 tickObserved=689 recvWall=1791549661497 sendWall=99242067228000 wireMs=-97450517566503
[05:41:01] [Server thread/INFO] [STDOUT]: [com.layue13.clashweave.experiment.s3supp.Experiment:log:22]: CW3 CONSUME id=13 stamp=685 consumeTick=690 recvObserved=689 age=5 queueMs=0 sendWall=99242067228000 recvWall=1791549661497 consumeWall=1791549661497 accepted=true
[05:41:01] [Server thread/INFO] [STDOUT]: [com.layue13.clashweave.experiment.s3supp.Experiment:log:22]: CW3 PLAN id=14 lead=2 defer=2 anchorTick=694 hit=706 stamp=704 anchorWall=99242497014800 legacy=false
[05:41:02] [Server thread/INFO] [STDOUT]: [com.layue13.clashweave.experiment.s3supp.Experiment:log:22]: CW3 FREEZE id=14 tick=706 target=0 attacker=1 distance=1.0
[05:41:02] [Server thread/INFO] [STDOUT]: [com.layue13.clashweave.experiment.s3supp.Experiment:log:22]: CW3 RESULT id=14 lead=2 defer=2 hit=706 commit=708 deadlineNano=99243192326300 commitWall=1791549662396 stamp=-9999 arrivalNano=9223372036854775807 window=false before=false parry=false vanillaAccepted=true loss=1.0 feedbackDelayMs=94.8722
[05:41:02] [Netty IO #1/INFO] [STDOUT]: [com.layue13.clashweave.experiment.s3supp.Experiment:log:22]: CW3 WIRE nano=99243218357900 side=SERVER kind=2 id=14 wall=1791549662422 thread=Netty IO #1 observed=708
[05:41:02] [Server thread/INFO] [STDOUT]: [com.layue13.clashweave.experiment.s3supp.Experiment:log:22]: CW3 RECEIVE id=14 kind=2 stamp=704 tickObserved=708 recvWall=1791549662444 sendWall=99243017706500 wireMs=-97451468044056
[05:41:02] [Server thread/INFO] [STDOUT]: [com.layue13.clashweave.experiment.s3supp.Experiment:log:22]: CW3 CONSUME id=14 stamp=704 consumeTick=709 recvObserved=708 age=5 queueMs=0 sendWall=99243017706500 recvWall=1791549662444 consumeWall=1791549662444 accepted=true
[05:41:02] [Server thread/INFO] [STDOUT]: [com.layue13.clashweave.experiment.s3supp.Experiment:log:22]: CW3 PLAN id=15 lead=3 defer=2 anchorTick=713 hit=725 stamp=722 anchorWall=99243446657200 legacy=false
[05:41:03] [Server thread/INFO] [STDOUT]: [com.layue13.clashweave.experiment.s3supp.Experiment:log:22]: CW3 FREEZE id=15 tick=725 target=0 attacker=1 distance=1.0
[05:41:03] [Netty IO #1/INFO] [STDOUT]: [com.layue13.clashweave.experiment.s3supp.Experiment:log:22]: CW3 WIRE nano=99244118058800 side=SERVER kind=2 id=15 wall=1791549663322 thread=Netty IO #1 observed=726
[05:41:03] [Server thread/INFO] [STDOUT]: [com.layue13.clashweave.experiment.s3supp.Experiment:log:22]: CW3 RECEIVE id=15 kind=2 stamp=722 tickObserved=726 recvWall=1791549663340 sendWall=99243917326400 wireMs=-97452367663060
[05:41:03] [Server thread/INFO] [STDOUT]: [com.layue13.clashweave.experiment.s3supp.Experiment:log:22]: CW3 CONSUME id=15 stamp=722 consumeTick=727 recvObserved=726 age=5 queueMs=1 sendWall=99243917326400 recvWall=1791549663340 consumeWall=1791549663341 accepted=true
[05:41:03] [Server thread/INFO] [STDOUT]: [com.layue13.clashweave.experiment.s3supp.Experiment:log:22]: CW3 RESULT id=15 lead=3 defer=2 hit=725 commit=727 deadlineNano=99244138396600 commitWall=1791549663341 stamp=722 arrivalNano=99244118058800 window=true before=true parry=true vanillaAccepted=false loss=0.0 feedbackDelayMs=96.1717
[05:41:03] [Server thread/INFO] [STDOUT]: [com.layue13.clashweave.experiment.s3supp.Experiment:log:22]: CW3 PLAN id=16 lead=3 defer=2 anchorTick=732 hit=744 stamp=741 anchorWall=99244387079000 legacy=false
[05:41:04] [Server thread/INFO] [STDOUT]: [com.layue13.clashweave.experiment.s3supp.Experiment:log:22]: CW3 FREEZE id=16 tick=744 target=0 attacker=1 distance=1.0
[05:41:04] [Netty IO #1/INFO] [STDOUT]: [com.layue13.clashweave.experiment.s3supp.Experiment:log:22]: CW3 WIRE nano=99245068130700 side=SERVER kind=2 id=16 wall=1791549664272 thread=Netty IO #1 observed=745
[05:41:04] [Server thread/INFO] [STDOUT]: [com.layue13.clashweave.experiment.s3supp.Experiment:log:22]: CW3 RECEIVE id=16 kind=2 stamp=741 tickObserved=745 recvWall=1791549664297 sendWall=99244867450100 wireMs=-97453317785803
[05:41:04] [Server thread/INFO] [STDOUT]: [com.layue13.clashweave.experiment.s3supp.Experiment:log:22]: CW3 CONSUME id=16 stamp=741 consumeTick=746 recvObserved=745 age=5 queueMs=0 sendWall=99244867450100 recvWall=1791549664297 consumeWall=1791549664297 accepted=true
[05:41:04] [Server thread/INFO] [STDOUT]: [com.layue13.clashweave.experiment.s3supp.Experiment:log:22]: CW3 RESULT id=16 lead=3 defer=2 hit=744 commit=746 deadlineNano=99245093643300 commitWall=1791549664297 stamp=741 arrivalNano=99245068130700 window=true before=true parry=true vanillaAccepted=false loss=0.0 feedbackDelayMs=109.7387
[05:41:04] [Server thread/INFO] [STDOUT]: [com.layue13.clashweave.experiment.s3supp.Experiment:log:22]: CW3 PLAN id=17 lead=3 defer=2 anchorTick=751 hit=763 stamp=760 anchorWall=99245348251100 legacy=false
[05:41:05] [Server thread/INFO] [STDOUT]: [com.layue13.clashweave.experiment.s3supp.Experiment:log:22]: CW3 FREEZE id=17 tick=763 target=0 attacker=1 distance=1.0
[05:41:05] [Netty IO #1/INFO] [STDOUT]: [com.layue13.clashweave.experiment.s3supp.Experiment:log:22]: CW3 WIRE nano=99246017789400 side=SERVER kind=2 id=17 wall=1791549665221 thread=Netty IO #1 observed=764
[05:41:05] [Server thread/INFO] [STDOUT]: [com.layue13.clashweave.experiment.s3supp.Experiment:log:22]: CW3 RECEIVE id=17 kind=2 stamp=760 tickObserved=764 recvWall=1791549665244 sendWall=99245817160400 wireMs=-97454267495156
[05:41:05] [Server thread/INFO] [STDOUT]: [com.layue13.clashweave.experiment.s3supp.Experiment:log:22]: CW3 CONSUME id=17 stamp=760 consumeTick=765 recvObserved=764 age=5 queueMs=0 sendWall=99245817160400 recvWall=1791549665244 consumeWall=1791549665244 accepted=true
[05:41:05] [Server thread/INFO] [STDOUT]: [com.layue13.clashweave.experiment.s3supp.Experiment:log:22]: CW3 RESULT id=17 lead=3 defer=2 hit=763 commit=765 deadlineNano=99246040904200 commitWall=1791549665244 stamp=760 arrivalNano=99246017789400 window=true before=true parry=true vanillaAccepted=false loss=0.0 feedbackDelayMs=94.8885
[05:41:05] [Server thread/INFO] [STDOUT]: [com.layue13.clashweave.experiment.s3supp.Experiment:log:22]: CW3 PLAN id=18 lead=3 defer=2 anchorTick=770 hit=782 stamp=779 anchorWall=99246292265400 legacy=false
[05:41:06] [Server thread/INFO] [STDOUT]: [com.layue13.clashweave.experiment.s3supp.Experiment:log:22]: CW3 FREEZE id=18 tick=782 target=0 attacker=1 distance=1.0
[05:41:06] [Netty IO #1/INFO] [STDOUT]: [com.layue13.clashweave.experiment.s3supp.Experiment:log:22]: CW3 WIRE nano=99246968648000 side=SERVER kind=2 id=18 wall=1791549666172 thread=Netty IO #1 observed=783
[05:41:06] [Server thread/INFO] [STDOUT]: [com.layue13.clashweave.experiment.s3supp.Experiment:log:22]: CW3 RECEIVE id=18 kind=2 stamp=779 tickObserved=783 recvWall=1791549666202 sendWall=99246767792800 wireMs=-97455218126598
[05:41:06] [Server thread/INFO] [STDOUT]: [com.layue13.clashweave.experiment.s3supp.Experiment:log:22]: CW3 CONSUME id=18 stamp=779 consumeTick=784 recvObserved=783 age=5 queueMs=0 sendWall=99246767792800 recvWall=1791549666202 consumeWall=1791549666202 accepted=true
[05:41:06] [Server thread/INFO] [STDOUT]: [com.layue13.clashweave.experiment.s3supp.Experiment:log:22]: CW3 RESULT id=18 lead=3 defer=2 hit=782 commit=784 deadlineNano=99246998566500 commitWall=1791549666202 stamp=779 arrivalNano=99246968648000 window=true before=true parry=true vanillaAccepted=false loss=0.0 feedbackDelayMs=109.5941
[05:41:06] [Server thread/INFO] [STDOUT]: [com.layue13.clashweave.experiment.s3supp.Experiment:log:22]: CW3 PLAN id=19 lead=3 defer=2 anchorTick=789 hit=801 stamp=798 anchorWall=99247235844500 legacy=false
[05:41:07] [Server thread/INFO] [STDOUT]: [com.layue13.clashweave.experiment.s3supp.Experiment:log:22]: CW3 FREEZE id=19 tick=801 target=0 attacker=1 distance=1.0
[05:41:07] [Netty IO #1/INFO] [STDOUT]: [com.layue13.clashweave.experiment.s3supp.Experiment:log:22]: CW3 WIRE nano=99247919008000 side=SERVER kind=2 id=19 wall=1791549667123 thread=Netty IO #1 observed=802
[05:41:07] [Server thread/INFO] [STDOUT]: [com.layue13.clashweave.experiment.s3supp.Experiment:log:22]: CW3 RECEIVE id=19 kind=2 stamp=798 tickObserved=802 recvWall=1791549667147 sendWall=99247718367000 wireMs=-97456168699853
[05:41:07] [Server thread/INFO] [STDOUT]: [com.layue13.clashweave.experiment.s3supp.Experiment:log:22]: CW3 CONSUME id=19 stamp=798 consumeTick=803 recvObserved=802 age=5 queueMs=0 sendWall=99247718367000 recvWall=1791549667147 consumeWall=1791549667147 accepted=true
[05:41:07] [Server thread/INFO] [STDOUT]: [com.layue13.clashweave.experiment.s3supp.Experiment:log:22]: CW3 RESULT id=19 lead=3 defer=2 hit=801 commit=803 deadlineNano=99247943783800 commitWall=1791549667147 stamp=798 arrivalNano=99247919008000 window=true before=true parry=true vanillaAccepted=false loss=0.0 feedbackDelayMs=110.8388
[05:41:07] [Server thread/INFO] [STDOUT]: [com.layue13.clashweave.experiment.s3supp.Experiment:log:22]: CW3 PLAN id=20 lead=4 defer=2 anchorTick=808 hit=820 stamp=816 anchorWall=99248196452900 legacy=false
[05:41:07] [Server thread/INFO] [STDOUT]: [com.layue13.clashweave.experiment.s3supp.Experiment:log:22]: CW3 FREEZE id=20 tick=820 target=0 attacker=1 distance=1.0
[05:41:08] [Netty IO #1/INFO] [STDOUT]: [com.layue13.clashweave.experiment.s3supp.Experiment:log:22]: CW3 WIRE nano=99248819131800 side=SERVER kind=2 id=20 wall=1791549668023 thread=Netty IO #1 observed=820
[05:41:08] [Server thread/INFO] [STDOUT]: [com.layue13.clashweave.experiment.s3supp.Experiment:log:22]: CW3 RECEIVE id=20 kind=2 stamp=816 tickObserved=820 recvWall=1791549668046 sendWall=99248618294200 wireMs=-97457068626154
[05:41:08] [Server thread/INFO] [STDOUT]: [com.layue13.clashweave.experiment.s3supp.Experiment:log:22]: CW3 CONSUME id=20 stamp=816 consumeTick=821 recvObserved=820 age=5 queueMs=0 sendWall=99248618294200 recvWall=1791549668046 consumeWall=1791549668046 accepted=true
[05:41:08] [Server thread/INFO] [STDOUT]: [com.layue13.clashweave.experiment.s3supp.Experiment:log:22]: CW3 RESULT id=20 lead=4 defer=2 hit=820 commit=822 deadlineNano=99248889448500 commitWall=1791549668093 stamp=816 arrivalNano=99248819131800 window=true before=true parry=true vanillaAccepted=false loss=0.0 feedbackDelayMs=94.8586
[05:41:08] [Server thread/INFO] [STDOUT]: [com.layue13.clashweave.experiment.s3supp.Experiment:log:22]: CW3 PLAN id=21 lead=4 defer=2 anchorTick=827 hit=839 stamp=835 anchorWall=99249140653100 legacy=false
[05:41:08] [Server thread/INFO] [STDOUT]: [com.layue13.clashweave.experiment.s3supp.Experiment:log:22]: CW3 FREEZE id=21 tick=839 target=0 attacker=1 distance=1.0
[05:41:08] [Netty IO #1/INFO] [STDOUT]: [com.layue13.clashweave.experiment.s3supp.Experiment:log:22]: CW3 WIRE nano=99249767625400 side=SERVER kind=2 id=21 wall=1791549668971 thread=Netty IO #1 observed=839
[05:41:08] [Server thread/INFO] [STDOUT]: [com.layue13.clashweave.experiment.s3supp.Experiment:log:22]: CW3 RECEIVE id=21 kind=2 stamp=835 tickObserved=839 recvWall=1791549668989 sendWall=99249567062900 wireMs=-97458017393911
[05:41:08] [Server thread/INFO] [STDOUT]: [com.layue13.clashweave.experiment.s3supp.Experiment:log:22]: CW3 CONSUME id=21 stamp=835 consumeTick=840 recvObserved=839 age=5 queueMs=0 sendWall=99249567062900 recvWall=1791549668989 consumeWall=1791549668989 accepted=true
[05:41:09] [Server thread/INFO] [STDOUT]: [com.layue13.clashweave.experiment.s3supp.Experiment:log:22]: CW3 RESULT id=21 lead=4 defer=2 hit=839 commit=841 deadlineNano=99249847254400 commitWall=1791549669051 stamp=835 arrivalNano=99249767625400 window=true before=true parry=true vanillaAccepted=false loss=0.0 feedbackDelayMs=109.8737
[05:41:09] [Server thread/INFO] [STDOUT]: [com.layue13.clashweave.experiment.s3supp.Experiment:log:22]: CW3 PLAN id=22 lead=4 defer=2 anchorTick=846 hit=858 stamp=854 anchorWall=99250084675500 legacy=false
[05:41:09] [Server thread/INFO] [STDOUT]: [com.layue13.clashweave.experiment.s3supp.Experiment:log:22]: CW3 FREEZE id=22 tick=858 target=0 attacker=1 distance=1.0
[05:41:09] [Netty IO #1/INFO] [STDOUT]: [com.layue13.clashweave.experiment.s3supp.Experiment:log:22]: CW3 WIRE nano=99250718283200 side=SERVER kind=2 id=22 wall=1791549669922 thread=Netty IO #1 observed=858
[05:41:09] [Server thread/INFO] [STDOUT]: [com.layue13.clashweave.experiment.s3supp.Experiment:log:22]: CW3 RECEIVE id=22 kind=2 stamp=854 tickObserved=858 recvWall=1791549669947 sendWall=99250517424800 wireMs=-97458967754853
[05:41:09] [Server thread/INFO] [STDOUT]: [com.layue13.clashweave.experiment.s3supp.Experiment:log:22]: CW3 CONSUME id=22 stamp=854 consumeTick=859 recvObserved=858 age=5 queueMs=0 sendWall=99250517424800 recvWall=1791549669947 consumeWall=1791549669947 accepted=true
[05:41:09] [Server thread/INFO] [STDOUT]: [com.layue13.clashweave.experiment.s3supp.Experiment:log:22]: CW3 RESULT id=22 lead=4 defer=2 hit=858 commit=860 deadlineNano=99250790666100 commitWall=1791549669994 stamp=854 arrivalNano=99250718283200 window=true before=true parry=true vanillaAccepted=false loss=0.0 feedbackDelayMs=95.0121
[05:41:10] [Server thread/INFO] [STDOUT]: [com.layue13.clashweave.experiment.s3supp.Experiment:log:22]: CW3 PLAN id=23 lead=4 defer=2 anchorTick=865 hit=877 stamp=873 anchorWall=99251041496100 legacy=false
[05:41:10] [Server thread/INFO] [STDOUT]: [com.layue13.clashweave.experiment.s3supp.Experiment:log:22]: CW3 FREEZE id=23 tick=877 target=0 attacker=1 distance=1.0
[05:41:10] [Netty IO #1/INFO] [STDOUT]: [com.layue13.clashweave.experiment.s3supp.Experiment:log:22]: CW3 WIRE nano=99251669230600 side=SERVER kind=2 id=23 wall=1791549670873 thread=Netty IO #1 observed=877
[05:41:10] [Server thread/INFO] [STDOUT]: [com.layue13.clashweave.experiment.s3supp.Experiment:log:22]: CW3 RECEIVE id=23 kind=2 stamp=873 tickObserved=877 recvWall=1791549670889 sendWall=99251468237400 wireMs=-97459918566511
[05:41:10] [Server thread/INFO] [STDOUT]: [com.layue13.clashweave.experiment.s3supp.Experiment:log:22]: CW3 CONSUME id=23 stamp=873 consumeTick=878 recvObserved=877 age=5 queueMs=0 sendWall=99251468237400 recvWall=1791549670889 consumeWall=1791549670889 accepted=true
[05:41:10] [Server thread/INFO] [STDOUT]: [com.layue13.clashweave.experiment.s3supp.Experiment:log:22]: CW3 RESULT id=23 lead=4 defer=2 hit=877 commit=879 deadlineNano=99251747474200 commitWall=1791549670951 stamp=873 arrivalNano=99251669230600 window=true before=true parry=true vanillaAccepted=false loss=0.0 feedbackDelayMs=109.5347
[05:41:11] [Server thread/INFO] [STDOUT]: [com.layue13.clashweave.experiment.s3supp.Experiment:log:22]: CW3 PLAN id=24 lead=4 defer=2 anchorTick=884 hit=896 stamp=892 anchorWall=99251983079900 legacy=false
[05:41:11] [Server thread/INFO] [STDOUT]: [com.layue13.clashweave.experiment.s3supp.Experiment:log:22]: CW3 FREEZE id=24 tick=896 target=0 attacker=1 distance=1.0
[05:41:11] [Netty IO #1/INFO] [STDOUT]: [com.layue13.clashweave.experiment.s3supp.Experiment:log:22]: CW3 WIRE nano=99252618767000 side=SERVER kind=2 id=24 wall=1791549671822 thread=Netty IO #1 observed=896
[05:41:11] [Server thread/INFO] [STDOUT]: [com.layue13.clashweave.experiment.s3supp.Experiment:log:22]: CW3 RECEIVE id=24 kind=2 stamp=892 tickObserved=896 recvWall=1791549671848 sendWall=99252417912500 wireMs=-97460868240652
[05:41:11] [Server thread/INFO] [STDOUT]: [com.layue13.clashweave.experiment.s3supp.Experiment:log:22]: CW3 CONSUME id=24 stamp=892 consumeTick=897 recvObserved=896 age=5 queueMs=0 sendWall=99252417912500 recvWall=1791549671848 consumeWall=1791549671848 accepted=true
[05:41:11] [Server thread/INFO] [STDOUT]: [com.layue13.clashweave.experiment.s3supp.Experiment:log:22]: CW3 RESULT id=24 lead=4 defer=2 hit=896 commit=898 deadlineNano=99252692462100 commitWall=1791549671896 stamp=892 arrivalNano=99252618767000 window=true before=true parry=true vanillaAccepted=false loss=0.0 feedbackDelayMs=95.2899
[05:41:12] [Server thread/INFO] [STDOUT]: [com.layue13.clashweave.experiment.s3supp.Experiment:log:22]: CW3 PLAN id=25 lead=0 defer=3 anchorTick=903 hit=915 stamp=915 anchorWall=99252966554000 legacy=false
[05:41:12] [Server thread/INFO] [STDOUT]: [com.layue13.clashweave.experiment.s3supp.Experiment:log:22]: CW3 FREEZE id=25 tick=915 target=0 attacker=1 distance=1.0
[05:41:12] [Server thread/INFO] [STDOUT]: [com.layue13.clashweave.experiment.s3supp.Experiment:log:22]: CW3 RESULT id=25 lead=0 defer=3 hit=915 commit=918 deadlineNano=99253684493700 commitWall=1791549672888 stamp=-9999 arrivalNano=9223372036854775807 window=false before=false parry=false vanillaAccepted=true loss=1.0 feedbackDelayMs=140.7894
[05:41:13] [Netty IO #1/INFO] [STDOUT]: [com.layue13.clashweave.experiment.s3supp.Experiment:log:22]: CW3 WIRE nano=99253816011700 side=SERVER kind=2 id=25 wall=1791549673020 thread=Netty IO #1 observed=920
[05:41:13] [Server thread/INFO] [STDOUT]: [com.layue13.clashweave.experiment.s3supp.Experiment:log:22]: CW3 RECEIVE id=25 kind=2 stamp=915 tickObserved=920 recvWall=1791549673044 sendWall=99253615361400 wireMs=-97462065688356
[05:41:13] [Server thread/INFO] [STDOUT]: [com.layue13.clashweave.experiment.s3supp.Experiment:log:22]: CW3 CONSUME id=25 stamp=915 consumeTick=921 recvObserved=920 age=6 queueMs=1 sendWall=99253615361400 recvWall=1791549673044 consumeWall=1791549673045 accepted=true
[05:41:13] [Server thread/INFO] [STDOUT]: [com.layue13.clashweave.experiment.s3supp.Experiment:log:22]: CW3 PLAN id=26 lead=0 defer=3 anchorTick=923 hit=935 stamp=935 anchorWall=99253935617800 legacy=false
[05:41:13] [Server thread/INFO] [STDOUT]: [com.layue13.clashweave.experiment.s3supp.Experiment:log:22]: CW3 FREEZE id=26 tick=935 target=0 attacker=1 distance=1.0
[05:41:13] [Server thread/INFO] [STDOUT]: [com.layue13.clashweave.experiment.s3supp.Experiment:log:22]: CW3 RESULT id=26 lead=0 defer=3 hit=935 commit=938 deadlineNano=99254691554300 commitWall=1791549673895 stamp=-9999 arrivalNano=9223372036854775807 window=false before=false parry=false vanillaAccepted=true loss=1.0 feedbackDelayMs=143.2421
[05:41:13] [Netty IO #1/INFO] [STDOUT]: [com.layue13.clashweave.experiment.s3supp.Experiment:log:22]: CW3 WIRE nano=99254766047100 side=SERVER kind=2 id=26 wall=1791549673970 thread=Netty IO #1 observed=939
[05:41:13] [Server thread/INFO] [STDOUT]: [com.layue13.clashweave.experiment.s3supp.Experiment:log:22]: CW3 RECEIVE id=26 kind=2 stamp=935 tickObserved=939 recvWall=1791549673990 sendWall=99254565251000 wireMs=-97463015577010
[05:41:13] [Server thread/INFO] [STDOUT]: [com.layue13.clashweave.experiment.s3supp.Experiment:log:22]: CW3 CONSUME id=26 stamp=935 consumeTick=940 recvObserved=939 age=5 queueMs=0 sendWall=99254565251000 recvWall=1791549673990 consumeWall=1791549673990 accepted=true
[05:41:14] [Server thread/INFO] [STDOUT]: [com.layue13.clashweave.experiment.s3supp.Experiment:log:22]: CW3 PLAN id=27 lead=0 defer=3 anchorTick=943 hit=955 stamp=955 anchorWall=99254944393700 legacy=false
[05:41:14] [Server thread/INFO] [STDOUT]: [com.layue13.clashweave.experiment.s3supp.Experiment:log:22]: CW3 FREEZE id=27 tick=955 target=0 attacker=1 distance=1.0
[05:41:14] [Server thread/INFO] [STDOUT]: [com.layue13.clashweave.experiment.s3supp.Experiment:log:22]: CW3 RESULT id=27 lead=0 defer=3 hit=955 commit=958 deadlineNano=99255684570400 commitWall=1791549674888 stamp=-9999 arrivalNano=9223372036854775807 window=false before=false parry=false vanillaAccepted=true loss=1.0 feedbackDelayMs=142.1806
[05:41:14] [Netty IO #1/INFO] [STDOUT]: [com.layue13.clashweave.experiment.s3supp.Experiment:log:22]: CW3 WIRE nano=99255766821600 side=SERVER kind=2 id=27 wall=1791549674970 thread=Netty IO #1 observed=959
[05:41:14] [Server thread/INFO] [STDOUT]: [com.layue13.clashweave.experiment.s3supp.Experiment:log:22]: CW3 RECEIVE id=27 kind=2 stamp=955 tickObserved=959 recvWall=1791549674999 sendWall=99255566317100 wireMs=-97464016642101
[05:41:14] [Server thread/INFO] [STDOUT]: [com.layue13.clashweave.experiment.s3supp.Experiment:log:22]: CW3 CONSUME id=27 stamp=955 consumeTick=960 recvObserved=959 age=5 queueMs=0 sendWall=99255566317100 recvWall=1791549674999 consumeWall=1791549674999 accepted=true
[05:41:15] [Server thread/INFO] [STDOUT]: [com.layue13.clashweave.experiment.s3supp.Experiment:log:22]: CW3 PLAN id=28 lead=0 defer=3 anchorTick=963 hit=975 stamp=975 anchorWall=99255933110000 legacy=false
[05:41:15] [Server thread/INFO] [STDOUT]: [com.layue13.clashweave.experiment.s3supp.Experiment:log:22]: CW3 FREEZE id=28 tick=975 target=0 attacker=1 distance=1.0
[05:41:15] [Server thread/INFO] [STDOUT]: [com.layue13.clashweave.experiment.s3supp.Experiment:log:22]: CW3 RESULT id=28 lead=0 defer=3 hit=975 commit=978 deadlineNano=99256689404100 commitWall=1791549675893 stamp=-9999 arrivalNano=9223372036854775807 window=false before=false parry=false vanillaAccepted=true loss=1.0 feedbackDelayMs=140.6081
[05:41:15] [Netty IO #1/INFO] [STDOUT]: [com.layue13.clashweave.experiment.s3supp.Experiment:log:22]: CW3 WIRE nano=99256766158100 side=SERVER kind=2 id=28 wall=1791549675970 thread=Netty IO #1 observed=979
[05:41:15] [Server thread/INFO] [STDOUT]: [com.layue13.clashweave.experiment.s3supp.Experiment:log:22]: CW3 RECEIVE id=28 kind=2 stamp=975 tickObserved=979 recvWall=1791549675988 sendWall=99256565674600 wireMs=-97465015998612
[05:41:15] [Server thread/INFO] [STDOUT]: [com.layue13.clashweave.experiment.s3supp.Experiment:log:22]: CW3 CONSUME id=28 stamp=975 consumeTick=980 recvObserved=979 age=5 queueMs=0 sendWall=99256565674600 recvWall=1791549675988 consumeWall=1791549675988 accepted=true
[05:41:16] [Server thread/INFO] [STDOUT]: [com.layue13.clashweave.experiment.s3supp.Experiment:log:22]: CW3 PLAN id=29 lead=0 defer=3 anchorTick=983 hit=995 stamp=995 anchorWall=99256940650900 legacy=false
[05:41:16] [Server thread/INFO] [STDOUT]: [com.layue13.clashweave.experiment.s3supp.Experiment:log:22]: CW3 FREEZE id=29 tick=995 target=0 attacker=1 distance=1.0
[05:41:16] [Server thread/INFO] [STDOUT]: [com.layue13.clashweave.experiment.s3supp.Experiment:log:22]: CW3 RESULT id=29 lead=0 defer=3 hit=995 commit=998 deadlineNano=99257694706800 commitWall=1791549676898 stamp=-9999 arrivalNano=9223372036854775807 window=false before=false parry=false vanillaAccepted=true loss=1.0 feedbackDelayMs=156.5484
[05:41:16] [Netty IO #1/INFO] [STDOUT]: [com.layue13.clashweave.experiment.s3supp.Experiment:log:22]: CW3 WIRE nano=99257765669800 side=SERVER kind=2 id=29 wall=1791549676969 thread=Netty IO #1 observed=999
[05:41:16] [Server thread/INFO] [STDOUT]: [com.layue13.clashweave.experiment.s3supp.Experiment:log:22]: CW3 RECEIVE id=29 kind=2 stamp=995 tickObserved=999 recvWall=1791549676993 sendWall=99257565092700 wireMs=-97466015415707
[05:41:16] [Server thread/INFO] [STDOUT]: [com.layue13.clashweave.experiment.s3supp.Experiment:log:22]: CW3 CONSUME id=29 stamp=995 consumeTick=1000 recvObserved=999 age=5 queueMs=0 sendWall=99257565092700 recvWall=1791549676993 consumeWall=1791549676993 accepted=true
[05:41:17] [Server thread/INFO] [STDOUT]: [com.layue13.clashweave.experiment.s3supp.Experiment:log:22]: CW3 PLAN id=30 lead=1 defer=3 anchorTick=1003 hit=1015 stamp=1014 anchorWall=99257946234500 legacy=false
[05:41:17] [Server thread/INFO] [STDOUT]: [com.layue13.clashweave.experiment.s3supp.Experiment:log:22]: CW3 FREEZE id=30 tick=1015 target=0 attacker=1 distance=1.0
[05:41:17] [Server thread/INFO] [STDOUT]: [com.layue13.clashweave.experiment.s3supp.Experiment:log:22]: CW3 RESULT id=30 lead=1 defer=3 hit=1015 commit=1018 deadlineNano=99258685686700 commitWall=1791549677889 stamp=-9999 arrivalNano=9223372036854775807 window=false before=false parry=false vanillaAccepted=true loss=1.0 feedbackDelayMs=142.2222
[05:41:17] [Netty IO #1/INFO] [STDOUT]: [com.layue13.clashweave.experiment.s3supp.Experiment:log:22]: CW3 WIRE nano=99258715727200 side=SERVER kind=2 id=30 wall=1791549677919 thread=Netty IO #1 observed=1018
[05:41:17] [Server thread/INFO] [STDOUT]: [com.layue13.clashweave.experiment.s3supp.Experiment:log:22]: CW3 RECEIVE id=30 kind=2 stamp=1014 tickObserved=1018 recvWall=1791549677952 sendWall=99258515307300 wireMs=-97466965629348
[05:41:17] [Server thread/INFO] [STDOUT]: [com.layue13.clashweave.experiment.s3supp.Experiment:log:22]: CW3 CONSUME id=30 stamp=1014 consumeTick=1019 recvObserved=1018 age=5 queueMs=0 sendWall=99258515307300 recvWall=1791549677952 consumeWall=1791549677952 accepted=true
[05:41:18] [Server thread/INFO] [STDOUT]: [com.layue13.clashweave.experiment.s3supp.Experiment:log:22]: CW3 PLAN id=31 lead=1 defer=3 anchorTick=1023 hit=1035 stamp=1034 anchorWall=99258937021400 legacy=false
[05:41:18] [Server thread/INFO] [STDOUT]: [com.layue13.clashweave.experiment.s3supp.Experiment:log:22]: CW3 FREEZE id=31 tick=1035 target=0 attacker=1 distance=1.0
[05:41:18] [Server thread/INFO] [STDOUT]: [com.layue13.clashweave.experiment.s3supp.Experiment:log:22]: CW3 RESULT id=31 lead=1 defer=3 hit=1035 commit=1038 deadlineNano=99259688332900 commitWall=1791549678892 stamp=-9999 arrivalNano=9223372036854775807 window=false before=false parry=false vanillaAccepted=true loss=1.0 feedbackDelayMs=141.5608
[05:41:18] [Netty IO #1/INFO] [STDOUT]: [com.layue13.clashweave.experiment.s3supp.Experiment:log:22]: CW3 WIRE nano=99259715784600 side=SERVER kind=2 id=31 wall=1791549678919 thread=Netty IO #1 observed=1038
[05:41:18] [Server thread/INFO] [STDOUT]: [com.layue13.clashweave.experiment.s3supp.Experiment:log:22]: CW3 RECEIVE id=31 kind=2 stamp=1034 tickObserved=1038 recvWall=1791549678939 sendWall=99259515111500 wireMs=-97467965432561
[05:41:18] [Server thread/INFO] [STDOUT]: [com.layue13.clashweave.experiment.s3supp.Experiment:log:22]: CW3 CONSUME id=31 stamp=1034 consumeTick=1039 recvObserved=1038 age=5 queueMs=0 sendWall=99259515111500 recvWall=1791549678939 consumeWall=1791549678939 accepted=true
[05:41:19] [Server thread/INFO] [STDOUT]: [com.layue13.clashweave.experiment.s3supp.Experiment:log:22]: CW3 PLAN id=32 lead=1 defer=3 anchorTick=1043 hit=1055 stamp=1054 anchorWall=99259940501900 legacy=false
[05:41:19] [Server thread/INFO] [STDOUT]: [com.layue13.clashweave.experiment.s3supp.Experiment:log:22]: CW3 FREEZE id=32 tick=1055 target=0 attacker=1 distance=1.0
[05:41:19] [Server thread/INFO] [STDOUT]: [com.layue13.clashweave.experiment.s3supp.Experiment:log:22]: CW3 RESULT id=32 lead=1 defer=3 hit=1055 commit=1058 deadlineNano=99260695771600 commitWall=1791549679899 stamp=-9999 arrivalNano=9223372036854775807 window=false before=false parry=false vanillaAccepted=true loss=1.0 feedbackDelayMs=158.5871
[05:41:19] [Netty IO #1/INFO] [STDOUT]: [com.layue13.clashweave.experiment.s3supp.Experiment:log:22]: CW3 WIRE nano=99260716200000 side=SERVER kind=2 id=32 wall=1791549679920 thread=Netty IO #1 observed=1058
[05:41:19] [Server thread/INFO] [STDOUT]: [com.layue13.clashweave.experiment.s3supp.Experiment:log:22]: CW3 RECEIVE id=32 kind=2 stamp=1054 tickObserved=1058 recvWall=1791549679946 sendWall=99260515297800 wireMs=-97468965617854
[05:41:19] [Server thread/INFO] [STDOUT]: [com.layue13.clashweave.experiment.s3supp.Experiment:log:22]: CW3 CONSUME id=32 stamp=1054 consumeTick=1059 recvObserved=1058 age=5 queueMs=0 sendWall=99260515297800 recvWall=1791549679946 consumeWall=1791549679946 accepted=true
[05:41:20] [Server thread/INFO] [STDOUT]: [com.layue13.clashweave.experiment.s3supp.Experiment:log:22]: CW3 PLAN id=33 lead=1 defer=3 anchorTick=1063 hit=1075 stamp=1074 anchorWall=99260947376700 legacy=false
[05:41:20] [Server thread/INFO] [STDOUT]: [com.layue13.clashweave.experiment.s3supp.Experiment:log:22]: CW3 FREEZE id=33 tick=1075 target=0 attacker=1 distance=1.0
[05:41:20] [Server thread/INFO] [STDOUT]: [com.layue13.clashweave.experiment.s3supp.Experiment:log:22]: CW3 RESULT id=33 lead=1 defer=3 hit=1075 commit=1078 deadlineNano=99261686886100 commitWall=1791549680890 stamp=-9999 arrivalNano=9223372036854775807 window=false before=false parry=false vanillaAccepted=true loss=1.0 feedbackDelayMs=141.2979
[05:41:20] [Netty IO #1/INFO] [STDOUT]: [com.layue13.clashweave.experiment.s3supp.Experiment:log:22]: CW3 WIRE nano=99261716990900 side=SERVER kind=2 id=33 wall=1791549680921 thread=Netty IO #1 observed=1078
[05:41:20] [Server thread/INFO] [STDOUT]: [com.layue13.clashweave.experiment.s3supp.Experiment:log:22]: CW3 RECEIVE id=33 kind=2 stamp=1074 tickObserved=1078 recvWall=1791549680938 sendWall=99261516374000 wireMs=-97469966693062
[05:41:20] [Server thread/INFO] [STDOUT]: [com.layue13.clashweave.experiment.s3supp.Experiment:log:22]: CW3 CONSUME id=33 stamp=1074 consumeTick=1079 recvObserved=1078 age=5 queueMs=0 sendWall=99261516374000 recvWall=1791549680938 consumeWall=1791549680938 accepted=true
[05:41:21] [Server thread/INFO] [STDOUT]: [com.layue13.clashweave.experiment.s3supp.Experiment:log:22]: CW3 PLAN id=34 lead=1 defer=3 anchorTick=1083 hit=1095 stamp=1094 anchorWall=99261940657500 legacy=false
[05:41:21] [Server thread/INFO] [STDOUT]: [com.layue13.clashweave.experiment.s3supp.Experiment:log:22]: CW3 FREEZE id=34 tick=1095 target=0 attacker=1 distance=1.0
[05:41:21] [Server thread/INFO] [STDOUT]: [com.layue13.clashweave.experiment.s3supp.Experiment:log:22]: CW3 RESULT id=34 lead=1 defer=3 hit=1095 commit=1098 deadlineNano=99262689049300 commitWall=1791549681892 stamp=-9999 arrivalNano=9223372036854775807 window=false before=false parry=false vanillaAccepted=true loss=1.0 feedbackDelayMs=155.3171
[05:41:21] [Netty IO #1/INFO] [STDOUT]: [com.layue13.clashweave.experiment.s3supp.Experiment:log:22]: CW3 WIRE nano=99262716346400 side=SERVER kind=2 id=34 wall=1791549681920 thread=Netty IO #1 observed=1098
[05:41:21] [Server thread/INFO] [STDOUT]: [com.layue13.clashweave.experiment.s3supp.Experiment:log:22]: CW3 RECEIVE id=34 kind=2 stamp=1094 tickObserved=1098 recvWall=1791549681939 sendWall=99262515945600 wireMs=-97470966263661
[05:41:21] [Server thread/INFO] [STDOUT]: [com.layue13.clashweave.experiment.s3supp.Experiment:log:22]: CW3 CONSUME id=34 stamp=1094 consumeTick=1099 recvObserved=1098 age=5 queueMs=0 sendWall=99262515945600 recvWall=1791549681939 consumeWall=1791549681939 accepted=true
[05:41:22] [Server thread/INFO] [STDOUT]: [com.layue13.clashweave.experiment.s3supp.Experiment:log:22]: CW3 PLAN id=35 lead=2 defer=3 anchorTick=1103 hit=1115 stamp=1113 anchorWall=99262938083100 legacy=false
[05:41:22] [Server thread/INFO] [STDOUT]: [com.layue13.clashweave.experiment.s3supp.Experiment:log:22]: CW3 FREEZE id=35 tick=1115 target=0 attacker=1 distance=1.0
[05:41:22] [Netty IO #1/INFO] [STDOUT]: [com.layue13.clashweave.experiment.s3supp.Experiment:log:22]: CW3 WIRE nano=99263666454200 side=SERVER kind=2 id=35 wall=1791549682870 thread=Netty IO #1 observed=1117
[05:41:22] [Server thread/INFO] [STDOUT]: [com.layue13.clashweave.experiment.s3supp.Experiment:log:22]: CW3 RECEIVE id=35 kind=2 stamp=1113 tickObserved=1117 recvWall=1791549682898 sendWall=99263465891800 wireMs=-97471916208902
[05:41:22] [Server thread/INFO] [STDOUT]: [com.layue13.clashweave.experiment.s3supp.Experiment:log:22]: CW3 CONSUME id=35 stamp=1113 consumeTick=1118 recvObserved=1117 age=5 queueMs=0 sendWall=99263465891800 recvWall=1791549682898 consumeWall=1791549682898 accepted=true
[05:41:22] [Server thread/INFO] [STDOUT]: [com.layue13.clashweave.experiment.s3supp.Experiment:log:22]: CW3 RESULT id=35 lead=2 defer=3 hit=1115 commit=1118 deadlineNano=99263695043400 commitWall=1791549682898 stamp=1113 arrivalNano=99263666454200 window=true before=true parry=true vanillaAccepted=false loss=0.0 feedbackDelayMs=158.2516
[05:41:23] [Server thread/INFO] [STDOUT]: [com.layue13.clashweave.experiment.s3supp.Experiment:log:22]: CW3 PLAN id=36 lead=2 defer=3 anchorTick=1123 hit=1135 stamp=1133 anchorWall=99263947442800 legacy=false
[05:41:23] [Server thread/INFO] [STDOUT]: [com.layue13.clashweave.experiment.s3supp.Experiment:log:22]: CW3 FREEZE id=36 tick=1135 target=0 attacker=1 distance=1.0
[05:41:23] [Netty IO #1/INFO] [STDOUT]: [com.layue13.clashweave.experiment.s3supp.Experiment:log:22]: CW3 WIRE nano=99264666291400 side=SERVER kind=2 id=36 wall=1791549683870 thread=Netty IO #1 observed=1137
[05:41:23] [Server thread/INFO] [STDOUT]: [com.layue13.clashweave.experiment.s3supp.Experiment:log:22]: CW3 RECEIVE id=36 kind=2 stamp=1133 tickObserved=1137 recvWall=1791549683888 sendWall=99264465420400 wireMs=-97472915736512
[05:41:23] [Server thread/INFO] [STDOUT]: [com.layue13.clashweave.experiment.s3supp.Experiment:log:22]: CW3 CONSUME id=36 stamp=1133 consumeTick=1138 recvObserved=1137 age=5 queueMs=0 sendWall=99264465420400 recvWall=1791549683888 consumeWall=1791549683888 accepted=true
[05:41:23] [Server thread/INFO] [STDOUT]: [com.layue13.clashweave.experiment.s3supp.Experiment:log:22]: CW3 RESULT id=36 lead=2 defer=3 hit=1135 commit=1138 deadlineNano=99264684759300 commitWall=1791549683888 stamp=1133 arrivalNano=99264666291400 window=true before=true parry=true vanillaAccepted=false loss=0.0 feedbackDelayMs=142.581
[05:41:24] [Server thread/INFO] [STDOUT]: [com.layue13.clashweave.experiment.s3supp.Experiment:log:22]: CW3 PLAN id=37 lead=2 defer=3 anchorTick=1143 hit=1155 stamp=1153 anchorWall=99264935225400 legacy=false
[05:41:24] [Server thread/INFO] [STDOUT]: [com.layue13.clashweave.experiment.s3supp.Experiment:log:22]: CW3 FREEZE id=37 tick=1155 target=0 attacker=1 distance=1.0
[05:41:24] [Netty IO #1/INFO] [STDOUT]: [com.layue13.clashweave.experiment.s3supp.Experiment:log:22]: CW3 WIRE nano=99265665476900 side=SERVER kind=2 id=37 wall=1791549684869 thread=Netty IO #1 observed=1157
[05:41:24] [Server thread/INFO] [STDOUT]: [com.layue13.clashweave.experiment.s3supp.Experiment:log:22]: CW3 RECEIVE id=37 kind=2 stamp=1153 tickObserved=1157 recvWall=1791549684896 sendWall=99265464969300 wireMs=-97473915284404
[05:41:24] [Server thread/INFO] [STDOUT]: [com.layue13.clashweave.experiment.s3supp.Experiment:log:22]: CW3 CONSUME id=37 stamp=1153 consumeTick=1158 recvObserved=1157 age=5 queueMs=0 sendWall=99265464969300 recvWall=1791549684896 consumeWall=1791549684896 accepted=true
[05:41:24] [Server thread/INFO] [STDOUT]: [com.layue13.clashweave.experiment.s3supp.Experiment:log:22]: CW3 RESULT id=37 lead=2 defer=3 hit=1155 commit=1158 deadlineNano=99265692910600 commitWall=1791549684896 stamp=1153 arrivalNano=99265665476900 window=true before=true parry=true vanillaAccepted=false loss=0.0 feedbackDelayMs=159.1378
[05:41:25] [Server thread/INFO] [STDOUT]: [com.layue13.clashweave.experiment.s3supp.Experiment:log:22]: CW3 PLAN id=38 lead=2 defer=3 anchorTick=1163 hit=1175 stamp=1173 anchorWall=99265944282000 legacy=false
[05:41:25] [Server thread/INFO] [STDOUT]: [com.layue13.clashweave.experiment.s3supp.Experiment:log:22]: CW3 FREEZE id=38 tick=1175 target=0 attacker=1 distance=1.0
[05:41:25] [Netty IO #1/INFO] [STDOUT]: [com.layue13.clashweave.experiment.s3supp.Experiment:log:22]: CW3 WIRE nano=99266666667100 side=SERVER kind=2 id=38 wall=1791549685870 thread=Netty IO #1 observed=1177
[05:41:25] [Server thread/INFO] [STDOUT]: [com.layue13.clashweave.experiment.s3supp.Experiment:log:22]: CW3 RECEIVE id=38 kind=2 stamp=1173 tickObserved=1177 recvWall=1791549685893 sendWall=99266466191100 wireMs=-97474916505207
[05:41:25] [Server thread/INFO] [STDOUT]: [com.layue13.clashweave.experiment.s3supp.Experiment:log:22]: CW3 CONSUME id=38 stamp=1173 consumeTick=1178 recvObserved=1177 age=5 queueMs=0 sendWall=99266466191100 recvWall=1791549685893 consumeWall=1791549685893 accepted=true
[05:41:25] [Server thread/INFO] [STDOUT]: [com.layue13.clashweave.experiment.s3supp.Experiment:log:22]: CW3 RESULT id=38 lead=2 defer=3 hit=1175 commit=1178 deadlineNano=99266689678400 commitWall=1791549685893 stamp=1173 arrivalNano=99266666667100 window=true before=true parry=true vanillaAccepted=false loss=0.0 feedbackDelayMs=143.735
[05:41:26] [Server thread/INFO] [STDOUT]: [com.layue13.clashweave.experiment.s3supp.Experiment:log:22]: CW3 PLAN id=39 lead=2 defer=3 anchorTick=1183 hit=1195 stamp=1193 anchorWall=99266942259100 legacy=false
[05:41:26] [Server thread/INFO] [STDOUT]: [com.layue13.clashweave.experiment.s3supp.Experiment:log:22]: CW3 FREEZE id=39 tick=1195 target=0 attacker=1 distance=1.0
[05:41:26] [Netty IO #1/INFO] [STDOUT]: [com.layue13.clashweave.experiment.s3supp.Experiment:log:22]: CW3 WIRE nano=99267666791200 side=SERVER kind=2 id=39 wall=1791549686870 thread=Netty IO #1 observed=1197
[05:41:26] [Server thread/INFO] [STDOUT]: [com.layue13.clashweave.experiment.s3supp.Experiment:log:22]: CW3 RECEIVE id=39 kind=2 stamp=1193 tickObserved=1197 recvWall=1791549686901 sendWall=99267466332700 wireMs=-97475916645799
[05:41:26] [Server thread/INFO] [STDOUT]: [com.layue13.clashweave.experiment.s3supp.Experiment:log:22]: CW3 CONSUME id=39 stamp=1193 consumeTick=1198 recvObserved=1197 age=5 queueMs=0 sendWall=99267466332700 recvWall=1791549686901 consumeWall=1791549686901 accepted=true
[05:41:26] [Server thread/INFO] [STDOUT]: [com.layue13.clashweave.experiment.s3supp.Experiment:log:22]: CW3 RESULT id=39 lead=2 defer=3 hit=1195 commit=1198 deadlineNano=99267698119800 commitWall=1791549686901 stamp=1193 arrivalNano=99267666791200 window=true before=true parry=true vanillaAccepted=false loss=0.0 feedbackDelayMs=155.1682
[05:41:27] [Server thread/INFO] [STDOUT]: [com.layue13.clashweave.experiment.s3supp.Experiment:log:22]: CW3 PLAN id=40 lead=3 defer=3 anchorTick=1203 hit=1215 stamp=1212 anchorWall=99267934412500 legacy=false
[05:41:27] [Server thread/INFO] [STDOUT]: [com.layue13.clashweave.experiment.s3supp.Experiment:log:22]: CW3 FREEZE id=40 tick=1215 target=0 attacker=1 distance=1.0
[05:41:27] [Netty IO #1/INFO] [STDOUT]: [com.layue13.clashweave.experiment.s3supp.Experiment:log:22]: CW3 WIRE nano=99268616512800 side=SERVER kind=2 id=40 wall=1791549687820 thread=Netty IO #1 observed=1216
[05:41:27] [Server thread/INFO] [STDOUT]: [com.layue13.clashweave.experiment.s3supp.Experiment:log:22]: CW3 RECEIVE id=40 kind=2 stamp=1212 tickObserved=1216 recvWall=1791549687848 sendWall=99268415816000 wireMs=-97476866128152
[05:41:27] [Server thread/INFO] [STDOUT]: [com.layue13.clashweave.experiment.s3supp.Experiment:log:22]: CW3 CONSUME id=40 stamp=1212 consumeTick=1217 recvObserved=1216 age=5 queueMs=0 sendWall=99268415816000 recvWall=1791549687848 consumeWall=1791549687848 accepted=true
[05:41:27] [Server thread/INFO] [STDOUT]: [com.layue13.clashweave.experiment.s3supp.Experiment:log:22]: CW3 RESULT id=40 lead=3 defer=3 hit=1215 commit=1218 deadlineNano=99268691118200 commitWall=1791549687895 stamp=1212 arrivalNano=99268616512800 window=true before=true parry=true vanillaAccepted=false loss=0.0 feedbackDelayMs=142.7827
[05:41:28] [Server thread/INFO] [STDOUT]: [com.layue13.clashweave.experiment.s3supp.Experiment:log:22]: CW3 PLAN id=41 lead=3 defer=3 anchorTick=1223 hit=1235 stamp=1232 anchorWall=99268944644200 legacy=false
[05:41:28] [Server thread/INFO] [STDOUT]: [com.layue13.clashweave.experiment.s3supp.Experiment:log:22]: CW3 FREEZE id=41 tick=1235 target=0 attacker=1 distance=1.0
[05:41:28] [Netty IO #1/INFO] [STDOUT]: [com.layue13.clashweave.experiment.s3supp.Experiment:log:22]: CW3 WIRE nano=99269616566300 side=SERVER kind=2 id=41 wall=1791549688820 thread=Netty IO #1 observed=1236
[05:41:28] [Server thread/INFO] [STDOUT]: [com.layue13.clashweave.experiment.s3supp.Experiment:log:22]: CW3 RECEIVE id=41 kind=2 stamp=1232 tickObserved=1236 recvWall=1791549688842 sendWall=99269415863100 wireMs=-97477866174258
[05:41:28] [Server thread/INFO] [STDOUT]: [com.layue13.clashweave.experiment.s3supp.Experiment:log:22]: CW3 CONSUME id=41 stamp=1232 consumeTick=1237 recvObserved=1236 age=5 queueMs=0 sendWall=99269415863100 recvWall=1791549688842 consumeWall=1791549688842 accepted=true
[05:41:28] [Server thread/INFO] [STDOUT]: [com.layue13.clashweave.experiment.s3supp.Experiment:log:22]: CW3 RESULT id=41 lead=3 defer=3 hit=1235 commit=1238 deadlineNano=99269685249700 commitWall=1791549688889 stamp=1232 arrivalNano=99269616566300 window=true before=true parry=true vanillaAccepted=false loss=0.0 feedbackDelayMs=140.9833
[05:41:29] [Server thread/INFO] [STDOUT]: [com.layue13.clashweave.experiment.s3supp.Experiment:log:22]: CW3 PLAN id=42 lead=3 defer=3 anchorTick=1243 hit=1255 stamp=1252 anchorWall=99269937713500 legacy=false
[05:41:29] [Server thread/INFO] [STDOUT]: [com.layue13.clashweave.experiment.s3supp.Experiment:log:22]: CW3 FREEZE id=42 tick=1255 target=0 attacker=1 distance=1.0
[05:41:29] [Netty IO #1/INFO] [STDOUT]: [com.layue13.clashweave.experiment.s3supp.Experiment:log:22]: CW3 WIRE nano=99270615880000 side=SERVER kind=2 id=42 wall=1791549689819 thread=Netty IO #1 observed=1256
[05:41:29] [Server thread/INFO] [STDOUT]: [com.layue13.clashweave.experiment.s3supp.Experiment:log:22]: CW3 RECEIVE id=42 kind=2 stamp=1252 tickObserved=1256 recvWall=1791549689850 sendWall=99270415239500 wireMs=-97478865549650
[05:41:29] [Server thread/INFO] [STDOUT]: [com.layue13.clashweave.experiment.s3supp.Experiment:log:22]: CW3 CONSUME id=42 stamp=1252 consumeTick=1257 recvObserved=1256 age=5 queueMs=0 sendWall=99270415239500 recvWall=1791549689850 consumeWall=1791549689850 accepted=true
[05:41:29] [Server thread/INFO] [STDOUT]: [com.layue13.clashweave.experiment.s3supp.Experiment:log:22]: CW3 RESULT id=42 lead=3 defer=3 hit=1255 commit=1258 deadlineNano=99270694463400 commitWall=1791549689898 stamp=1252 arrivalNano=99270615880000 window=true before=true parry=true vanillaAccepted=false loss=0.0 feedbackDelayMs=156.8969
[05:41:30] [Server thread/INFO] [STDOUT]: [com.layue13.clashweave.experiment.s3supp.Experiment:log:22]: CW3 PLAN id=43 lead=3 defer=3 anchorTick=1263 hit=1275 stamp=1272 anchorWall=99270946908900 legacy=false
[05:41:30] [Server thread/INFO] [STDOUT]: [com.layue13.clashweave.experiment.s3supp.Experiment:log:22]: CW3 FREEZE id=43 tick=1275 target=0 attacker=1 distance=1.0
[05:41:30] [Netty IO #1/INFO] [STDOUT]: [com.layue13.clashweave.experiment.s3supp.Experiment:log:22]: CW3 WIRE nano=99271615727400 side=SERVER kind=2 id=43 wall=1791549690819 thread=Netty IO #1 observed=1276
[05:41:30] [Server thread/INFO] [STDOUT]: [com.layue13.clashweave.experiment.s3supp.Experiment:log:22]: CW3 RECEIVE id=43 kind=2 stamp=1272 tickObserved=1276 recvWall=1791549690849 sendWall=99271415145500 wireMs=-97479865454651
[05:41:30] [Server thread/INFO] [STDOUT]: [com.layue13.clashweave.experiment.s3supp.Experiment:log:22]: CW3 CONSUME id=43 stamp=1272 consumeTick=1277 recvObserved=1276 age=5 queueMs=0 sendWall=99271415145500 recvWall=1791549690849 consumeWall=1791549690849 accepted=true
[05:41:30] [Server thread/INFO] [STDOUT]: [com.layue13.clashweave.experiment.s3supp.Experiment:log:22]: CW3 RESULT id=43 lead=3 defer=3 hit=1275 commit=1278 deadlineNano=99271692884200 commitWall=1791549690897 stamp=1272 arrivalNano=99271615727400 window=true before=true parry=true vanillaAccepted=false loss=0.0 feedbackDelayMs=157.8537
[05:41:31] [Server thread/INFO] [STDOUT]: [com.layue13.clashweave.experiment.s3supp.Experiment:log:22]: CW3 PLAN id=44 lead=3 defer=3 anchorTick=1283 hit=1295 stamp=1292 anchorWall=99271943825700 legacy=false
[05:41:31] [Server thread/INFO] [STDOUT]: [com.layue13.clashweave.experiment.s3supp.Experiment:log:22]: CW3 FREEZE id=44 tick=1295 target=0 attacker=1 distance=1.0
[05:41:31] [Netty IO #1/INFO] [STDOUT]: [com.layue13.clashweave.experiment.s3supp.Experiment:log:22]: CW3 WIRE nano=99272617082400 side=SERVER kind=2 id=44 wall=1791549691821 thread=Netty IO #1 observed=1296
[05:41:31] [Server thread/INFO] [STDOUT]: [com.layue13.clashweave.experiment.s3supp.Experiment:log:22]: CW3 RECEIVE id=44 kind=2 stamp=1292 tickObserved=1296 recvWall=1791549691839 sendWall=99272416280100 wireMs=-97480866588261
[05:41:31] [Server thread/INFO] [STDOUT]: [com.layue13.clashweave.experiment.s3supp.Experiment:log:22]: CW3 CONSUME id=44 stamp=1292 consumeTick=1297 recvObserved=1296 age=5 queueMs=0 sendWall=99272416280100 recvWall=1791549691839 consumeWall=1791549691839 accepted=true
[05:41:31] [Server thread/INFO] [STDOUT]: [com.layue13.clashweave.experiment.s3supp.Experiment:log:22]: CW3 RESULT id=44 lead=3 defer=3 hit=1295 commit=1298 deadlineNano=99272698056100 commitWall=1791549691902 stamp=1292 arrivalNano=99272617082400 window=true before=true parry=true vanillaAccepted=false loss=0.0 feedbackDelayMs=157.7985
[05:41:32] [Server thread/INFO] [STDOUT]: [com.layue13.clashweave.experiment.s3supp.Experiment:log:22]: CW3 PLAN id=45 lead=4 defer=3 anchorTick=1303 hit=1315 stamp=1311 anchorWall=99272933428800 legacy=false
[05:41:32] [Server thread/INFO] [STDOUT]: [com.layue13.clashweave.experiment.s3supp.Experiment:log:22]: CW3 FREEZE id=45 tick=1315 target=0 attacker=1 distance=1.0
[05:41:32] [Netty IO #1/INFO] [STDOUT]: [com.layue13.clashweave.experiment.s3supp.Experiment:log:22]: CW3 WIRE nano=99273565997000 side=SERVER kind=2 id=45 wall=1791549692770 thread=Netty IO #1 observed=1315
[05:41:32] [Server thread/INFO] [STDOUT]: [com.layue13.clashweave.experiment.s3supp.Experiment:log:22]: CW3 RECEIVE id=45 kind=2 stamp=1311 tickObserved=1315 recvWall=1791549692798 sendWall=99273365354700 wireMs=-97481815661902
[05:41:32] [Server thread/INFO] [STDOUT]: [com.layue13.clashweave.experiment.s3supp.Experiment:log:22]: CW3 CONSUME id=45 stamp=1311 consumeTick=1316 recvObserved=1315 age=5 queueMs=0 sendWall=99273365354700 recvWall=1791549692798 consumeWall=1791549692798 accepted=true
[05:41:32] [Server thread/INFO] [STDOUT]: [com.layue13.clashweave.experiment.s3supp.Experiment:log:22]: CW3 RESULT id=45 lead=4 defer=3 hit=1315 commit=1318 deadlineNano=99273689830200 commitWall=1791549692893 stamp=1311 arrivalNano=99273565997000 window=true before=true parry=true vanillaAccepted=false loss=0.0 feedbackDelayMs=142.403
[05:41:33] [Server thread/INFO] [STDOUT]: [com.layue13.clashweave.experiment.s3supp.Experiment:log:22]: CW3 PLAN id=46 lead=4 defer=3 anchorTick=1323 hit=1335 stamp=1331 anchorWall=99273942457100 legacy=false
[05:41:33] [Server thread/INFO] [STDOUT]: [com.layue13.clashweave.experiment.s3supp.Experiment:log:22]: CW3 FREEZE id=46 tick=1335 target=0 attacker=1 distance=1.0
[05:41:33] [Netty IO #1/INFO] [STDOUT]: [com.layue13.clashweave.experiment.s3supp.Experiment:log:22]: CW3 WIRE nano=99274567317500 side=SERVER kind=2 id=46 wall=1791549693771 thread=Netty IO #1 observed=1335
[05:41:33] [Server thread/INFO] [STDOUT]: [com.layue13.clashweave.experiment.s3supp.Experiment:log:22]: CW3 RECEIVE id=46 kind=2 stamp=1331 tickObserved=1335 recvWall=1791549693792 sendWall=99274366684400 wireMs=-97482816990608
[05:41:33] [Server thread/INFO] [STDOUT]: [com.layue13.clashweave.experiment.s3supp.Experiment:log:22]: CW3 CONSUME id=46 stamp=1331 consumeTick=1336 recvObserved=1335 age=5 queueMs=0 sendWall=99274366684400 recvWall=1791549693792 consumeWall=1791549693792 accepted=true
[05:41:33] [Server thread/INFO] [STDOUT]: [com.layue13.clashweave.experiment.s3supp.Experiment:log:22]: CW3 RESULT id=46 lead=4 defer=3 hit=1335 commit=1338 deadlineNano=99274698582900 commitWall=1791549693902 stamp=1331 arrivalNano=99274567317500 window=true before=true parry=true vanillaAccepted=false loss=0.0 feedbackDelayMs=157.851
[05:41:34] [Server thread/INFO] [STDOUT]: [com.layue13.clashweave.experiment.s3supp.Experiment:log:22]: CW3 PLAN id=47 lead=4 defer=3 anchorTick=1343 hit=1355 stamp=1351 anchorWall=99274934317400 legacy=false
[05:41:34] [Server thread/INFO] [STDOUT]: [com.layue13.clashweave.experiment.s3supp.Experiment:log:22]: CW3 FREEZE id=47 tick=1355 target=0 attacker=1 distance=1.0
[05:41:34] [Netty IO #1/INFO] [STDOUT]: [com.layue13.clashweave.experiment.s3supp.Experiment:log:22]: CW3 WIRE nano=99275566317500 side=SERVER kind=2 id=47 wall=1791549694770 thread=Netty IO #1 observed=1355
[05:41:34] [Server thread/INFO] [STDOUT]: [com.layue13.clashweave.experiment.s3supp.Experiment:log:22]: CW3 RECEIVE id=47 kind=2 stamp=1351 tickObserved=1355 recvWall=1791549694800 sendWall=99275365552000 wireMs=-97483815857200
[05:41:34] [Server thread/INFO] [STDOUT]: [com.layue13.clashweave.experiment.s3supp.Experiment:log:22]: CW3 CONSUME id=47 stamp=1351 consumeTick=1356 recvObserved=1355 age=5 queueMs=0 sendWall=99275365552000 recvWall=1791549694800 consumeWall=1791549694800 accepted=true
[05:41:34] [Server thread/INFO] [STDOUT]: [com.layue13.clashweave.experiment.s3supp.Experiment:log:22]: CW3 RESULT id=47 lead=4 defer=3 hit=1355 commit=1358 deadlineNano=99275691431500 commitWall=1791549694895 stamp=1351 arrivalNano=99275566317500 window=true before=true parry=true vanillaAccepted=false loss=0.0 feedbackDelayMs=156.8672
[05:41:35] [Server thread/INFO] [STDOUT]: [com.layue13.clashweave.experiment.s3supp.Experiment:log:22]: CW3 PLAN id=48 lead=4 defer=3 anchorTick=1363 hit=1375 stamp=1371 anchorWall=99275944307600 legacy=false
[05:41:35] [Server thread/INFO] [STDOUT]: [com.layue13.clashweave.experiment.s3supp.Experiment:log:22]: CW3 FREEZE id=48 tick=1375 target=0 attacker=1 distance=1.0
[05:41:35] [Netty IO #1/INFO] [STDOUT]: [com.layue13.clashweave.experiment.s3supp.Experiment:log:22]: CW3 WIRE nano=99276570782800 side=SERVER kind=2 id=48 wall=1791549695774 thread=Netty IO #1 observed=1375
[05:41:35] [Server thread/INFO] [STDOUT]: [com.layue13.clashweave.experiment.s3supp.Experiment:log:22]: CW3 RECEIVE id=48 kind=2 stamp=1371 tickObserved=1375 recvWall=1791549695793 sendWall=99276370026900 wireMs=-97484820331107
[05:41:35] [Server thread/INFO] [STDOUT]: [com.layue13.clashweave.experiment.s3supp.Experiment:log:22]: CW3 CONSUME id=48 stamp=1371 consumeTick=1376 recvObserved=1375 age=5 queueMs=0 sendWall=99276370026900 recvWall=1791549695793 consumeWall=1791549695793 accepted=true
[05:41:35] [Server thread/INFO] [STDOUT]: [com.layue13.clashweave.experiment.s3supp.Experiment:log:22]: CW3 RESULT id=48 lead=4 defer=3 hit=1375 commit=1378 deadlineNano=99276684148500 commitWall=1791549695888 stamp=1371 arrivalNano=99276570782800 window=true before=true parry=true vanillaAccepted=false loss=0.0 feedbackDelayMs=140.91
[05:41:36] [Server thread/INFO] [STDOUT]: [com.layue13.clashweave.experiment.s3supp.Experiment:log:22]: CW3 PLAN id=49 lead=4 defer=3 anchorTick=1383 hit=1395 stamp=1391 anchorWall=99276937555100 legacy=false
[05:41:36] [Server thread/INFO] [STDOUT]: [com.layue13.clashweave.experiment.s3supp.Experiment:log:22]: CW3 FREEZE id=49 tick=1395 target=0 attacker=1 distance=1.0
[05:41:36] [Netty IO #1/INFO] [STDOUT]: [com.layue13.clashweave.experiment.s3supp.Experiment:log:22]: CW3 WIRE nano=99277565753500 side=SERVER kind=2 id=49 wall=1791549696769 thread=Netty IO #1 observed=1395
[05:41:36] [Server thread/INFO] [STDOUT]: [com.layue13.clashweave.experiment.s3supp.Experiment:log:22]: CW3 RECEIVE id=49 kind=2 stamp=1391 tickObserved=1395 recvWall=1791549696802 sendWall=99277365014900 wireMs=-97485815318098
[05:41:36] [Server thread/INFO] [STDOUT]: [com.layue13.clashweave.experiment.s3supp.Experiment:log:22]: CW3 CONSUME id=49 stamp=1391 consumeTick=1396 recvObserved=1395 age=5 queueMs=0 sendWall=99277365014900 recvWall=1791549696802 consumeWall=1791549696802 accepted=true
[05:41:36] [Server thread/INFO] [STDOUT]: [com.layue13.clashweave.experiment.s3supp.Experiment:log:22]: CW3 RESULT id=49 lead=4 defer=3 hit=1395 commit=1398 deadlineNano=99277692991700 commitWall=1791549696897 stamp=1391 arrivalNano=99277565753500 window=true before=true parry=true vanillaAccepted=false loss=0.0 feedbackDelayMs=156.7536
[05:41:37] [Server thread/INFO] [STDOUT]: [com.layue13.clashweave.experiment.s3supp.Experiment:log:22]: CW3 DONE total=50 eligible=25 eligibleSuccess=25 conditionalAll=true window=5 ageCap=8 worldRollback=false
