# Log excerpt; complete raw log retained locally under build/p0/runs.
# Original lines: 378
# Marker counts: {'ERROR': 3, 'CW_RENDER': 1, 'Exception': 2, 'P0_AUDIO': 1, 'CW_VIEW': 41, 'CW_ENGAGEMENT': 2, 'P0_REPLAY': 29, 'P0_CAPTURE': 16, 'P0_POSE': 3, 'P0_LOCAL_AUDIO': 30, 'CW_LOCAL_SWING': 30, 'P0_REQUEST': 59, 'CW_ALIGN': 44}
[15:19:10] [main/ERROR] [FML]: The binary patch set is missing. Either you are in a development environment, or things are not going to work!
[15:19:10] [main/ERROR] [FML]: FML appears to be missing any signature data. This is not a good thing
This is just a prompt for computer specs to be printed. THIS IS NOT A ERROR
[15:19:14] [Client thread/INFO] [STDOUT]: [com.layue13.clashweave.client.KatanaRendering:load:42]: CW_RENDER models loaded units=block blade=+Y sheath=downwardBipedY angle=45.0
[15:19:14] [Forge Version Check/INFO] [STDERR]: [java.lang.Throwable$WrappedPrintStream:println:749]: com.google.gson.JsonSyntaxException: java.lang.IllegalStateException: Expected BEGIN_OBJECT but was STRING at line 1 column 1
[15:19:14] [Forge Version Check/INFO] [STDERR]: [java.lang.Throwable$WrappedPrintStream:println:749]: Caused by: java.lang.IllegalStateException: Expected BEGIN_OBJECT but was STRING at line 1 column 1
[15:19:15] [Client thread/INFO] [STDOUT]: [com.layue13.clashweave.validation.ClientReplay:<init>:67]: P0_AUDIO initial loader settled
[15:19:20] [Client thread/INFO] [STDOUT]: [com.layue13.clashweave.client.ViewPreservingCorrections$Preserved:processPacket:75]: CW_VIEW packet=1 yawDelta=0.0 pitchDelta=0.0 requestedYawDelta=0.0 requestedPitchDelta=0.0 nano=30376486984700
[15:19:20] [Client thread/INFO] [STDOUT]: [com.layue13.clashweave.client.ClientProxy:apply:215]: CW_ENGAGEMENT player=P0A engaged=false revision=1 tick=197 receive=30376488425500
[15:19:22] [Client thread/INFO] [STDOUT]: [com.layue13.clashweave.validation.ClientReplay:tick:236]: P0_REPLAY tick=40 action= progress=2.28753294550188E-4 feedback=
[15:19:23] [Client thread/INFO] [STDOUT]: [com.layue13.clashweave.validation.ClientReplay:frame:383]: P0_CAPTURE sheathed-0 instance=0 progress=2.177884000000006 nano=30378715100500
[15:19:23] [Client thread/INFO] [STDOUT]: [com.layue13.clashweave.validation.ClientReplay:frame:383]: P0_CAPTURE sheathed-2 instance=0 progress=2.0321739999999977 nano=30378818160500
[15:19:23] [Client thread/INFO] [STDOUT]: [com.layue13.clashweave.validation.ClientReplay:frame:383]: P0_CAPTURE pose-waist-0 instance=0 progress=3.0435856837470396 nano=30379022142500
[15:19:23] [Client thread/INFO] [STDOUT]: [com.layue13.clashweave.validation.ClientReplay:tick:185]: P0_POSE walk onGround=true feetY=64.0 water=false
[15:19:23] [Client thread/INFO] [STDOUT]: [com.layue13.clashweave.validation.ClientReplay:frame:383]: P0_CAPTURE pose-walk-1 instance=0 progress=1.9549440000000118 nano=30379287272200
[15:19:24] [Client thread/INFO] [STDOUT]: [com.layue13.clashweave.validation.ClientReplay:tick:185]: P0_POSE jump onGround=false feetY=65.24918707874468 water=false
[15:19:24] [Client thread/INFO] [STDOUT]: [com.layue13.clashweave.validation.ClientReplay:frame:383]: P0_CAPTURE pose-jump-1 instance=0 progress=2.0211074889938345 nano=30380006432900
[15:19:24] [Client thread/INFO] [STDOUT]: [com.layue13.clashweave.validation.ClientReplay:tick:185]: P0_POSE sneak onGround=true feetY=64.0 water=false
[15:19:24] [Client thread/INFO] [STDOUT]: [com.layue13.clashweave.validation.ClientReplay:frame:383]: P0_CAPTURE pose-sneak-1 instance=0 progress=0.9606801562656528 nano=30380470834600
[15:19:24] [Client thread/INFO] [STDOUT]: [com.layue13.clashweave.validation.ClientReplay:audio:396]: P0_LOCAL_AUDIO nano=30380623236700
[15:19:24] [Client thread/INFO] [STDOUT]: [com.layue13.clashweave.client.ClientProxy:send:147]: CW_LOCAL_SWING seq=2 press=30380622982900 feedback=30380626613800
[15:19:24] [Client thread/INFO] [STDOUT]: [com.layue13.clashweave.validation.ClientReplay:request:298]: P0_REQUEST intent=LIGHT yaw=0.0 pitch=0.0 nano=30380626971000
[15:19:24] [Client thread/INFO] [STDOUT]: [com.layue13.clashweave.validation.ClientReplay:tick:236]: P0_REPLAY tick=80 action= progress=3.5591340230212154E-4 feedback=
[15:19:25] [Client thread/INFO] [STDOUT]: [com.layue13.clashweave.client.ClientProxy:apply:229]: CW_ALIGN player=P0A seq=2 predicted=0 authoritative=0 sameAction=true
[15:19:25] [Client thread/INFO] [STDOUT]: [com.layue13.clashweave.client.ClientProxy:apply:215]: CW_ENGAGEMENT player=P0A engaged=true revision=2 tick=297 receive=30380689807300
[15:19:25] [Client thread/INFO] [STDOUT]: [com.layue13.clashweave.validation.ClientReplay:frame:383]: P0_CAPTURE draw-0 instance=1 progress=2.716261999999972 nano=30380775819000
[15:19:25] [Client thread/INFO] [STDOUT]: [com.layue13.clashweave.validation.ClientReplay:frame:383]: P0_CAPTURE draw-2 instance=1 progress=4.635881999999981 nano=30380858717100
[15:19:25] [Client thread/INFO] [STDOUT]: [com.layue13.clashweave.validation.ClientReplay:request:298]: P0_REQUEST intent=LIGHT yaw=0.0 pitch=0.0 nano=30380943599500
[15:19:25] [Client thread/INFO] [STDOUT]: [com.layue13.clashweave.validation.ClientReplay:frame:383]: P0_CAPTURE drawn-side instance=0 progress=2.262339505272905 nano=30381627018900
[15:19:26] [Client thread/INFO] [STDOUT]: [com.layue13.clashweave.validation.ClientReplay:frame:383]: P0_CAPTURE drawn-rear instance=0 progress=1.935672000000011 nano=30381725028500
[15:19:27] [Client thread/INFO] [STDOUT]: [com.layue13.clashweave.validation.ClientReplay:tick:236]: P0_REPLAY tick=120 action= progress=1.5158979800844463E-4 feedback=EXPIRED_OR_CHANGED
[15:19:27] [Client thread/INFO] [STDOUT]: [com.layue13.clashweave.validation.ClientReplay:audio:396]: P0_LOCAL_AUDIO nano=30382943537800
[15:19:27] [Client thread/INFO] [STDOUT]: [com.layue13.clashweave.client.ClientProxy:send:147]: CW_LOCAL_SWING seq=5 press=30382943409500 feedback=30382943836400
[15:19:27] [Client thread/INFO] [STDOUT]: [com.layue13.clashweave.validation.ClientReplay:request:298]: P0_REQUEST intent=LIGHT yaw=0.0 pitch=0.0 nano=30382944008200
[15:19:27] [Client thread/INFO] [STDOUT]: [com.layue13.clashweave.client.ClientProxy:apply:229]: CW_ALIGN player=P0A seq=5 predicted=0 authoritative=0 sameAction=true
[15:19:27] [Client thread/INFO] [STDOUT]: [com.layue13.clashweave.validation.ClientReplay:request:298]: P0_REQUEST intent=HEAVY yaw=0.0 pitch=0.0 nano=30383243455100
[15:19:28] [Client thread/INFO] [STDOUT]: [com.layue13.clashweave.validation.ClientReplay:audio:396]: P0_LOCAL_AUDIO nano=30384210989400
[15:19:28] [Client thread/INFO] [STDOUT]: [com.layue13.clashweave.client.ClientProxy:send:147]: CW_LOCAL_SWING seq=8 press=30384210857900 feedback=30384211338800
[15:19:28] [Client thread/INFO] [STDOUT]: [com.layue13.clashweave.validation.ClientReplay:request:298]: P0_REQUEST intent=HEAVY yaw=0.0 pitch=0.0 nano=30384211554700
[15:19:28] [Client thread/INFO] [STDOUT]: [com.layue13.clashweave.client.ClientProxy:apply:229]: CW_ALIGN player=P0A seq=8 predicted=0 authoritative=0 sameAction=true
[15:19:29] [Client thread/INFO] [STDOUT]: [com.layue13.clashweave.validation.ClientReplay:frame:383]: P0_CAPTURE swing-0 instance=3 progress=7.384560283212124 nano=30384631009100
[15:19:29] [Client thread/INFO] [STDOUT]: [com.layue13.clashweave.validation.ClientReplay:frame:383]: P0_CAPTURE swing-2 instance=3 progress=9.976031999999975 nano=30384730760900
[15:19:29] [Client thread/INFO] [STDOUT]: [com.layue13.clashweave.validation.ClientReplay:tick:236]: P0_REPLAY tick=160 action=heavy progress=10.003153999999995 feedback=MOVE_READY
[15:19:29] [Client thread/INFO] [STDOUT]: [com.layue13.clashweave.validation.ClientReplay:request:298]: P0_REQUEST intent=SHEATHE yaw=0.0 pitch=0.0 nano=30385465642100
[15:19:29] [Client thread/INFO] [STDOUT]: [com.layue13.clashweave.client.ClientProxy:apply:229]: CW_ALIGN player=P0A seq=10 predicted=0 authoritative=0 sameAction=true
[15:19:30] [Client thread/INFO] [STDOUT]: [com.layue13.clashweave.client.ViewPreservingCorrections$Preserved:processPacket:75]: CW_VIEW packet=1 yawDelta=0.0 pitchDelta=0.0 requestedYawDelta=-80.0 requestedPitchDelta=0.0 nano=30385930763600
[15:19:31] [Client thread/INFO] [STDOUT]: [com.layue13.clashweave.validation.ClientReplay:audio:396]: P0_LOCAL_AUDIO nano=30386728343000
[15:19:31] [Client thread/INFO] [STDOUT]: [com.layue13.clashweave.client.ClientProxy:send:147]: CW_LOCAL_SWING seq=12 press=30386728197700 feedback=30386729363200
[15:19:31] [Client thread/INFO] [STDOUT]: [com.layue13.clashweave.validation.ClientReplay:request:298]: P0_REQUEST intent=LIGHT yaw=0.0 pitch=0.0 nano=30386729532900
[15:19:31] [Client thread/INFO] [STDOUT]: [com.layue13.clashweave.validation.ClientReplay:tick:236]: P0_REPLAY tick=200 action= progress=1.2800000001789158E-4 feedback=MOVE_READY
[15:19:31] [Client thread/INFO] [STDOUT]: [com.layue13.clashweave.client.ClientProxy:apply:229]: CW_ALIGN player=P0A seq=12 predicted=0 authoritative=0 sameAction=true
[15:19:31] [Client thread/INFO] [STDOUT]: [com.layue13.clashweave.validation.ClientReplay:request:298]: P0_REQUEST intent=LIGHT yaw=0.0 pitch=0.0 nano=30387128721700
[15:19:32] [Client thread/INFO] [STDOUT]: [com.layue13.clashweave.client.ViewPreservingCorrections$Preserved:processPacket:75]: CW_VIEW packet=1 yawDelta=0.0 pitchDelta=0.0 requestedYawDelta=0.0 requestedPitchDelta=0.0 nano=30387628289100
[15:19:32] [Client thread/INFO] [STDOUT]: [com.layue13.clashweave.validation.ClientReplay:audio:396]: P0_LOCAL_AUDIO nano=30387995163100
[15:19:32] [Client thread/INFO] [STDOUT]: [com.layue13.clashweave.client.ClientProxy:send:147]: CW_LOCAL_SWING seq=15 press=30387995045100 feedback=30387995444300
[15:19:32] [Client thread/INFO] [STDOUT]: [com.layue13.clashweave.validation.ClientReplay:request:298]: P0_REQUEST intent=HEAVY yaw=0.0 pitch=0.0 nano=30387995605900
[15:19:32] [Client thread/INFO] [STDOUT]: [com.layue13.clashweave.client.ClientProxy:apply:229]: CW_ALIGN player=P0A seq=15 predicted=0 authoritative=0 sameAction=true
[15:19:33] [Client thread/INFO] [STDOUT]: [com.layue13.clashweave.validation.ClientReplay:tick:236]: P0_REPLAY tick=240 action=heavy progress=14.000124000000028 feedback=MOVE_READY
[15:19:33] [Client thread/INFO] [STDOUT]: [com.layue13.clashweave.client.ViewPreservingCorrections$Preserved:processPacket:75]: CW_VIEW packet=1 yawDelta=0.0 pitchDelta=0.0 requestedYawDelta=0.0 requestedPitchDelta=0.0 nano=30388893648400
[15:19:33] [Client thread/INFO] [STDOUT]: [com.layue13.clashweave.validation.ClientReplay:request:298]: P0_REQUEST intent=SHEATHE yaw=0.0 pitch=0.0 nano=30389244290600
[15:19:33] [Client thread/INFO] [STDOUT]: [com.layue13.clashweave.client.ClientProxy:apply:229]: CW_ALIGN player=P0A seq=17 predicted=0 authoritative=0 sameAction=true
[15:19:34] [Client thread/INFO] [STDOUT]: [com.layue13.clashweave.client.ViewPreservingCorrections$Preserved:processPacket:75]: CW_VIEW packet=1 yawDelta=0.0 pitchDelta=0.0 requestedYawDelta=0.0 requestedPitchDelta=0.0 nano=30389694244100
[15:19:34] [Client thread/INFO] [STDOUT]: [com.layue13.clashweave.validation.ClientReplay:audio:396]: P0_LOCAL_AUDIO nano=30390494212700
[15:19:34] [Client thread/INFO] [STDOUT]: [com.layue13.clashweave.client.ClientProxy:send:147]: CW_LOCAL_SWING seq=19 press=30390494073700 feedback=30390495225400
[15:19:34] [Client thread/INFO] [STDOUT]: [com.layue13.clashweave.validation.ClientReplay:request:298]: P0_REQUEST intent=LIGHT yaw=0.0 pitch=0.0 nano=30390495411900
[15:19:34] [Client thread/INFO] [STDOUT]: [com.layue13.clashweave.client.ClientProxy:apply:229]: CW_ALIGN player=P0A seq=19 predicted=0 authoritative=0 sameAction=true
[15:19:35] [Client thread/INFO] [STDOUT]: [com.layue13.clashweave.validation.ClientReplay:tick:236]: P0_REPLAY tick=280 action=iai progress=4.0020339999999806 feedback=MOVE_READY
[15:19:35] [Client thread/INFO] [STDOUT]: [com.layue13.clashweave.validation.ClientReplay:request:298]: P0_REQUEST intent=LIGHT yaw=0.0 pitch=0.0 nano=30390844070400
[15:19:35] [Client thread/INFO] [STDOUT]: [com.layue13.clashweave.client.ViewPreservingCorrections$Preserved:processPacket:75]: CW_VIEW packet=1 yawDelta=0.0 pitchDelta=0.0 requestedYawDelta=0.0 requestedPitchDelta=0.0 nano=30391410693100
[15:19:36] [Client thread/INFO] [STDOUT]: [com.layue13.clashweave.validation.ClientReplay:audio:396]: P0_LOCAL_AUDIO nano=30391761100200
[15:19:36] [Client thread/INFO] [STDOUT]: [com.layue13.clashweave.client.ClientProxy:send:147]: CW_LOCAL_SWING seq=22 press=30391760981800 feedback=30391762079800
[15:19:36] [Client thread/INFO] [STDOUT]: [com.layue13.clashweave.client.ClientProxy:apply:229]: CW_ALIGN player=P0A seq=22 predicted=0 authoritative=0 sameAction=true
[15:19:37] [Client thread/INFO] [STDOUT]: [com.layue13.clashweave.client.ViewPreservingCorrections$Preserved:processPacket:75]: CW_VIEW packet=1 yawDelta=0.0 pitchDelta=0.0 requestedYawDelta=0.0 requestedPitchDelta=0.0 nano=30392660759600
[15:19:37] [Client thread/INFO] [STDOUT]: [com.layue13.clashweave.validation.ClientReplay:tick:236]: P0_REPLAY tick=320 action= progress=7.7257401812858E-5 feedback=MOVE_READY
[15:19:37] [Client thread/INFO] [STDOUT]: [com.layue13.clashweave.client.ClientProxy:apply:229]: CW_ALIGN player=P0A seq=24 predicted=0 authoritative=0 sameAction=true
[15:19:37] [Client thread/INFO] [STDOUT]: [com.layue13.clashweave.client.ViewPreservingCorrections$Preserved:processPacket:75]: CW_VIEW packet=1 yawDelta=0.0 pitchDelta=0.0 requestedYawDelta=0.0 requestedPitchDelta=0.0 nano=30393461291100
[15:19:38] [Client thread/INFO] [STDOUT]: [com.layue13.clashweave.validation.ClientReplay:audio:396]: P0_LOCAL_AUDIO nano=30394261125200
[15:19:38] [Client thread/INFO] [STDOUT]: [com.layue13.clashweave.client.ClientProxy:send:147]: CW_LOCAL_SWING seq=26 press=30394260989600 feedback=30394261413400
[15:19:38] [Client thread/INFO] [STDOUT]: [com.layue13.clashweave.client.ClientProxy:apply:229]: CW_ALIGN player=P0A seq=26 predicted=0 authoritative=0 sameAction=true
[15:19:39] [Client thread/INFO] [STDOUT]: [com.layue13.clashweave.validation.ClientReplay:tick:236]: P0_REPLAY tick=360 action=iai progress=9.000130000000013 feedback=MOVE_READY
[15:19:39] [Client thread/INFO] [STDOUT]: [com.layue13.clashweave.client.ViewPreservingCorrections$Preserved:processPacket:75]: CW_VIEW packet=1 yawDelta=0.0 pitchDelta=0.0 requestedYawDelta=0.0 requestedPitchDelta=0.0 nano=30395161080800
[15:19:39] [Client thread/INFO] [STDOUT]: [com.layue13.clashweave.validation.ClientReplay:audio:396]: P0_LOCAL_AUDIO nano=30395511366800
[15:19:39] [Client thread/INFO] [STDOUT]: [com.layue13.clashweave.client.ClientProxy:send:147]: CW_LOCAL_SWING seq=29 press=30395511250200 feedback=30395511639200
[15:19:39] [Client thread/INFO] [STDOUT]: [com.layue13.clashweave.client.ClientProxy:apply:229]: CW_ALIGN player=P0A seq=29 predicted=0 authoritative=0 sameAction=true
[15:19:40] [Client thread/INFO] [STDOUT]: [com.layue13.clashweave.client.ViewPreservingCorrections$Preserved:processPacket:75]: CW_VIEW packet=1 yawDelta=0.0 pitchDelta=0.0 requestedYawDelta=0.0 requestedPitchDelta=0.0 nano=30396410912200
[15:19:41] [Client thread/INFO] [STDOUT]: [com.layue13.clashweave.validation.ClientReplay:tick:236]: P0_REPLAY tick=400 action= progress=6.184415269672172E-5 feedback=MOVE_READY
[15:19:41] [Client thread/INFO] [STDOUT]: [com.layue13.clashweave.client.ViewPreservingCorrections$Preserved:processPacket:75]: CW_VIEW packet=1 yawDelta=0.0 pitchDelta=0.0 requestedYawDelta=0.0 requestedPitchDelta=0.0 nano=30397210865100
[15:19:42] [Client thread/INFO] [STDOUT]: [com.layue13.clashweave.validation.ClientReplay:audio:396]: P0_LOCAL_AUDIO nano=30398011322800
[15:19:42] [Client thread/INFO] [STDOUT]: [com.layue13.clashweave.client.ClientProxy:send:147]: CW_LOCAL_SWING seq=33 press=30398011179600 feedback=30398011657900
[15:19:43] [Client thread/INFO] [STDOUT]: [com.layue13.clashweave.validation.ClientReplay:tick:236]: P0_REPLAY tick=440 action=iai progress=14.000067522346967 feedback=EXPIRED_OR_CHANGED
[15:19:43] [Client thread/INFO] [STDOUT]: [com.layue13.clashweave.client.ViewPreservingCorrections$Preserved:processPacket:75]: CW_VIEW packet=1 yawDelta=0.0 pitchDelta=0.0 requestedYawDelta=0.0 requestedPitchDelta=0.0 nano=30398910679800
[15:19:43] [Client thread/INFO] [STDOUT]: [com.layue13.clashweave.validation.ClientReplay:audio:396]: P0_LOCAL_AUDIO nano=30399261173900
[15:19:43] [Client thread/INFO] [STDOUT]: [com.layue13.clashweave.client.ClientProxy:send:147]: CW_LOCAL_SWING seq=36 press=30399261029900 feedback=30399261464400
[15:19:45] [Client thread/INFO] [STDOUT]: [com.layue13.clashweave.validation.ClientReplay:tick:236]: P0_REPLAY tick=480 action=sheathe progress=4.000093415220704 feedback=MOVE_READY
[15:19:46] [Client thread/INFO] [STDOUT]: [com.layue13.clashweave.validation.ClientReplay:audio:396]: P0_LOCAL_AUDIO nano=30401761178300
[15:19:46] [Client thread/INFO] [STDOUT]: [com.layue13.clashweave.client.ClientProxy:send:147]: CW_LOCAL_SWING seq=40 press=30401761054000 feedback=30401762125600
