# Log excerpt; complete raw log retained locally under build/p0/runs.
# Original lines: 444
# Marker counts: {'ERROR': 3, 'CW_RENDER': 1, 'Exception': 2, 'P0_AUDIO': 37, 'CW_VIEW': 43, 'CW_ENGAGEMENT': 2, 'P0_APPEARANCE': 2, 'CW_PRESENT': 117, 'P0_REMOTE': 49, 'CW_FEEDBACK': 36, 'CW_FRAME': 36}
[15:48:34] [main/ERROR] [FML]: The binary patch set is missing. Either you are in a development environment, or things are not going to work!
[15:48:34] [main/ERROR] [FML]: FML appears to be missing any signature data. This is not a good thing
This is just a prompt for computer specs to be printed. THIS IS NOT A ERROR
[15:48:38] [Client thread/INFO] [STDOUT]: [com.layue13.clashweave.client.KatanaRendering:load:35]: CW_RENDER models loaded units=block blade=+Y sheath=downwardBipedY angle=45.0
[15:48:38] [Forge Version Check/INFO] [STDERR]: [java.lang.Throwable$WrappedPrintStream:println:749]: com.google.gson.JsonSyntaxException: java.lang.IllegalStateException: Expected BEGIN_OBJECT but was STRING at line 1 column 1
[15:48:38] [Forge Version Check/INFO] [STDERR]: [java.lang.Throwable$WrappedPrintStream:println:749]: Caused by: java.lang.IllegalStateException: Expected BEGIN_OBJECT but was STRING at line 1 column 1
[15:48:39] [Client thread/INFO] [STDOUT]: [com.layue13.clashweave.validation.ClientReplay:<init>:68]: P0_AUDIO initial loader settled
[15:48:44] [Client thread/INFO] [STDOUT]: [com.layue13.clashweave.client.ViewPreservingCorrections$Preserved:processPacket:73]: CW_VIEW packet=1 yawDelta=0.0 pitchDelta=0.0 requestedYawDelta=180.0 requestedPitchDelta=0.0 nano=32140416733600
[15:48:44] [Client thread/INFO] [STDOUT]: [com.layue13.clashweave.client.ViewPreservingCorrections$Preserved:processPacket:73]: CW_VIEW packet=1 yawDelta=0.0 pitchDelta=0.0 requestedYawDelta=360.0 requestedPitchDelta=0.0 nano=32140417704200
[15:48:44] [Client thread/INFO] [STDOUT]: [com.layue13.clashweave.client.ViewPreservingCorrections$Preserved:processPacket:73]: CW_VIEW packet=1 yawDelta=0.0 pitchDelta=0.0 requestedYawDelta=360.0 requestedPitchDelta=0.0 nano=32140417932100
[15:48:44] [Client thread/INFO] [STDOUT]: [com.layue13.clashweave.client.ClientProxy:apply:239]: CW_ENGAGEMENT player=P0B engaged=false revision=3 tick=433 receive=32140420904900
[15:48:44] [Client thread/INFO] [STDOUT]: [com.layue13.clashweave.validation.ClientReplay:tick:95]: P0_APPEARANCE entity=0 skin=clashweave:katana effects=clashweave:default animations=clashweave:katana style=katana
[15:48:44] [Client thread/INFO] [STDOUT]: [com.layue13.clashweave.validation.ClientReplay:tick:95]: P0_APPEARANCE entity=70058 skin=clashweave:katana effects=clashweave:default animations=clashweave:katana style=katana
[15:48:44] [Client thread/INFO] [STDOUT]: [com.layue13.clashweave.client.ViewPreservingCorrections$Preserved:processPacket:73]: CW_VIEW packet=1 yawDelta=0.0 pitchDelta=0.0 requestedYawDelta=0.0 requestedPitchDelta=0.0 nano=32140584982600
[15:48:45] [Client thread/INFO] [STDOUT]: [com.layue13.clashweave.client.ViewPreservingCorrections$Preserved:processPacket:73]: CW_VIEW packet=1 yawDelta=0.0 pitchDelta=0.0 requestedYawDelta=-328.81503 requestedPitchDelta=0.0 nano=32140715057100
[15:48:45] [Client thread/INFO] [STDOUT]: [com.layue13.clashweave.client.ViewPreservingCorrections$Preserved:processPacket:73]: CW_VIEW packet=1 yawDelta=0.0 pitchDelta=0.0 requestedYawDelta=31.184967 requestedPitchDelta=0.0 nano=32141082911000
[15:48:45] [Client thread/INFO] [STDOUT]: [com.layue13.clashweave.client.ClientProxy:tick:183]: CW_PRESENT id=14 kind=SHEATHE actor=0 owner=70058
[15:48:45] [Client thread/INFO] [STDOUT]: [com.layue13.clashweave.validation.ClientReplay:tick:156]: P0_REMOTE action= sneak=false
[15:48:45] [Client thread/INFO] [STDOUT]: [com.layue13.clashweave.client.ClientProxy:apply:239]: CW_ENGAGEMENT player=P0B engaged=true revision=4 tick=456 receive=32141516233200
[15:48:46] [Client thread/INFO] [STDOUT]: [com.layue13.clashweave.client.ClientProxy:tick:183]: CW_PRESENT id=15 kind=DRAW actor=0 owner=70058
[15:48:46] [Client thread/INFO] [STDOUT]: [com.layue13.clashweave.client.ClientProxy:tick:183]: CW_PRESENT id=16 kind=SWING actor=0 owner=70058
[15:48:46] [Client thread/INFO] [STDOUT]: [com.layue13.clashweave.validation.ClientReplay:tick:156]: P0_REMOTE action= sneak=false
[15:48:47] [Client thread/INFO] [STDOUT]: [com.layue13.clashweave.client.ViewPreservingCorrections$Preserved:processPacket:73]: CW_VIEW packet=1 yawDelta=0.0 pitchDelta=0.0 requestedYawDelta=63.134186 requestedPitchDelta=0.0 nano=32142782059000
[15:48:47] [Client thread/INFO] [STDOUT]: [com.layue13.clashweave.client.ClientProxy:tick:183]: CW_PRESENT id=17 kind=SWING actor=0 owner=70058
[15:48:47] [Client thread/INFO] [STDOUT]: [com.layue13.clashweave.validation.ClientReplay:tick:156]: P0_REMOTE action= sneak=false
[15:48:47] [Client thread/INFO] [STDOUT]: [com.layue13.clashweave.client.ClientProxy:apply:298]: CW_FEEDBACK player=P0B result=PARRY frozen=32143355028200 receive=32143565844800 corrections=0
[15:48:47] [Client thread/INFO] [STDOUT]: [com.layue13.clashweave.validation.ClientReplay:audio:399]: P0_AUDIO source=random.anvil_land frozen=32143355028200 nano=32143566255800
[15:48:47] [Client thread/INFO] [STDOUT]: [com.layue13.clashweave.client.ClientProxy:tick:183]: CW_PRESENT id=18 kind=PARRY actor=70058 owner=70058
[15:48:47] [Client thread/INFO] [STDOUT]: [com.layue13.clashweave.client.ClientProxy:hud:361]: CW_FRAME frozen=32143355028200 frame=32143574750200
[15:48:48] [Client thread/INFO] [STDOUT]: [com.layue13.clashweave.client.ViewPreservingCorrections$Preserved:processPacket:73]: CW_VIEW packet=1 yawDelta=0.0 pitchDelta=0.0 requestedYawDelta=39.400665 requestedPitchDelta=0.0 nano=32144032151900
[15:48:48] [Client thread/INFO] [STDOUT]: [com.layue13.clashweave.validation.ClientReplay:tick:156]: P0_REMOTE action= sneak=false
[15:48:49] [Client thread/INFO] [STDOUT]: [com.layue13.clashweave.client.ViewPreservingCorrections$Preserved:processPacket:73]: CW_VIEW packet=1 yawDelta=0.0 pitchDelta=0.0 requestedYawDelta=31.184967 requestedPitchDelta=0.0 nano=32144865257100
[15:48:49] [Client thread/INFO] [STDOUT]: [com.layue13.clashweave.client.ClientProxy:tick:183]: CW_PRESENT id=19 kind=SHEATHE actor=0 owner=70058
[15:48:49] [Client thread/INFO] [STDOUT]: [com.layue13.clashweave.validation.ClientReplay:tick:156]: P0_REMOTE action= sneak=false
[15:48:50] [Client thread/INFO] [STDOUT]: [com.layue13.clashweave.client.ClientProxy:tick:183]: CW_PRESENT id=20 kind=DRAW actor=0 owner=70058
[15:48:50] [Client thread/INFO] [STDOUT]: [com.layue13.clashweave.client.ClientProxy:tick:183]: CW_PRESENT id=21 kind=SWING actor=0 owner=70058
[15:48:50] [Client thread/INFO] [STDOUT]: [com.layue13.clashweave.client.ClientProxy:apply:298]: CW_FEEDBACK player=P0B result=PARRY frozen=32145904632600 receive=32146198221200 corrections=0
[15:48:50] [Client thread/INFO] [STDOUT]: [com.layue13.clashweave.validation.ClientReplay:audio:399]: P0_AUDIO source=random.anvil_land frozen=32145904632600 nano=32146198614100
[15:48:50] [Client thread/INFO] [STDOUT]: [com.layue13.clashweave.client.ClientProxy:tick:183]: CW_PRESENT id=22 kind=PARRY actor=70058 owner=70058
[15:48:50] [Client thread/INFO] [STDOUT]: [com.layue13.clashweave.client.ClientProxy:hud:361]: CW_FRAME frozen=32145904632600 frame=32146199322700
[15:48:50] [Client thread/INFO] [STDOUT]: [com.layue13.clashweave.client.ClientProxy:tick:183]: CW_PRESENT id=23 kind=SWING actor=0 owner=70058
[15:48:50] [Client thread/INFO] [STDOUT]: [com.layue13.clashweave.validation.ClientReplay:tick:156]: P0_REMOTE action= sneak=false
[15:48:51] [Client thread/INFO] [STDOUT]: [com.layue13.clashweave.client.ClientProxy:apply:298]: CW_FEEDBACK player=P0B result=PARRY frozen=32146353789500 receive=32146648665700 corrections=0
[15:48:51] [Client thread/INFO] [STDOUT]: [com.layue13.clashweave.validation.ClientReplay:audio:399]: P0_AUDIO source=random.anvil_land frozen=32146353789500 nano=32146649010000
[15:48:51] [Client thread/INFO] [STDOUT]: [com.layue13.clashweave.client.ClientProxy:tick:183]: CW_PRESENT id=24 kind=PARRY actor=70058 owner=70058
[15:48:51] [Client thread/INFO] [STDOUT]: [com.layue13.clashweave.client.ClientProxy:hud:361]: CW_FRAME frozen=32146353789500 frame=32146649725000
[15:48:51] [Client thread/INFO] [STDOUT]: [com.layue13.clashweave.client.ClientProxy:tick:183]: CW_PRESENT id=25 kind=SWING actor=0 owner=70058
[15:48:51] [Client thread/INFO] [STDOUT]: [com.layue13.clashweave.client.ClientProxy:apply:298]: CW_FEEDBACK player=P0B result=BLOCK frozen=32146853298400 receive=32147117770800 corrections=0
[15:48:51] [Client thread/INFO] [STDOUT]: [com.layue13.clashweave.validation.ClientReplay:audio:399]: P0_AUDIO source=random.anvil_land frozen=32146853298400 nano=32147118071700
[15:48:51] [Client thread/INFO] [STDOUT]: [com.layue13.clashweave.client.ClientProxy:hud:361]: CW_FRAME frozen=32146853298400 frame=32147119008400
[15:48:51] [Client thread/INFO] [STDOUT]: [com.layue13.clashweave.client.ViewPreservingCorrections$Preserved:processPacket:73]: CW_VIEW packet=1 yawDelta=0.0 pitchDelta=0.0 requestedYawDelta=89.43877 requestedPitchDelta=0.0 nano=32147515711700
[15:48:51] [Client thread/INFO] [STDOUT]: [com.layue13.clashweave.validation.ClientReplay:tick:156]: P0_REMOTE action= sneak=false
[15:48:52] [Client thread/INFO] [STDOUT]: [com.layue13.clashweave.validation.ClientReplay:tick:156]: P0_REMOTE action= sneak=false
[15:48:53] [Client thread/INFO] [STDOUT]: [com.layue13.clashweave.client.ClientProxy:apply:298]: CW_FEEDBACK player=P0B result=PARRY frozen=32148402865400 receive=32148683143500 corrections=0
[15:48:53] [Client thread/INFO] [STDOUT]: [com.layue13.clashweave.validation.ClientReplay:audio:399]: P0_AUDIO source=random.anvil_land frozen=32148402865400 nano=32148683491300
[15:48:53] [Client thread/INFO] [STDOUT]: [com.layue13.clashweave.client.ClientProxy:hud:361]: CW_FRAME frozen=32148402865400 frame=32148684111000
[15:48:53] [Client thread/INFO] [STDOUT]: [com.layue13.clashweave.client.ViewPreservingCorrections$Preserved:processPacket:73]: CW_VIEW packet=1 yawDelta=0.0 pitchDelta=0.0 requestedYawDelta=37.59175 requestedPitchDelta=0.0 nano=32149098087000
[15:48:53] [Client thread/INFO] [STDOUT]: [com.layue13.clashweave.validation.ClientReplay:tick:156]: P0_REMOTE action= sneak=false
[15:48:54] [Client thread/INFO] [STDOUT]: [com.layue13.clashweave.client.ViewPreservingCorrections$Preserved:processPacket:73]: CW_VIEW packet=1 yawDelta=0.0 pitchDelta=0.0 requestedYawDelta=31.184967 requestedPitchDelta=0.0 nano=32149897981700
[15:48:54] [Client thread/INFO] [STDOUT]: [com.layue13.clashweave.validation.ClientReplay:tick:156]: P0_REMOTE action= sneak=false
[15:48:55] [Client thread/INFO] [STDOUT]: [com.layue13.clashweave.client.ClientProxy:apply:298]: CW_FEEDBACK player=P0B result=PARRY frozen=32150904748300 receive=32151165195200 corrections=0
[15:48:55] [Client thread/INFO] [STDOUT]: [com.layue13.clashweave.validation.ClientReplay:audio:399]: P0_AUDIO source=random.anvil_land frozen=32150904748300 nano=32151165560500
[15:48:55] [Client thread/INFO] [STDOUT]: [com.layue13.clashweave.client.ClientProxy:hud:361]: CW_FRAME frozen=32150904748300 frame=32151166294800
[15:48:55] [Client thread/INFO] [STDOUT]: [com.layue13.clashweave.client.ClientProxy:apply:298]: CW_FEEDBACK player=P0B result=PARRY frozen=32151354825600 receive=32151615931300 corrections=0
[15:48:55] [Client thread/INFO] [STDOUT]: [com.layue13.clashweave.validation.ClientReplay:audio:399]: P0_AUDIO source=random.anvil_land frozen=32151354825600 nano=32151616225000
[15:48:55] [Client thread/INFO] [STDOUT]: [com.layue13.clashweave.validation.ClientReplay:tick:156]: P0_REMOTE action= sneak=false
[15:48:55] [Client thread/INFO] [STDOUT]: [com.layue13.clashweave.client.ClientProxy:hud:361]: CW_FRAME frozen=32151354825600 frame=32151617052800
[15:48:56] [Client thread/INFO] [STDOUT]: [com.layue13.clashweave.client.ClientProxy:apply:298]: CW_FEEDBACK player=P0B result=BLOCK frozen=32151752641100 receive=32151967389800 corrections=0
[15:48:56] [Client thread/INFO] [STDOUT]: [com.layue13.clashweave.validation.ClientReplay:audio:399]: P0_AUDIO source=random.anvil_land frozen=32151752641100 nano=32151967775400
[15:48:56] [Client thread/INFO] [STDOUT]: [com.layue13.clashweave.client.ClientProxy:hud:361]: CW_FRAME frozen=32151752641100 frame=32151968776300
[15:48:56] [Client thread/INFO] [STDOUT]: [com.layue13.clashweave.validation.ClientReplay:tick:156]: P0_REMOTE action= sneak=false
[15:48:58] [Client thread/INFO] [STDOUT]: [com.layue13.clashweave.client.ClientProxy:apply:298]: CW_FEEDBACK player=P0B result=PARRY frozen=32153402328000 receive=32153632373200 corrections=0
[15:48:58] [Client thread/INFO] [STDOUT]: [com.layue13.clashweave.validation.ClientReplay:audio:399]: P0_AUDIO source=random.anvil_land frozen=32153402328000 nano=32153632732700
[15:48:58] [Client thread/INFO] [STDOUT]: [com.layue13.clashweave.client.ClientProxy:hud:361]: CW_FRAME frozen=32153402328000 frame=32153633554600
[15:49:00] [Client thread/INFO] [STDOUT]: [com.layue13.clashweave.client.ClientProxy:apply:298]: CW_FEEDBACK player=P0B result=PARRY frozen=32155904232100 receive=32156182257200 corrections=0
[15:49:00] [Client thread/INFO] [STDOUT]: [com.layue13.clashweave.validation.ClientReplay:audio:399]: P0_AUDIO source=random.anvil_land frozen=32155904232100 nano=32156182561900
[15:49:00] [Client thread/INFO] [STDOUT]: [com.layue13.clashweave.client.ClientProxy:hud:361]: CW_FRAME frozen=32155904232100 frame=32156183196700
[15:49:01] [Client thread/INFO] [STDOUT]: [com.layue13.clashweave.client.ClientProxy:apply:298]: CW_FEEDBACK player=P0B result=PARRY frozen=32156353987400 receive=32156632517500 corrections=0
[15:49:01] [Client thread/INFO] [STDOUT]: [com.layue13.clashweave.validation.ClientReplay:audio:399]: P0_AUDIO source=random.anvil_land frozen=32156353987400 nano=32156632814400
[15:49:01] [Client thread/INFO] [STDOUT]: [com.layue13.clashweave.client.ClientProxy:hud:361]: CW_FRAME frozen=32156353987400 frame=32156633653700
[15:49:01] [Client thread/INFO] [STDOUT]: [com.layue13.clashweave.client.ClientProxy:apply:298]: CW_FEEDBACK player=P0B result=BLOCK frozen=32156852595400 receive=32157082172300 corrections=0
[15:49:01] [Client thread/INFO] [STDOUT]: [com.layue13.clashweave.client.ClientProxy:hud:361]: CW_FRAME frozen=32156852595400 frame=32157083334300
