# Log excerpt; complete raw log retained locally under build/p0/runs.
# Original lines: 7649
# Marker counts: {'ERROR': 3, 'CW_RENDER': 1, 'Exception': 2, 'P0_AUDIO': 1, 'P0_COMPOSITION_FRAME': 4250, 'CW_VIEW': 2, 'CW_ENGAGEMENT': 2, 'P0_COMPOSITION_PHASE': 14, 'CW_LOCK_MARKER': 2, 'CW_THIRD_FRAME': 2982, 'P0_FLICK_CASE': 43, 'CW_THIRD_MOUSE': 23, 'CW_LOCK_FOLLOW': 202, 'P0_LOCAL_AUDIO': 1, 'CW_LOCAL_SWING': 1, 'CW_ALIGN': 1, 'CW_PRESENT': 2}
[08:44:16] [main/ERROR] [FML]: The binary patch set is missing. Either you are in a development environment, or things are not going to work!
[08:44:16] [main/ERROR] [FML]: FML appears to be missing any signature data. This is not a good thing
This is just a prompt for computer specs to be printed. THIS IS NOT A ERROR
[08:44:20] [Client thread/INFO] [STDOUT]: [com.layue13.clashweave.client.KatanaRendering:load:35]: CW_RENDER models loaded units=block blade=+Y sheath=downwardBipedY angle=45.0
[08:44:20] [Forge Version Check/INFO] [STDERR]: [java.lang.Throwable$WrappedPrintStream:println:749]: com.google.gson.JsonSyntaxException: java.lang.IllegalStateException: Expected BEGIN_OBJECT but was STRING at line 1 column 1
[08:44:20] [Forge Version Check/INFO] [STDERR]: [java.lang.Throwable$WrappedPrintStream:println:749]: Caused by: java.lang.IllegalStateException: Expected BEGIN_OBJECT but was STRING at line 1 column 1
[08:44:21] [Client thread/INFO] [STDOUT]: [com.layue13.clashweave.validation.ClientReplay:<init>:69]: P0_AUDIO initial loader settled
[08:44:27] [Client thread/INFO] [STDOUT]: [com.layue13.clashweave.validation.CompositionReplay:world:40]: P0_COMPOSITION_FRAME phase= elapsed=1 nano=93083128877200 yaw=0.0 pitch=0.0 horizon=0.4985772967338562 view=0
[08:44:27] [Client thread/INFO] [STDOUT]: [com.layue13.clashweave.client.ViewPreservingCorrections$Preserved:processPacket:140]: CW_VIEW packet=1 marker=0 protected=false yawDelta=0.0 pitchDelta=0.0 requestedYawDelta=0.0 requestedPitchDelta=0.0 nano=93083140723200
[08:44:27] [Client thread/INFO] [STDOUT]: [com.layue13.clashweave.validation.CompositionReplay:world:40]: P0_COMPOSITION_FRAME phase= elapsed=4 nano=93083177752100 yaw=0.0 pitch=0.0 horizon=0.4959004521369934 view=0
[08:44:27] [Client thread/INFO] [STDOUT]: [com.layue13.clashweave.validation.CompositionReplay:world:40]: P0_COMPOSITION_FRAME phase= elapsed=4 nano=93083194923400 yaw=0.0 pitch=0.0 horizon=0.4960442781448364 view=0
[08:44:27] [Client thread/INFO] [STDOUT]: [com.layue13.clashweave.validation.CompositionReplay:world:40]: P0_COMPOSITION_FRAME phase= elapsed=5 nano=93083197159800 yaw=0.0 pitch=0.0 horizon=0.4960963726043701 view=0
[08:44:27] [Client thread/INFO] [STDOUT]: [com.layue13.clashweave.validation.CompositionReplay:world:40]: P0_COMPOSITION_FRAME phase= elapsed=5 nano=93083198389300 yaw=0.0 pitch=0.0 horizon=0.4961036443710327 view=0
[08:44:27] [Client thread/INFO] [STDOUT]: [com.layue13.clashweave.validation.CompositionReplay:world:40]: P0_COMPOSITION_FRAME phase= elapsed=5 nano=93083212155300 yaw=0.0 pitch=0.0 horizon=0.4961349368095398 view=0
[08:44:27] [Client thread/INFO] [STDOUT]: [com.layue13.clashweave.validation.CompositionReplay:world:40]: P0_COMPOSITION_FRAME phase= elapsed=5 nano=93083229217300 yaw=0.0 pitch=0.0 horizon=0.49617522954940796 view=0
[08:44:27] [Client thread/INFO] [STDOUT]: [com.layue13.clashweave.validation.CompositionReplay:world:40]: P0_COMPOSITION_FRAME phase= elapsed=6 nano=93083245989900 yaw=0.0 pitch=0.0 horizon=0.49620896577835083 view=0
[08:44:27] [Client thread/INFO] [STDOUT]: [com.layue13.clashweave.validation.CompositionReplay:world:40]: P0_COMPOSITION_FRAME phase= elapsed=6 nano=93083262174400 yaw=0.0 pitch=0.0 horizon=0.49622976779937744 view=0
[08:44:27] [Client thread/INFO] [STDOUT]: [com.layue13.clashweave.validation.CompositionReplay:world:40]: P0_COMPOSITION_FRAME phase= elapsed=6 nano=93083279100600 yaw=0.0 pitch=0.0 horizon=0.4962504506111145 view=0
[08:44:27] [Client thread/INFO] [STDOUT]: [com.layue13.clashweave.validation.CompositionReplay:world:40]: P0_COMPOSITION_FRAME phase= elapsed=7 nano=93083300491000 yaw=0.0 pitch=0.0 horizon=0.4962727427482605 view=0
[08:44:27] [Client thread/INFO] [STDOUT]: [com.layue13.clashweave.validation.CompositionReplay:world:40]: P0_COMPOSITION_FRAME phase= elapsed=7 nano=93083312424800 yaw=0.0 pitch=0.0 horizon=0.49628281593322754 view=0
[08:44:27] [Client thread/INFO] [STDOUT]: [com.layue13.clashweave.client.ViewPreservingCorrections$Preserved:processPacket:140]: CW_VIEW packet=1 marker=0 protected=false yawDelta=0.0 pitchDelta=0.0 requestedYawDelta=0.0 requestedPitchDelta=0.0 nano=93083512089700
[08:44:27] [Client thread/INFO] [STDOUT]: [com.layue13.clashweave.client.ClientProxy:apply:254]: CW_ENGAGEMENT player=P0A engaged=false revision=1 tick=233 receive=93083526445200
[08:44:38] [Client thread/INFO] [STDOUT]: [com.layue13.clashweave.validation.CompositionReplay:chat:21]: P0_COMPOSITION_PHASE name=WAIT receivedNano=93094475636600
[08:44:38] [Client thread/INFO]: [CHAT] P0_COMPOSITION_PHASE name=WAIT target=76130 tick=461
[08:44:38] [Client thread/INFO] [STDOUT]: [com.layue13.clashweave.client.ClientProxy:apply:254]: CW_ENGAGEMENT player=P0A engaged=true revision=3 tick=462 receive=93094518229600
[08:44:39] [Client thread/INFO] [STDOUT]: [com.layue13.clashweave.validation.CompositionReplay:chat:21]: P0_COMPOSITION_PHASE name=STILL receivedNano=93095585083300
[08:44:39] [Client thread/INFO]: [CHAT] P0_COMPOSITION_PHASE name=STILL target=76130 tick=484
[08:44:39] [Client thread/INFO] [STDOUT]: [com.layue13.clashweave.client.LockCamera:tick:188]: CW_LOCK_MARKER target=76130 nano=93095585710400
[08:44:39] [Client thread/INFO] [STDOUT]: [com.layue13.clashweave.client.LockCamera:frame:317]: CW_THIRD_FRAME nano=93095586452100 dt=0.0 target=76130 rawX=0.0 rawY=64.0 rawZ=8.0 filteredX=0.0 filteredY=65.52999997138977 filteredZ=8.0 goalYaw=-0.0 goalPitch=10.027822471763804 before=0.0 after=0.0 pitchBefore=0.0 pitchAfter=0.0 preset=GOLDEN fov=70.0 aspect=1.7777777777777777
[08:44:39] [Client thread/INFO] [STDOUT]: [com.layue13.clashweave.client.LockCamera:frame:317]: CW_THIRD_FRAME nano=93095601401900 dt=0.0149498 target=76130 rawX=0.0 rawY=64.0 rawZ=8.0 filteredX=0.0 filteredY=65.52999997138977 filteredZ=8.0 goalYaw=-0.0 goalPitch=10.027822471763804 before=0.0 after=0.0 pitchBefore=0.0 pitchAfter=0.1746209 preset=GOLDEN fov=70.0 aspect=1.7777777777777777
[08:44:39] [Client thread/INFO] [STDOUT]: [com.layue13.clashweave.client.LockCamera:frame:317]: CW_THIRD_FRAME nano=93095618192900 dt=0.016791 target=76130 rawX=0.0 rawY=64.0 rawZ=8.0 filteredX=0.0 filteredY=65.52999997138977 filteredZ=8.0 goalYaw=-0.0 goalPitch=10.027822471763804 before=0.0 after=0.0 pitchBefore=0.1746209 pitchAfter=0.68070346 preset=GOLDEN fov=70.0 aspect=1.7777777777777777
[08:44:40] [Client thread/INFO] [STDOUT]: [com.layue13.clashweave.client.LockCamera:frame:317]: CW_THIRD_FRAME nano=93095636865800 dt=0.0186729 target=76130 rawX=0.0 rawY=64.0 rawZ=8.0 filteredX=0.0 filteredY=65.52999997138977 filteredZ=8.0 goalYaw=-0.0 goalPitch=10.027822471763804 before=0.0 after=0.0 pitchBefore=0.68070346 pitchAfter=1.4660213 preset=GOLDEN fov=70.0 aspect=1.7777777777777777
[08:44:40] [Client thread/INFO] [STDOUT]: [com.layue13.clashweave.client.LockCamera:frame:317]: CW_THIRD_FRAME nano=93095651109000 dt=0.0142432 target=76130 rawX=0.0 rawY=64.0 rawZ=8.0 filteredX=0.0 filteredY=65.52999997138977 filteredZ=8.0 goalYaw=-0.0 goalPitch=10.027822471763804 before=0.0 after=0.0 pitchBefore=1.4660213 pitchAfter=2.1427448 preset=GOLDEN fov=70.0 aspect=1.7777777777777777
[08:44:40] [Client thread/INFO] [STDOUT]: [com.layue13.clashweave.client.LockCamera:frame:317]: CW_THIRD_FRAME nano=93095668050700 dt=0.0169417 target=76130 rawX=0.0 rawY=64.0 rawZ=8.0 filteredX=0.0 filteredY=65.52999997138977 filteredZ=8.0 goalYaw=-0.0 goalPitch=10.027822471763804 before=0.0 after=0.0 pitchBefore=2.1427448 pitchAfter=2.973928 preset=GOLDEN fov=70.0 aspect=1.7777777777777777
[08:44:40] [Client thread/INFO] [STDOUT]: [com.layue13.clashweave.client.LockCamera:frame:317]: CW_THIRD_FRAME nano=93095685400200 dt=0.0173495 target=76130 rawX=0.0 rawY=64.0 rawZ=8.0 filteredX=0.0 filteredY=65.52999997138977 filteredZ=8.0 goalYaw=-0.0 goalPitch=10.027822471763804 before=0.0 after=0.0 pitchBefore=2.973928 pitchAfter=3.8105931 preset=GOLDEN fov=70.0 aspect=1.7777777777777777
[08:44:40] [Client thread/INFO] [STDOUT]: [com.layue13.clashweave.client.LockCamera:frame:317]: CW_THIRD_FRAME nano=93095701733300 dt=0.0163331 target=76130 rawX=0.0 rawY=64.0 rawZ=8.0 filteredX=0.0 filteredY=65.52999997138977 filteredZ=8.0 goalYaw=-0.0 goalPitch=10.027822471763804 before=0.0 after=0.0 pitchBefore=3.8105931 pitchAfter=4.557729 preset=GOLDEN fov=70.0 aspect=1.7777777777777777
[08:44:40] [Client thread/INFO] [STDOUT]: [com.layue13.clashweave.client.LockCamera:frame:317]: CW_THIRD_FRAME nano=93095718578200 dt=0.0168449 target=76130 rawX=0.0 rawY=64.0 rawZ=8.0 filteredX=0.0 filteredY=65.52999997138977 filteredZ=8.0 goalYaw=-0.0 goalPitch=10.027822471763804 before=0.0 after=0.0 pitchBefore=4.557729 pitchAfter=5.271276 preset=GOLDEN fov=70.0 aspect=1.7777777777777777
[08:44:40] [Client thread/INFO] [STDOUT]: [com.layue13.clashweave.client.LockCamera:frame:317]: CW_THIRD_FRAME nano=93095735218800 dt=0.0166406 target=76130 rawX=0.0 rawY=64.0 rawZ=8.0 filteredX=0.0 filteredY=65.52999997138977 filteredZ=8.0 goalYaw=-0.0 goalPitch=10.027822471763804 before=0.0 after=0.0 pitchBefore=5.271276 pitchAfter=5.911651 preset=GOLDEN fov=70.0 aspect=1.7777777777777777
[08:44:40] [Client thread/INFO] [STDOUT]: [com.layue13.clashweave.client.LockCamera:frame:317]: CW_THIRD_FRAME nano=93095750725800 dt=0.015507 target=76130 rawX=0.0 rawY=64.0 rawZ=8.0 filteredX=0.0 filteredY=65.52999997138977 filteredZ=8.0 goalYaw=-0.0 goalPitch=10.027822471763804 before=0.0 after=0.0 pitchBefore=5.911651 pitchAfter=6.4485216 preset=GOLDEN fov=70.0 aspect=1.7777777777777777
[08:44:40] [Client thread/INFO] [STDOUT]: [com.layue13.clashweave.client.LockCamera:frame:317]: CW_THIRD_FRAME nano=93095768184300 dt=0.0174585 target=76130 rawX=0.0 rawY=64.0 rawZ=8.0 filteredX=0.0 filteredY=65.52999997138977 filteredZ=8.0 goalYaw=-0.0 goalPitch=10.027822471763804 before=0.0 after=0.0 pitchBefore=6.4485216 pitchAfter=6.9849167 preset=GOLDEN fov=70.0 aspect=1.7777777777777777
[08:44:49] [Client thread/INFO] [STDOUT]: [com.layue13.clashweave.validation.CompositionReplay:chat:21]: P0_COMPOSITION_PHASE name=ORBIT receivedNano=93105600760200
[08:44:49] [Client thread/INFO]: [CHAT] P0_COMPOSITION_PHASE name=ORBIT target=76130 tick=684
[08:44:59] [Client thread/INFO] [STDOUT]: [com.layue13.clashweave.validation.CompositionReplay:chat:21]: P0_COMPOSITION_PHASE name=JITTER receivedNano=93115600015600
[08:44:59] [Client thread/INFO]: [CHAT] P0_COMPOSITION_PHASE name=JITTER target=76130 tick=884
[08:45:09] [Client thread/INFO] [STDOUT]: [com.layue13.clashweave.validation.CompositionReplay:chat:21]: P0_COMPOSITION_PHASE name=JUMP receivedNano=93125594070300
[08:45:09] [Client thread/INFO]: [CHAT] P0_COMPOSITION_PHASE name=JUMP target=76130 tick=1084
[08:45:19] [Client thread/INFO] [STDOUT]: [com.layue13.clashweave.validation.CompositionReplay:chat:21]: P0_COMPOSITION_PHASE name=MOUSE receivedNano=93135593782600
[08:45:19] [Client thread/INFO]: [CHAT] P0_COMPOSITION_PHASE name=MOUSE target=76130 tick=1284
[08:45:20] [Client thread/INFO] [STDOUT]: [com.layue13.clashweave.validation.CompositionReplay:tick:28]: P0_FLICK_CASE kind=stationary serial=1 delta=0
[08:45:20] [Client thread/INFO] [STDOUT]: [com.layue13.clashweave.validation.CompositionReplay:tick:28]: P0_FLICK_CASE kind=stationary serial=2 delta=0
[08:45:20] [Client thread/INFO] [STDOUT]: [com.layue13.clashweave.validation.CompositionReplay:tick:28]: P0_FLICK_CASE kind=stationary serial=3 delta=0
[08:45:20] [Client thread/INFO] [STDOUT]: [com.layue13.clashweave.validation.CompositionReplay:tick:28]: P0_FLICK_CASE kind=stationary serial=4 delta=0
[08:45:20] [Client thread/INFO] [STDOUT]: [com.layue13.clashweave.validation.CompositionReplay:tick:28]: P0_FLICK_CASE kind=stationary serial=5 delta=0
[08:45:21] [Client thread/INFO] [STDOUT]: [com.layue13.clashweave.validation.CompositionReplay:tick:28]: P0_FLICK_CASE kind=stationary serial=6 delta=0
[08:45:21] [Client thread/INFO] [STDOUT]: [com.layue13.clashweave.validation.CompositionReplay:tick:28]: P0_FLICK_CASE kind=stationary serial=7 delta=0
[08:45:21] [Client thread/INFO] [STDOUT]: [com.layue13.clashweave.validation.CompositionReplay:tick:28]: P0_FLICK_CASE kind=stationary serial=8 delta=0
[08:45:21] [Client thread/INFO] [STDOUT]: [com.layue13.clashweave.validation.CompositionReplay:tick:28]: P0_FLICK_CASE kind=stationary serial=9 delta=0
[08:45:21] [Client thread/INFO] [STDOUT]: [com.layue13.clashweave.validation.CompositionReplay:tick:28]: P0_FLICK_CASE kind=stationary serial=10 delta=0
[08:45:22] [Client thread/INFO] [STDOUT]: [com.layue13.clashweave.validation.CompositionReplay:tick:28]: P0_FLICK_CASE kind=stationary serial=11 delta=0
[08:45:22] [Client thread/INFO] [STDOUT]: [com.layue13.clashweave.validation.CompositionReplay:tick:28]: P0_FLICK_CASE kind=stationary serial=12 delta=0
[08:45:24] [Client thread/INFO] [STDOUT]: [com.layue13.clashweave.client.LockCamera:mouse:93]: CW_THIRD_MOUSE nano=93139744257600 delta=2.0 switch=0 offset=2.0
[08:45:24] [Client thread/INFO] [STDOUT]: [com.layue13.clashweave.client.LockCamera:mouse:93]: CW_THIRD_MOUSE nano=93139944131500 delta=2.0 switch=0 offset=2.0
[08:45:24] [Client thread/INFO] [STDOUT]: [com.layue13.clashweave.client.LockCamera:mouse:93]: CW_THIRD_MOUSE nano=93140144593300 delta=2.0 switch=0 offset=2.0
[08:45:24] [Client thread/INFO] [STDOUT]: [com.layue13.clashweave.client.LockCamera:mouse:93]: CW_THIRD_MOUSE nano=93140344526500 delta=2.0 switch=0 offset=2.0
[08:45:24] [Client thread/INFO] [STDOUT]: [com.layue13.clashweave.client.LockCamera:mouse:93]: CW_THIRD_MOUSE nano=93140544150500 delta=2.0 switch=0 offset=2.0
[08:45:25] [Client thread/INFO] [STDOUT]: [com.layue13.clashweave.client.LockCamera:mouse:93]: CW_THIRD_MOUSE nano=93140744584500 delta=2.0 switch=0 offset=2.0
[08:45:25] [Client thread/INFO] [STDOUT]: [com.layue13.clashweave.client.LockCamera:mouse:93]: CW_THIRD_MOUSE nano=93140944280900 delta=2.0 switch=0 offset=2.0
[08:45:25] [Client thread/INFO] [STDOUT]: [com.layue13.clashweave.client.LockCamera:mouse:93]: CW_THIRD_MOUSE nano=93141144561000 delta=2.0 switch=0 offset=2.0
[08:45:25] [Client thread/INFO] [STDOUT]: [com.layue13.clashweave.client.LockCamera:mouse:93]: CW_THIRD_MOUSE nano=93141344227400 delta=2.0 switch=0 offset=2.0
[08:45:25] [Client thread/INFO] [STDOUT]: [com.layue13.clashweave.client.LockCamera:mouse:93]: CW_THIRD_MOUSE nano=93141544008800 delta=2.0 switch=0 offset=2.0
[08:45:26] [Client thread/INFO] [STDOUT]: [com.layue13.clashweave.client.LockCamera:mouse:93]: CW_THIRD_MOUSE nano=93141745310000 delta=2.0 switch=0 offset=2.0
[08:45:26] [Client thread/INFO] [STDOUT]: [com.layue13.clashweave.client.LockCamera:mouse:93]: CW_THIRD_MOUSE nano=93141944110600 delta=2.0 switch=0 offset=2.0
[08:45:28] [Client thread/INFO] [STDOUT]: [com.layue13.clashweave.client.LockCamera:tick:188]: CW_LOCK_MARKER target=377645 nano=93144193906000
[08:45:29] [Client thread/INFO] [STDOUT]: [com.layue13.clashweave.client.LockCamera:tick:230]: CW_LOCK_FOLLOW mode=WEAK reason=WEAK target=377645 nano=93145595267200 dt=0.0507011 before=35.0 after=35.0 pitchBefore=12.0 pitchAfter=8.643903 offset=0.0 instance=0 committed=0.0
[08:45:30] [Client thread/INFO] [STDOUT]: [com.layue13.clashweave.client.LockCamera:tick:230]: CW_LOCK_FOLLOW mode=WEAK reason=WEAK target=377645 nano=93145644030000 dt=0.0487628 before=35.0 after=35.0 pitchBefore=8.643903 pitchAfter=8.643903 offset=0.0 instance=0 committed=0.0
[08:45:30] [Client thread/INFO] [STDOUT]: [com.layue13.clashweave.client.LockCamera:tick:230]: CW_LOCK_FOLLOW mode=WEAK reason=WEAK target=377645 nano=93145694356000 dt=0.050326 before=35.0 after=35.0 pitchBefore=8.643903 pitchAfter=8.643903 offset=0.0 instance=0 committed=0.0
[08:45:30] [Client thread/INFO] [STDOUT]: [com.layue13.clashweave.client.LockCamera:tick:230]: CW_LOCK_FOLLOW mode=WEAK reason=WEAK target=377645 nano=93145744054800 dt=0.0496988 before=35.0 after=35.0 pitchBefore=8.643903 pitchAfter=8.643903 offset=0.0 instance=0 committed=0.0
[08:45:30] [Client thread/INFO] [STDOUT]: [com.layue13.clashweave.client.LockCamera:tick:230]: CW_LOCK_FOLLOW mode=WEAK reason=WEAK target=377645 nano=93145794476200 dt=0.0504214 before=35.0 after=35.0 pitchBefore=8.643903 pitchAfter=8.643903 offset=0.0 instance=0 committed=0.0
[08:45:30] [Client thread/INFO] [STDOUT]: [com.layue13.clashweave.client.LockCamera:tick:230]: CW_LOCK_FOLLOW mode=WEAK reason=WEAK target=377645 nano=93145844127800 dt=0.0496516 before=35.0 after=35.0 pitchBefore=8.643903 pitchAfter=8.643903 offset=0.0 instance=0 committed=0.0
[08:45:30] [Client thread/INFO] [STDOUT]: [com.layue13.clashweave.client.LockCamera:tick:230]: CW_LOCK_FOLLOW mode=WEAK reason=WEAK target=377645 nano=93145894429000 dt=0.0503012 before=35.0 after=35.0 pitchBefore=8.643903 pitchAfter=8.643903 offset=0.0 instance=0 committed=0.0
[08:45:30] [Client thread/INFO] [STDOUT]: [com.layue13.clashweave.client.LockCamera:tick:230]: CW_LOCK_FOLLOW mode=WEAK reason=WEAK target=377645 nano=93145943961700 dt=0.0495327 before=35.0 after=35.0 pitchBefore=8.643903 pitchAfter=8.643903 offset=0.0 instance=0 committed=0.0
[08:45:30] [Client thread/INFO] [STDOUT]: [com.layue13.clashweave.client.LockCamera:tick:230]: CW_LOCK_FOLLOW mode=WEAK reason=WEAK target=377645 nano=93145994356100 dt=0.0503944 before=35.0 after=35.0 pitchBefore=8.643903 pitchAfter=8.643903 offset=0.0 instance=0 committed=0.0
[08:45:30] [Client thread/INFO] [STDOUT]: [com.layue13.clashweave.client.LockCamera:tick:230]: CW_LOCK_FOLLOW mode=WEAK reason=WEAK target=377645 nano=93146044129600 dt=0.0497735 before=35.0 after=35.0 pitchBefore=8.643903 pitchAfter=8.643903 offset=0.0 instance=0 committed=0.0
[08:45:30] [Client thread/INFO] [STDOUT]: [com.layue13.clashweave.client.LockCamera:tick:230]: CW_LOCK_FOLLOW mode=WEAK reason=WEAK target=377645 nano=93146093894800 dt=0.0497652 before=35.0 after=35.0 pitchBefore=8.643903 pitchAfter=8.643903 offset=0.0 instance=0 committed=0.0
[08:45:30] [Client thread/INFO] [STDOUT]: [com.layue13.clashweave.client.LockCamera:tick:230]: CW_LOCK_FOLLOW mode=WEAK reason=WEAK target=377645 nano=93146144524400 dt=0.0506296 before=35.0 after=35.0 pitchBefore=8.643903 pitchAfter=8.643903 offset=0.0 instance=0 committed=0.0
[08:45:32] [Client thread/INFO] [STDOUT]: [com.layue13.clashweave.validation.ClientReplay:audio:418]: P0_LOCAL_AUDIO nano=93148045009300
[08:45:32] [Client thread/INFO] [STDOUT]: [com.layue13.clashweave.client.ClientProxy:send:169]: CW_LOCAL_SWING seq=21 press=93148044842800 feedback=93148047031800
[08:45:32] [Client thread/INFO] [STDOUT]: [com.layue13.clashweave.client.ClientProxy:apply:268]: CW_ALIGN player=P0A seq=21 predicted=0 authoritative=0 sameAction=true
[08:45:32] [Client thread/INFO] [STDOUT]: [com.layue13.clashweave.client.ClientProxy:tick:197]: CW_PRESENT id=1 kind=DRAW actor=0 owner=0
[08:45:32] [Client thread/INFO] [STDOUT]: [com.layue13.clashweave.client.ClientProxy:tick:197]: CW_PRESENT id=2 kind=SWING actor=0 owner=0
