# Log excerpt; complete raw log retained locally under build/p0/runs.
# Original lines: 311
# Marker counts: {'ERROR': 3, 'CW_RENDER': 1, 'Exception': 2, 'P0_AUDIO': 36, 'CW_ENGAGEMENT': 2, 'CW_VIEW': 32, 'P0_REMOTE': 49, 'CW_FEEDBACK': 35, 'CW_FRAME': 35}
[15:20:40] [main/ERROR] [FML]: The binary patch set is missing. Either you are in a development environment, or things are not going to work!
[15:20:40] [main/ERROR] [FML]: FML appears to be missing any signature data. This is not a good thing
This is just a prompt for computer specs to be printed. THIS IS NOT A ERROR
[15:20:44] [Client thread/INFO] [STDOUT]: [com.layue13.clashweave.client.KatanaRendering:load:42]: CW_RENDER models loaded units=block blade=+Y sheath=downwardBipedY angle=45.0
[15:20:44] [Forge Version Check/INFO] [STDERR]: [java.lang.Throwable$WrappedPrintStream:println:749]: com.google.gson.JsonSyntaxException: java.lang.IllegalStateException: Expected BEGIN_OBJECT but was STRING at line 1 column 1
[15:20:44] [Forge Version Check/INFO] [STDERR]: [java.lang.Throwable$WrappedPrintStream:println:749]: Caused by: java.lang.IllegalStateException: Expected BEGIN_OBJECT but was STRING at line 1 column 1
[15:20:45] [Client thread/INFO] [STDOUT]: [com.layue13.clashweave.validation.ClientReplay:<init>:67]: P0_AUDIO initial loader settled
[15:20:50] [Client thread/INFO] [STDOUT]: [com.layue13.clashweave.client.ClientProxy:apply:215]: CW_ENGAGEMENT player=P0B engaged=false revision=3 tick=390 receive=30465676247500
[15:20:50] [Client thread/INFO] [STDOUT]: [com.layue13.clashweave.client.ViewPreservingCorrections$Preserved:processPacket:75]: CW_VIEW packet=1 yawDelta=0.0 pitchDelta=0.0 requestedYawDelta=0.0 requestedPitchDelta=0.0 nano=30465764461800
[15:20:50] [Client thread/INFO] [STDOUT]: [com.layue13.clashweave.client.ViewPreservingCorrections$Preserved:processPacket:75]: CW_VIEW packet=1 yawDelta=0.0 pitchDelta=0.0 requestedYawDelta=38.392868 requestedPitchDelta=0.0 nano=30465869723600
[15:20:50] [Client thread/INFO] [STDOUT]: [com.layue13.clashweave.validation.ClientReplay:tick:154]: P0_REMOTE action= sneak=false
[15:20:51] [Client thread/INFO] [STDOUT]: [com.layue13.clashweave.client.ClientProxy:apply:215]: CW_ENGAGEMENT player=P0B engaged=true revision=4 tick=412 receive=30466685557200
[15:20:51] [Client thread/INFO] [STDOUT]: [com.layue13.clashweave.client.ViewPreservingCorrections$Preserved:processPacket:75]: CW_VIEW packet=1 yawDelta=0.0 pitchDelta=0.0 requestedYawDelta=53.90805 requestedPitchDelta=0.0 nano=30467601051900
[15:20:52] [Client thread/INFO] [STDOUT]: [com.layue13.clashweave.validation.ClientReplay:tick:154]: P0_REMOTE action= sneak=false
[15:20:52] [Client thread/INFO] [STDOUT]: [com.layue13.clashweave.client.ClientProxy:apply:274]: CW_FEEDBACK player=P0B result=PARRY frozen=30468209152700 receive=30468451264200 corrections=0
[15:20:52] [Client thread/INFO] [STDOUT]: [com.layue13.clashweave.validation.ClientReplay:audio:397]: P0_AUDIO source=random.anvil_land frozen=30468209152700 nano=30468451628700
[15:20:52] [Client thread/INFO] [STDOUT]: [com.layue13.clashweave.client.ClientProxy:hud:341]: CW_FRAME frozen=30468209152700 frame=30468455883300
[15:20:53] [Client thread/INFO] [STDOUT]: [com.layue13.clashweave.validation.ClientReplay:tick:154]: P0_REMOTE action= sneak=false
[15:20:53] [Client thread/INFO] [STDOUT]: [com.layue13.clashweave.client.ViewPreservingCorrections$Preserved:processPacket:75]: CW_VIEW packet=1 yawDelta=0.0 pitchDelta=0.0 requestedYawDelta=39.400665 requestedPitchDelta=0.0 nano=30468817802200
[15:20:54] [Client thread/INFO] [STDOUT]: [com.layue13.clashweave.client.ViewPreservingCorrections$Preserved:processPacket:75]: CW_VIEW packet=1 yawDelta=0.0 pitchDelta=0.0 requestedYawDelta=31.184967 requestedPitchDelta=0.0 nano=30469650892700
[15:20:54] [Client thread/INFO] [STDOUT]: [com.layue13.clashweave.validation.ClientReplay:tick:154]: P0_REMOTE action= sneak=false
[15:20:55] [Client thread/INFO] [STDOUT]: [com.layue13.clashweave.validation.ClientReplay:tick:154]: P0_REMOTE action= sneak=false
[15:20:55] [Client thread/INFO] [STDOUT]: [com.layue13.clashweave.client.ClientProxy:apply:274]: CW_FEEDBACK player=P0B result=PARRY frozen=30470705879400 receive=30470901356900 corrections=0
[15:20:55] [Client thread/INFO] [STDOUT]: [com.layue13.clashweave.validation.ClientReplay:audio:397]: P0_AUDIO source=random.anvil_land frozen=30470705879400 nano=30470901667300
[15:20:55] [Client thread/INFO] [STDOUT]: [com.layue13.clashweave.client.ClientProxy:hud:341]: CW_FRAME frozen=30470705879400 frame=30470902368000
[15:20:55] [Client thread/INFO] [STDOUT]: [com.layue13.clashweave.client.ClientProxy:apply:274]: CW_FEEDBACK player=P0B result=BLOCK frozen=30471056348500 receive=30471323151100 corrections=0
[15:20:55] [Client thread/INFO] [STDOUT]: [com.layue13.clashweave.validation.ClientReplay:audio:397]: P0_AUDIO source=random.anvil_land frozen=30471056348500 nano=30471323427300
[15:20:55] [Client thread/INFO] [STDOUT]: [com.layue13.clashweave.client.ClientProxy:hud:341]: CW_FRAME frozen=30471056348500 frame=30471324032300
[15:20:56] [Client thread/INFO] [STDOUT]: [com.layue13.clashweave.validation.ClientReplay:tick:154]: P0_REMOTE action= sneak=false
[15:20:56] [Client thread/INFO] [STDOUT]: [com.layue13.clashweave.client.ViewPreservingCorrections$Preserved:processPacket:75]: CW_VIEW packet=1 yawDelta=0.0 pitchDelta=0.0 requestedYawDelta=78.09135 requestedPitchDelta=0.0 nano=30472184837300
[15:20:57] [Client thread/INFO] [STDOUT]: [com.layue13.clashweave.validation.ClientReplay:tick:154]: P0_REMOTE action= sneak=false
[15:20:57] [Client thread/INFO] [STDOUT]: [com.layue13.clashweave.client.ClientProxy:apply:274]: CW_FEEDBACK player=P0B result=PARRY frozen=30473206694300 receive=30473451221900 corrections=0
[15:20:57] [Client thread/INFO] [STDOUT]: [com.layue13.clashweave.validation.ClientReplay:audio:397]: P0_AUDIO source=random.anvil_land frozen=30473206694300 nano=30473451578300
[15:20:57] [Client thread/INFO] [STDOUT]: [com.layue13.clashweave.client.ClientProxy:hud:341]: CW_FRAME frozen=30473206694300 frame=30473452140600
[15:20:58] [Client thread/INFO] [STDOUT]: [com.layue13.clashweave.client.ViewPreservingCorrections$Preserved:processPacket:75]: CW_VIEW packet=1 yawDelta=0.0 pitchDelta=0.0 requestedYawDelta=39.400665 requestedPitchDelta=0.0 nano=30473819037600
[15:20:58] [Client thread/INFO] [STDOUT]: [com.layue13.clashweave.validation.ClientReplay:tick:154]: P0_REMOTE action= sneak=false
[15:20:58] [Client thread/INFO] [STDOUT]: [com.layue13.clashweave.client.ViewPreservingCorrections$Preserved:processPacket:75]: CW_VIEW packet=1 yawDelta=0.0 pitchDelta=0.0 requestedYawDelta=31.184967 requestedPitchDelta=0.0 nano=30474617901300
[15:20:59] [Client thread/INFO] [STDOUT]: [com.layue13.clashweave.validation.ClientReplay:tick:154]: P0_REMOTE action= sneak=false
[15:21:00] [Client thread/INFO] [STDOUT]: [com.layue13.clashweave.client.ClientProxy:apply:274]: CW_FEEDBACK player=P0B result=PARRY frozen=30475705208900 receive=30475885141600 corrections=0
[15:21:00] [Client thread/INFO] [STDOUT]: [com.layue13.clashweave.validation.ClientReplay:audio:397]: P0_AUDIO source=random.anvil_land frozen=30475705208900 nano=30475885437200
[15:21:00] [Client thread/INFO] [STDOUT]: [com.layue13.clashweave.validation.ClientReplay:tick:154]: P0_REMOTE action= sneak=false
[15:21:00] [Client thread/INFO] [STDOUT]: [com.layue13.clashweave.client.ClientProxy:hud:341]: CW_FRAME frozen=30475705208900 frame=30475886081100
[15:21:00] [Client thread/INFO] [STDOUT]: [com.layue13.clashweave.client.ClientProxy:apply:274]: CW_FEEDBACK player=P0B result=BLOCK frozen=30476106735800 receive=30476353632800 corrections=0
[15:21:00] [Client thread/INFO] [STDOUT]: [com.layue13.clashweave.validation.ClientReplay:audio:397]: P0_AUDIO source=random.anvil_land frozen=30476106735800 nano=30476353927300
[15:21:00] [Client thread/INFO] [STDOUT]: [com.layue13.clashweave.client.ClientProxy:hud:341]: CW_FRAME frozen=30476106735800 frame=30476354475500
[15:21:01] [Client thread/INFO] [STDOUT]: [com.layue13.clashweave.client.ClientProxy:apply:274]: CW_FEEDBACK player=P0B result=BLOCK frozen=30476507548600 receive=30476751613400 corrections=0
[15:21:01] [Client thread/INFO] [STDOUT]: [com.layue13.clashweave.validation.ClientReplay:audio:397]: P0_AUDIO source=random.anvil_land frozen=30476507548600 nano=30476751958800
[15:21:01] [Client thread/INFO] [STDOUT]: [com.layue13.clashweave.client.ClientProxy:hud:341]: CW_FRAME frozen=30476507548600 frame=30476752672300
[15:21:01] [Client thread/INFO] [STDOUT]: [com.layue13.clashweave.validation.ClientReplay:tick:154]: P0_REMOTE action= sneak=false
[15:21:01] [Client thread/INFO] [STDOUT]: [com.layue13.clashweave.client.ViewPreservingCorrections$Preserved:processPacket:75]: CW_VIEW packet=1 yawDelta=0.0 pitchDelta=0.0 requestedYawDelta=79.48792 requestedPitchDelta=0.0 nano=30477500676800
[15:21:02] [Client thread/INFO] [STDOUT]: [com.layue13.clashweave.validation.ClientReplay:tick:154]: P0_REMOTE action= sneak=false
[15:21:02] [Client thread/INFO] [STDOUT]: [com.layue13.clashweave.client.ClientProxy:apply:274]: CW_FEEDBACK player=P0B result=PARRY frozen=30478205725100 receive=30478418658200 corrections=0
[15:21:02] [Client thread/INFO] [STDOUT]: [com.layue13.clashweave.validation.ClientReplay:audio:397]: P0_AUDIO source=random.anvil_land frozen=30478205725100 nano=30478418946500
[15:21:02] [Client thread/INFO] [STDOUT]: [com.layue13.clashweave.client.ClientProxy:hud:341]: CW_FRAME frozen=30478205725100 frame=30478419452900
[15:21:03] [Client thread/INFO] [STDOUT]: [com.layue13.clashweave.client.ViewPreservingCorrections$Preserved:processPacket:75]: CW_VIEW packet=1 yawDelta=0.0 pitchDelta=0.0 requestedYawDelta=39.400665 requestedPitchDelta=0.0 nano=30478817918600
[15:21:03] [Client thread/INFO] [STDOUT]: [com.layue13.clashweave.client.ViewPreservingCorrections$Preserved:processPacket:75]: CW_VIEW packet=1 yawDelta=0.0 pitchDelta=0.0 requestedYawDelta=31.184967 requestedPitchDelta=0.0 nano=30479617938900
[15:21:05] [Client thread/INFO] [STDOUT]: [com.layue13.clashweave.client.ClientProxy:apply:274]: CW_FEEDBACK player=P0B result=PARRY frozen=30480756066600 receive=30480973269800 corrections=0
[15:21:05] [Client thread/INFO] [STDOUT]: [com.layue13.clashweave.validation.ClientReplay:audio:397]: P0_AUDIO source=random.anvil_land frozen=30480756066600 nano=30480973562100
[15:21:05] [Client thread/INFO] [STDOUT]: [com.layue13.clashweave.client.ClientProxy:hud:341]: CW_FRAME frozen=30480756066600 frame=30480974030300
[15:21:05] [Client thread/INFO] [STDOUT]: [com.layue13.clashweave.client.ClientProxy:apply:274]: CW_FEEDBACK player=P0B result=PARRY frozen=30481205256400 receive=30481368638000 corrections=0
[15:21:05] [Client thread/INFO] [STDOUT]: [com.layue13.clashweave.validation.ClientReplay:audio:397]: P0_AUDIO source=random.anvil_land frozen=30481205256400 nano=30481368978700
[15:21:05] [Client thread/INFO] [STDOUT]: [com.layue13.clashweave.client.ClientProxy:hud:341]: CW_FRAME frozen=30481205256400 frame=30481369539500
[15:21:06] [Client thread/INFO] [STDOUT]: [com.layue13.clashweave.client.ViewPreservingCorrections$Preserved:processPacket:75]: CW_VIEW packet=1 yawDelta=0.0 pitchDelta=0.0 requestedYawDelta=94.96974 requestedPitchDelta=0.0 nano=30482267959400
[15:21:07] [Client thread/INFO] [STDOUT]: [com.layue13.clashweave.client.ClientProxy:apply:274]: CW_FEEDBACK player=P0B result=PARRY frozen=30483254794900 receive=30483435173900 corrections=0
[15:21:07] [Client thread/INFO] [STDOUT]: [com.layue13.clashweave.validation.ClientReplay:audio:397]: P0_AUDIO source=random.anvil_land frozen=30483254794900 nano=30483435507600
[15:21:07] [Client thread/INFO] [STDOUT]: [com.layue13.clashweave.client.ClientProxy:hud:341]: CW_FRAME frozen=30483254794900 frame=30483436016700
[15:21:10] [Client thread/INFO] [STDOUT]: [com.layue13.clashweave.client.ClientProxy:apply:274]: CW_FEEDBACK player=P0B result=PARRY frozen=30485755716000 receive=30485935237900 corrections=0
[15:21:10] [Client thread/INFO] [STDOUT]: [com.layue13.clashweave.client.ClientProxy:hud:341]: CW_FRAME frozen=30485755716000 frame=30485936149500
