# Log excerpt; complete raw log retained locally under build/p0/runs.
# Original lines: 374
# Marker counts: {'ERROR': 3, 'CW_RENDER': 1, 'Exception': 2, 'P0_AUDIO': 1, 'CW_VIEW': 42, 'CW_ENGAGEMENT': 2, 'P0_LOCAL_AUDIO': 32, 'CW_LOCAL_SWING': 32, 'P0_REQUEST': 32, 'P0_MOVEMENT': 78, 'CW_ALIGN': 32}
[15:26:29] [main/ERROR] [FML]: The binary patch set is missing. Either you are in a development environment, or things are not going to work!
[15:26:29] [main/ERROR] [FML]: FML appears to be missing any signature data. This is not a good thing
This is just a prompt for computer specs to be printed. THIS IS NOT A ERROR
[15:26:33] [Client thread/INFO] [STDOUT]: [com.layue13.clashweave.client.KatanaRendering:load:42]: CW_RENDER models loaded units=block blade=+Y sheath=downwardBipedY angle=45.0
[15:26:33] [Forge Version Check/INFO] [STDERR]: [java.lang.Throwable$WrappedPrintStream:println:749]: com.google.gson.JsonSyntaxException: java.lang.IllegalStateException: Expected BEGIN_OBJECT but was STRING at line 1 column 1
[15:26:33] [Forge Version Check/INFO] [STDERR]: [java.lang.Throwable$WrappedPrintStream:println:749]: Caused by: java.lang.IllegalStateException: Expected BEGIN_OBJECT but was STRING at line 1 column 1
[15:26:34] [Client thread/INFO] [STDOUT]: [com.layue13.clashweave.validation.ClientReplay:<init>:67]: P0_AUDIO initial loader settled
[15:26:40] [Client thread/INFO] [STDOUT]: [com.layue13.clashweave.client.ViewPreservingCorrections$Preserved:processPacket:75]: CW_VIEW packet=1 yawDelta=0.0 pitchDelta=0.0 requestedYawDelta=0.0 requestedPitchDelta=0.0 nano=30815931922200
[15:26:40] [Client thread/INFO] [STDOUT]: [com.layue13.clashweave.client.ClientProxy:apply:215]: CW_ENGAGEMENT player=P0A engaged=false revision=1 tick=68 receive=30815933507800
[15:26:40] [Client thread/INFO] [STDOUT]: [com.layue13.clashweave.client.ViewPreservingCorrections$Preserved:processPacket:75]: CW_VIEW packet=1 yawDelta=0.0 pitchDelta=0.0 requestedYawDelta=0.0 requestedPitchDelta=0.0 nano=30816308905400
[15:26:49] [Client thread/INFO] [STDOUT]: [com.layue13.clashweave.client.ViewPreservingCorrections$Preserved:processPacket:75]: CW_VIEW packet=1 yawDelta=0.0 pitchDelta=0.0 requestedYawDelta=0.0 requestedPitchDelta=0.0 nano=30825406375700
[15:26:50] [Client thread/INFO] [STDOUT]: [com.layue13.clashweave.validation.ClientReplay:audio:396]: P0_LOCAL_AUDIO nano=30826156046600
[15:26:50] [Client thread/INFO] [STDOUT]: [com.layue13.clashweave.client.ClientProxy:send:147]: CW_LOCAL_SWING seq=2 press=30826155848200 feedback=30826158867600
[15:26:50] [Client thread/INFO] [STDOUT]: [com.layue13.clashweave.validation.ClientReplay:request:298]: P0_REQUEST intent=LIGHT yaw=0.0 pitch=0.0 nano=30826159127100
[15:26:50] [Client thread/INFO] [STDOUT]: [com.layue13.clashweave.validation.ClientReplay:movement:375]: P0_MOVEMENT clientCase=0 x=0.0 y=65.62000000476837 z=0.0 corrections=0
[15:26:50] [Client thread/INFO] [STDOUT]: [com.layue13.clashweave.client.ClientProxy:apply:229]: CW_ALIGN player=P0A seq=2 predicted=0 authoritative=0 sameAction=true
[15:26:50] [Client thread/INFO] [STDOUT]: [com.layue13.clashweave.client.ClientProxy:apply:215]: CW_ENGAGEMENT player=P0A engaged=true revision=3 tick=135 receive=30826322977300
[15:26:51] [Client thread/INFO] [STDOUT]: [com.layue13.clashweave.validation.ClientReplay:movement:375]: P0_MOVEMENT clientCase=1 x=0.0 y=65.62000000476837 z=1.1999999999999997 corrections=0
[15:26:53] [Client thread/INFO] [STDOUT]: [com.layue13.clashweave.validation.ClientReplay:movement:375]: P0_MOVEMENT clientCase=1 x=0.0 y=65.62000000476837 z=1.1999999999999997 corrections=0
[15:26:53] [Client thread/INFO] [STDOUT]: [com.layue13.clashweave.client.ViewPreservingCorrections$Preserved:processPacket:75]: CW_VIEW packet=1 yawDelta=0.0 pitchDelta=0.0 requestedYawDelta=0.0 requestedPitchDelta=0.0 nano=30828972385600
[15:26:54] [Client thread/INFO] [STDOUT]: [com.layue13.clashweave.validation.ClientReplay:audio:396]: P0_LOCAL_AUDIO nano=30829939494800
[15:26:54] [Client thread/INFO] [STDOUT]: [com.layue13.clashweave.client.ClientProxy:send:147]: CW_LOCAL_SWING seq=4 press=30829939354500 feedback=30829940436300
[15:26:54] [Client thread/INFO] [STDOUT]: [com.layue13.clashweave.validation.ClientReplay:request:298]: P0_REQUEST intent=LIGHT yaw=0.0 pitch=0.0 nano=30829940619800
[15:26:54] [Client thread/INFO] [STDOUT]: [com.layue13.clashweave.validation.ClientReplay:movement:375]: P0_MOVEMENT clientCase=1 x=0.0 y=65.62000000476837 z=0.0 corrections=0
[15:26:54] [Client thread/INFO] [STDOUT]: [com.layue13.clashweave.client.ClientProxy:apply:229]: CW_ALIGN player=P0A seq=4 predicted=0 authoritative=0 sameAction=true
[15:26:55] [Client thread/INFO] [STDOUT]: [com.layue13.clashweave.validation.ClientReplay:movement:375]: P0_MOVEMENT clientCase=2 x=-3.844894107624949 y=65.62000000476837 z=0.29999999999999993 corrections=0
[15:26:56] [Client thread/INFO] [STDOUT]: [com.layue13.clashweave.client.ViewPreservingCorrections$Preserved:processPacket:75]: CW_VIEW packet=1 yawDelta=0.0 pitchDelta=0.0 requestedYawDelta=0.0 requestedPitchDelta=0.0 nano=30832189019100
[15:26:56] [Client thread/INFO] [STDOUT]: [com.layue13.clashweave.validation.ClientReplay:audio:396]: P0_LOCAL_AUDIO nano=30832438779800
[15:26:56] [Client thread/INFO] [STDOUT]: [com.layue13.clashweave.client.ClientProxy:send:147]: CW_LOCAL_SWING seq=6 press=30832438631900 feedback=30832439099900
[15:26:56] [Client thread/INFO] [STDOUT]: [com.layue13.clashweave.validation.ClientReplay:request:298]: P0_REQUEST intent=LIGHT yaw=0.0 pitch=0.0 nano=30832439324100
[15:26:56] [Client thread/INFO] [STDOUT]: [com.layue13.clashweave.validation.ClientReplay:movement:375]: P0_MOVEMENT clientCase=2 x=-0.24922792423074103 y=65.62000000476837 z=0.0 corrections=0
[15:26:57] [Client thread/INFO] [STDOUT]: [com.layue13.clashweave.client.ClientProxy:apply:229]: CW_ALIGN player=P0A seq=6 predicted=0 authoritative=0 sameAction=true
[15:26:58] [Client thread/INFO] [STDOUT]: [com.layue13.clashweave.validation.ClientReplay:movement:375]: P0_MOVEMENT clientCase=3 x=-0.24922792423074103 y=65.62000000476837 z=4.360754263263969 corrections=0
[15:26:59] [Client thread/INFO] [STDOUT]: [com.layue13.clashweave.client.ViewPreservingCorrections$Preserved:processPacket:75]: CW_VIEW packet=1 yawDelta=0.0 pitchDelta=0.0 requestedYawDelta=0.0 requestedPitchDelta=0.0 nano=30834688170300
[15:26:59] [Client thread/INFO] [STDOUT]: [com.layue13.clashweave.validation.ClientReplay:audio:396]: P0_LOCAL_AUDIO nano=30834938482400
[15:26:59] [Client thread/INFO] [STDOUT]: [com.layue13.clashweave.client.ClientProxy:send:147]: CW_LOCAL_SWING seq=8 press=30834938378400 feedback=30834939396000
[15:26:59] [Client thread/INFO] [STDOUT]: [com.layue13.clashweave.validation.ClientReplay:request:298]: P0_REQUEST intent=LIGHT yaw=0.0 pitch=0.0 nano=30834939573600
[15:26:59] [Client thread/INFO] [STDOUT]: [com.layue13.clashweave.validation.ClientReplay:movement:375]: P0_MOVEMENT clientCase=3 x=0.0 y=65.62000000476837 z=0.24922792423074103 corrections=0
[15:26:59] [Client thread/INFO] [STDOUT]: [com.layue13.clashweave.client.ClientProxy:apply:229]: CW_ALIGN player=P0A seq=8 predicted=0 authoritative=0 sameAction=true
[15:27:00] [Client thread/INFO] [STDOUT]: [com.layue13.clashweave.validation.ClientReplay:movement:375]: P0_MOVEMENT clientCase=4 x=-1.912170183502547 y=65.62000000476837 z=0.0272248578657808 corrections=0
[15:27:01] [Client thread/INFO] [STDOUT]: [com.layue13.clashweave.client.ViewPreservingCorrections$Preserved:processPacket:75]: CW_VIEW packet=1 yawDelta=0.0 pitchDelta=0.0 requestedYawDelta=0.0 requestedPitchDelta=0.0 nano=30837138888400
[15:27:01] [Client thread/INFO] [STDOUT]: [com.layue13.clashweave.validation.ClientReplay:audio:396]: P0_LOCAL_AUDIO nano=30837438778000
[15:27:01] [Client thread/INFO] [STDOUT]: [com.layue13.clashweave.client.ClientProxy:send:147]: CW_LOCAL_SWING seq=10 press=30837438600400 feedback=30837439767600
[15:27:01] [Client thread/INFO] [STDOUT]: [com.layue13.clashweave.validation.ClientReplay:request:298]: P0_REQUEST intent=LIGHT yaw=0.0 pitch=0.0 nano=30837439999200
[15:27:01] [Client thread/INFO] [STDOUT]: [com.layue13.clashweave.validation.ClientReplay:movement:375]: P0_MOVEMENT clientCase=4 x=0.0 y=65.62000000476837 z=0.0 corrections=0
[15:27:01] [Client thread/INFO] [STDOUT]: [com.layue13.clashweave.client.ClientProxy:apply:229]: CW_ALIGN player=P0A seq=10 predicted=0 authoritative=0 sameAction=true
[15:27:03] [Client thread/INFO] [STDOUT]: [com.layue13.clashweave.validation.ClientReplay:movement:375]: P0_MOVEMENT clientCase=5 x=0.0 y=65.62000000476837 z=0.29999999999999993 corrections=0
[15:27:03] [Client thread/INFO] [STDOUT]: [com.layue13.clashweave.client.ViewPreservingCorrections$Preserved:processPacket:75]: CW_VIEW packet=1 yawDelta=0.0 pitchDelta=0.0 requestedYawDelta=0.0 requestedPitchDelta=0.0 nano=30839539226600
[15:27:04] [Client thread/INFO] [STDOUT]: [com.layue13.clashweave.validation.ClientReplay:audio:396]: P0_LOCAL_AUDIO nano=30839938586400
[15:27:04] [Client thread/INFO] [STDOUT]: [com.layue13.clashweave.client.ClientProxy:send:147]: CW_LOCAL_SWING seq=12 press=30839938445600 feedback=30839938898100
[15:27:04] [Client thread/INFO] [STDOUT]: [com.layue13.clashweave.validation.ClientReplay:request:298]: P0_REQUEST intent=LIGHT yaw=0.0 pitch=0.0 nano=30839939117500
[15:27:04] [Client thread/INFO] [STDOUT]: [com.layue13.clashweave.validation.ClientReplay:movement:375]: P0_MOVEMENT clientCase=5 x=0.0 y=65.62000000476837 z=0.0 corrections=0
[15:27:04] [Client thread/INFO] [STDOUT]: [com.layue13.clashweave.client.ClientProxy:apply:229]: CW_ALIGN player=P0A seq=12 predicted=0 authoritative=0 sameAction=true
[15:27:06] [Client thread/INFO] [STDOUT]: [com.layue13.clashweave.client.ViewPreservingCorrections$Preserved:processPacket:75]: CW_VIEW packet=1 yawDelta=0.0 pitchDelta=0.0 requestedYawDelta=0.0 requestedPitchDelta=0.0 nano=30842138543200
[15:27:06] [Client thread/INFO] [STDOUT]: [com.layue13.clashweave.validation.ClientReplay:audio:396]: P0_LOCAL_AUDIO nano=30842438614700
[15:27:06] [Client thread/INFO] [STDOUT]: [com.layue13.clashweave.client.ClientProxy:send:147]: CW_LOCAL_SWING seq=14 press=30842438488300 feedback=30842439608400
[15:27:06] [Client thread/INFO] [STDOUT]: [com.layue13.clashweave.validation.ClientReplay:request:298]: P0_REQUEST intent=LIGHT yaw=0.0 pitch=0.0 nano=30842439796800
[15:27:06] [Client thread/INFO] [STDOUT]: [com.layue13.clashweave.client.ClientProxy:apply:229]: CW_ALIGN player=P0A seq=14 predicted=0 authoritative=0 sameAction=true
[15:27:07] [Client thread/INFO] [STDOUT]: [com.layue13.clashweave.validation.ClientReplay:movement:363]: P0_MOVEMENT inject=horizontal5 nano=30842739076100
[15:27:07] [Client thread/INFO] [STDOUT]: [com.layue13.clashweave.client.ViewPreservingCorrections$Preserved:processPacket:75]: CW_VIEW packet=1 yawDelta=0.0 pitchDelta=0.0 requestedYawDelta=-0.315 requestedPitchDelta=0.18 nano=30842888225400
[15:27:08] [Client thread/INFO] [STDOUT]: [com.layue13.clashweave.client.ViewPreservingCorrections$Preserved:processPacket:75]: CW_VIEW packet=1 yawDelta=0.0 pitchDelta=0.0 requestedYawDelta=-3.8850005 requestedPitchDelta=2.2199988 nano=30844588288100
[15:27:09] [Client thread/INFO] [STDOUT]: [com.layue13.clashweave.validation.ClientReplay:audio:396]: P0_LOCAL_AUDIO nano=30844938911000
[15:27:09] [Client thread/INFO] [STDOUT]: [com.layue13.clashweave.client.ClientProxy:send:147]: CW_LOCAL_SWING seq=16 press=30844938784600 feedback=30844939838900
[15:27:09] [Client thread/INFO] [STDOUT]: [com.layue13.clashweave.validation.ClientReplay:request:298]: P0_REQUEST intent=LIGHT yaw=0.0 pitch=-2.2199988 nano=30844940042700
[15:27:09] [Client thread/INFO] [STDOUT]: [com.layue13.clashweave.client.ClientProxy:apply:229]: CW_ALIGN player=P0A seq=16 predicted=0 authoritative=0 sameAction=true
[15:27:09] [Client thread/INFO] [STDOUT]: [com.layue13.clashweave.validation.ClientReplay:movement:368]: P0_MOVEMENT inject=vertical5 nano=30845339084300
[15:27:09] [Client thread/INFO] [STDOUT]: [com.layue13.clashweave.client.ViewPreservingCorrections$Preserved:processPacket:75]: CW_VIEW packet=1 yawDelta=0.0 pitchDelta=0.0 requestedYawDelta=-0.315 requestedPitchDelta=0.17999983 nano=30845489390100
[15:27:11] [Client thread/INFO] [STDOUT]: [com.layue13.clashweave.validation.ClientReplay:audio:396]: P0_LOCAL_AUDIO nano=30847438727100
[15:27:11] [Client thread/INFO] [STDOUT]: [com.layue13.clashweave.client.ClientProxy:send:147]: CW_LOCAL_SWING seq=18 press=30847438575400 feedback=30847439012700
[15:27:11] [Client thread/INFO] [STDOUT]: [com.layue13.clashweave.validation.ClientReplay:request:298]: P0_REQUEST intent=LIGHT yaw=0.0 pitch=-4.4399967 nano=30847439169700
[15:27:12] [Client thread/INFO] [STDOUT]: [com.layue13.clashweave.client.ClientProxy:apply:229]: CW_ALIGN player=P0A seq=18 predicted=0 authoritative=0 sameAction=true
[15:27:12] [Client thread/INFO] [STDOUT]: [com.layue13.clashweave.validation.ClientReplay:movement:372]: P0_MOVEMENT inject=wall3 nano=30847790405400
[15:27:14] [Client thread/INFO] [STDOUT]: [com.layue13.clashweave.validation.ClientReplay:audio:396]: P0_LOCAL_AUDIO nano=30849939022200
[15:27:14] [Client thread/INFO] [STDOUT]: [com.layue13.clashweave.client.ClientProxy:send:147]: CW_LOCAL_SWING seq=20 press=30849938894300 feedback=30849939949500
[15:27:14] [Client thread/INFO] [STDOUT]: [com.layue13.clashweave.validation.ClientReplay:request:298]: P0_REQUEST intent=LIGHT yaw=0.0 pitch=-4.4399967 nano=30849940095300
[15:27:14] [Client thread/INFO] [STDOUT]: [com.layue13.clashweave.client.ClientProxy:apply:229]: CW_ALIGN player=P0A seq=20 predicted=0 authoritative=0 sameAction=true
[15:27:16] [Client thread/INFO] [STDOUT]: [com.layue13.clashweave.validation.ClientReplay:audio:396]: P0_LOCAL_AUDIO nano=30852439414500
[15:27:16] [Client thread/INFO] [STDOUT]: [com.layue13.clashweave.client.ClientProxy:send:147]: CW_LOCAL_SWING seq=22 press=30852439285100 feedback=30852439754700
[15:27:16] [Client thread/INFO] [STDOUT]: [com.layue13.clashweave.validation.ClientReplay:request:298]: P0_REQUEST intent=LIGHT yaw=0.0 pitch=-4.4399967 nano=30852439960700
[15:27:17] [Client thread/INFO] [STDOUT]: [com.layue13.clashweave.client.ClientProxy:apply:229]: CW_ALIGN player=P0A seq=22 predicted=0 authoritative=0 sameAction=true
[15:27:19] [Client thread/INFO] [STDOUT]: [com.layue13.clashweave.validation.ClientReplay:audio:396]: P0_LOCAL_AUDIO nano=30854938969200
[15:27:19] [Client thread/INFO] [STDOUT]: [com.layue13.clashweave.client.ClientProxy:send:147]: CW_LOCAL_SWING seq=24 press=30854938831800 feedback=30854939305200
[15:27:19] [Client thread/INFO] [STDOUT]: [com.layue13.clashweave.validation.ClientReplay:request:298]: P0_REQUEST intent=LIGHT yaw=0.0 pitch=-4.4399967 nano=30854939570200
[15:27:19] [Client thread/INFO] [STDOUT]: [com.layue13.clashweave.client.ClientProxy:apply:229]: CW_ALIGN player=P0A seq=24 predicted=0 authoritative=0 sameAction=true
