[05:32:08] [Server thread/INFO] [STDOUT]: [com.layue13.clashweave.experiment.s3supp.Experiment:log:22]: CW3 LOGIN name=GuardB
[05:32:15] [Server thread/INFO] [STDOUT]: [com.layue13.clashweave.experiment.s3supp.Experiment:log:22]: CW3 LOGIN name=GuardA
[05:32:17] [Netty IO #2/INFO] [STDOUT]: [com.layue13.clashweave.experiment.s3supp.Experiment:log:22]: CW3 WIRE nano=98718731823900 side=SERVER kind=3 id=0 wall=1791549137935 thread=Netty IO #2 observed=355
[05:32:17] [Server thread/INFO] [STDOUT]: [com.layue13.clashweave.experiment.s3supp.Experiment:log:22]: CW3 RECEIVE id=0 kind=3 stamp=0 tickObserved=355 recvWall=1791549137970 sendWall=1791549137910 wireMs=60
[05:32:17] [Server thread/INFO] [STDOUT]: [com.layue13.clashweave.experiment.s3supp.Experiment:log:22]: CW3 READY tick=356
[05:32:19] [Server thread/INFO] [STDOUT]: [com.layue13.clashweave.experiment.s3supp.Experiment:log:22]: CW3 PLAN id=0 lead=0 defer=2 anchorTick=386 hit=398 stamp=398 anchorWall=98720261719600 legacy=false
[05:32:20] [Server thread/INFO] [STDOUT]: [com.layue13.clashweave.experiment.s3supp.Experiment:log:22]: CW3 FREEZE id=0 tick=398 target=4 attacker=5 distance=1.0
[05:32:20] [Netty IO #1/INFO] [STDOUT]: [com.layue13.clashweave.experiment.s3supp.Experiment:log:22]: CW3 WIRE nano=98720928236000 side=SERVER kind=2 id=0 wall=1791549140132 thread=Netty IO #1 observed=399
[05:32:20] [Server thread/INFO] [STDOUT]: [com.layue13.clashweave.experiment.s3supp.Experiment:log:22]: CW3 RECEIVE id=0 kind=2 stamp=398 tickObserved=399 recvWall=1791549140169 sendWall=98720902217000 wireMs=-96929353076831
[05:32:20] [Server thread/INFO] [STDOUT]: [com.layue13.clashweave.experiment.s3supp.Experiment:log:22]: CW3 CONSUME id=0 stamp=398 consumeTick=400 recvObserved=399 age=2 queueMs=0 sendWall=98720902217000 recvWall=1791549140169 consumeWall=1791549140169 accepted=true
[05:32:20] [Server thread/INFO] [STDOUT]: [com.layue13.clashweave.experiment.s3supp.Experiment:log:22]: CW3 RESULT id=0 lead=0 defer=2 hit=398 commit=400 deadlineNano=98720965888600 commitWall=1791549140169 stamp=398 arrivalNano=98720928236000 window=true before=true parry=true vanillaAccepted=false loss=0.0 feedbackDelayMs=109.4784
[05:32:20] [Server thread/INFO] [STDOUT]: [com.layue13.clashweave.experiment.s3supp.Experiment:log:22]: CW3 PLAN id=1 lead=0 defer=2 anchorTick=405 hit=417 stamp=417 anchorWall=98721216562200 legacy=false
[05:32:21] [Server thread/INFO] [STDOUT]: [com.layue13.clashweave.experiment.s3supp.Experiment:log:22]: CW3 FREEZE id=1 tick=417 target=4 attacker=5 distance=1.0
[05:32:21] [Netty IO #1/INFO] [STDOUT]: [com.layue13.clashweave.experiment.s3supp.Experiment:log:22]: CW3 WIRE nano=98721877907800 side=SERVER kind=2 id=1 wall=1791549141082 thread=Netty IO #1 observed=418
[05:32:21] [Server thread/INFO] [STDOUT]: [com.layue13.clashweave.experiment.s3supp.Experiment:log:22]: CW3 RECEIVE id=1 kind=2 stamp=417 tickObserved=418 recvWall=1791549141109 sendWall=98721852217900 wireMs=-96930303076791
[05:32:21] [Server thread/INFO] [STDOUT]: [com.layue13.clashweave.experiment.s3supp.Experiment:log:22]: CW3 CONSUME id=1 stamp=417 consumeTick=419 recvObserved=418 age=2 queueMs=0 sendWall=98721852217900 recvWall=1791549141109 consumeWall=1791549141109 accepted=true
[05:32:21] [Server thread/INFO] [STDOUT]: [com.layue13.clashweave.experiment.s3supp.Experiment:log:22]: CW3 RESULT id=1 lead=0 defer=2 hit=417 commit=419 deadlineNano=98721906322900 commitWall=1791549141110 stamp=417 arrivalNano=98721877907800 window=true before=true parry=true vanillaAccepted=false loss=0.0 feedbackDelayMs=94.0618
[05:32:21] [Server thread/INFO] [STDOUT]: [com.layue13.clashweave.experiment.s3supp.Experiment:log:22]: CW3 PLAN id=2 lead=0 defer=2 anchorTick=424 hit=436 stamp=436 anchorWall=98722155153700 legacy=false
[05:32:21] [Server thread/INFO] [STDOUT]: [com.layue13.clashweave.experiment.s3supp.Experiment:log:22]: CW3 FREEZE id=2 tick=436 target=4 attacker=5 distance=1.0
[05:32:21] [Netty IO #1/INFO] [STDOUT]: [com.layue13.clashweave.experiment.s3supp.Experiment:log:22]: CW3 WIRE nano=98722795045500 side=SERVER kind=2 id=2 wall=1791549141999 thread=Netty IO #1 observed=436
[05:32:22] [Server thread/INFO] [STDOUT]: [com.layue13.clashweave.experiment.s3supp.Experiment:log:22]: CW3 RECEIVE id=2 kind=2 stamp=436 tickObserved=436 recvWall=1791549142013 sendWall=98722769181200 wireMs=-96931220039187
[05:32:22] [Server thread/INFO] [STDOUT]: [com.layue13.clashweave.experiment.s3supp.Experiment:log:22]: CW3 CONSUME id=2 stamp=436 consumeTick=437 recvObserved=436 age=1 queueMs=0 sendWall=98722769181200 recvWall=1791549142013 consumeWall=1791549142013 accepted=true
[05:32:22] [Server thread/INFO] [STDOUT]: [com.layue13.clashweave.experiment.s3supp.Experiment:log:22]: CW3 RESULT id=2 lead=0 defer=2 hit=436 commit=438 deadlineNano=98722857358200 commitWall=1791549142061 stamp=436 arrivalNano=98722795045500 window=true before=true parry=true vanillaAccepted=false loss=0.0 feedbackDelayMs=94.8511
[05:32:22] [Server thread/INFO] [STDOUT]: [com.layue13.clashweave.experiment.s3supp.Experiment:log:22]: CW3 PLAN id=3 lead=0 defer=2 anchorTick=443 hit=455 stamp=455 anchorWall=98723107393500 legacy=false
[05:32:22] [Server thread/INFO] [STDOUT]: [com.layue13.clashweave.experiment.s3supp.Experiment:log:22]: CW3 FREEZE id=3 tick=455 target=4 attacker=5 distance=1.0
[05:32:22] [Netty IO #1/INFO] [STDOUT]: [com.layue13.clashweave.experiment.s3supp.Experiment:log:22]: CW3 WIRE nano=98723743845700 side=SERVER kind=2 id=3 wall=1791549142947 thread=Netty IO #1 observed=455
[05:32:22] [Server thread/INFO] [STDOUT]: [com.layue13.clashweave.experiment.s3supp.Experiment:log:22]: CW3 RECEIVE id=3 kind=2 stamp=455 tickObserved=455 recvWall=1791549142973 sendWall=98723718102100 wireMs=-96932168959127
[05:32:22] [Server thread/INFO] [STDOUT]: [com.layue13.clashweave.experiment.s3supp.Experiment:log:22]: CW3 CONSUME id=3 stamp=455 consumeTick=456 recvObserved=455 age=1 queueMs=0 sendWall=98723718102100 recvWall=1791549142973 consumeWall=1791549142973 accepted=true
[05:32:23] [Server thread/INFO] [STDOUT]: [com.layue13.clashweave.experiment.s3supp.Experiment:log:22]: CW3 RESULT id=3 lead=0 defer=2 hit=455 commit=457 deadlineNano=98723816484200 commitWall=1791549143020 stamp=455 arrivalNano=98723743845700 window=true before=true parry=true vanillaAccepted=false loss=0.0 feedbackDelayMs=110.2506
[05:32:23] [Server thread/INFO] [STDOUT]: [com.layue13.clashweave.experiment.s3supp.Experiment:log:22]: CW3 PLAN id=4 lead=0 defer=2 anchorTick=462 hit=474 stamp=474 anchorWall=98724065322400 legacy=false
[05:32:23] [Server thread/INFO] [STDOUT]: [com.layue13.clashweave.experiment.s3supp.Experiment:log:22]: CW3 FREEZE id=4 tick=474 target=4 attacker=5 distance=1.0
[05:32:23] [Netty IO #1/INFO] [STDOUT]: [com.layue13.clashweave.experiment.s3supp.Experiment:log:22]: CW3 WIRE nano=98724694689100 side=SERVER kind=2 id=4 wall=1791549143898 thread=Netty IO #1 observed=474
[05:32:23] [Server thread/INFO] [STDOUT]: [com.layue13.clashweave.experiment.s3supp.Experiment:log:22]: CW3 RECEIVE id=4 kind=2 stamp=474 tickObserved=474 recvWall=1791549143913 sendWall=98724668969400 wireMs=-96933119825487
[05:32:23] [Server thread/INFO] [STDOUT]: [com.layue13.clashweave.experiment.s3supp.Experiment:log:22]: CW3 CONSUME id=4 stamp=474 consumeTick=475 recvObserved=474 age=1 queueMs=0 sendWall=98724668969400 recvWall=1791549143913 consumeWall=1791549143913 accepted=true
[05:32:23] [Server thread/INFO] [STDOUT]: [com.layue13.clashweave.experiment.s3supp.Experiment:log:22]: CW3 RESULT id=4 lead=0 defer=2 hit=474 commit=476 deadlineNano=98724756298000 commitWall=1791549143960 stamp=474 arrivalNano=98724694689100 window=true before=true parry=true vanillaAccepted=false loss=0.0 feedbackDelayMs=94.5714
[05:32:24] [Server thread/INFO] [STDOUT]: [com.layue13.clashweave.experiment.s3supp.Experiment:log:22]: CW3 PLAN id=5 lead=1 defer=2 anchorTick=481 hit=493 stamp=492 anchorWall=98725008576000 legacy=false
[05:32:24] [Netty IO #1/INFO] [STDOUT]: [com.layue13.clashweave.experiment.s3supp.Experiment:log:22]: CW3 WIRE nano=98725594214200 side=SERVER kind=2 id=5 wall=1791549144798 thread=Netty IO #1 observed=492
[05:32:24] [Server thread/INFO] [STDOUT]: [com.layue13.clashweave.experiment.s3supp.Experiment:log:22]: CW3 RECEIVE id=5 kind=2 stamp=492 tickObserved=492 recvWall=1791549144811 sendWall=98725568451200 wireMs=-96934019306389
[05:32:24] [Server thread/INFO] [STDOUT]: [com.layue13.clashweave.experiment.s3supp.Experiment:log:22]: CW3 CONSUME id=5 stamp=492 consumeTick=493 recvObserved=492 age=1 queueMs=0 sendWall=98725568451200 recvWall=1791549144811 consumeWall=1791549144811 accepted=true
[05:32:24] [Server thread/INFO] [STDOUT]: [com.layue13.clashweave.experiment.s3supp.Experiment:log:22]: CW3 FREEZE id=5 tick=493 target=4 attacker=5 distance=1.0
[05:32:24] [Server thread/INFO] [STDOUT]: [com.layue13.clashweave.experiment.s3supp.Experiment:log:22]: CW3 RESULT id=5 lead=1 defer=2 hit=493 commit=495 deadlineNano=98725716600300 commitWall=1791549144920 stamp=492 arrivalNano=98725594214200 window=true before=true parry=true vanillaAccepted=false loss=0.0 feedbackDelayMs=108.7288
[05:32:25] [Server thread/INFO] [STDOUT]: [com.layue13.clashweave.experiment.s3supp.Experiment:log:22]: CW3 PLAN id=6 lead=1 defer=2 anchorTick=500 hit=512 stamp=511 anchorWall=98725968267800 legacy=false
[05:32:25] [Netty IO #1/INFO] [STDOUT]: [com.layue13.clashweave.experiment.s3supp.Experiment:log:22]: CW3 WIRE nano=98726544776100 side=SERVER kind=2 id=6 wall=1791549145748 thread=Netty IO #1 observed=511
[05:32:25] [Server thread/INFO] [STDOUT]: [com.layue13.clashweave.experiment.s3supp.Experiment:log:22]: CW3 RECEIVE id=6 kind=2 stamp=511 tickObserved=511 recvWall=1791549145771 sendWall=98726519345200 wireMs=-96934970199429
[05:32:25] [Server thread/INFO] [STDOUT]: [com.layue13.clashweave.experiment.s3supp.Experiment:log:22]: CW3 CONSUME id=6 stamp=511 consumeTick=512 recvObserved=511 age=1 queueMs=0 sendWall=98726519345200 recvWall=1791549145771 consumeWall=1791549145771 accepted=true
[05:32:25] [Server thread/INFO] [STDOUT]: [com.layue13.clashweave.experiment.s3supp.Experiment:log:22]: CW3 FREEZE id=6 tick=512 target=4 attacker=5 distance=1.0
[05:32:25] [Server thread/INFO] [STDOUT]: [com.layue13.clashweave.experiment.s3supp.Experiment:log:22]: CW3 RESULT id=6 lead=1 defer=2 hit=512 commit=514 deadlineNano=98726662628900 commitWall=1791549145866 stamp=511 arrivalNano=98726544776100 window=true before=true parry=true vanillaAccepted=false loss=0.0 feedbackDelayMs=94.6595
[05:32:26] [Server thread/INFO] [STDOUT]: [com.layue13.clashweave.experiment.s3supp.Experiment:log:22]: CW3 PLAN id=7 lead=1 defer=2 anchorTick=519 hit=531 stamp=530 anchorWall=98726915056600 legacy=false
[05:32:26] [Netty IO #1/INFO] [STDOUT]: [com.layue13.clashweave.experiment.s3supp.Experiment:log:22]: CW3 WIRE nano=98727511057800 side=SERVER kind=2 id=7 wall=1791549146715 thread=Netty IO #1 observed=530
[05:32:26] [Server thread/INFO] [STDOUT]: [com.layue13.clashweave.experiment.s3supp.Experiment:log:22]: CW3 RECEIVE id=7 kind=2 stamp=530 tickObserved=530 recvWall=1791549146717 sendWall=98727485334900 wireMs=-96935936188183
[05:32:26] [Server thread/INFO] [STDOUT]: [com.layue13.clashweave.experiment.s3supp.Experiment:log:22]: CW3 CONSUME id=7 stamp=530 consumeTick=531 recvObserved=530 age=1 queueMs=0 sendWall=98727485334900 recvWall=1791549146717 consumeWall=1791549146717 accepted=true
[05:32:26] [Server thread/INFO] [STDOUT]: [com.layue13.clashweave.experiment.s3supp.Experiment:log:22]: CW3 FREEZE id=7 tick=531 target=4 attacker=5 distance=1.0
[05:32:26] [Server thread/INFO] [STDOUT]: [com.layue13.clashweave.experiment.s3supp.Experiment:log:22]: CW3 RESULT id=7 lead=1 defer=2 hit=531 commit=533 deadlineNano=98727607320700 commitWall=1791549146811 stamp=530 arrivalNano=98727511057800 window=true before=true parry=true vanillaAccepted=false loss=0.0 feedbackDelayMs=93.6202
[05:32:27] [Server thread/INFO] [STDOUT]: [com.layue13.clashweave.experiment.s3supp.Experiment:log:22]: CW3 PLAN id=8 lead=1 defer=2 anchorTick=538 hit=550 stamp=549 anchorWall=98727860217700 legacy=false
[05:32:27] [Server thread/INFO] [STDOUT]: [com.layue13.clashweave.experiment.s3supp.Experiment:log:22]: CW3 FREEZE id=8 tick=550 target=4 attacker=5 distance=1.0
[05:32:27] [Netty IO #1/INFO] [STDOUT]: [com.layue13.clashweave.experiment.s3supp.Experiment:log:22]: CW3 WIRE nano=98728460764300 side=SERVER kind=2 id=8 wall=1791549147664 thread=Netty IO #1 observed=550
[05:32:27] [Server thread/INFO] [STDOUT]: [com.layue13.clashweave.experiment.s3supp.Experiment:log:22]: CW3 RECEIVE id=8 kind=2 stamp=549 tickObserved=550 recvWall=1791549147724 sendWall=98728435071500 wireMs=-96936885923776
[05:32:27] [Server thread/INFO] [STDOUT]: [com.layue13.clashweave.experiment.s3supp.Experiment:log:22]: CW3 CONSUME id=8 stamp=549 consumeTick=551 recvObserved=550 age=2 queueMs=0 sendWall=98728435071500 recvWall=1791549147724 consumeWall=1791549147724 accepted=true
[05:32:27] [Server thread/INFO] [STDOUT]: [com.layue13.clashweave.experiment.s3supp.Experiment:log:22]: CW3 RESULT id=8 lead=1 defer=2 hit=550 commit=552 deadlineNano=98728567097300 commitWall=1791549147771 stamp=549 arrivalNano=98728460764300 window=true before=true parry=true vanillaAccepted=false loss=0.0 feedbackDelayMs=108.989
[05:32:28] [Server thread/INFO] [STDOUT]: [com.layue13.clashweave.experiment.s3supp.Experiment:log:22]: CW3 PLAN id=9 lead=1 defer=2 anchorTick=557 hit=569 stamp=568 anchorWall=98728817155400 legacy=false
[05:32:28] [Netty IO #1/INFO] [STDOUT]: [com.layue13.clashweave.experiment.s3supp.Experiment:log:22]: CW3 WIRE nano=98729410962200 side=SERVER kind=2 id=9 wall=1791549148615 thread=Netty IO #1 observed=568
[05:32:28] [Server thread/INFO] [STDOUT]: [com.layue13.clashweave.experiment.s3supp.Experiment:log:22]: CW3 RECEIVE id=9 kind=2 stamp=568 tickObserved=568 recvWall=1791549148620 sendWall=98729385612600 wireMs=-96937836463980
[05:32:28] [Server thread/INFO] [STDOUT]: [com.layue13.clashweave.experiment.s3supp.Experiment:log:22]: CW3 CONSUME id=9 stamp=568 consumeTick=569 recvObserved=568 age=1 queueMs=0 sendWall=98729385612600 recvWall=1791549148620 consumeWall=1791549148620 accepted=true
[05:32:28] [Server thread/INFO] [STDOUT]: [com.layue13.clashweave.experiment.s3supp.Experiment:log:22]: CW3 FREEZE id=9 tick=569 target=4 attacker=5 distance=1.0
[05:32:28] [Server thread/INFO] [STDOUT]: [com.layue13.clashweave.experiment.s3supp.Experiment:log:22]: CW3 RESULT id=9 lead=1 defer=2 hit=569 commit=571 deadlineNano=98729510989900 commitWall=1791549148715 stamp=568 arrivalNano=98729410962200 window=true before=true parry=true vanillaAccepted=false loss=0.0 feedbackDelayMs=93.8906
[05:32:28] [Server thread/INFO] [STDOUT]: [com.layue13.clashweave.experiment.s3supp.Experiment:log:22]: CW3 PLAN id=10 lead=2 defer=2 anchorTick=576 hit=588 stamp=586 anchorWall=98729759228400 legacy=false
[05:32:29] [Netty IO #1/INFO] [STDOUT]: [com.layue13.clashweave.experiment.s3supp.Experiment:log:22]: CW3 WIRE nano=98730311231900 side=SERVER kind=2 id=10 wall=1791549149515 thread=Netty IO #1 observed=587
[05:32:29] [Server thread/INFO] [STDOUT]: [com.layue13.clashweave.experiment.s3supp.Experiment:log:22]: CW3 RECEIVE id=10 kind=2 stamp=586 tickObserved=587 recvWall=1791549149561 sendWall=98730285808400 wireMs=-96938736658839
[05:32:29] [Server thread/INFO] [STDOUT]: [com.layue13.clashweave.experiment.s3supp.Experiment:log:22]: CW3 CONSUME id=10 stamp=586 consumeTick=588 recvObserved=587 age=2 queueMs=0 sendWall=98730285808400 recvWall=1791549149561 consumeWall=1791549149561 accepted=true
[05:32:29] [Server thread/INFO] [STDOUT]: [com.layue13.clashweave.experiment.s3supp.Experiment:log:22]: CW3 FREEZE id=10 tick=588 target=4 attacker=5 distance=1.0
[05:32:29] [Server thread/INFO] [STDOUT]: [com.layue13.clashweave.experiment.s3supp.Experiment:log:22]: CW3 RESULT id=10 lead=2 defer=2 hit=588 commit=590 deadlineNano=98730464642700 commitWall=1791549149668 stamp=586 arrivalNano=98730311231900 window=true before=true parry=true vanillaAccepted=false loss=0.0 feedbackDelayMs=107.3192
[05:32:29] [Server thread/INFO] [STDOUT]: [com.layue13.clashweave.experiment.s3supp.Experiment:log:22]: CW3 PLAN id=11 lead=2 defer=2 anchorTick=595 hit=607 stamp=605 anchorWall=98730713668700 legacy=false
[05:32:30] [Netty IO #1/INFO] [STDOUT]: [com.layue13.clashweave.experiment.s3supp.Experiment:log:22]: CW3 WIRE nano=98731260679600 side=SERVER kind=2 id=11 wall=1791549150464 thread=Netty IO #1 observed=605
[05:32:30] [Server thread/INFO] [STDOUT]: [com.layue13.clashweave.experiment.s3supp.Experiment:log:22]: CW3 RECEIVE id=11 kind=2 stamp=605 tickObserved=605 recvWall=1791549150465 sendWall=98731235179400 wireMs=-96939686028935
[05:32:30] [Server thread/INFO] [STDOUT]: [com.layue13.clashweave.experiment.s3supp.Experiment:log:22]: CW3 CONSUME id=11 stamp=605 consumeTick=606 recvObserved=605 age=1 queueMs=0 sendWall=98731235179400 recvWall=1791549150465 consumeWall=1791549150465 accepted=true
[05:32:30] [Server thread/INFO] [STDOUT]: [com.layue13.clashweave.experiment.s3supp.Experiment:log:22]: CW3 FREEZE id=11 tick=607 target=4 attacker=5 distance=1.0
[05:32:30] [Server thread/INFO] [STDOUT]: [com.layue13.clashweave.experiment.s3supp.Experiment:log:22]: CW3 RESULT id=11 lead=2 defer=2 hit=607 commit=609 deadlineNano=98731418076700 commitWall=1791549150622 stamp=605 arrivalNano=98731260679600 window=true before=true parry=true vanillaAccepted=false loss=0.0 feedbackDelayMs=110.4212
[05:32:30] [Server thread/INFO] [STDOUT]: [com.layue13.clashweave.experiment.s3supp.Experiment:log:22]: CW3 PLAN id=12 lead=2 defer=2 anchorTick=614 hit=626 stamp=624 anchorWall=98731669562900 legacy=false
[05:32:31] [Netty IO #1/INFO] [STDOUT]: [com.layue13.clashweave.experiment.s3supp.Experiment:log:22]: CW3 WIRE nano=98732211145900 side=SERVER kind=2 id=12 wall=1791549151415 thread=Netty IO #1 observed=624
[05:32:31] [Server thread/INFO] [STDOUT]: [com.layue13.clashweave.experiment.s3supp.Experiment:log:22]: CW3 RECEIVE id=12 kind=2 stamp=624 tickObserved=624 recvWall=1791549151421 sendWall=98732185417300 wireMs=-96940636265879
[05:32:31] [Server thread/INFO] [STDOUT]: [com.layue13.clashweave.experiment.s3supp.Experiment:log:22]: CW3 CONSUME id=12 stamp=624 consumeTick=625 recvObserved=624 age=1 queueMs=0 sendWall=98732185417300 recvWall=1791549151421 consumeWall=1791549151421 accepted=true
[05:32:31] [Server thread/INFO] [STDOUT]: [com.layue13.clashweave.experiment.s3supp.Experiment:log:22]: CW3 FREEZE id=12 tick=626 target=4 attacker=5 distance=1.0
[05:32:31] [Server thread/INFO] [STDOUT]: [com.layue13.clashweave.experiment.s3supp.Experiment:log:22]: CW3 RESULT id=12 lead=2 defer=2 hit=626 commit=628 deadlineNano=98732357373200 commitWall=1791549151561 stamp=624 arrivalNano=98732211145900 window=true before=true parry=true vanillaAccepted=false loss=0.0 feedbackDelayMs=92.4889
[05:32:31] [Server thread/INFO] [STDOUT]: [com.layue13.clashweave.experiment.s3supp.Experiment:log:22]: CW3 PLAN id=13 lead=2 defer=2 anchorTick=633 hit=645 stamp=643 anchorWall=98732607472100 legacy=false
[05:32:32] [Netty IO #1/INFO] [STDOUT]: [com.layue13.clashweave.experiment.s3supp.Experiment:log:22]: CW3 WIRE nano=98733160679900 side=SERVER kind=2 id=13 wall=1791549152364 thread=Netty IO #1 observed=644
[05:32:32] [Server thread/INFO] [STDOUT]: [com.layue13.clashweave.experiment.s3supp.Experiment:log:22]: CW3 RECEIVE id=13 kind=2 stamp=643 tickObserved=644 recvWall=1791549152422 sendWall=98733135103800 wireMs=-96941585951378
[05:32:32] [Server thread/INFO] [STDOUT]: [com.layue13.clashweave.experiment.s3supp.Experiment:log:22]: CW3 CONSUME id=13 stamp=643 consumeTick=645 recvObserved=644 age=2 queueMs=0 sendWall=98733135103800 recvWall=1791549152422 consumeWall=1791549152422 accepted=true
[05:32:32] [Server thread/INFO] [STDOUT]: [com.layue13.clashweave.experiment.s3supp.Experiment:log:22]: CW3 FREEZE id=13 tick=645 target=4 attacker=5 distance=1.0
[05:32:32] [Server thread/INFO] [STDOUT]: [com.layue13.clashweave.experiment.s3supp.Experiment:log:22]: CW3 RESULT id=13 lead=2 defer=2 hit=645 commit=647 deadlineNano=98733312472900 commitWall=1791549152516 stamp=643 arrivalNano=98733160679900 window=true before=true parry=true vanillaAccepted=false loss=0.0 feedbackDelayMs=93.8651
[05:32:32] [Server thread/INFO] [STDOUT]: [com.layue13.clashweave.experiment.s3supp.Experiment:log:22]: CW3 PLAN id=14 lead=2 defer=2 anchorTick=652 hit=664 stamp=662 anchorWall=98733566433600 legacy=false
[05:32:33] [Netty IO #1/INFO] [STDOUT]: [com.layue13.clashweave.experiment.s3supp.Experiment:log:22]: CW3 WIRE nano=98734111076300 side=SERVER kind=2 id=14 wall=1791549153315 thread=Netty IO #1 observed=662
[05:32:33] [Server thread/INFO] [STDOUT]: [com.layue13.clashweave.experiment.s3supp.Experiment:log:22]: CW3 RECEIVE id=14 kind=2 stamp=662 tickObserved=662 recvWall=1791549153320 sendWall=98734085365000 wireMs=-96942536211680
[05:32:33] [Server thread/INFO] [STDOUT]: [com.layue13.clashweave.experiment.s3supp.Experiment:log:22]: CW3 CONSUME id=14 stamp=662 consumeTick=663 recvObserved=662 age=1 queueMs=0 sendWall=98734085365000 recvWall=1791549153320 consumeWall=1791549153320 accepted=true
[05:32:33] [Server thread/INFO] [STDOUT]: [com.layue13.clashweave.experiment.s3supp.Experiment:log:22]: CW3 FREEZE id=14 tick=664 target=4 attacker=5 distance=1.0
[05:32:33] [Server thread/INFO] [STDOUT]: [com.layue13.clashweave.experiment.s3supp.Experiment:log:22]: CW3 RESULT id=14 lead=2 defer=2 hit=664 commit=666 deadlineNano=98734259334000 commitWall=1791549153463 stamp=662 arrivalNano=98734111076300 window=true before=true parry=true vanillaAccepted=false loss=0.0 feedbackDelayMs=94.9674
[05:32:33] [Server thread/INFO] [STDOUT]: [com.layue13.clashweave.experiment.s3supp.Experiment:log:22]: CW3 PLAN id=15 lead=3 defer=2 anchorTick=671 hit=683 stamp=680 anchorWall=98734512046600 legacy=false
[05:32:34] [Netty IO #1/INFO] [STDOUT]: [com.layue13.clashweave.experiment.s3supp.Experiment:log:22]: CW3 WIRE nano=98735011248000 side=SERVER kind=2 id=15 wall=1791549154215 thread=Netty IO #1 observed=680
[05:32:34] [Server thread/INFO] [STDOUT]: [com.layue13.clashweave.experiment.s3supp.Experiment:log:22]: CW3 RECEIVE id=15 kind=2 stamp=680 tickObserved=680 recvWall=1791549154221 sendWall=98734985522300 wireMs=-96943436368079
[05:32:34] [Server thread/INFO] [STDOUT]: [com.layue13.clashweave.experiment.s3supp.Experiment:log:22]: CW3 CONSUME id=15 stamp=680 consumeTick=681 recvObserved=680 age=1 queueMs=0 sendWall=98734985522300 recvWall=1791549154221 consumeWall=1791549154221 accepted=true
[05:32:34] [Server thread/INFO] [STDOUT]: [com.layue13.clashweave.experiment.s3supp.Experiment:log:22]: CW3 FREEZE id=15 tick=683 target=4 attacker=5 distance=1.0
[05:32:34] [Server thread/INFO] [STDOUT]: [com.layue13.clashweave.experiment.s3supp.Experiment:log:22]: CW3 RESULT id=15 lead=3 defer=2 hit=683 commit=685 deadlineNano=98735205514600 commitWall=1791549154409 stamp=680 arrivalNano=98735011248000 window=true before=true parry=true vanillaAccepted=false loss=0.0 feedbackDelayMs=94.1733
[05:32:34] [Server thread/INFO] [STDOUT]: [com.layue13.clashweave.experiment.s3supp.Experiment:log:22]: CW3 PLAN id=16 lead=3 defer=2 anchorTick=690 hit=702 stamp=699 anchorWall=98735457743500 legacy=false
[05:32:35] [Netty IO #1/INFO] [STDOUT]: [com.layue13.clashweave.experiment.s3supp.Experiment:log:22]: CW3 WIRE nano=98735961093900 side=SERVER kind=2 id=16 wall=1791549155165 thread=Netty IO #1 observed=700
[05:32:35] [Server thread/INFO] [STDOUT]: [com.layue13.clashweave.experiment.s3supp.Experiment:log:22]: CW3 RECEIVE id=16 kind=2 stamp=699 tickObserved=700 recvWall=1791549155224 sendWall=98735935379900 wireMs=-96944386224676
[05:32:35] [Server thread/INFO] [STDOUT]: [com.layue13.clashweave.experiment.s3supp.Experiment:log:22]: CW3 CONSUME id=16 stamp=699 consumeTick=701 recvObserved=700 age=2 queueMs=0 sendWall=98735935379900 recvWall=1791549155224 consumeWall=1791549155224 accepted=true
[05:32:35] [Server thread/INFO] [STDOUT]: [com.layue13.clashweave.experiment.s3supp.Experiment:log:22]: CW3 FREEZE id=16 tick=702 target=4 attacker=5 distance=1.0
[05:32:35] [Server thread/INFO] [STDOUT]: [com.layue13.clashweave.experiment.s3supp.Experiment:log:22]: CW3 RESULT id=16 lead=3 defer=2 hit=702 commit=704 deadlineNano=98736161219700 commitWall=1791549155365 stamp=699 arrivalNano=98735961093900 window=true before=true parry=true vanillaAccepted=false loss=0.0 feedbackDelayMs=93.5047
[05:32:35] [Server thread/INFO] [STDOUT]: [com.layue13.clashweave.experiment.s3supp.Experiment:log:22]: CW3 PLAN id=17 lead=3 defer=2 anchorTick=709 hit=721 stamp=718 anchorWall=98736412054500 legacy=false
[05:32:36] [Netty IO #1/INFO] [STDOUT]: [com.layue13.clashweave.experiment.s3supp.Experiment:log:22]: CW3 WIRE nano=98736911321800 side=SERVER kind=2 id=17 wall=1791549156115 thread=Netty IO #1 observed=718
[05:32:36] [Server thread/INFO] [STDOUT]: [com.layue13.clashweave.experiment.s3supp.Experiment:log:22]: CW3 RECEIVE id=17 kind=2 stamp=718 tickObserved=718 recvWall=1791549156116 sendWall=98736885495800 wireMs=-96945336339684
[05:32:36] [Server thread/INFO] [STDOUT]: [com.layue13.clashweave.experiment.s3supp.Experiment:log:22]: CW3 CONSUME id=17 stamp=718 consumeTick=719 recvObserved=718 age=1 queueMs=0 sendWall=98736885495800 recvWall=1791549156116 consumeWall=1791549156116 accepted=true
[05:32:36] [Server thread/INFO] [STDOUT]: [com.layue13.clashweave.experiment.s3supp.Experiment:log:22]: CW3 FREEZE id=17 tick=721 target=4 attacker=5 distance=1.0
[05:32:36] [Server thread/INFO] [STDOUT]: [com.layue13.clashweave.experiment.s3supp.Experiment:log:22]: CW3 RESULT id=17 lead=3 defer=2 hit=721 commit=723 deadlineNano=98737117335600 commitWall=1791549156321 stamp=718 arrivalNano=98736911321800 window=true before=true parry=true vanillaAccepted=false loss=0.0 feedbackDelayMs=110.5247
[05:32:36] [Server thread/INFO] [STDOUT]: [com.layue13.clashweave.experiment.s3supp.Experiment:log:22]: CW3 PLAN id=18 lead=3 defer=2 anchorTick=728 hit=740 stamp=737 anchorWall=98737367866800 legacy=false
[05:32:37] [Netty IO #1/INFO] [STDOUT]: [com.layue13.clashweave.experiment.s3supp.Experiment:log:22]: CW3 WIRE nano=98737861274600 side=SERVER kind=2 id=18 wall=1791549157065 thread=Netty IO #1 observed=738
[05:32:37] [Server thread/INFO] [STDOUT]: [com.layue13.clashweave.experiment.s3supp.Experiment:log:22]: CW3 RECEIVE id=18 kind=2 stamp=737 tickObserved=738 recvWall=1791549157123 sendWall=98737835557000 wireMs=-96946286399877
[05:32:37] [Server thread/INFO] [STDOUT]: [com.layue13.clashweave.experiment.s3supp.Experiment:log:22]: CW3 CONSUME id=18 stamp=737 consumeTick=739 recvObserved=738 age=2 queueMs=0 sendWall=98737835557000 recvWall=1791549157123 consumeWall=1791549157123 accepted=true
[05:32:37] [Server thread/INFO] [STDOUT]: [com.layue13.clashweave.experiment.s3supp.Experiment:log:22]: CW3 FREEZE id=18 tick=740 target=4 attacker=5 distance=1.0
[05:32:37] [Server thread/INFO] [STDOUT]: [com.layue13.clashweave.experiment.s3supp.Experiment:log:22]: CW3 RESULT id=18 lead=3 defer=2 hit=740 commit=742 deadlineNano=98738061937400 commitWall=1791549157266 stamp=737 arrivalNano=98737861274600 window=true before=true parry=true vanillaAccepted=false loss=0.0 feedbackDelayMs=94.4882
[05:32:37] [Server thread/INFO] [STDOUT]: [com.layue13.clashweave.experiment.s3supp.Experiment:log:22]: CW3 PLAN id=19 lead=3 defer=2 anchorTick=747 hit=759 stamp=756 anchorWall=98738312951800 legacy=false
[05:32:38] [Netty IO #1/INFO] [STDOUT]: [com.layue13.clashweave.experiment.s3supp.Experiment:log:22]: CW3 WIRE nano=98738811232500 side=SERVER kind=2 id=19 wall=1791549158015 thread=Netty IO #1 observed=756
[05:32:38] [Server thread/INFO] [STDOUT]: [com.layue13.clashweave.experiment.s3supp.Experiment:log:22]: CW3 RECEIVE id=19 kind=2 stamp=756 tickObserved=756 recvWall=1791549158016 sendWall=98738785500700 wireMs=-96947236342684
[05:32:38] [Server thread/INFO] [STDOUT]: [com.layue13.clashweave.experiment.s3supp.Experiment:log:22]: CW3 CONSUME id=19 stamp=756 consumeTick=757 recvObserved=756 age=1 queueMs=0 sendWall=98738785500700 recvWall=1791549158016 consumeWall=1791549158016 accepted=true
[05:32:38] [Server thread/INFO] [STDOUT]: [com.layue13.clashweave.experiment.s3supp.Experiment:log:22]: CW3 FREEZE id=19 tick=759 target=4 attacker=5 distance=1.0
[05:32:38] [Server thread/INFO] [STDOUT]: [com.layue13.clashweave.experiment.s3supp.Experiment:log:22]: CW3 RESULT id=19 lead=3 defer=2 hit=759 commit=761 deadlineNano=98739017343000 commitWall=1791549158221 stamp=756 arrivalNano=98738811232500 window=true before=true parry=true vanillaAccepted=false loss=0.0 feedbackDelayMs=110.5365
[05:32:38] [Server thread/INFO] [STDOUT]: [com.layue13.clashweave.experiment.s3supp.Experiment:log:22]: CW3 PLAN id=20 lead=4 defer=2 anchorTick=766 hit=778 stamp=774 anchorWall=98739269778100 legacy=false
[05:32:38] [Netty IO #1/INFO] [STDOUT]: [com.layue13.clashweave.experiment.s3supp.Experiment:log:22]: CW3 WIRE nano=98739711060000 side=SERVER kind=2 id=20 wall=1791549158915 thread=Netty IO #1 observed=775
[05:32:38] [Server thread/INFO] [STDOUT]: [com.layue13.clashweave.experiment.s3supp.Experiment:log:22]: CW3 RECEIVE id=20 kind=2 stamp=774 tickObserved=775 recvWall=1791549158960 sendWall=98739685334500 wireMs=-96948136175540
[05:32:38] [Server thread/INFO] [STDOUT]: [com.layue13.clashweave.experiment.s3supp.Experiment:log:22]: CW3 CONSUME id=20 stamp=774 consumeTick=776 recvObserved=775 age=2 queueMs=0 sendWall=98739685334500 recvWall=1791549158960 consumeWall=1791549158960 accepted=true
[05:32:39] [Server thread/INFO] [STDOUT]: [com.layue13.clashweave.experiment.s3supp.Experiment:log:22]: CW3 FREEZE id=20 tick=778 target=4 attacker=5 distance=1.0
[05:32:39] [Server thread/INFO] [STDOUT]: [com.layue13.clashweave.experiment.s3supp.Experiment:log:22]: CW3 RESULT id=20 lead=4 defer=2 hit=778 commit=780 deadlineNano=98739961379900 commitWall=1791549159165 stamp=774 arrivalNano=98739711060000 window=true before=true parry=true vanillaAccepted=false loss=0.0 feedbackDelayMs=94.35
[05:32:39] [Server thread/INFO] [STDOUT]: [com.layue13.clashweave.experiment.s3supp.Experiment:log:22]: CW3 PLAN id=21 lead=4 defer=2 anchorTick=785 hit=797 stamp=793 anchorWall=98740213135400 legacy=false
[05:32:39] [Netty IO #1/INFO] [STDOUT]: [com.layue13.clashweave.experiment.s3supp.Experiment:log:22]: CW3 WIRE nano=98740661139900 side=SERVER kind=2 id=21 wall=1791549159865 thread=Netty IO #1 observed=793
[05:32:39] [Server thread/INFO] [STDOUT]: [com.layue13.clashweave.experiment.s3supp.Experiment:log:22]: CW3 RECEIVE id=21 kind=2 stamp=793 tickObserved=793 recvWall=1791549159872 sendWall=98740635330800 wireMs=-96949086170928
[05:32:39] [Server thread/INFO] [STDOUT]: [com.layue13.clashweave.experiment.s3supp.Experiment:log:22]: CW3 CONSUME id=21 stamp=793 consumeTick=794 recvObserved=793 age=1 queueMs=0 sendWall=98740635330800 recvWall=1791549159872 consumeWall=1791549159872 accepted=true
[05:32:40] [Server thread/INFO] [STDOUT]: [com.layue13.clashweave.experiment.s3supp.Experiment:log:22]: CW3 FREEZE id=21 tick=797 target=4 attacker=5 distance=1.0
[05:32:40] [Server thread/INFO] [STDOUT]: [com.layue13.clashweave.experiment.s3supp.Experiment:log:22]: CW3 RESULT id=21 lead=4 defer=2 hit=797 commit=799 deadlineNano=98740919859000 commitWall=1791549160124 stamp=793 arrivalNano=98740661139900 window=true before=true parry=true vanillaAccepted=false loss=0.0 feedbackDelayMs=110.1035
[05:32:40] [Server thread/INFO] [STDOUT]: [com.layue13.clashweave.experiment.s3supp.Experiment:log:22]: CW3 PLAN id=22 lead=4 defer=2 anchorTick=804 hit=816 stamp=812 anchorWall=98741155851000 legacy=false
[05:32:40] [Netty IO #1/INFO] [STDOUT]: [com.layue13.clashweave.experiment.s3supp.Experiment:log:22]: CW3 WIRE nano=98741611152900 side=SERVER kind=2 id=22 wall=1791549160815 thread=Netty IO #1 observed=813
[05:32:40] [Server thread/INFO] [STDOUT]: [com.layue13.clashweave.experiment.s3supp.Experiment:log:22]: CW3 RECEIVE id=22 kind=2 stamp=812 tickObserved=813 recvWall=1791549160860 sendWall=98741585704400 wireMs=-96950036543540
[05:32:40] [Server thread/INFO] [STDOUT]: [com.layue13.clashweave.experiment.s3supp.Experiment:log:22]: CW3 CONSUME id=22 stamp=812 consumeTick=814 recvObserved=813 age=2 queueMs=0 sendWall=98741585704400 recvWall=1791549160860 consumeWall=1791549160860 accepted=true
[05:32:40] [Server thread/INFO] [STDOUT]: [com.layue13.clashweave.experiment.s3supp.Experiment:log:22]: CW3 FREEZE id=22 tick=816 target=4 attacker=5 distance=1.0
[05:32:41] [Server thread/INFO] [STDOUT]: [com.layue13.clashweave.experiment.s3supp.Experiment:log:22]: CW3 RESULT id=22 lead=4 defer=2 hit=816 commit=818 deadlineNano=98741858803500 commitWall=1791549161062 stamp=812 arrivalNano=98741611152900 window=true before=true parry=true vanillaAccepted=false loss=0.0 feedbackDelayMs=93.9081
[05:32:41] [Server thread/INFO] [STDOUT]: [com.layue13.clashweave.experiment.s3supp.Experiment:log:22]: CW3 PLAN id=23 lead=4 defer=2 anchorTick=823 hit=835 stamp=831 anchorWall=98742109592500 legacy=false
[05:32:41] [Netty IO #1/INFO] [STDOUT]: [com.layue13.clashweave.experiment.s3supp.Experiment:log:22]: CW3 WIRE nano=98742560860800 side=SERVER kind=2 id=23 wall=1791549161765 thread=Netty IO #1 observed=831
[05:32:41] [Server thread/INFO] [STDOUT]: [com.layue13.clashweave.experiment.s3supp.Experiment:log:22]: CW3 RECEIVE id=23 kind=2 stamp=831 tickObserved=831 recvWall=1791549161767 sendWall=98742535360600 wireMs=-96950986198833
[05:32:41] [Server thread/INFO] [STDOUT]: [com.layue13.clashweave.experiment.s3supp.Experiment:log:22]: CW3 CONSUME id=23 stamp=831 consumeTick=832 recvObserved=831 age=1 queueMs=0 sendWall=98742535360600 recvWall=1791549161767 consumeWall=1791549161767 accepted=true
[05:32:41] [Server thread/INFO] [STDOUT]: [com.layue13.clashweave.experiment.s3supp.Experiment:log:22]: CW3 FREEZE id=23 tick=835 target=4 attacker=5 distance=1.0
[05:32:42] [Server thread/INFO] [STDOUT]: [com.layue13.clashweave.experiment.s3supp.Experiment:log:22]: CW3 RESULT id=23 lead=4 defer=2 hit=835 commit=837 deadlineNano=98742815408600 commitWall=1791549162019 stamp=831 arrivalNano=98742560860800 window=true before=true parry=true vanillaAccepted=false loss=0.0 feedbackDelayMs=108.739
[05:32:42] [Server thread/INFO] [STDOUT]: [com.layue13.clashweave.experiment.s3supp.Experiment:log:22]: CW3 PLAN id=24 lead=4 defer=2 anchorTick=842 hit=854 stamp=850 anchorWall=98743066387800 legacy=false
[05:32:42] [Netty IO #1/INFO] [STDOUT]: [com.layue13.clashweave.experiment.s3supp.Experiment:log:22]: CW3 WIRE nano=98743511326000 side=SERVER kind=2 id=24 wall=1791549162715 thread=Netty IO #1 observed=850
[05:32:42] [Server thread/INFO] [STDOUT]: [com.layue13.clashweave.experiment.s3supp.Experiment:log:22]: CW3 RECEIVE id=24 kind=2 stamp=850 tickObserved=850 recvWall=1791549162722 sendWall=98743485581200 wireMs=-96951936418478
[05:32:42] [Server thread/INFO] [STDOUT]: [com.layue13.clashweave.experiment.s3supp.Experiment:log:22]: CW3 CONSUME id=24 stamp=850 consumeTick=851 recvObserved=850 age=1 queueMs=0 sendWall=98743485581200 recvWall=1791549162722 consumeWall=1791549162722 accepted=true
[05:32:42] [Server thread/INFO] [STDOUT]: [com.layue13.clashweave.experiment.s3supp.Experiment:log:22]: CW3 FREEZE id=24 tick=854 target=4 attacker=5 distance=1.0
[05:32:42] [Server thread/INFO] [STDOUT]: [com.layue13.clashweave.experiment.s3supp.Experiment:log:22]: CW3 RESULT id=24 lead=4 defer=2 hit=854 commit=856 deadlineNano=98743769500400 commitWall=1791549162973 stamp=850 arrivalNano=98743511326000 window=true before=true parry=true vanillaAccepted=false loss=0.0 feedbackDelayMs=110.0091
[05:32:43] [Server thread/INFO] [STDOUT]: [com.layue13.clashweave.experiment.s3supp.Experiment:log:22]: CW3 PLAN id=25 lead=0 defer=3 anchorTick=861 hit=873 stamp=873 anchorWall=98744005644600 legacy=false
[05:32:43] [Server thread/INFO] [STDOUT]: [com.layue13.clashweave.experiment.s3supp.Experiment:log:22]: CW3 FREEZE id=25 tick=873 target=4 attacker=5 distance=1.0
[05:32:43] [Netty IO #1/INFO] [STDOUT]: [com.layue13.clashweave.experiment.s3supp.Experiment:log:22]: CW3 WIRE nano=98744661212200 side=SERVER kind=2 id=25 wall=1791549163865 thread=Netty IO #1 observed=873
[05:32:43] [Server thread/INFO] [STDOUT]: [com.layue13.clashweave.experiment.s3supp.Experiment:log:22]: CW3 RECEIVE id=25 kind=2 stamp=873 tickObserved=873 recvWall=1791549163866 sendWall=98744635508100 wireMs=-96953086344234
[05:32:43] [Server thread/INFO] [STDOUT]: [com.layue13.clashweave.experiment.s3supp.Experiment:log:22]: CW3 CONSUME id=25 stamp=873 consumeTick=874 recvObserved=873 age=1 queueMs=0 sendWall=98744635508100 recvWall=1791549163866 consumeWall=1791549163866 accepted=true
[05:32:43] [Server thread/INFO] [STDOUT]: [com.layue13.clashweave.experiment.s3supp.Experiment:log:22]: CW3 RESULT id=25 lead=0 defer=3 hit=873 commit=876 deadlineNano=98744756570200 commitWall=1791549163960 stamp=873 arrivalNano=98744661212200 window=true before=true parry=true vanillaAccepted=false loss=0.0 feedbackDelayMs=140.2968
[05:32:44] [Server thread/INFO] [STDOUT]: [com.layue13.clashweave.experiment.s3supp.Experiment:log:22]: CW3 PLAN id=26 lead=0 defer=3 anchorTick=881 hit=893 stamp=893 anchorWall=98745008747000 legacy=false
[05:32:44] [Server thread/INFO] [STDOUT]: [com.layue13.clashweave.experiment.s3supp.Experiment:log:22]: CW3 FREEZE id=26 tick=893 target=4 attacker=5 distance=1.0
[05:32:44] [Netty IO #1/INFO] [STDOUT]: [com.layue13.clashweave.experiment.s3supp.Experiment:log:22]: CW3 WIRE nano=98745661357000 side=SERVER kind=2 id=26 wall=1791549164865 thread=Netty IO #1 observed=893
[05:32:44] [Server thread/INFO] [STDOUT]: [com.layue13.clashweave.experiment.s3supp.Experiment:log:22]: CW3 RECEIVE id=26 kind=2 stamp=893 tickObserved=893 recvWall=1791549164870 sendWall=98745635568300 wireMs=-96954086403430
[05:32:44] [Server thread/INFO] [STDOUT]: [com.layue13.clashweave.experiment.s3supp.Experiment:log:22]: CW3 CONSUME id=26 stamp=893 consumeTick=894 recvObserved=893 age=1 queueMs=0 sendWall=98745635568300 recvWall=1791549164870 consumeWall=1791549164870 accepted=true
[05:32:44] [Server thread/INFO] [STDOUT]: [com.layue13.clashweave.experiment.s3supp.Experiment:log:22]: CW3 RESULT id=26 lead=0 defer=3 hit=893 commit=896 deadlineNano=98745761200300 commitWall=1791549164965 stamp=893 arrivalNano=98745661357000 window=true before=true parry=true vanillaAccepted=false loss=0.0 feedbackDelayMs=141.4916
[05:32:45] [Server thread/INFO] [STDOUT]: [com.layue13.clashweave.experiment.s3supp.Experiment:log:22]: CW3 PLAN id=27 lead=0 defer=3 anchorTick=901 hit=913 stamp=913 anchorWall=98746084027100 legacy=false
[05:32:45] [Server thread/INFO] [STDOUT]: [com.layue13.clashweave.experiment.s3supp.Experiment:log:22]: CW3 FREEZE id=27 tick=913 target=4 attacker=5 distance=1.0
[05:32:45] [Server thread/INFO] [STDOUT]: [com.layue13.clashweave.experiment.s3supp.Experiment:log:22]: CW3 RESULT id=27 lead=0 defer=3 hit=913 commit=916 deadlineNano=98746760046200 commitWall=1791549165969 stamp=-9999 arrivalNano=9223372036854775807 window=false before=false parry=false vanillaAccepted=true loss=1.0 feedbackDelayMs=140.1587
[05:32:45] [Netty IO #1/INFO] [STDOUT]: [com.layue13.clashweave.experiment.s3supp.Experiment:log:22]: CW3 WIRE nano=98746771276000 side=SERVER kind=2 id=27 wall=1791549165975 thread=Netty IO #1 observed=916
[05:32:46] [Server thread/INFO] [STDOUT]: [com.layue13.clashweave.experiment.s3supp.Experiment:log:22]: CW3 RECEIVE id=27 kind=2 stamp=914 tickObserved=916 recvWall=1791549166026 sendWall=98746745829100 wireMs=-96955196663074
[05:32:46] [Server thread/INFO] [STDOUT]: [com.layue13.clashweave.experiment.s3supp.Experiment:log:22]: CW3 CONSUME id=27 stamp=914 consumeTick=917 recvObserved=916 age=3 queueMs=0 sendWall=98746745829100 recvWall=1791549166026 consumeWall=1791549166026 accepted=true
[05:32:46] [Server thread/INFO] [STDOUT]: [com.layue13.clashweave.experiment.s3supp.Experiment:log:22]: CW3 PLAN id=28 lead=0 defer=3 anchorTick=921 hit=933 stamp=933 anchorWall=98747007960200 legacy=false
[05:32:46] [Server thread/INFO] [STDOUT]: [com.layue13.clashweave.experiment.s3supp.Experiment:log:22]: CW3 FREEZE id=28 tick=933 target=4 attacker=5 distance=1.0
[05:32:46] [Netty IO #1/INFO] [STDOUT]: [com.layue13.clashweave.experiment.s3supp.Experiment:log:22]: CW3 WIRE nano=98747671355200 side=SERVER kind=2 id=28 wall=1791549166875 thread=Netty IO #1 observed=934
[05:32:46] [Server thread/INFO] [STDOUT]: [com.layue13.clashweave.experiment.s3supp.Experiment:log:22]: CW3 RECEIVE id=28 kind=2 stamp=933 tickObserved=934 recvWall=1791549166915 sendWall=98747645652300 wireMs=-96956096485385
[05:32:46] [Server thread/INFO] [STDOUT]: [com.layue13.clashweave.experiment.s3supp.Experiment:log:22]: CW3 CONSUME id=28 stamp=933 consumeTick=935 recvObserved=934 age=2 queueMs=0 sendWall=98747645652300 recvWall=1791549166915 consumeWall=1791549166915 accepted=true
[05:32:46] [Server thread/INFO] [STDOUT]: [com.layue13.clashweave.experiment.s3supp.Experiment:log:22]: CW3 RESULT id=28 lead=0 defer=3 hit=933 commit=936 deadlineNano=98747758619900 commitWall=1791549166962 stamp=933 arrivalNano=98747671355200 window=true before=true parry=true vanillaAccepted=false loss=0.0 feedbackDelayMs=140.3233
[05:32:47] [Server thread/INFO] [STDOUT]: [com.layue13.clashweave.experiment.s3supp.Experiment:log:22]: CW3 PLAN id=29 lead=0 defer=3 anchorTick=941 hit=953 stamp=953 anchorWall=98748006918500 legacy=false
[05:32:47] [Server thread/INFO] [STDOUT]: [com.layue13.clashweave.experiment.s3supp.Experiment:log:22]: CW3 FREEZE id=29 tick=953 target=4 attacker=5 distance=1.0
[05:32:47] [Netty IO #1/INFO] [STDOUT]: [com.layue13.clashweave.experiment.s3supp.Experiment:log:22]: CW3 WIRE nano=98748671618300 side=SERVER kind=2 id=29 wall=1791549167875 thread=Netty IO #1 observed=954
[05:32:47] [Server thread/INFO] [STDOUT]: [com.layue13.clashweave.experiment.s3supp.Experiment:log:22]: CW3 RECEIVE id=29 kind=2 stamp=953 tickObserved=954 recvWall=1791549167914 sendWall=98748645935900 wireMs=-96957096767986
[05:32:47] [Server thread/INFO] [STDOUT]: [com.layue13.clashweave.experiment.s3supp.Experiment:log:22]: CW3 CONSUME id=29 stamp=953 consumeTick=955 recvObserved=954 age=2 queueMs=0 sendWall=98748645935900 recvWall=1791549167914 consumeWall=1791549167914 accepted=true
[05:32:47] [Server thread/INFO] [STDOUT]: [com.layue13.clashweave.experiment.s3supp.Experiment:log:22]: CW3 RESULT id=29 lead=0 defer=3 hit=953 commit=956 deadlineNano=98748756996100 commitWall=1791549167961 stamp=953 arrivalNano=98748671618300 window=true before=true parry=true vanillaAccepted=false loss=0.0 feedbackDelayMs=139.1076
[05:32:48] [Server thread/INFO] [STDOUT]: [com.layue13.clashweave.experiment.s3supp.Experiment:log:22]: CW3 PLAN id=30 lead=1 defer=3 anchorTick=961 hit=973 stamp=972 anchorWall=98749009989300 legacy=false
[05:32:48] [Server thread/INFO] [STDOUT]: [com.layue13.clashweave.experiment.s3supp.Experiment:log:22]: CW3 FREEZE id=30 tick=973 target=4 attacker=5 distance=1.0
[05:32:48] [Netty IO #1/INFO] [STDOUT]: [com.layue13.clashweave.experiment.s3supp.Experiment:log:22]: CW3 WIRE nano=98749621596600 side=SERVER kind=2 id=30 wall=1791549168825 thread=Netty IO #1 observed=973
[05:32:48] [Server thread/INFO] [STDOUT]: [com.layue13.clashweave.experiment.s3supp.Experiment:log:22]: CW3 RECEIVE id=30 kind=2 stamp=972 tickObserved=973 recvWall=1791549168869 sendWall=98749595909800 wireMs=-96958046740931
[05:32:48] [Server thread/INFO] [STDOUT]: [com.layue13.clashweave.experiment.s3supp.Experiment:log:22]: CW3 CONSUME id=30 stamp=972 consumeTick=974 recvObserved=973 age=2 queueMs=0 sendWall=98749595909800 recvWall=1791549168869 consumeWall=1791549168869 accepted=true
[05:32:48] [Server thread/INFO] [STDOUT]: [com.layue13.clashweave.experiment.s3supp.Experiment:log:22]: CW3 RESULT id=30 lead=1 defer=3 hit=973 commit=976 deadlineNano=98749759773900 commitWall=1791549168963 stamp=972 arrivalNano=98749621596600 window=true before=true parry=true vanillaAccepted=false loss=0.0 feedbackDelayMs=141.7258
[05:32:49] [Server thread/INFO] [STDOUT]: [com.layue13.clashweave.experiment.s3supp.Experiment:log:22]: CW3 PLAN id=31 lead=1 defer=3 anchorTick=981 hit=993 stamp=992 anchorWall=98750011945700 legacy=false
[05:32:49] [Server thread/INFO] [STDOUT]: [com.layue13.clashweave.experiment.s3supp.Experiment:log:22]: CW3 FREEZE id=31 tick=993 target=4 attacker=5 distance=1.0
[05:32:49] [Netty IO #1/INFO] [STDOUT]: [com.layue13.clashweave.experiment.s3supp.Experiment:log:22]: CW3 WIRE nano=98750621474800 side=SERVER kind=2 id=31 wall=1791549169825 thread=Netty IO #1 observed=993
[05:32:49] [Server thread/INFO] [STDOUT]: [com.layue13.clashweave.experiment.s3supp.Experiment:log:22]: CW3 RECEIVE id=31 kind=2 stamp=992 tickObserved=993 recvWall=1791549169874 sendWall=98750595780900 wireMs=-96959046611026
[05:32:49] [Server thread/INFO] [STDOUT]: [com.layue13.clashweave.experiment.s3supp.Experiment:log:22]: CW3 CONSUME id=31 stamp=992 consumeTick=994 recvObserved=993 age=2 queueMs=0 sendWall=98750595780900 recvWall=1791549169874 consumeWall=1791549169874 accepted=true
[05:32:49] [Server thread/INFO] [STDOUT]: [com.layue13.clashweave.experiment.s3supp.Experiment:log:22]: CW3 RESULT id=31 lead=1 defer=3 hit=993 commit=996 deadlineNano=98750764363900 commitWall=1791549169968 stamp=992 arrivalNano=98750621474800 window=true before=true parry=true vanillaAccepted=false loss=0.0 feedbackDelayMs=156.3846
[05:32:50] [Server thread/INFO] [STDOUT]: [com.layue13.clashweave.experiment.s3supp.Experiment:log:22]: CW3 PLAN id=32 lead=1 defer=3 anchorTick=1001 hit=1013 stamp=1012 anchorWall=98751015618100 legacy=false
[05:32:50] [Server thread/INFO] [STDOUT]: [com.layue13.clashweave.experiment.s3supp.Experiment:log:22]: CW3 FREEZE id=32 tick=1013 target=4 attacker=5 distance=1.0
[05:32:50] [Netty IO #1/INFO] [STDOUT]: [com.layue13.clashweave.experiment.s3supp.Experiment:log:22]: CW3 WIRE nano=98751621371100 side=SERVER kind=2 id=32 wall=1791549170825 thread=Netty IO #1 observed=1013
[05:32:50] [Server thread/INFO] [STDOUT]: [com.layue13.clashweave.experiment.s3supp.Experiment:log:22]: CW3 RECEIVE id=32 kind=2 stamp=1012 tickObserved=1013 recvWall=1791549170859 sendWall=98751595988300 wireMs=-96960046817441
[05:32:50] [Server thread/INFO] [STDOUT]: [com.layue13.clashweave.experiment.s3supp.Experiment:log:22]: CW3 CONSUME id=32 stamp=1012 consumeTick=1014 recvObserved=1013 age=2 queueMs=0 sendWall=98751595988300 recvWall=1791549170859 consumeWall=1791549170859 accepted=true
[05:32:50] [Server thread/INFO] [STDOUT]: [com.layue13.clashweave.experiment.s3supp.Experiment:log:22]: CW3 RESULT id=32 lead=1 defer=3 hit=1013 commit=1016 deadlineNano=98751766389400 commitWall=1791549170970 stamp=1012 arrivalNano=98751621371100 window=true before=true parry=true vanillaAccepted=false loss=0.0 feedbackDelayMs=157.6245
[05:32:51] [Server thread/INFO] [STDOUT]: [com.layue13.clashweave.experiment.s3supp.Experiment:log:22]: CW3 PLAN id=33 lead=1 defer=3 anchorTick=1021 hit=1033 stamp=1032 anchorWall=98752019010400 legacy=false
[05:32:51] [Server thread/INFO] [STDOUT]: [com.layue13.clashweave.experiment.s3supp.Experiment:log:22]: CW3 FREEZE id=33 tick=1033 target=4 attacker=5 distance=1.0
[05:32:51] [Netty IO #1/INFO] [STDOUT]: [com.layue13.clashweave.experiment.s3supp.Experiment:log:22]: CW3 WIRE nano=98752621602300 side=SERVER kind=2 id=33 wall=1791549171825 thread=Netty IO #1 observed=1033
[05:32:51] [Server thread/INFO] [STDOUT]: [com.layue13.clashweave.experiment.s3supp.Experiment:log:22]: CW3 RECEIVE id=33 kind=2 stamp=1032 tickObserved=1033 recvWall=1791549171866 sendWall=98752595842900 wireMs=-96961046671034
[05:32:51] [Server thread/INFO] [STDOUT]: [com.layue13.clashweave.experiment.s3supp.Experiment:log:22]: CW3 CONSUME id=33 stamp=1032 consumeTick=1034 recvObserved=1033 age=2 queueMs=0 sendWall=98752595842900 recvWall=1791549171866 consumeWall=1791549171866 accepted=true
[05:32:51] [Server thread/INFO] [STDOUT]: [com.layue13.clashweave.experiment.s3supp.Experiment:log:22]: CW3 RESULT id=33 lead=1 defer=3 hit=1033 commit=1036 deadlineNano=98752756898900 commitWall=1791549171961 stamp=1032 arrivalNano=98752621602300 window=true before=true parry=true vanillaAccepted=false loss=0.0 feedbackDelayMs=141.3247
[05:32:52] [Server thread/INFO] [STDOUT]: [com.layue13.clashweave.experiment.s3supp.Experiment:log:22]: CW3 PLAN id=34 lead=1 defer=3 anchorTick=1041 hit=1053 stamp=1052 anchorWall=98753006934500 legacy=false
[05:32:52] [Server thread/INFO] [STDOUT]: [com.layue13.clashweave.experiment.s3supp.Experiment:log:22]: CW3 FREEZE id=34 tick=1053 target=4 attacker=5 distance=1.0
[05:32:52] [Netty IO #1/INFO] [STDOUT]: [com.layue13.clashweave.experiment.s3supp.Experiment:log:22]: CW3 WIRE nano=98753621266600 side=SERVER kind=2 id=34 wall=1791549172825 thread=Netty IO #1 observed=1053
[05:32:52] [Server thread/INFO] [STDOUT]: [com.layue13.clashweave.experiment.s3supp.Experiment:log:22]: CW3 RECEIVE id=34 kind=2 stamp=1052 tickObserved=1053 recvWall=1791549172865 sendWall=98753595521900 wireMs=-96962046349035
[05:32:52] [Server thread/INFO] [STDOUT]: [com.layue13.clashweave.experiment.s3supp.Experiment:log:22]: CW3 CONSUME id=34 stamp=1052 consumeTick=1054 recvObserved=1053 age=2 queueMs=0 sendWall=98753595521900 recvWall=1791549172865 consumeWall=1791549172865 accepted=true
[05:32:52] [Server thread/INFO] [STDOUT]: [com.layue13.clashweave.experiment.s3supp.Experiment:log:22]: CW3 RESULT id=34 lead=1 defer=3 hit=1053 commit=1056 deadlineNano=98753755808300 commitWall=1791549172959 stamp=1052 arrivalNano=98753621266600 window=true before=true parry=true vanillaAccepted=false loss=0.0 feedbackDelayMs=140.5462
[05:32:53] [Server thread/INFO] [STDOUT]: [com.layue13.clashweave.experiment.s3supp.Experiment:log:22]: CW3 PLAN id=35 lead=2 defer=3 anchorTick=1061 hit=1073 stamp=1071 anchorWall=98754005143300 legacy=false
[05:32:53] [Netty IO #1/INFO] [STDOUT]: [com.layue13.clashweave.experiment.s3supp.Experiment:log:22]: CW3 WIRE nano=98754571637800 side=SERVER kind=2 id=35 wall=1791549173775 thread=Netty IO #1 observed=1072
[05:32:53] [Server thread/INFO] [STDOUT]: [com.layue13.clashweave.experiment.s3supp.Experiment:log:22]: CW3 RECEIVE id=35 kind=2 stamp=1071 tickObserved=1072 recvWall=1791549173822 sendWall=98754545926100 wireMs=-96962996752278
[05:32:53] [Server thread/INFO] [STDOUT]: [com.layue13.clashweave.experiment.s3supp.Experiment:log:22]: CW3 CONSUME id=35 stamp=1071 consumeTick=1073 recvObserved=1072 age=2 queueMs=0 sendWall=98754545926100 recvWall=1791549173822 consumeWall=1791549173822 accepted=true
[05:32:53] [Server thread/INFO] [STDOUT]: [com.layue13.clashweave.experiment.s3supp.Experiment:log:22]: CW3 FREEZE id=35 tick=1073 target=4 attacker=5 distance=1.0
[05:32:53] [Server thread/INFO] [STDOUT]: [com.layue13.clashweave.experiment.s3supp.Experiment:log:22]: CW3 RESULT id=35 lead=2 defer=3 hit=1073 commit=1076 deadlineNano=98754757903700 commitWall=1791549173962 stamp=1071 arrivalNano=98754571637800 window=true before=true parry=true vanillaAccepted=false loss=0.0 feedbackDelayMs=139.6171
[05:32:54] [Server thread/INFO] [STDOUT]: [com.layue13.clashweave.experiment.s3supp.Experiment:log:22]: CW3 PLAN id=36 lead=2 defer=3 anchorTick=1081 hit=1093 stamp=1091 anchorWall=98755009618600 legacy=false
[05:32:54] [Netty IO #1/INFO] [STDOUT]: [com.layue13.clashweave.experiment.s3supp.Experiment:log:22]: CW3 WIRE nano=98755571555900 side=SERVER kind=2 id=36 wall=1791549174775 thread=Netty IO #1 observed=1092
[05:32:54] [Server thread/INFO] [STDOUT]: [com.layue13.clashweave.experiment.s3supp.Experiment:log:22]: CW3 RECEIVE id=36 kind=2 stamp=1091 tickObserved=1092 recvWall=1791549174821 sendWall=98755545896900 wireMs=-96963996722079
[05:32:54] [Server thread/INFO] [STDOUT]: [com.layue13.clashweave.experiment.s3supp.Experiment:log:22]: CW3 CONSUME id=36 stamp=1091 consumeTick=1093 recvObserved=1092 age=2 queueMs=0 sendWall=98755545896900 recvWall=1791549174821 consumeWall=1791549174821 accepted=true
[05:32:54] [Server thread/INFO] [STDOUT]: [com.layue13.clashweave.experiment.s3supp.Experiment:log:22]: CW3 FREEZE id=36 tick=1093 target=4 attacker=5 distance=1.0
[05:32:54] [Server thread/INFO] [STDOUT]: [com.layue13.clashweave.experiment.s3supp.Experiment:log:22]: CW3 RESULT id=36 lead=2 defer=3 hit=1093 commit=1096 deadlineNano=98755758116500 commitWall=1791549174962 stamp=1091 arrivalNano=98755571555900 window=true before=true parry=true vanillaAccepted=false loss=0.0 feedbackDelayMs=140.3853
[05:32:55] [Server thread/INFO] [STDOUT]: [com.layue13.clashweave.experiment.s3supp.Experiment:log:22]: CW3 PLAN id=37 lead=2 defer=3 anchorTick=1101 hit=1113 stamp=1111 anchorWall=98756006221800 legacy=false
[05:32:55] [Netty IO #1/INFO] [STDOUT]: [com.layue13.clashweave.experiment.s3supp.Experiment:log:22]: CW3 WIRE nano=98756570904300 side=SERVER kind=2 id=37 wall=1791549175775 thread=Netty IO #1 observed=1112
[05:32:55] [Server thread/INFO] [STDOUT]: [com.layue13.clashweave.experiment.s3supp.Experiment:log:22]: CW3 RECEIVE id=37 kind=2 stamp=1111 tickObserved=1112 recvWall=1791549175818 sendWall=98756545254000 wireMs=-96964996078182
[05:32:55] [Server thread/INFO] [STDOUT]: [com.layue13.clashweave.experiment.s3supp.Experiment:log:22]: CW3 CONSUME id=37 stamp=1111 consumeTick=1113 recvObserved=1112 age=2 queueMs=0 sendWall=98756545254000 recvWall=1791549175818 consumeWall=1791549175818 accepted=true
[05:32:55] [Server thread/INFO] [STDOUT]: [com.layue13.clashweave.experiment.s3supp.Experiment:log:22]: CW3 FREEZE id=37 tick=1113 target=4 attacker=5 distance=1.0
[05:32:55] [Server thread/INFO] [STDOUT]: [com.layue13.clashweave.experiment.s3supp.Experiment:log:22]: CW3 RESULT id=37 lead=2 defer=3 hit=1113 commit=1116 deadlineNano=98756769227900 commitWall=1791549175973 stamp=1111 arrivalNano=98756570904300 window=true before=true parry=true vanillaAccepted=false loss=0.0 feedbackDelayMs=153.9532
[05:32:56] [Server thread/INFO] [STDOUT]: [com.layue13.clashweave.experiment.s3supp.Experiment:log:22]: CW3 PLAN id=38 lead=2 defer=3 anchorTick=1121 hit=1133 stamp=1131 anchorWall=98757018999500 legacy=false
[05:32:56] [Netty IO #1/INFO] [STDOUT]: [com.layue13.clashweave.experiment.s3supp.Experiment:log:22]: CW3 WIRE nano=98757571009600 side=SERVER kind=2 id=38 wall=1791549176775 thread=Netty IO #1 observed=1132
[05:32:56] [Server thread/INFO] [STDOUT]: [com.layue13.clashweave.experiment.s3supp.Experiment:log:22]: CW3 RECEIVE id=38 kind=2 stamp=1131 tickObserved=1132 recvWall=1791549176814 sendWall=98757545324200 wireMs=-96965996147386
[05:32:56] [Server thread/INFO] [STDOUT]: [com.layue13.clashweave.experiment.s3supp.Experiment:log:22]: CW3 CONSUME id=38 stamp=1131 consumeTick=1133 recvObserved=1132 age=2 queueMs=0 sendWall=98757545324200 recvWall=1791549176814 consumeWall=1791549176814 accepted=true
[05:32:56] [Server thread/INFO] [STDOUT]: [com.layue13.clashweave.experiment.s3supp.Experiment:log:22]: CW3 FREEZE id=38 tick=1133 target=4 attacker=5 distance=1.0
[05:32:56] [Server thread/INFO] [STDOUT]: [com.layue13.clashweave.experiment.s3supp.Experiment:log:22]: CW3 RESULT id=38 lead=2 defer=3 hit=1133 commit=1136 deadlineNano=98757767272600 commitWall=1791549176971 stamp=1131 arrivalNano=98757571009600 window=true before=true parry=true vanillaAccepted=false loss=0.0 feedbackDelayMs=156.5585
[05:32:57] [Server thread/INFO] [STDOUT]: [com.layue13.clashweave.experiment.s3supp.Experiment:log:22]: CW3 PLAN id=39 lead=2 defer=3 anchorTick=1141 hit=1153 stamp=1151 anchorWall=98758015576800 legacy=false
[05:32:57] [Netty IO #1/INFO] [STDOUT]: [com.layue13.clashweave.experiment.s3supp.Experiment:log:22]: CW3 WIRE nano=98758571038800 side=SERVER kind=2 id=39 wall=1791549177775 thread=Netty IO #1 observed=1152
[05:32:57] [Server thread/INFO] [STDOUT]: [com.layue13.clashweave.experiment.s3supp.Experiment:log:22]: CW3 RECEIVE id=39 kind=2 stamp=1151 tickObserved=1152 recvWall=1791549177812 sendWall=98758545359700 wireMs=-96966996181888
[05:32:57] [Server thread/INFO] [STDOUT]: [com.layue13.clashweave.experiment.s3supp.Experiment:log:22]: CW3 CONSUME id=39 stamp=1151 consumeTick=1153 recvObserved=1152 age=2 queueMs=0 sendWall=98758545359700 recvWall=1791549177812 consumeWall=1791549177812 accepted=true
[05:32:57] [Server thread/INFO] [STDOUT]: [com.layue13.clashweave.experiment.s3supp.Experiment:log:22]: CW3 FREEZE id=39 tick=1153 target=4 attacker=5 distance=1.0
[05:32:57] [Server thread/INFO] [STDOUT]: [com.layue13.clashweave.experiment.s3supp.Experiment:log:22]: CW3 RESULT id=39 lead=2 defer=3 hit=1153 commit=1156 deadlineNano=98758766021500 commitWall=1791549177970 stamp=1151 arrivalNano=98758571038800 window=true before=true parry=true vanillaAccepted=false loss=0.0 feedbackDelayMs=157.1218
[05:32:58] [Server thread/INFO] [STDOUT]: [com.layue13.clashweave.experiment.s3supp.Experiment:log:22]: CW3 PLAN id=40 lead=3 defer=3 anchorTick=1161 hit=1173 stamp=1170 anchorWall=98759013607600 legacy=false
[05:32:58] [Netty IO #1/INFO] [STDOUT]: [com.layue13.clashweave.experiment.s3supp.Experiment:log:22]: CW3 WIRE nano=98759520777700 side=SERVER kind=2 id=40 wall=1791549178724 thread=Netty IO #1 observed=1171
[05:32:58] [Server thread/INFO] [STDOUT]: [com.layue13.clashweave.experiment.s3supp.Experiment:log:22]: CW3 RECEIVE id=40 kind=2 stamp=1170 tickObserved=1171 recvWall=1791549178762 sendWall=98759495114700 wireMs=-96967945935938
[05:32:58] [Server thread/INFO] [STDOUT]: [com.layue13.clashweave.experiment.s3supp.Experiment:log:22]: CW3 CONSUME id=40 stamp=1170 consumeTick=1172 recvObserved=1171 age=2 queueMs=0 sendWall=98759495114700 recvWall=1791549178762 consumeWall=1791549178762 accepted=true
[05:32:58] [Server thread/INFO] [STDOUT]: [com.layue13.clashweave.experiment.s3supp.Experiment:log:22]: CW3 FREEZE id=40 tick=1173 target=4 attacker=5 distance=1.0
[05:32:58] [Server thread/INFO] [STDOUT]: [com.layue13.clashweave.experiment.s3supp.Experiment:log:22]: CW3 RESULT id=40 lead=3 defer=3 hit=1173 commit=1176 deadlineNano=98759761765400 commitWall=1791549178965 stamp=1170 arrivalNano=98759520777700 window=true before=true parry=true vanillaAccepted=false loss=0.0 feedbackDelayMs=156.7871
[05:32:59] [Server thread/INFO] [STDOUT]: [com.layue13.clashweave.experiment.s3supp.Experiment:log:22]: CW3 PLAN id=41 lead=3 defer=3 anchorTick=1181 hit=1193 stamp=1190 anchorWall=98760012362900 legacy=false
[05:32:59] [Netty IO #1/INFO] [STDOUT]: [com.layue13.clashweave.experiment.s3supp.Experiment:log:22]: CW3 WIRE nano=98760521019300 side=SERVER kind=2 id=41 wall=1791549179725 thread=Netty IO #1 observed=1191
[05:32:59] [Server thread/INFO] [STDOUT]: [com.layue13.clashweave.experiment.s3supp.Experiment:log:22]: CW3 RECEIVE id=41 kind=2 stamp=1190 tickObserved=1191 recvWall=1791549179761 sendWall=98760495297400 wireMs=-96968946117639
[05:32:59] [Server thread/INFO] [STDOUT]: [com.layue13.clashweave.experiment.s3supp.Experiment:log:22]: CW3 CONSUME id=41 stamp=1190 consumeTick=1192 recvObserved=1191 age=2 queueMs=0 sendWall=98760495297400 recvWall=1791549179761 consumeWall=1791549179761 accepted=true
[05:32:59] [Server thread/INFO] [STDOUT]: [com.layue13.clashweave.experiment.s3supp.Experiment:log:22]: CW3 FREEZE id=41 tick=1193 target=4 attacker=5 distance=1.0
[05:32:59] [Server thread/INFO] [STDOUT]: [com.layue13.clashweave.experiment.s3supp.Experiment:log:22]: CW3 RESULT id=41 lead=3 defer=3 hit=1193 commit=1196 deadlineNano=98760759517300 commitWall=1791549179963 stamp=1190 arrivalNano=98760521019300 window=true before=true parry=true vanillaAccepted=false loss=0.0 feedbackDelayMs=139.919
[05:33:00] [Server thread/INFO] [STDOUT]: [com.layue13.clashweave.experiment.s3supp.Experiment:log:22]: CW3 PLAN id=42 lead=3 defer=3 anchorTick=1201 hit=1213 stamp=1210 anchorWall=98761009779600 legacy=false
[05:33:00] [Netty IO #1/INFO] [STDOUT]: [com.layue13.clashweave.experiment.s3supp.Experiment:log:22]: CW3 WIRE nano=98761521630000 side=SERVER kind=2 id=42 wall=1791549180725 thread=Netty IO #1 observed=1211
[05:33:00] [Server thread/INFO] [STDOUT]: [com.layue13.clashweave.experiment.s3supp.Experiment:log:22]: CW3 RECEIVE id=42 kind=2 stamp=1210 tickObserved=1211 recvWall=1791549180759 sendWall=98761495946000 wireMs=-96969946765241
[05:33:00] [Server thread/INFO] [STDOUT]: [com.layue13.clashweave.experiment.s3supp.Experiment:log:22]: CW3 CONSUME id=42 stamp=1210 consumeTick=1212 recvObserved=1211 age=2 queueMs=0 sendWall=98761495946000 recvWall=1791549180759 consumeWall=1791549180759 accepted=true
[05:33:00] [Server thread/INFO] [STDOUT]: [com.layue13.clashweave.experiment.s3supp.Experiment:log:22]: CW3 FREEZE id=42 tick=1213 target=4 attacker=5 distance=1.0
[05:33:00] [Server thread/INFO] [STDOUT]: [com.layue13.clashweave.experiment.s3supp.Experiment:log:22]: CW3 RESULT id=42 lead=3 defer=3 hit=1213 commit=1216 deadlineNano=98761756673000 commitWall=1791549180960 stamp=1210 arrivalNano=98761521630000 window=true before=true parry=true vanillaAccepted=false loss=0.0 feedbackDelayMs=139.1188
[05:33:01] [Server thread/INFO] [STDOUT]: [com.layue13.clashweave.experiment.s3supp.Experiment:log:22]: CW3 PLAN id=43 lead=3 defer=3 anchorTick=1221 hit=1233 stamp=1230 anchorWall=98762006208800 legacy=false
[05:33:01] [Netty IO #1/INFO] [STDOUT]: [com.layue13.clashweave.experiment.s3supp.Experiment:log:22]: CW3 WIRE nano=98762521288500 side=SERVER kind=2 id=43 wall=1791549181725 thread=Netty IO #1 observed=1231
[05:33:01] [Server thread/INFO] [STDOUT]: [com.layue13.clashweave.experiment.s3supp.Experiment:log:22]: CW3 RECEIVE id=43 kind=2 stamp=1230 tickObserved=1231 recvWall=1791549181771 sendWall=98762495505100 wireMs=-96970946323329
[05:33:01] [Server thread/INFO] [STDOUT]: [com.layue13.clashweave.experiment.s3supp.Experiment:log:22]: CW3 CONSUME id=43 stamp=1230 consumeTick=1232 recvObserved=1231 age=2 queueMs=0 sendWall=98762495505100 recvWall=1791549181771 consumeWall=1791549181771 accepted=true
[05:33:01] [Server thread/INFO] [STDOUT]: [com.layue13.clashweave.experiment.s3supp.Experiment:log:22]: CW3 FREEZE id=43 tick=1233 target=4 attacker=5 distance=1.0
[05:33:01] [Server thread/INFO] [STDOUT]: [com.layue13.clashweave.experiment.s3supp.Experiment:log:22]: CW3 RESULT id=43 lead=3 defer=3 hit=1233 commit=1236 deadlineNano=98762755939400 commitWall=1791549181960 stamp=1230 arrivalNano=98762521288500 window=true before=true parry=true vanillaAccepted=false loss=0.0 feedbackDelayMs=141.8317
[05:33:02] [Server thread/INFO] [STDOUT]: [com.layue13.clashweave.experiment.s3supp.Experiment:log:22]: CW3 PLAN id=44 lead=3 defer=3 anchorTick=1241 hit=1253 stamp=1250 anchorWall=98763008518000 legacy=false
[05:33:02] [Netty IO #1/INFO] [STDOUT]: [com.layue13.clashweave.experiment.s3supp.Experiment:log:22]: CW3 WIRE nano=98763521636000 side=SERVER kind=2 id=44 wall=1791549182725 thread=Netty IO #1 observed=1251
[05:33:02] [Server thread/INFO] [STDOUT]: [com.layue13.clashweave.experiment.s3supp.Experiment:log:22]: CW3 RECEIVE id=44 kind=2 stamp=1250 tickObserved=1251 recvWall=1791549182772 sendWall=98763495766200 wireMs=-96971946583428
[05:33:02] [Server thread/INFO] [STDOUT]: [com.layue13.clashweave.experiment.s3supp.Experiment:log:22]: CW3 CONSUME id=44 stamp=1250 consumeTick=1252 recvObserved=1251 age=2 queueMs=0 sendWall=98763495766200 recvWall=1791549182772 consumeWall=1791549182772 accepted=true
[05:33:02] [Server thread/INFO] [STDOUT]: [com.layue13.clashweave.experiment.s3supp.Experiment:log:22]: CW3 FREEZE id=44 tick=1253 target=4 attacker=5 distance=1.0
[05:33:02] [Server thread/INFO] [STDOUT]: [com.layue13.clashweave.experiment.s3supp.Experiment:log:22]: CW3 RESULT id=44 lead=3 defer=3 hit=1253 commit=1256 deadlineNano=98763770119800 commitWall=1791549182974 stamp=1250 arrivalNano=98763521636000 window=true before=true parry=true vanillaAccepted=false loss=0.0 feedbackDelayMs=155.3704
[05:33:03] [Server thread/INFO] [STDOUT]: [com.layue13.clashweave.experiment.s3supp.Experiment:log:22]: CW3 PLAN id=45 lead=4 defer=3 anchorTick=1261 hit=1273 stamp=1269 anchorWall=98764019914800 legacy=false
[05:33:03] [Netty IO #1/INFO] [STDOUT]: [com.layue13.clashweave.experiment.s3supp.Experiment:log:22]: CW3 WIRE nano=98764471871400 side=SERVER kind=2 id=45 wall=1791549183675 thread=Netty IO #1 observed=1270
[05:33:03] [Server thread/INFO] [STDOUT]: [com.layue13.clashweave.experiment.s3supp.Experiment:log:22]: CW3 RECEIVE id=45 kind=2 stamp=1269 tickObserved=1270 recvWall=1791549183724 sendWall=98764445982300 wireMs=-96972896798576
[05:33:03] [Server thread/INFO] [STDOUT]: [com.layue13.clashweave.experiment.s3supp.Experiment:log:22]: CW3 CONSUME id=45 stamp=1269 consumeTick=1271 recvObserved=1270 age=2 queueMs=0 sendWall=98764445982300 recvWall=1791549183724 consumeWall=1791549183724 accepted=true
[05:33:03] [Server thread/INFO] [STDOUT]: [com.layue13.clashweave.experiment.s3supp.Experiment:log:22]: CW3 FREEZE id=45 tick=1273 target=4 attacker=5 distance=1.0
[05:33:03] [Server thread/INFO] [STDOUT]: [com.layue13.clashweave.experiment.s3supp.Experiment:log:22]: CW3 RESULT id=45 lead=4 defer=3 hit=1273 commit=1276 deadlineNano=98764769822500 commitWall=1791549183973 stamp=1269 arrivalNano=98764471871400 window=true before=true parry=true vanillaAccepted=false loss=0.0 feedbackDelayMs=155.7373
[05:33:04] [Server thread/INFO] [STDOUT]: [com.layue13.clashweave.experiment.s3supp.Experiment:log:22]: CW3 PLAN id=46 lead=4 defer=3 anchorTick=1281 hit=1293 stamp=1289 anchorWall=98765018818300 legacy=false
[05:33:04] [Netty IO #1/INFO] [STDOUT]: [com.layue13.clashweave.experiment.s3supp.Experiment:log:22]: CW3 WIRE nano=98765471107300 side=SERVER kind=2 id=46 wall=1791549184675 thread=Netty IO #1 observed=1290
[05:33:04] [Server thread/INFO] [STDOUT]: [com.layue13.clashweave.experiment.s3supp.Experiment:log:22]: CW3 RECEIVE id=46 kind=2 stamp=1289 tickObserved=1290 recvWall=1791549184721 sendWall=98765445269300 wireMs=-96973896084579
[05:33:04] [Server thread/INFO] [STDOUT]: [com.layue13.clashweave.experiment.s3supp.Experiment:log:22]: CW3 CONSUME id=46 stamp=1289 consumeTick=1291 recvObserved=1290 age=2 queueMs=0 sendWall=98765445269300 recvWall=1791549184721 consumeWall=1791549184721 accepted=true
[05:33:04] [Server thread/INFO] [STDOUT]: [com.layue13.clashweave.experiment.s3supp.Experiment:log:22]: CW3 FREEZE id=46 tick=1293 target=4 attacker=5 distance=1.0
[05:33:04] [Server thread/INFO] [STDOUT]: [com.layue13.clashweave.experiment.s3supp.Experiment:log:22]: CW3 RESULT id=46 lead=4 defer=3 hit=1293 commit=1296 deadlineNano=98765767172200 commitWall=1791549184971 stamp=1289 arrivalNano=98765471107300 window=true before=true parry=true vanillaAccepted=false loss=0.0 feedbackDelayMs=156.0008
[05:33:05] [Server thread/INFO] [STDOUT]: [com.layue13.clashweave.experiment.s3supp.Experiment:log:22]: CW3 PLAN id=47 lead=4 defer=3 anchorTick=1301 hit=1313 stamp=1309 anchorWall=98766015592400 legacy=false
[05:33:05] [Netty IO #1/INFO] [STDOUT]: [com.layue13.clashweave.experiment.s3supp.Experiment:log:22]: CW3 WIRE nano=98766470968400 side=SERVER kind=2 id=47 wall=1791549185675 thread=Netty IO #1 observed=1310
[05:33:05] [Server thread/INFO] [STDOUT]: [com.layue13.clashweave.experiment.s3supp.Experiment:log:22]: CW3 RECEIVE id=47 kind=2 stamp=1309 tickObserved=1310 recvWall=1791549185719 sendWall=98766445456200 wireMs=-96974896270481
[05:33:05] [Server thread/INFO] [STDOUT]: [com.layue13.clashweave.experiment.s3supp.Experiment:log:22]: CW3 CONSUME id=47 stamp=1309 consumeTick=1311 recvObserved=1310 age=2 queueMs=0 sendWall=98766445456200 recvWall=1791549185719 consumeWall=1791549185719 accepted=true
[05:33:05] [Server thread/INFO] [STDOUT]: [com.layue13.clashweave.experiment.s3supp.Experiment:log:22]: CW3 FREEZE id=47 tick=1313 target=4 attacker=5 distance=1.0
[05:33:05] [Server thread/INFO] [STDOUT]: [com.layue13.clashweave.experiment.s3supp.Experiment:log:22]: CW3 RESULT id=47 lead=4 defer=3 hit=1313 commit=1316 deadlineNano=98766765425100 commitWall=1791549185969 stamp=1309 arrivalNano=98766470968400 window=true before=true parry=true vanillaAccepted=false loss=0.0 feedbackDelayMs=156.3826
[05:33:06] [Server thread/INFO] [STDOUT]: [com.layue13.clashweave.experiment.s3supp.Experiment:log:22]: CW3 PLAN id=48 lead=4 defer=3 anchorTick=1321 hit=1333 stamp=1329 anchorWall=98767014660200 legacy=false
[05:33:06] [Netty IO #1/INFO] [STDOUT]: [com.layue13.clashweave.experiment.s3supp.Experiment:log:22]: CW3 WIRE nano=98767470961000 side=SERVER kind=2 id=48 wall=1791549186675 thread=Netty IO #1 observed=1330
[05:33:06] [Server thread/INFO] [STDOUT]: [com.layue13.clashweave.experiment.s3supp.Experiment:log:22]: CW3 RECEIVE id=48 kind=2 stamp=1329 tickObserved=1330 recvWall=1791549186719 sendWall=98767445306900 wireMs=-96975896120181
[05:33:06] [Server thread/INFO] [STDOUT]: [com.layue13.clashweave.experiment.s3supp.Experiment:log:22]: CW3 CONSUME id=48 stamp=1329 consumeTick=1331 recvObserved=1330 age=2 queueMs=0 sendWall=98767445306900 recvWall=1791549186719 consumeWall=1791549186719 accepted=true
[05:33:06] [Server thread/INFO] [STDOUT]: [com.layue13.clashweave.experiment.s3supp.Experiment:log:22]: CW3 FREEZE id=48 tick=1333 target=4 attacker=5 distance=1.0
[05:33:06] [Server thread/INFO] [STDOUT]: [com.layue13.clashweave.experiment.s3supp.Experiment:log:22]: CW3 RESULT id=48 lead=4 defer=3 hit=1333 commit=1336 deadlineNano=98767768933900 commitWall=1791549186973 stamp=1329 arrivalNano=98767470961000 window=true before=true parry=true vanillaAccepted=false loss=0.0 feedbackDelayMs=158.8123
[05:33:07] [Server thread/INFO] [STDOUT]: [com.layue13.clashweave.experiment.s3supp.Experiment:log:22]: CW3 PLAN id=49 lead=4 defer=3 anchorTick=1341 hit=1353 stamp=1349 anchorWall=98768021007900 legacy=false
[05:33:07] [Netty IO #1/INFO] [STDOUT]: [com.layue13.clashweave.experiment.s3supp.Experiment:log:22]: CW3 WIRE nano=98768470939000 side=SERVER kind=2 id=49 wall=1791549187675 thread=Netty IO #1 observed=1350
[05:33:07] [Server thread/INFO] [STDOUT]: [com.layue13.clashweave.experiment.s3supp.Experiment:log:22]: CW3 RECEIVE id=49 kind=2 stamp=1349 tickObserved=1350 recvWall=1791549187711 sendWall=98768445294900 wireMs=-96976896107189
[05:33:07] [Server thread/INFO] [STDOUT]: [com.layue13.clashweave.experiment.s3supp.Experiment:log:22]: CW3 CONSUME id=49 stamp=1349 consumeTick=1351 recvObserved=1350 age=2 queueMs=0 sendWall=98768445294900 recvWall=1791549187711 consumeWall=1791549187711 accepted=true
[05:33:07] [Server thread/INFO] [STDOUT]: [com.layue13.clashweave.experiment.s3supp.Experiment:log:22]: CW3 FREEZE id=49 tick=1353 target=4 attacker=5 distance=1.0
[05:33:07] [Server thread/INFO] [STDOUT]: [com.layue13.clashweave.experiment.s3supp.Experiment:log:22]: CW3 RESULT id=49 lead=4 defer=3 hit=1353 commit=1356 deadlineNano=98768757943400 commitWall=1791549187962 stamp=1349 arrivalNano=98768470939000 window=true before=true parry=true vanillaAccepted=false loss=0.0 feedbackDelayMs=140.7656
[05:33:08] [Server thread/INFO] [STDOUT]: [com.layue13.clashweave.experiment.s3supp.Experiment:log:22]: CW3 DONE total=50 eligible=49 eligibleSuccess=49 conditionalAll=true window=5 ageCap=8 worldRollback=false
