# Log excerpt; complete raw log retained locally under build/p0/runs.
# Original lines: 6147
# Marker counts: {'Exception': 171, 'ERROR': 2, 'P0_NETWORK': 3, ' CW ENGAGEMENT': 2, ' CW INPUT': 196, ' CW ACK': 179, ' CW FACING': 62, ' CW START': 58, ' CW AIM': 58, ' CW FREEZE': 37, ' CW COMMIT': 37, 'P0_PREP': 64, ' CW LOCK': 1, 'P0_PERF': 10}
[Loaded java.lang.Exception from C:\Program Files\Zulu\zulu-8\jre\lib\rt.jar]
[Loaded java.lang.RuntimeException from C:\Program Files\Zulu\zulu-8\jre\lib\rt.jar]
[Loaded java.lang.ReflectiveOperationException from C:\Program Files\Zulu\zulu-8\jre\lib\rt.jar]
[Loaded java.lang.ClassNotFoundException from C:\Program Files\Zulu\zulu-8\jre\lib\rt.jar]
[Loaded java.lang.ClassCastException from C:\Program Files\Zulu\zulu-8\jre\lib\rt.jar]
[Loaded java.lang.ArrayStoreException from C:\Program Files\Zulu\zulu-8\jre\lib\rt.jar]
[Loaded java.lang.IllegalMonitorStateException from C:\Program Files\Zulu\zulu-8\jre\lib\rt.jar]
[Loaded java.lang.Thread$UncaughtExceptionHandler from C:\Program Files\Zulu\zulu-8\jre\lib\rt.jar]
[Loaded java.lang.NullPointerException from C:\Program Files\Zulu\zulu-8\jre\lib\rt.jar]
[Loaded java.lang.ArithmeticException from C:\Program Files\Zulu\zulu-8\jre\lib\rt.jar]
[Loaded java.lang.InterruptedException from C:\Program Files\Zulu\zulu-8\jre\lib\rt.jar]
[Loaded java.security.PrivilegedExceptionAction from C:\Program Files\Zulu\zulu-8\jre\lib\rt.jar]
[15:21:43] [main/ERROR] [FML]: The binary patch set is missing. Either you are in a development environment, or things are not going to work!
[15:21:43] [main/ERROR] [FML]: FML appears to be missing any signature data. This is not a good thing
[15:22:01] [Server thread/INFO] [STDOUT]: [com.layue13.clashweave.validation.NetworkScenario:login:44]: P0_NETWORK login=P0A
[15:22:01] [Server thread/INFO] [STDOUT]: [com.layue13.clashweave.forge.CombatServer:trace:729]: CW ENGAGEMENT player=P0A engaged=true revision=2 tick=194 sent=30536777758700
[15:22:01] [Server thread/INFO] [STDOUT]: [com.layue13.clashweave.forge.CombatServer:trace:729]: CW INPUT player=P0A seq=1 kind=-2 target=-1 origin=0 stamp=195 receivedTick=207 consumedTick=208 arrival=30537270497000 gate=STALE
[15:22:01] [Server thread/INFO] [STDOUT]: [com.layue13.clashweave.forge.CombatServer:trace:729]: CW ACK player=P0A seq=1 result=REJECT:STALE
[15:22:01] [Server thread/INFO] [STDOUT]: [com.layue13.clashweave.forge.CombatServer:trace:729]: CW INPUT player=P0A seq=2 kind=-2 target=-1 origin=0 stamp=196 receivedTick=207 consumedTick=208 arrival=30537270543100 gate=STALE
[15:22:01] [Server thread/INFO] [STDOUT]: [com.layue13.clashweave.forge.CombatServer:trace:729]: CW ACK player=P0A seq=2 result=REJECT:STALE
[15:22:01] [Server thread/INFO] [STDOUT]: [com.layue13.clashweave.forge.CombatServer:trace:729]: CW INPUT player=P0A seq=3 kind=-2 target=-1 origin=0 stamp=197 receivedTick=207 consumedTick=208 arrival=30537270558800 gate=STALE
[15:22:01] [Server thread/INFO] [STDOUT]: [com.layue13.clashweave.forge.CombatServer:trace:729]: CW ACK player=P0A seq=3 result=REJECT:STALE
[15:22:01] [Server thread/INFO] [STDOUT]: [com.layue13.clashweave.forge.CombatServer:trace:729]: CW INPUT player=P0A seq=4 kind=-2 target=-1 origin=0 stamp=198 receivedTick=207 consumedTick=208 arrival=30537270590600 gate=STALE
[15:22:01] [Server thread/INFO] [STDOUT]: [com.layue13.clashweave.forge.CombatServer:trace:729]: CW ACK player=P0A seq=4 result=REJECT:STALE
[15:22:01] [Server thread/INFO] [STDOUT]: [com.layue13.clashweave.forge.CombatServer:trace:729]: CW INPUT player=P0A seq=5 kind=-2 target=-1 origin=0 stamp=199 receivedTick=207 consumedTick=208 arrival=30537270642900 gate=OK
[15:22:01] [Server thread/INFO] [STDOUT]: [com.layue13.clashweave.forge.CombatServer:trace:729]: CW INPUT player=P0A seq=6 kind=-2 target=-1 origin=0 stamp=200 receivedTick=208 consumedTick=209 arrival=30537333853600 gate=OK
[15:22:01] [Server thread/INFO] [STDOUT]: [com.layue13.clashweave.forge.CombatServer:trace:729]: CW INPUT player=P0A seq=7 kind=-2 target=-1 origin=0 stamp=201 receivedTick=208 consumedTick=209 arrival=30537333874300 gate=OK
[15:22:01] [Server thread/INFO] [STDOUT]: [com.layue13.clashweave.forge.CombatServer:trace:729]: CW INPUT player=P0A seq=8 kind=-2 target=-1 origin=0 stamp=202 receivedTick=208 consumedTick=209 arrival=30537333891100 gate=OK
[15:22:01] [Server thread/INFO] [STDOUT]: [com.layue13.clashweave.forge.CombatServer:trace:729]: CW INPUT player=P0A seq=9 kind=-2 target=-1 origin=0 stamp=203 receivedTick=208 consumedTick=209 arrival=30537333903400 gate=OK
[15:22:01] [Server thread/INFO] [STDOUT]: [com.layue13.clashweave.forge.CombatServer:trace:729]: CW INPUT player=P0A seq=10 kind=-2 target=-1 origin=0 stamp=204 receivedTick=209 consumedTick=210 arrival=30537380815100 gate=OK
[15:22:01] [Server thread/INFO] [STDOUT]: [com.layue13.clashweave.forge.CombatServer:trace:729]: CW INPUT player=P0A seq=11 kind=-2 target=-1 origin=0 stamp=205 receivedTick=209 consumedTick=210 arrival=30537380857000 gate=OK
[15:22:01] [Server thread/INFO] [STDOUT]: [com.layue13.clashweave.forge.CombatServer:trace:729]: CW INPUT player=P0A seq=12 kind=-2 target=-1 origin=0 stamp=206 receivedTick=209 consumedTick=210 arrival=30537380870500 gate=OK
[15:22:05] [Server thread/INFO] [STDOUT]: [com.layue13.clashweave.forge.CombatServer:trace:729]: CW FACING player=P0A seq=18 requested=0.0 known=40.0 chosen=40.0 accepted=false reason=TURN_RATE
[15:22:05] [Server thread/INFO] [STDOUT]: [com.layue13.clashweave.forge.CombatServer:trace:729]: CW START player=P0A id=1 action=iai tick=292
[15:22:05] [Server thread/INFO] [STDOUT]: [com.layue13.clashweave.forge.CombatServer:trace:729]: CW AIM player=P0A id=1 requested=0.0 baseline=40.0 selected=40.0 beforeDelta=40.0 afterDelta=40.0 accepted=false
[15:22:05] [Server thread/INFO] [STDOUT]: [com.layue13.clashweave.forge.CombatServer:trace:729]: CW ACK player=P0A seq=18 result=START
[15:22:05] [Server thread/INFO] [STDOUT]: [com.layue13.clashweave.forge.CombatServer:trace:729]: CW ACK player=P0A seq=19 result=MOVE_READY
[15:22:06] [Server thread/INFO] [STDOUT]: [com.layue13.clashweave.forge.CombatServer:trace:729]: CW FREEZE player=P0A targetPlayer=false target=1 id=1 hitTick=297 frozen=30541716870500
[15:22:06] [Server thread/INFO] [STDOUT]: [com.layue13.clashweave.forge.CombatServer:trace:729]: CW COMMIT player=P0A targetPlayer=false target=1 id=1 hitTick=297 commitTick=297 frozen=30541716870500 cutoff=30541717131000 guard=0 damage=5.0 hit=true hp=189.4 facing=true
[15:22:06] [Server thread/INFO] [STDOUT]: [com.layue13.clashweave.forge.CombatServer:trace:729]: CW FACING player=P0A seq=20 requested=0.0 known=80.0 chosen=80.0 accepted=false reason=TURN_RATE
[15:22:06] [Server thread/INFO] [STDOUT]: [com.layue13.clashweave.forge.CombatServer:trace:729]: CW START player=P0A id=2 action=light_1 tick=301
[15:22:06] [Server thread/INFO] [STDOUT]: [com.layue13.clashweave.forge.CombatServer:trace:729]: CW AIM player=P0A id=2 requested=0.0 baseline=80.0 selected=80.0 beforeDelta=80.0 afterDelta=80.0 accepted=false
[15:22:06] [Server thread/INFO] [STDOUT]: [com.layue13.clashweave.forge.CombatServer:trace:729]: CW ACK player=P0A seq=20 result=START
[15:22:06] [Server thread/INFO] [STDOUT]: [com.layue13.clashweave.forge.CombatServer:trace:729]: CW ACK player=P0A seq=21 result=MOVE_READY
[15:22:06] [Server thread/INFO] [STDOUT]: [com.layue13.clashweave.forge.CombatServer:trace:729]: CW FREEZE player=P0A targetPlayer=false target=1 id=2 hitTick=305 frozen=30542115998500
[15:22:06] [Server thread/INFO] [STDOUT]: [com.layue13.clashweave.forge.CombatServer:trace:729]: CW COMMIT player=P0A targetPlayer=false target=1 id=2 hitTick=305 commitTick=305 frozen=30542115998500 cutoff=30542116208900 guard=0 damage=3.0 hit=true hp=186.64 facing=true
[15:22:06] [Server thread/INFO] [STDOUT]: [com.layue13.clashweave.forge.CombatServer:trace:729]: CW FACING player=P0A seq=22 requested=0.0 known=0.0 chosen=0.0 accepted=true reason=OK
[15:22:06] [Server thread/INFO] [STDOUT]: [com.layue13.clashweave.forge.CombatServer:trace:729]: CW START player=P0A id=3 action=light_2 tick=309
[15:22:06] [Server thread/INFO] [STDOUT]: [com.layue13.clashweave.forge.CombatServer:trace:729]: CW AIM player=P0A id=3 requested=0.0 baseline=0.0 selected=0.0 beforeDelta=0.0 afterDelta=0.0 accepted=true
[15:22:06] [Server thread/INFO] [STDOUT]: [com.layue13.clashweave.forge.CombatServer:trace:729]: CW ACK player=P0A seq=22 result=START
[15:22:06] [Server thread/INFO] [STDOUT]: [com.layue13.clashweave.forge.CombatServer:trace:729]: CW ACK player=P0A seq=23 result=MOVE_READY
[15:22:07] [Server thread/INFO] [STDOUT]: [com.layue13.clashweave.forge.CombatServer:trace:729]: CW FACING player=P0A seq=24 requested=0.0 known=0.0 chosen=0.0 accepted=true reason=OK
[15:22:07] [Server thread/INFO] [STDOUT]: [com.layue13.clashweave.forge.CombatServer:trace:729]: CW ACK player=P0A seq=24 result=WINDOW_CLOSED
[15:22:07] [Server thread/INFO] [STDOUT]: [com.layue13.clashweave.forge.CombatServer:trace:729]: CW FACING player=P0A seq=25 requested=0.0 known=0.0 chosen=0.0 accepted=true reason=OK
[15:22:07] [Server thread/INFO] [STDOUT]: [com.layue13.clashweave.forge.CombatServer:trace:729]: CW ACK player=P0A seq=25 result=ORIGIN_CHANGED
[15:22:08] [Server thread/INFO] [STDOUT]: [com.layue13.clashweave.forge.CombatServer:trace:729]: CW FACING player=P0A seq=26 requested=0.0 known=0.0 chosen=0.0 accepted=true reason=OK
[15:22:08] [Server thread/INFO] [STDOUT]: [com.layue13.clashweave.forge.CombatServer:trace:729]: CW START player=P0A id=4 action=light_1 tick=338
[15:22:08] [Server thread/INFO] [STDOUT]: [com.layue13.clashweave.forge.CombatServer:trace:729]: CW AIM player=P0A id=4 requested=0.0 baseline=0.0 selected=0.0 beforeDelta=0.0 afterDelta=0.0 accepted=true
[15:22:08] [Server thread/INFO] [STDOUT]: [com.layue13.clashweave.forge.CombatServer:trace:729]: CW FACING player=P0A seq=28 requested=0.0 known=0.0 chosen=0.0 accepted=true reason=OK
[15:22:09] [Server thread/INFO] [STDOUT]: [com.layue13.clashweave.forge.CombatServer:trace:729]: CW FACING player=P0A seq=29 requested=0.0 known=0.0 chosen=0.0 accepted=true reason=OK
[15:22:09] [Server thread/INFO] [STDOUT]: [com.layue13.clashweave.forge.CombatServer:trace:729]: CW START player=P0A id=5 action=heavy tick=363
[15:22:09] [Server thread/INFO] [STDOUT]: [com.layue13.clashweave.forge.CombatServer:trace:729]: CW AIM player=P0A id=5 requested=0.0 baseline=0.0 selected=0.0 beforeDelta=0.0 afterDelta=0.0 accepted=true
[15:22:10] [Server thread/INFO] [STDOUT]: [com.layue13.clashweave.validation.NetworkScenario:login:44]: P0_NETWORK login=P0B
[15:22:10] [Server thread/INFO] [STDOUT]: [com.layue13.clashweave.validation.NetworkScenario:tick:91]: P0_PREP player=P0A afterInstance=5
[15:22:10] [Server thread/INFO] [STDOUT]: [com.layue13.clashweave.validation.NetworkScenario:tick:91]: P0_PREP player=P0B afterInstance=5
[15:22:10] [Server thread/INFO] [STDOUT]: [com.layue13.clashweave.forge.CombatServer:trace:729]: CW FACING player=P0A seq=31 requested=0.0 known=0.0 chosen=0.0 accepted=true reason=OK
[15:22:10] [Server thread/INFO] [STDOUT]: [com.layue13.clashweave.forge.CombatServer:trace:729]: CW START player=P0A id=6 action=sheathe tick=389
[15:22:10] [Server thread/INFO] [STDOUT]: [com.layue13.clashweave.forge.CombatServer:trace:729]: CW AIM player=P0A id=6 requested=0.0 baseline=0.0 selected=0.0 beforeDelta=0.0 afterDelta=0.0 accepted=true
[15:22:11] [Server thread/INFO] [STDOUT]: [com.layue13.clashweave.validation.NetworkScenario:tick:91]: P0_PREP player=P0A afterInstance=6
[15:22:11] [Server thread/INFO] [STDOUT]: [com.layue13.clashweave.validation.NetworkScenario:tick:91]: P0_PREP player=P0B afterInstance=6
[15:22:11] [Server thread/INFO] [STDOUT]: [com.layue13.clashweave.forge.CombatServer:trace:729]: CW LOCK_TARGET player=P0B target=0 hint=0
[15:22:11] [Server thread/INFO] [STDOUT]: [com.layue13.clashweave.forge.CombatServer:trace:729]: CW ENGAGEMENT player=P0B engaged=true revision=4 tick=412 sent=30547471354800
[15:22:11] [Server thread/INFO] [STDOUT]: [com.layue13.clashweave.forge.CombatServer:trace:729]: CW FACING player=P0A seq=33 requested=0.0 known=40.0 chosen=40.0 accepted=false reason=TURN_RATE
[15:22:11] [Server thread/INFO] [STDOUT]: [com.layue13.clashweave.forge.CombatServer:trace:729]: CW START player=P0A id=7 action=iai tick=414
[15:22:11] [Server thread/INFO] [STDOUT]: [com.layue13.clashweave.forge.CombatServer:trace:729]: CW AIM player=P0A id=7 requested=0.0 baseline=40.0 selected=40.0 beforeDelta=40.0 afterDelta=40.0 accepted=false
[15:22:12] [Server thread/INFO] [STDOUT]: [com.layue13.clashweave.forge.CombatServer:trace:729]: CW FACING player=P0A seq=35 requested=0.0 known=0.0 chosen=0.0 accepted=true reason=OK
[15:22:12] [Server thread/INFO] [STDOUT]: [com.layue13.clashweave.validation.NetworkScenario:tick:91]: P0_PREP player=P0A afterInstance=7
[15:22:12] [Server thread/INFO] [STDOUT]: [com.layue13.clashweave.validation.NetworkScenario:tick:91]: P0_PREP player=P0B afterInstance=7
[15:22:13] [Server thread/INFO] [STDOUT]: [com.layue13.clashweave.forge.CombatServer:trace:729]: CW FACING player=P0A seq=36 requested=0.0 known=0.0 chosen=0.0 accepted=true reason=OK
[15:22:13] [Server thread/INFO] [STDOUT]: [com.layue13.clashweave.forge.CombatServer:trace:729]: CW START player=P0A id=8 action=heavy tick=439
[15:22:13] [Server thread/INFO] [STDOUT]: [com.layue13.clashweave.forge.CombatServer:trace:729]: CW AIM player=P0A id=8 requested=0.0 baseline=0.0 selected=0.0 beforeDelta=0.0 afterDelta=0.0 accepted=true
[15:22:13] [Server thread/INFO] [STDOUT]: [com.layue13.clashweave.forge.CombatServer:trace:729]: CW FREEZE player=P0A targetPlayer=true target=60674 id=8 hitTick=444 frozen=30549070411500
[15:22:13] [Server thread/INFO] [STDOUT]: [com.layue13.clashweave.forge.CombatServer:trace:729]: CW COMMIT player=P0A targetPlayer=true target=60674 id=8 hitTick=444 commitTick=448 frozen=30549070411500 cutoff=30549266360300 guard=2 damage=0.0 hit=false hp=200.0 facing=true
[15:22:14] [Server thread/INFO] [STDOUT]: [com.layue13.clashweave.validation.NetworkScenario:tick:91]: P0_PREP player=P0A afterInstance=8
[15:22:14] [Server thread/INFO] [STDOUT]: [com.layue13.clashweave.validation.NetworkScenario:tick:91]: P0_PREP player=P0B afterInstance=8
[15:22:14] [Server thread/INFO] [STDOUT]: [com.layue13.clashweave.forge.CombatServer:trace:729]: CW START player=P0A id=9 action=sheathe tick=464
[15:22:14] [Server thread/INFO] [STDOUT]: [com.layue13.clashweave.forge.CombatServer:trace:729]: CW AIM player=P0A id=9 requested=0.0 baseline=0.0 selected=0.0 beforeDelta=0.0 afterDelta=0.0 accepted=true
[15:22:14] [Server thread/INFO] [STDOUT]: [com.layue13.clashweave.validation.NetworkScenario:tick:91]: P0_PREP player=P0A afterInstance=9
[15:22:14] [Server thread/INFO] [STDOUT]: [com.layue13.clashweave.validation.NetworkScenario:tick:91]: P0_PREP player=P0B afterInstance=9
[15:22:15] [Server thread/INFO] [STDOUT]: [com.layue13.clashweave.validation.NetworkScenario:tick:98]: P0_PERF samples=100 meanNanos=263828 maxNanos=2790800
[15:22:15] [Server thread/INFO] [STDOUT]: [com.layue13.clashweave.forge.CombatServer:trace:729]: CW START player=P0A id=10 action=iai tick=489
[15:22:15] [Server thread/INFO] [STDOUT]: [com.layue13.clashweave.forge.CombatServer:trace:729]: CW AIM player=P0A id=10 requested=0.0 baseline=0.0 selected=0.0 beforeDelta=0.0 afterDelta=0.0 accepted=true
[15:22:15] [Server thread/INFO] [STDOUT]: [com.layue13.clashweave.forge.CombatServer:trace:729]: CW FREEZE player=P0A targetPlayer=true target=60674 id=10 hitTick=494 frozen=30551567570600
[15:22:16] [Server thread/INFO] [STDOUT]: [com.layue13.clashweave.forge.CombatServer:trace:729]: CW COMMIT player=P0A targetPlayer=true target=60674 id=10 hitTick=494 commitTick=498 frozen=30551567570600 cutoff=30551765738200 guard=2 damage=0.0 hit=false hp=200.0 facing=true
[15:22:16] [Server thread/INFO] [STDOUT]: [com.layue13.clashweave.forge.CombatServer:trace:729]: CW START player=P0A id=11 action=light_1 tick=499
[15:22:16] [Server thread/INFO] [STDOUT]: [com.layue13.clashweave.forge.CombatServer:trace:729]: CW AIM player=P0A id=11 requested=0.0 baseline=0.0 selected=0.0 beforeDelta=0.0 afterDelta=0.0 accepted=true
[15:22:16] [Server thread/INFO] [STDOUT]: [com.layue13.clashweave.forge.CombatServer:trace:729]: CW FREEZE player=P0A targetPlayer=true target=60674 id=11 hitTick=503 frozen=30552017542800
[15:22:16] [Server thread/INFO] [STDOUT]: [com.layue13.clashweave.forge.CombatServer:trace:729]: CW COMMIT player=P0A targetPlayer=true target=60674 id=11 hitTick=503 commitTick=507 frozen=30552017542800 cutoff=30552217050200 guard=1 damage=0.75 hit=true hp=199.25 facing=true
[15:22:16] [Server thread/INFO] [STDOUT]: [com.layue13.clashweave.forge.CombatServer:trace:729]: CW START player=P0A id=12 action=heavy tick=508
[15:22:16] [Server thread/INFO] [STDOUT]: [com.layue13.clashweave.forge.CombatServer:trace:729]: CW AIM player=P0A id=12 requested=0.0 baseline=0.0 selected=0.0 beforeDelta=0.0 afterDelta=0.0 accepted=true
[15:22:17] [Server thread/INFO] [STDOUT]: [com.layue13.clashweave.validation.NetworkScenario:tick:91]: P0_PREP player=P0A afterInstance=12
[15:22:17] [Server thread/INFO] [STDOUT]: [com.layue13.clashweave.validation.NetworkScenario:tick:91]: P0_PREP player=P0B afterInstance=12
[15:22:18] [Server thread/INFO] [STDOUT]: [com.layue13.clashweave.forge.CombatServer:trace:729]: CW FREEZE player=P0A targetPlayer=true target=60674 id=13 hitTick=545 frozen=30554117202100
[15:22:18] [Server thread/INFO] [STDOUT]: [com.layue13.clashweave.forge.CombatServer:trace:729]: CW COMMIT player=P0A targetPlayer=true target=60674 id=13 hitTick=545 commitTick=549 frozen=30554117202100 cutoff=30554317397900 guard=2 damage=0.0 hit=false hp=199.25 facing=true
[15:22:20] [Server thread/INFO] [STDOUT]: [com.layue13.clashweave.validation.NetworkScenario:tick:98]: P0_PERF samples=200 meanNanos=250423 maxNanos=2801400
[15:22:20] [Server thread/INFO] [STDOUT]: [com.layue13.clashweave.forge.CombatServer:trace:729]: CW FREEZE player=P0A targetPlayer=true target=60674 id=15 hitTick=595 frozen=30556616394800
[15:22:21] [Server thread/INFO] [STDOUT]: [com.layue13.clashweave.forge.CombatServer:trace:729]: CW COMMIT player=P0A targetPlayer=true target=60674 id=15 hitTick=595 commitTick=599 frozen=30556616394800 cutoff=30556816553800 guard=2 damage=0.0 hit=false hp=200.0 facing=true
[15:22:21] [Server thread/INFO] [STDOUT]: [com.layue13.clashweave.forge.CombatServer:trace:729]: CW FREEZE player=P0A targetPlayer=true target=60674 id=16 hitTick=604 frozen=30557068490800
[15:22:21] [Server thread/INFO] [STDOUT]: [com.layue13.clashweave.forge.CombatServer:trace:729]: CW COMMIT player=P0A targetPlayer=true target=60674 id=16 hitTick=604 commitTick=608 frozen=30557068490800 cutoff=30557266342000 guard=2 damage=0.0 hit=false hp=200.0 facing=true
[15:22:21] [Server thread/INFO] [STDOUT]: [com.layue13.clashweave.forge.CombatServer:trace:729]: CW FREEZE player=P0A targetPlayer=true target=60674 id=17 hitTick=612 frozen=30557468106900
[15:22:22] [Server thread/INFO] [STDOUT]: [com.layue13.clashweave.forge.CombatServer:trace:729]: CW COMMIT player=P0A targetPlayer=true target=60674 id=17 hitTick=612 commitTick=616 frozen=30557468106900 cutoff=30557667645200 guard=1 damage=0.75 hit=true hp=199.25 facing=true
[15:22:23] [Server thread/INFO] [STDOUT]: [com.layue13.clashweave.forge.CombatServer:trace:729]: CW FREEZE player=P0A targetPlayer=true target=60674 id=19 hitTick=645 frozen=30559117861200
[15:22:23] [Server thread/INFO] [STDOUT]: [com.layue13.clashweave.forge.CombatServer:trace:729]: CW COMMIT player=P0A targetPlayer=true target=60674 id=19 hitTick=645 commitTick=649 frozen=30559117861200 cutoff=30559316205300 guard=2 damage=0.0 hit=false hp=199.25 facing=true
[15:22:25] [Server thread/INFO] [STDOUT]: [com.layue13.clashweave.validation.NetworkScenario:tick:98]: P0_PERF samples=300 meanNanos=241225 maxNanos=2801400
[15:22:25] [Server thread/INFO] [STDOUT]: [com.layue13.clashweave.forge.CombatServer:trace:729]: CW FREEZE player=P0A targetPlayer=true target=60674 id=21 hitTick=695 frozen=30561617157700
[15:22:26] [Server thread/INFO] [STDOUT]: [com.layue13.clashweave.forge.CombatServer:trace:729]: CW COMMIT player=P0A targetPlayer=true target=60674 id=21 hitTick=695 commitTick=699 frozen=30561617157700 cutoff=30561816689500 guard=2 damage=0.0 hit=false hp=200.0 facing=true
[15:22:26] [Server thread/INFO] [STDOUT]: [com.layue13.clashweave.forge.CombatServer:trace:729]: CW FREEZE player=P0A targetPlayer=true target=60674 id=22 hitTick=704 frozen=30562068853300
[15:22:26] [Server thread/INFO] [STDOUT]: [com.layue13.clashweave.forge.CombatServer:trace:729]: CW COMMIT player=P0A targetPlayer=true target=60674 id=22 hitTick=704 commitTick=708 frozen=30562068853300 cutoff=30562267117600 guard=2 damage=0.0 hit=false hp=200.0 facing=true
[15:22:30] [Server thread/INFO] [STDOUT]: [com.layue13.clashweave.validation.NetworkScenario:tick:98]: P0_PERF samples=400 meanNanos=231194 maxNanos=2801400
[15:22:35] [Server thread/INFO] [STDOUT]: [com.layue13.clashweave.validation.NetworkScenario:tick:98]: P0_PERF samples=500 meanNanos=232577 maxNanos=3102100
[15:22:40] [Server thread/INFO] [STDOUT]: [com.layue13.clashweave.validation.NetworkScenario:tick:98]: P0_PERF samples=600 meanNanos=223542 maxNanos=3102100
[15:22:45] [Server thread/INFO] [STDOUT]: [com.layue13.clashweave.validation.NetworkScenario:tick:98]: P0_PERF samples=700 meanNanos=243860 maxNanos=13197900
[15:22:50] [Server thread/INFO] [STDOUT]: [com.layue13.clashweave.validation.NetworkScenario:tick:98]: P0_PERF samples=800 meanNanos=234128 maxNanos=13197900
[15:22:55] [Server thread/INFO] [STDOUT]: [com.layue13.clashweave.validation.NetworkScenario:tick:98]: P0_PERF samples=900 meanNanos=229621 maxNanos=13197900
[15:23:00] [Server thread/INFO] [STDOUT]: [com.layue13.clashweave.validation.NetworkScenario:tick:98]: P0_PERF samples=1000 meanNanos=224197 maxNanos=13197900
[15:23:00] [Server thread/INFO] [STDOUT]: [com.layue13.clashweave.validation.NetworkScenario:tick:100]: P0_NETWORK COMPLETE
