# Log excerpt; complete raw log retained locally under build/p0/runs.
# Original lines: 458
# Marker counts: {'ERROR': 3, 'CW_RENDER': 1, 'Exception': 2, 'P0_AUDIO': 39, 'CW_VIEW': 32, 'CW_ENGAGEMENT': 1, 'P0_REPLAY': 29, 'P0_CAPTURE': 8, 'P0_LOCAL_AUDIO': 24, 'CW_LOCAL_SWING': 24, 'P0_REQUEST': 65, 'CW_ALIGN': 35, 'CW_FEEDBACK': 38, 'CW_FRAME': 38, 'P0_LATE_WIRE': 1, 'P0_PENDING': 1}
[15:20:30] [main/ERROR] [FML]: The binary patch set is missing. Either you are in a development environment, or things are not going to work!
[15:20:30] [main/ERROR] [FML]: FML appears to be missing any signature data. This is not a good thing
This is just a prompt for computer specs to be printed. THIS IS NOT A ERROR
[15:20:34] [Client thread/INFO] [STDOUT]: [com.layue13.clashweave.client.KatanaRendering:load:42]: CW_RENDER models loaded units=block blade=+Y sheath=downwardBipedY angle=45.0
[15:20:34] [Forge Version Check/INFO] [STDERR]: [java.lang.Throwable$WrappedPrintStream:println:749]: com.google.gson.JsonSyntaxException: java.lang.IllegalStateException: Expected BEGIN_OBJECT but was STRING at line 1 column 1
[15:20:34] [Forge Version Check/INFO] [STDERR]: [java.lang.Throwable$WrappedPrintStream:println:749]: Caused by: java.lang.IllegalStateException: Expected BEGIN_OBJECT but was STRING at line 1 column 1
[15:20:35] [Client thread/INFO] [STDOUT]: [com.layue13.clashweave.validation.ClientReplay:<init>:67]: P0_AUDIO initial loader settled
[15:20:40] [Client thread/INFO] [STDOUT]: [com.layue13.clashweave.client.ViewPreservingCorrections$Preserved:processPacket:75]: CW_VIEW packet=1 yawDelta=0.0 pitchDelta=0.0 requestedYawDelta=0.0 requestedPitchDelta=0.0 nano=30456417619600
[15:20:40] [Client thread/INFO] [STDOUT]: [com.layue13.clashweave.client.ClientProxy:apply:215]: CW_ENGAGEMENT player=P0A engaged=true revision=2 tick=178 receive=30456524476800
[15:20:42] [Client thread/INFO] [STDOUT]: [com.layue13.clashweave.validation.ClientReplay:tick:236]: P0_REPLAY tick=40 action= progress=2.2000000001298758E-4 feedback=REJECT:STALE
[15:20:42] [Client thread/INFO] [STDOUT]: [com.layue13.clashweave.validation.ClientReplay:frame:383]: P0_CAPTURE sheathed-0 instance=0 progress=1.469368000000003 nano=30458600639600
[15:20:43] [Client thread/INFO] [STDOUT]: [com.layue13.clashweave.validation.ClientReplay:frame:383]: P0_CAPTURE sheathed-2 instance=0 progress=1.1675921434041356 nano=30458689355300
[15:20:44] [Client thread/INFO] [STDOUT]: [com.layue13.clashweave.validation.ClientReplay:audio:396]: P0_LOCAL_AUDIO nano=30460557997300
[15:20:44] [Client thread/INFO] [STDOUT]: [com.layue13.clashweave.client.ClientProxy:send:147]: CW_LOCAL_SWING seq=36 press=30460557741300 feedback=30460560801100
[15:20:44] [Client thread/INFO] [STDOUT]: [com.layue13.clashweave.validation.ClientReplay:request:298]: P0_REQUEST intent=LIGHT yaw=0.0 pitch=0.0 nano=30460561086600
[15:20:44] [Client thread/INFO] [STDOUT]: [com.layue13.clashweave.validation.ClientReplay:tick:236]: P0_REPLAY tick=80 action= progress=2.0599999999149077E-4 feedback=REJECT:STALE
[15:20:44] [Client thread/INFO] [STDOUT]: [com.layue13.clashweave.client.ClientProxy:apply:229]: CW_ALIGN player=P0A seq=36 predicted=0 authoritative=0 sameAction=true
[15:20:45] [Client thread/INFO] [STDOUT]: [com.layue13.clashweave.validation.ClientReplay:frame:383]: P0_CAPTURE draw-0 instance=1 progress=2.5023879999999963 nano=30460749981300
[15:20:45] [Client thread/INFO] [STDOUT]: [com.layue13.clashweave.validation.ClientReplay:frame:383]: P0_CAPTURE draw-2 instance=1 progress=3.4020076131913015 nano=30460858601600
[15:20:45] [Client thread/INFO] [STDOUT]: [com.layue13.clashweave.client.ClientProxy:apply:274]: CW_FEEDBACK player=P0A result=HIT frozen=30460857678700 receive=30460860332700 corrections=0
[15:20:45] [Client thread/INFO] [STDOUT]: [com.layue13.clashweave.validation.ClientReplay:audio:397]: P0_AUDIO source=random.successful_hit frozen=30460857678700 nano=30460860707100
[15:20:45] [Client thread/INFO] [STDOUT]: [com.layue13.clashweave.client.ClientProxy:hud:341]: CW_FRAME frozen=30460857678700 frame=30460864981900
[15:20:45] [Client thread/INFO] [STDOUT]: [com.layue13.clashweave.validation.ClientReplay:request:298]: P0_REQUEST intent=LIGHT yaw=0.0 pitch=0.0 nano=30460927290400
[15:20:45] [Client thread/INFO] [STDOUT]: [com.layue13.clashweave.client.ClientProxy:apply:274]: CW_FEEDBACK player=P0A result=HIT frozen=30461207212900 receive=30461243918100 corrections=0
[15:20:45] [Client thread/INFO] [STDOUT]: [com.layue13.clashweave.validation.ClientReplay:audio:397]: P0_AUDIO source=random.successful_hit frozen=30461207212900 nano=30461244222100
[15:20:45] [Client thread/INFO] [STDOUT]: [com.layue13.clashweave.client.ClientProxy:hud:341]: CW_FRAME frozen=30461207212900 frame=30461244947600
[15:20:45] [Client thread/INFO] [STDOUT]: [com.layue13.clashweave.validation.ClientReplay:request:298]: P0_REQUEST intent=LIGHT yaw=0.0 pitch=0.0 nano=30461294335700
[15:20:45] [Client thread/INFO] [STDOUT]: [com.layue13.clashweave.validation.ClientReplay:request:298]: P0_REQUEST intent=LIGHT yaw=0.0 pitch=0.0 nano=30461593205100
[15:20:46] [Client thread/INFO] [STDOUT]: [com.layue13.clashweave.validation.ClientReplay:tick:171]: P0_LATE_WIRE seq=43 origin=1
[15:20:46] [Client thread/INFO] [STDOUT]: [com.layue13.clashweave.validation.ClientReplay:tick:236]: P0_REPLAY tick=120 action= progress=9.400641931733844E-5 feedback=ORIGIN_CHANGED
[15:20:47] [Client thread/INFO] [STDOUT]: [com.layue13.clashweave.validation.ClientReplay:audio:396]: P0_LOCAL_AUDIO nano=30462876633100
[15:20:47] [Client thread/INFO] [STDOUT]: [com.layue13.clashweave.client.ClientProxy:send:147]: CW_LOCAL_SWING seq=44 press=30462876523300 feedback=30462877585400
[15:20:47] [Client thread/INFO] [STDOUT]: [com.layue13.clashweave.validation.ClientReplay:request:298]: P0_REQUEST intent=LIGHT yaw=0.0 pitch=0.0 nano=30462877806900
[15:20:47] [Client thread/INFO] [STDOUT]: [com.layue13.clashweave.client.ClientProxy:apply:229]: CW_ALIGN player=P0A seq=44 predicted=0 authoritative=0 sameAction=true
[15:20:47] [Client thread/INFO] [STDOUT]: [com.layue13.clashweave.validation.ClientReplay:request:298]: P0_REQUEST intent=HEAVY yaw=0.0 pitch=0.0 nano=30463176483700
[15:20:48] [Client thread/INFO] [STDOUT]: [com.layue13.clashweave.validation.ClientReplay:audio:396]: P0_LOCAL_AUDIO nano=30464143423700
[15:20:48] [Client thread/INFO] [STDOUT]: [com.layue13.clashweave.client.ClientProxy:send:147]: CW_LOCAL_SWING seq=47 press=30464143300300 feedback=30464143730000
[15:20:48] [Client thread/INFO] [STDOUT]: [com.layue13.clashweave.validation.ClientReplay:request:298]: P0_REQUEST intent=HEAVY yaw=0.0 pitch=0.0 nano=30464143967500
[15:20:48] [Client thread/INFO] [STDOUT]: [com.layue13.clashweave.client.ClientProxy:apply:229]: CW_ALIGN player=P0A seq=47 predicted=0 authoritative=0 sameAction=true
[15:20:48] [Client thread/INFO] [STDOUT]: [com.layue13.clashweave.validation.ClientReplay:frame:383]: P0_CAPTURE swing-0 instance=5 progress=7.143118431589642 nano=30464551812400
[15:20:49] [Client thread/INFO] [STDOUT]: [com.layue13.clashweave.validation.ClientReplay:frame:383]: P0_CAPTURE swing-2 instance=5 progress=8.616026486455155 nano=30464647526600
[15:20:49] [Client thread/INFO] [STDOUT]: [com.layue13.clashweave.validation.ClientReplay:tick:236]: P0_REPLAY tick=160 action=heavy progress=9.003278000000023 feedback=MOVE_READY
[15:20:49] [Client thread/INFO] [STDOUT]: [com.layue13.clashweave.validation.ClientReplay:request:298]: P0_REQUEST intent=SHEATHE yaw=0.0 pitch=0.0 nano=30465415251100
[15:20:49] [Client thread/INFO] [STDOUT]: [com.layue13.clashweave.client.ClientProxy:apply:229]: CW_ALIGN player=P0A seq=49 predicted=0 authoritative=0 sameAction=true
[15:20:50] [Client thread/INFO] [STDOUT]: [com.layue13.clashweave.validation.ClientReplay:frame:383]: P0_CAPTURE sheathe-0 instance=6 progress=4.7190499999999815 nano=30465701874800
[15:20:50] [Client thread/INFO] [STDOUT]: [com.layue13.clashweave.validation.ClientReplay:frame:383]: P0_CAPTURE sheathe-2 instance=6 progress=4.902277526862804 nano=30465781572600
[15:20:50] [Client thread/INFO] [STDOUT]: [com.layue13.clashweave.client.ViewPreservingCorrections$Preserved:processPacket:75]: CW_VIEW packet=1 yawDelta=0.0 pitchDelta=0.0 requestedYawDelta=-80.0 requestedPitchDelta=0.0 nano=30465866181600
[15:20:51] [Client thread/INFO] [STDOUT]: [com.layue13.clashweave.validation.ClientReplay:audio:396]: P0_LOCAL_AUDIO nano=30466666315300
[15:20:51] [Client thread/INFO] [STDOUT]: [com.layue13.clashweave.client.ClientProxy:send:147]: CW_LOCAL_SWING seq=51 press=30466666184600 feedback=30466666624300
[15:20:51] [Client thread/INFO] [STDOUT]: [com.layue13.clashweave.validation.ClientReplay:request:298]: P0_REQUEST intent=LIGHT yaw=0.0 pitch=0.0 nano=30466666801900
[15:20:51] [Client thread/INFO] [STDOUT]: [com.layue13.clashweave.validation.ClientReplay:tick:236]: P0_REPLAY tick=200 action= progress=1.1999999998124622E-4 feedback=MOVE_READY
[15:20:51] [Client thread/INFO] [STDOUT]: [com.layue13.clashweave.client.ClientProxy:apply:229]: CW_ALIGN player=P0A seq=51 predicted=0 authoritative=0 sameAction=true
[15:20:51] [Client thread/INFO] [STDOUT]: [com.layue13.clashweave.validation.ClientReplay:request:298]: P0_REQUEST intent=LIGHT yaw=0.0 pitch=0.0 nano=30467016594900
[15:20:51] [Client thread/INFO] [STDOUT]: [com.layue13.clashweave.client.ViewPreservingCorrections$Preserved:processPacket:75]: CW_VIEW packet=1 yawDelta=0.0 pitchDelta=0.0 requestedYawDelta=0.0 requestedPitchDelta=0.0 nano=30467581705100
[15:20:52] [Client thread/INFO] [STDOUT]: [com.layue13.clashweave.validation.ClientReplay:audio:396]: P0_LOCAL_AUDIO nano=30467932630000
[15:20:52] [Client thread/INFO] [STDOUT]: [com.layue13.clashweave.client.ClientProxy:send:147]: CW_LOCAL_SWING seq=54 press=30467932513000 feedback=30467933604100
[15:20:52] [Client thread/INFO] [STDOUT]: [com.layue13.clashweave.validation.ClientReplay:request:298]: P0_REQUEST intent=HEAVY yaw=0.0 pitch=0.0 nano=30467933838500
[15:20:52] [Client thread/INFO] [STDOUT]: [com.layue13.clashweave.client.ClientProxy:apply:229]: CW_ALIGN player=P0A seq=54 predicted=0 authoritative=0 sameAction=true
[15:20:52] [Client thread/INFO] [STDOUT]: [com.layue13.clashweave.client.ClientProxy:apply:274]: CW_FEEDBACK player=P0A result=PARRY frozen=30468209152700 receive=30468432941300 corrections=0
[15:20:52] [Client thread/INFO] [STDOUT]: [com.layue13.clashweave.validation.ClientReplay:audio:397]: P0_AUDIO source=random.anvil_land frozen=30468209152700 nano=30468433373700
[15:20:52] [Client thread/INFO] [STDOUT]: [com.layue13.clashweave.client.ClientProxy:hud:341]: CW_FRAME frozen=30468209152700 frame=30468436166300
[15:20:53] [Client thread/INFO] [STDOUT]: [com.layue13.clashweave.validation.ClientReplay:tick:236]: P0_REPLAY tick=240 action=heavy progress=14.000101552155002 feedback=PARRY
[15:20:53] [Client thread/INFO] [STDOUT]: [com.layue13.clashweave.client.ViewPreservingCorrections$Preserved:processPacket:75]: CW_VIEW packet=1 yawDelta=0.0 pitchDelta=0.0 requestedYawDelta=0.0 requestedPitchDelta=0.0 nano=30468831932100
[15:20:53] [Client thread/INFO] [STDOUT]: [com.layue13.clashweave.validation.ClientReplay:request:298]: P0_REQUEST intent=SHEATHE yaw=0.0 pitch=0.0 nano=30469182540600
[15:20:53] [Client thread/INFO] [STDOUT]: [com.layue13.clashweave.client.ClientProxy:apply:229]: CW_ALIGN player=P0A seq=56 predicted=0 authoritative=0 sameAction=true
[15:20:54] [Client thread/INFO] [STDOUT]: [com.layue13.clashweave.client.ViewPreservingCorrections$Preserved:processPacket:75]: CW_VIEW packet=1 yawDelta=0.0 pitchDelta=0.0 requestedYawDelta=0.0 requestedPitchDelta=0.0 nano=30469648818500
[15:20:54] [Client thread/INFO] [STDOUT]: [com.layue13.clashweave.validation.ClientReplay:audio:396]: P0_LOCAL_AUDIO nano=30470449568000
[15:20:54] [Client thread/INFO] [STDOUT]: [com.layue13.clashweave.client.ClientProxy:send:147]: CW_LOCAL_SWING seq=58 press=30470449448800 feedback=30470450517300
[15:20:54] [Client thread/INFO] [STDOUT]: [com.layue13.clashweave.client.ClientProxy:apply:229]: CW_ALIGN player=P0A seq=58 predicted=0 authoritative=0 sameAction=true
[15:20:55] [Client thread/INFO] [STDOUT]: [com.layue13.clashweave.validation.ClientReplay:tick:236]: P0_REPLAY tick=280 action=iai progress=4.000126000000023 feedback=MOVE_READY
[15:20:55] [Client thread/INFO] [STDOUT]: [com.layue13.clashweave.client.ClientProxy:apply:274]: CW_FEEDBACK player=P0A result=HIT frozen=30470756580600 receive=30470799026400 corrections=0
[15:20:55] [Client thread/INFO] [STDOUT]: [com.layue13.clashweave.validation.ClientReplay:audio:397]: P0_AUDIO source=random.successful_hit frozen=30470756580600 nano=30470799286300
[15:20:55] [Client thread/INFO] [STDOUT]: [com.layue13.clashweave.client.ClientProxy:hud:341]: CW_FRAME frozen=30470756580600 frame=30470799975500
[15:20:55] [Client thread/INFO] [STDOUT]: [com.layue13.clashweave.client.ClientProxy:apply:274]: CW_FEEDBACK player=P0A result=PARRY frozen=30470705879400 receive=30470899102300 corrections=0
[15:20:55] [Client thread/INFO] [STDOUT]: [com.layue13.clashweave.validation.ClientReplay:audio:397]: P0_AUDIO source=random.anvil_land frozen=30470705879400 nano=30470899442100
[15:20:55] [Client thread/INFO] [STDOUT]: [com.layue13.clashweave.client.ClientProxy:hud:341]: CW_FRAME frozen=30470705879400 frame=30470900192500
[15:20:55] [Client thread/INFO] [STDOUT]: [com.layue13.clashweave.client.ClientProxy:apply:274]: CW_FEEDBACK player=P0A result=BLOCK frozen=30471056348500 receive=30471301882100 corrections=0
[15:20:55] [Client thread/INFO] [STDOUT]: [com.layue13.clashweave.validation.ClientReplay:audio:397]: P0_AUDIO source=random.anvil_land frozen=30471056348500 nano=30471302151500
[15:20:55] [Client thread/INFO] [STDOUT]: [com.layue13.clashweave.client.ClientProxy:hud:341]: CW_FRAME frozen=30471056348500 frame=30471302673500
[15:20:56] [Client thread/INFO] [STDOUT]: [com.layue13.clashweave.client.ViewPreservingCorrections$Preserved:processPacket:75]: CW_VIEW packet=1 yawDelta=0.0 pitchDelta=0.0 requestedYawDelta=0.0 requestedPitchDelta=0.0 nano=30472198786800
[15:20:57] [Client thread/INFO] [STDOUT]: [com.layue13.clashweave.validation.ClientReplay:tick:236]: P0_REPLAY tick=320 action= progress=5.99999999622014E-5 feedback=MOVE_READY
[15:20:57] [Client thread/INFO] [STDOUT]: [com.layue13.clashweave.validation.ClientReplay:audio:396]: P0_LOCAL_AUDIO nano=30472949524100
[15:20:57] [Client thread/INFO] [STDOUT]: [com.layue13.clashweave.client.ClientProxy:send:147]: CW_LOCAL_SWING seq=64 press=30472949409500 feedback=30472949817300
[15:20:57] [Client thread/INFO] [STDOUT]: [com.layue13.clashweave.client.ClientProxy:apply:229]: CW_ALIGN player=P0A seq=64 predicted=0 authoritative=0 sameAction=true
[15:20:57] [Client thread/INFO] [STDOUT]: [com.layue13.clashweave.client.ClientProxy:apply:274]: CW_FEEDBACK player=P0A result=PARRY frozen=30473206694300 receive=30473449145200 corrections=0
[15:20:57] [Client thread/INFO] [STDOUT]: [com.layue13.clashweave.validation.ClientReplay:audio:397]: P0_AUDIO source=random.anvil_land frozen=30473206694300 nano=30473449484000
[15:20:57] [Client thread/INFO] [STDOUT]: [com.layue13.clashweave.client.ClientProxy:hud:341]: CW_FRAME frozen=30473206694300 frame=30473449968700
[15:20:58] [Client thread/INFO] [STDOUT]: [com.layue13.clashweave.client.ViewPreservingCorrections$Preserved:processPacket:75]: CW_VIEW packet=1 yawDelta=0.0 pitchDelta=0.0 requestedYawDelta=0.0 requestedPitchDelta=0.0 nano=30473849555000
[15:20:58] [Client thread/INFO] [STDOUT]: [com.layue13.clashweave.client.ClientProxy:apply:229]: CW_ALIGN player=P0A seq=66 predicted=0 authoritative=0 sameAction=true
[15:20:59] [Client thread/INFO] [STDOUT]: [com.layue13.clashweave.client.ViewPreservingCorrections$Preserved:processPacket:75]: CW_VIEW packet=1 yawDelta=0.0 pitchDelta=0.0 requestedYawDelta=0.0 requestedPitchDelta=0.0 nano=30474649604200
[15:20:59] [Client thread/INFO] [STDOUT]: [com.layue13.clashweave.validation.ClientReplay:tick:236]: P0_REPLAY tick=360 action= progress=5.7999999967250915E-5 feedback=MOVE_READY
[15:20:59] [Client thread/INFO] [STDOUT]: [com.layue13.clashweave.validation.ClientReplay:audio:396]: P0_LOCAL_AUDIO nano=30475450162300
[15:20:59] [Client thread/INFO] [STDOUT]: [com.layue13.clashweave.client.ClientProxy:send:147]: CW_LOCAL_SWING seq=68 press=30475450043900 feedback=30475451144000
[15:20:59] [Client thread/INFO] [STDOUT]: [com.layue13.clashweave.client.ClientProxy:apply:229]: CW_ALIGN player=P0A seq=68 predicted=0 authoritative=0 sameAction=true
[15:21:00] [Client thread/INFO] [STDOUT]: [com.layue13.clashweave.client.ClientProxy:apply:274]: CW_FEEDBACK player=P0A result=PARRY frozen=30475705208900 receive=30475899453300 corrections=0
[15:21:00] [Client thread/INFO] [STDOUT]: [com.layue13.clashweave.validation.ClientReplay:audio:397]: P0_AUDIO source=random.anvil_land frozen=30475705208900 nano=30475899710200
[15:21:00] [Client thread/INFO] [STDOUT]: [com.layue13.clashweave.client.ClientProxy:hud:341]: CW_FRAME frozen=30475705208900 frame=30475900149500
[15:21:00] [Client thread/INFO] [STDOUT]: [com.layue13.clashweave.client.ClientProxy:apply:274]: CW_FEEDBACK player=P0A result=BLOCK frozen=30476106735800 receive=30476351531000 corrections=0
[15:21:00] [Client thread/INFO] [STDOUT]: [com.layue13.clashweave.validation.ClientReplay:audio:397]: P0_AUDIO source=random.anvil_land frozen=30476106735800 nano=30476351897500
[15:21:00] [Client thread/INFO] [STDOUT]: [com.layue13.clashweave.client.ClientProxy:hud:341]: CW_FRAME frozen=30476106735800 frame=30476352523900
[15:21:01] [Client thread/INFO] [STDOUT]: [com.layue13.clashweave.validation.ClientReplay:tick:236]: P0_REPLAY tick=400 action=light_2 progress=6.0000939023415185 feedback=MOVE_READY
[15:21:01] [Client thread/INFO] [STDOUT]: [com.layue13.clashweave.client.ClientProxy:apply:274]: CW_FEEDBACK player=P0A result=BLOCK frozen=30476507548600 receive=30476752394800 corrections=0
[15:21:01] [Client thread/INFO] [STDOUT]: [com.layue13.clashweave.validation.ClientReplay:audio:397]: P0_AUDIO source=random.anvil_land frozen=30476507548600 nano=30476752670900
[15:21:01] [Client thread/INFO] [STDOUT]: [com.layue13.clashweave.client.ClientProxy:hud:341]: CW_FRAME frozen=30476507548600 frame=30476753216100
[15:21:01] [Client thread/INFO] [STDOUT]: [com.layue13.clashweave.client.ViewPreservingCorrections$Preserved:processPacket:75]: CW_VIEW packet=1 yawDelta=0.0 pitchDelta=0.0 requestedYawDelta=0.0 requestedPitchDelta=0.0 nano=30477499106100
[15:21:02] [Client thread/INFO] [STDOUT]: [com.layue13.clashweave.validation.ClientReplay:audio:396]: P0_LOCAL_AUDIO nano=30477949811900
[15:21:02] [Client thread/INFO] [STDOUT]: [com.layue13.clashweave.client.ClientProxy:send:147]: CW_LOCAL_SWING seq=76 press=30477949702400 feedback=30477950071700
[15:21:02] [Client thread/INFO] [STDOUT]: [com.layue13.clashweave.client.ClientProxy:apply:229]: CW_ALIGN player=P0A seq=76 predicted=0 authoritative=0 sameAction=true
[15:21:02] [Client thread/INFO] [STDOUT]: [com.layue13.clashweave.client.ClientProxy:apply:274]: CW_FEEDBACK player=P0A result=PARRY frozen=30478205725100 receive=30478449862100 corrections=0
[15:21:02] [Client thread/INFO] [STDOUT]: [com.layue13.clashweave.validation.ClientReplay:audio:397]: P0_AUDIO source=random.anvil_land frozen=30478205725100 nano=30478450179200
[15:21:02] [Client thread/INFO] [STDOUT]: [com.layue13.clashweave.client.ClientProxy:hud:341]: CW_FRAME frozen=30478205725100 frame=30478450662500
[15:21:03] [Client thread/INFO] [STDOUT]: [com.layue13.clashweave.validation.ClientReplay:tick:236]: P0_REPLAY tick=440 action=heavy progress=14.00007199467234 feedback=PARRY
[15:21:03] [Client thread/INFO] [STDOUT]: [com.layue13.clashweave.client.ViewPreservingCorrections$Preserved:processPacket:75]: CW_VIEW packet=1 yawDelta=0.0 pitchDelta=0.0 requestedYawDelta=0.0 requestedPitchDelta=0.0 nano=30478866078300
[15:21:03] [Client thread/INFO] [STDOUT]: [com.layue13.clashweave.client.ViewPreservingCorrections$Preserved:processPacket:75]: CW_VIEW packet=1 yawDelta=0.0 pitchDelta=0.0 requestedYawDelta=0.0 requestedPitchDelta=0.0 nano=30479615900700
[15:21:04] [Client thread/INFO] [STDOUT]: [com.layue13.clashweave.validation.ClientReplay:audio:396]: P0_LOCAL_AUDIO nano=30480466155900
[15:21:04] [Client thread/INFO] [STDOUT]: [com.layue13.clashweave.client.ClientProxy:send:147]: CW_LOCAL_SWING seq=80 press=30480466019200 feedback=30480466470300
[15:21:04] [Client thread/INFO] [STDOUT]: [com.layue13.clashweave.validation.ClientReplay:tick:174]: P0_PENDING engaged=true
[15:21:05] [Client thread/INFO] [STDOUT]: [com.layue13.clashweave.validation.ClientReplay:tick:236]: P0_REPLAY tick=480 action=iai progress=4.000161474856213 feedback=MOVE_READY
[15:21:05] [Client thread/INFO] [STDOUT]: [com.layue13.clashweave.client.ClientProxy:apply:274]: CW_FEEDBACK player=P0A result=PARRY frozen=30480756066600 receive=30480968619300 corrections=0
[15:21:05] [Client thread/INFO] [STDOUT]: [com.layue13.clashweave.client.ClientProxy:hud:341]: CW_FRAME frozen=30480756066600 frame=30480969452300
[15:21:06] [Client thread/INFO] [STDOUT]: [com.layue13.clashweave.client.ViewPreservingCorrections$Preserved:processPacket:75]: CW_VIEW packet=1 yawDelta=0.0 pitchDelta=0.0 requestedYawDelta=0.0 requestedPitchDelta=0.0 nano=30482265883500
[15:21:07] [Client thread/INFO] [STDOUT]: [com.layue13.clashweave.validation.ClientReplay:audio:396]: P0_LOCAL_AUDIO nano=30482966012100
[15:21:07] [Client thread/INFO] [STDOUT]: [com.layue13.clashweave.client.ClientProxy:send:147]: CW_LOCAL_SWING seq=86 press=30482965893400 feedback=30482966311200
[15:21:09] [Client thread/INFO] [STDOUT]: [com.layue13.clashweave.validation.ClientReplay:audio:396]: P0_LOCAL_AUDIO nano=30485466259100
[15:21:09] [Client thread/INFO] [STDOUT]: [com.layue13.clashweave.client.ClientProxy:send:147]: CW_LOCAL_SWING seq=90 press=30485466176500 feedback=30485466529900
