# Log excerpt; complete raw log retained locally under build/p0/runs.
# Original lines: 1427
# Marker counts: {'ERROR': 3, 'CW_RENDER': 1, 'Exception': 2, 'P0_AUDIO': 38, 'CW_VIEW': 37, 'CW_ENGAGEMENT': 2, 'P0_APPEARANCE': 2, 'CW_PRESENT': 130, 'P0_REMOTE': 49, 'CW_LOCK_MARKER': 1, 'CW_LOCK_FOLLOW': 970, 'CW_FEEDBACK': 38, 'CW_FRAME': 38}
[08:00:45] [main/ERROR] [FML]: The binary patch set is missing. Either you are in a development environment, or things are not going to work!
[08:00:45] [main/ERROR] [FML]: FML appears to be missing any signature data. This is not a good thing
This is just a prompt for computer specs to be printed. THIS IS NOT A ERROR
[08:00:49] [Client thread/INFO] [STDOUT]: [com.layue13.clashweave.client.KatanaRendering:load:35]: CW_RENDER models loaded units=block blade=+Y sheath=downwardBipedY angle=45.0
[08:00:49] [Forge Version Check/INFO] [STDERR]: [java.lang.Throwable$WrappedPrintStream:println:749]: com.google.gson.JsonSyntaxException: java.lang.IllegalStateException: Expected BEGIN_OBJECT but was STRING at line 1 column 1
[08:00:49] [Forge Version Check/INFO] [STDERR]: [java.lang.Throwable$WrappedPrintStream:println:749]: Caused by: java.lang.IllegalStateException: Expected BEGIN_OBJECT but was STRING at line 1 column 1
[08:00:49] [Client thread/INFO] [STDOUT]: [com.layue13.clashweave.validation.ClientReplay:<init>:69]: P0_AUDIO initial loader settled
[08:00:55] [Client thread/INFO] [STDOUT]: [com.layue13.clashweave.client.ViewPreservingCorrections$Preserved:processPacket:140]: CW_VIEW packet=1 marker=0 protected=false yawDelta=180.0 pitchDelta=0.0 requestedYawDelta=180.0 requestedPitchDelta=0.0 nano=90471462035200
[08:00:55] [Client thread/INFO] [STDOUT]: [com.layue13.clashweave.client.ViewPreservingCorrections$Preserved:processPacket:140]: CW_VIEW packet=1 marker=0 protected=false yawDelta=180.0 pitchDelta=0.0 requestedYawDelta=180.0 requestedPitchDelta=0.0 nano=90471463197900
[08:00:55] [Client thread/INFO] [STDOUT]: [com.layue13.clashweave.client.ClientProxy:apply:251]: CW_ENGAGEMENT player=P0B engaged=false revision=3 tick=431 receive=90471466576500
[08:00:55] [Client thread/INFO] [STDOUT]: [com.layue13.clashweave.validation.ClientReplay:tick:97]: P0_APPEARANCE entity=0 skin=clashweave:katana effects=clashweave:default animations=clashweave:katana style=katana
[08:00:55] [Client thread/INFO] [STDOUT]: [com.layue13.clashweave.validation.ClientReplay:tick:97]: P0_APPEARANCE entity=68786 skin=clashweave:katana effects=clashweave:default animations=clashweave:katana style=katana
[08:00:56] [Client thread/INFO] [STDOUT]: [com.layue13.clashweave.client.ViewPreservingCorrections$Preserved:processPacket:140]: CW_VIEW packet=1 marker=0 protected=false yawDelta=0.0 pitchDelta=0.0 requestedYawDelta=0.0 requestedPitchDelta=0.0 nano=90471681568600
[08:00:56] [Client thread/INFO] [STDOUT]: [com.layue13.clashweave.client.ViewPreservingCorrections$Preserved:processPacket:140]: CW_VIEW packet=1 marker=0 protected=false yawDelta=148.56273 pitchDelta=0.0 requestedYawDelta=148.56273 requestedPitchDelta=0.0 nano=90471964974600
[08:00:56] [Client thread/INFO] [STDOUT]: [com.layue13.clashweave.client.ClientProxy:tick:194]: CW_PRESENT id=14 kind=SWING actor=0 owner=68786
[08:00:56] [Client thread/INFO] [STDOUT]: [com.layue13.clashweave.validation.ClientReplay:tick:175]: P0_REMOTE action= sneak=false
[08:00:56] [Client thread/INFO] [STDOUT]: [com.layue13.clashweave.client.ClientProxy:apply:251]: CW_ENGAGEMENT player=P0B engaged=true revision=4 tick=455 receive=90472553748100
[08:00:56] [Client thread/INFO] [STDOUT]: [com.layue13.clashweave.client.LockCamera:tick:136]: CW_LOCK_MARKER target=0 nano=90472554059100
[08:00:56] [Client thread/INFO] [STDOUT]: [com.layue13.clashweave.client.LockCamera:tick:174]: CW_LOCK_FOLLOW mode=WEAK reason=WEAK target=0 nano=90472554059100 dt=0.0509515 before=148.81503 after=148.81503 pitchBefore=0.0 pitchAfter=0.0 offset=0.0 instance=0 committed=0.0
[08:00:56] [Client thread/INFO] [STDOUT]: [com.layue13.clashweave.client.LockCamera:tick:174]: CW_LOCK_FOLLOW mode=WEAK reason=WEAK target=0 nano=90472620551300 dt=0.0664922 before=148.81503 after=148.81503 pitchBefore=0.0 pitchAfter=0.0 offset=0.0 instance=0 committed=0.0
[08:00:57] [Client thread/INFO] [STDOUT]: [com.layue13.clashweave.client.LockCamera:tick:174]: CW_LOCK_FOLLOW mode=WEAK reason=WEAK target=0 nano=90472670612400 dt=0.0500611 before=148.81503 after=148.81503 pitchBefore=0.0 pitchAfter=0.0 offset=0.0 instance=0 committed=0.0
[08:00:57] [Client thread/INFO] [STDOUT]: [com.layue13.clashweave.client.LockCamera:tick:174]: CW_LOCK_FOLLOW mode=WEAK reason=WEAK target=0 nano=90472721419900 dt=0.0508075 before=148.81503 after=148.81503 pitchBefore=0.0 pitchAfter=0.0 offset=0.0 instance=0 committed=0.0
[08:00:57] [Client thread/INFO] [STDOUT]: [com.layue13.clashweave.client.ClientProxy:apply:310]: CW_FEEDBACK player=P0B result=HURT frozen=90472542185600 receive=90472773693000 corrections=0
[08:00:57] [Client thread/INFO] [STDOUT]: [com.layue13.clashweave.client.LockCamera:tick:174]: CW_LOCK_FOLLOW mode=WEAK reason=WEAK target=0 nano=90472773967500 dt=0.0525476 before=148.81503 after=148.81503 pitchBefore=0.0 pitchAfter=0.0 offset=0.0 instance=0 committed=0.0
[08:00:57] [Client thread/INFO] [STDOUT]: [com.layue13.clashweave.client.ClientProxy:hud:381]: CW_FRAME frozen=90472542185600 frame=90472774867300
[08:00:57] [Client thread/INFO] [STDOUT]: [com.layue13.clashweave.client.LockCamera:tick:174]: CW_LOCK_FOLLOW mode=WEAK reason=WEAK target=0 nano=90472820674700 dt=0.0467072 before=148.81503 after=148.81503 pitchBefore=0.0 pitchAfter=0.0 offset=0.0 instance=0 committed=0.0
[08:00:57] [Client thread/INFO] [STDOUT]: [com.layue13.clashweave.client.LockCamera:tick:174]: CW_LOCK_FOLLOW mode=WEAK reason=WEAK target=0 nano=90472870265200 dt=0.0495905 before=148.81503 after=148.81503 pitchBefore=0.0 pitchAfter=0.0 offset=0.0 instance=0 committed=0.0
[08:00:57] [Client thread/INFO] [STDOUT]: [com.layue13.clashweave.client.LockCamera:tick:174]: CW_LOCK_FOLLOW mode=WEAK reason=WEAK target=0 nano=90472937136100 dt=0.0668709 before=147.36568 after=147.36568 pitchBefore=0.0 pitchAfter=0.0 offset=0.0 instance=0 committed=0.0
[08:00:57] [Client thread/INFO] [STDOUT]: [com.layue13.clashweave.client.LockCamera:tick:174]: CW_LOCK_FOLLOW mode=WEAK reason=WEAK target=0 nano=90472987334800 dt=0.0501987 before=145.79202 after=145.79202 pitchBefore=0.0 pitchAfter=0.0 offset=0.0 instance=0 committed=0.0
[08:00:57] [Client thread/INFO] [STDOUT]: [com.layue13.clashweave.client.LockCamera:tick:174]: CW_LOCK_FOLLOW mode=WEAK reason=WEAK target=0 nano=90473037448700 dt=0.0501139 before=144.1988 after=144.1988 pitchBefore=0.0 pitchAfter=0.0 offset=0.0 instance=0 committed=0.0
[08:00:57] [Client thread/INFO] [STDOUT]: [com.layue13.clashweave.client.LockCamera:tick:174]: CW_LOCK_FOLLOW mode=WEAK reason=WEAK target=0 nano=90473087271500 dt=0.0498228 before=142.47253 after=142.47253 pitchBefore=0.0 pitchAfter=0.0 offset=0.0 instance=0 committed=0.0
[08:00:57] [Client thread/INFO] [STDOUT]: [com.layue13.clashweave.client.LockCamera:tick:174]: CW_LOCK_FOLLOW mode=WEAK reason=WEAK target=0 nano=90473137214400 dt=0.0499429 before=140.59933 after=140.59933 pitchBefore=0.0 pitchAfter=0.0 offset=0.0 instance=0 committed=0.0
[08:00:57] [Client thread/INFO] [STDOUT]: [com.layue13.clashweave.client.ViewPreservingCorrections$Preserved:processPacket:140]: CW_VIEW packet=1 marker=0 protected=false yawDelta=39.400665 pitchDelta=0.0 requestedYawDelta=39.400665 requestedPitchDelta=0.0 nano=90473252653800
[08:00:57] [Client thread/INFO] [STDOUT]: [com.layue13.clashweave.validation.ClientReplay:tick:175]: P0_REMOTE action= sneak=false
[08:00:58] [Client thread/INFO] [STDOUT]: [com.layue13.clashweave.client.ViewPreservingCorrections$Preserved:processPacket:140]: CW_VIEW packet=1 marker=0 protected=false yawDelta=31.184967 pitchDelta=0.0 requestedYawDelta=31.184967 requestedPitchDelta=0.0 nano=90474037373700
[08:00:58] [Client thread/INFO] [STDOUT]: [com.layue13.clashweave.client.ClientProxy:tick:194]: CW_PRESENT id=15 kind=SHEATHE actor=0 owner=68786
[08:00:58] [Client thread/INFO] [STDOUT]: [com.layue13.clashweave.validation.ClientReplay:tick:175]: P0_REMOTE action= sneak=false
[08:00:59] [Client thread/INFO] [STDOUT]: [com.layue13.clashweave.client.ClientProxy:tick:194]: CW_PRESENT id=16 kind=DRAW actor=0 owner=68786
[08:00:59] [Client thread/INFO] [STDOUT]: [com.layue13.clashweave.client.ClientProxy:tick:194]: CW_PRESENT id=17 kind=SWING actor=0 owner=68786
[08:00:59] [Client thread/INFO] [STDOUT]: [com.layue13.clashweave.client.ClientProxy:apply:310]: CW_FEEDBACK player=P0B result=PARRY frozen=90475044466000 receive=90475287103800 corrections=0
[08:00:59] [Client thread/INFO] [STDOUT]: [com.layue13.clashweave.validation.ClientReplay:audio:419]: P0_AUDIO source=random.anvil_land frozen=90475044466000 nano=90475287515900
[08:00:59] [Client thread/INFO] [STDOUT]: [com.layue13.clashweave.client.ClientProxy:tick:194]: CW_PRESENT id=18 kind=PARRY actor=68786 owner=68786
[08:00:59] [Client thread/INFO] [STDOUT]: [com.layue13.clashweave.client.ClientProxy:hud:381]: CW_FRAME frozen=90475044466000 frame=90475291784200
[08:00:59] [Client thread/INFO] [STDOUT]: [com.layue13.clashweave.client.ClientProxy:tick:194]: CW_PRESENT id=19 kind=SWING actor=0 owner=68786
[08:00:59] [Client thread/INFO] [STDOUT]: [com.layue13.clashweave.validation.ClientReplay:tick:175]: P0_REMOTE action= sneak=false
[08:01:00] [Client thread/INFO] [STDOUT]: [com.layue13.clashweave.client.ClientProxy:apply:310]: CW_FEEDBACK player=P0B result=BLOCK frozen=90475440279200 receive=90475689018300 corrections=0
[08:01:00] [Client thread/INFO] [STDOUT]: [com.layue13.clashweave.validation.ClientReplay:audio:419]: P0_AUDIO source=random.anvil_land frozen=90475440279200 nano=90475689337800
[08:01:00] [Client thread/INFO] [STDOUT]: [com.layue13.clashweave.client.ClientProxy:tick:194]: CW_PRESENT id=20 kind=BLOCK actor=68786 owner=68786
[08:01:00] [Client thread/INFO] [STDOUT]: [com.layue13.clashweave.client.ClientProxy:tick:194]: CW_PRESENT id=21 kind=HIT actor=0 owner=68786
[08:01:00] [Client thread/INFO] [STDOUT]: [com.layue13.clashweave.client.ClientProxy:tick:194]: CW_PRESENT id=22 kind=HURT actor=68786 owner=68786
[08:01:00] [Client thread/INFO] [STDOUT]: [com.layue13.clashweave.client.ClientProxy:hud:381]: CW_FRAME frozen=90475440279200 frame=90475690862800
[08:01:00] [Client thread/INFO] [STDOUT]: [com.layue13.clashweave.client.ClientProxy:tick:194]: CW_PRESENT id=23 kind=SWING actor=0 owner=68786
[08:01:00] [Client thread/INFO] [STDOUT]: [com.layue13.clashweave.client.ClientProxy:apply:310]: CW_FEEDBACK player=P0B result=BLOCK frozen=90475941530500 receive=90476155199800 corrections=0
[08:01:00] [Client thread/INFO] [STDOUT]: [com.layue13.clashweave.validation.ClientReplay:audio:419]: P0_AUDIO source=random.anvil_land frozen=90475941530500 nano=90476155577000
[08:01:00] [Client thread/INFO] [STDOUT]: [com.layue13.clashweave.client.ClientProxy:tick:194]: CW_PRESENT id=24 kind=BLOCK actor=68786 owner=68786
[08:01:00] [Client thread/INFO] [STDOUT]: [com.layue13.clashweave.client.ClientProxy:tick:194]: CW_PRESENT id=25 kind=HIT actor=0 owner=68786
[08:01:00] [Client thread/INFO] [STDOUT]: [com.layue13.clashweave.client.ClientProxy:hud:381]: CW_FRAME frozen=90475941530500 frame=90476157117300
[08:01:00] [Client thread/INFO] [STDOUT]: [com.layue13.clashweave.validation.ClientReplay:tick:175]: P0_REMOTE action= sneak=false
[08:01:00] [Client thread/INFO] [STDOUT]: [com.layue13.clashweave.client.ViewPreservingCorrections$Preserved:processPacket:140]: CW_VIEW packet=1 marker=0 protected=false yawDelta=64.836586 pitchDelta=-5.784301 requestedYawDelta=64.836586 requestedPitchDelta=-5.784301 nano=90476619909000
[08:01:01] [Client thread/INFO] [STDOUT]: [com.layue13.clashweave.validation.ClientReplay:tick:175]: P0_REMOTE action= sneak=false
[08:01:02] [Client thread/INFO] [STDOUT]: [com.layue13.clashweave.client.ClientProxy:apply:310]: CW_FEEDBACK player=P0B result=PARRY frozen=90477598748100 receive=90477852923700 corrections=0
[08:01:02] [Client thread/INFO] [STDOUT]: [com.layue13.clashweave.validation.ClientReplay:audio:419]: P0_AUDIO source=random.anvil_land frozen=90477598748100 nano=90477853286400
[08:01:02] [Client thread/INFO] [STDOUT]: [com.layue13.clashweave.client.ClientProxy:hud:381]: CW_FRAME frozen=90477598748100 frame=90477854329700
[08:01:02] [Client thread/INFO] [STDOUT]: [com.layue13.clashweave.client.ViewPreservingCorrections$Preserved:processPacket:140]: CW_VIEW packet=1 marker=0 protected=false yawDelta=39.400665 pitchDelta=1.8146449 requestedYawDelta=39.400665 requestedPitchDelta=1.8146449 nano=90478252587600
[08:01:02] [Client thread/INFO] [STDOUT]: [com.layue13.clashweave.validation.ClientReplay:tick:175]: P0_REMOTE action= sneak=false
[08:01:03] [Client thread/INFO] [STDOUT]: [com.layue13.clashweave.client.ViewPreservingCorrections$Preserved:processPacket:140]: CW_VIEW packet=1 marker=0 protected=false yawDelta=31.184967 pitchDelta=0.0 requestedYawDelta=31.184967 requestedPitchDelta=0.0 nano=90479019558900
[08:01:03] [Client thread/INFO] [STDOUT]: [com.layue13.clashweave.validation.ClientReplay:tick:175]: P0_REMOTE action= sneak=false
[08:01:04] [Client thread/INFO] [STDOUT]: [com.layue13.clashweave.client.ClientProxy:apply:310]: CW_FEEDBACK player=P0B result=PARRY frozen=90480099202600 receive=90480386905400 corrections=0
[08:01:04] [Client thread/INFO] [STDOUT]: [com.layue13.clashweave.validation.ClientReplay:audio:419]: P0_AUDIO source=random.anvil_land frozen=90480099202600 nano=90480387210000
[08:01:04] [Client thread/INFO] [STDOUT]: [com.layue13.clashweave.client.ClientProxy:hud:381]: CW_FRAME frozen=90480099202600 frame=90480388145900
[08:01:04] [Client thread/INFO] [STDOUT]: [com.layue13.clashweave.validation.ClientReplay:tick:175]: P0_REMOTE action= sneak=false
[08:01:05] [Client thread/INFO] [STDOUT]: [com.layue13.clashweave.client.ClientProxy:apply:310]: CW_FEEDBACK player=P0B result=PARRY frozen=90480541262100 receive=90480786834400 corrections=0
[08:01:05] [Client thread/INFO] [STDOUT]: [com.layue13.clashweave.validation.ClientReplay:audio:419]: P0_AUDIO source=random.anvil_land frozen=90480541262100 nano=90480787155600
[08:01:05] [Client thread/INFO] [STDOUT]: [com.layue13.clashweave.client.ClientProxy:hud:381]: CW_FRAME frozen=90480541262100 frame=90480788060800
[08:01:05] [Client thread/INFO] [STDOUT]: [com.layue13.clashweave.client.ClientProxy:apply:310]: CW_FEEDBACK player=P0B result=BLOCK frozen=90480892309200 receive=90481137307600 corrections=0
[08:01:05] [Client thread/INFO] [STDOUT]: [com.layue13.clashweave.validation.ClientReplay:audio:419]: P0_AUDIO source=random.anvil_land frozen=90480892309200 nano=90481137587200
[08:01:05] [Client thread/INFO] [STDOUT]: [com.layue13.clashweave.client.ClientProxy:hud:381]: CW_FRAME frozen=90480892309200 frame=90481138752800
[08:01:05] [Client thread/INFO] [STDOUT]: [com.layue13.clashweave.validation.ClientReplay:tick:175]: P0_REMOTE action= sneak=false
[08:01:06] [Client thread/INFO] [STDOUT]: [com.layue13.clashweave.client.ViewPreservingCorrections$Preserved:processPacket:140]: CW_VIEW packet=1 marker=0 protected=false yawDelta=84.36395 pitchDelta=-4.063941 requestedYawDelta=84.36395 requestedPitchDelta=-4.063941 nano=90481853000100
[08:01:06] [Client thread/INFO] [STDOUT]: [com.layue13.clashweave.client.ViewPreservingCorrections$Preserved:processPacket:140]: CW_VIEW packet=1 marker=0 protected=false yawDelta=99.563286 pitchDelta=1.7313406 requestedYawDelta=99.563286 requestedPitchDelta=1.7313406 nano=90481902562400
[08:01:06] [Client thread/INFO] [STDOUT]: [com.layue13.clashweave.validation.ClientReplay:tick:175]: P0_REMOTE action= sneak=false
[08:01:07] [Client thread/INFO] [STDOUT]: [com.layue13.clashweave.client.ClientProxy:apply:310]: CW_FEEDBACK player=P0B result=PARRY frozen=90482591777600 receive=90482803651600 corrections=0
[08:01:07] [Client thread/INFO] [STDOUT]: [com.layue13.clashweave.validation.ClientReplay:audio:419]: P0_AUDIO source=random.anvil_land frozen=90482591777600 nano=90482804042700
[08:01:07] [Client thread/INFO] [STDOUT]: [com.layue13.clashweave.client.ClientProxy:hud:381]: CW_FRAME frozen=90482591777600 frame=90482804946400
[08:01:07] [Client thread/INFO] [STDOUT]: [com.layue13.clashweave.client.ViewPreservingCorrections$Preserved:processPacket:140]: CW_VIEW packet=1 marker=0 protected=false yawDelta=37.59175 pitchDelta=1.7313406 requestedYawDelta=37.59175 requestedPitchDelta=1.7313406 nano=90483252677100
[08:01:07] [Client thread/INFO] [STDOUT]: [com.layue13.clashweave.validation.ClientReplay:tick:175]: P0_REMOTE action= sneak=false
[08:01:08] [Client thread/INFO] [STDOUT]: [com.layue13.clashweave.client.ViewPreservingCorrections$Preserved:processPacket:140]: CW_VIEW packet=1 marker=0 protected=false yawDelta=31.184967 pitchDelta=0.0 requestedYawDelta=31.184967 requestedPitchDelta=0.0 nano=90484053168500
[08:01:09] [Client thread/INFO] [STDOUT]: [com.layue13.clashweave.client.ClientProxy:apply:310]: CW_FEEDBACK player=P0B result=PARRY frozen=90485086199700 receive=90485319999200 corrections=0
[08:01:09] [Client thread/INFO] [STDOUT]: [com.layue13.clashweave.validation.ClientReplay:audio:419]: P0_AUDIO source=random.anvil_land frozen=90485086199700 nano=90485320279400
[08:01:09] [Client thread/INFO] [STDOUT]: [com.layue13.clashweave.client.ClientProxy:hud:381]: CW_FRAME frozen=90485086199700 frame=90485321079400
[08:01:10] [Client thread/INFO] [STDOUT]: [com.layue13.clashweave.client.ClientProxy:apply:310]: CW_FEEDBACK player=P0B result=BLOCK frozen=90485499924700 receive=90485773322900 corrections=0
[08:01:10] [Client thread/INFO] [STDOUT]: [com.layue13.clashweave.validation.ClientReplay:audio:419]: P0_AUDIO source=random.anvil_land frozen=90485499924700 nano=90485773629500
[08:01:10] [Client thread/INFO] [STDOUT]: [com.layue13.clashweave.client.ClientProxy:hud:381]: CW_FRAME frozen=90485499924700 frame=90485774627600
[08:01:11] [Client thread/INFO] [STDOUT]: [com.layue13.clashweave.client.ViewPreservingCorrections$Preserved:processPacket:140]: CW_VIEW packet=1 marker=0 protected=false yawDelta=75.26332 pitchDelta=-4.161229 requestedYawDelta=75.26332 requestedPitchDelta=-4.161229 nano=90486669405500
[08:01:12] [Client thread/INFO] [STDOUT]: [com.layue13.clashweave.client.ClientProxy:apply:310]: CW_FEEDBACK player=P0B result=PARRY frozen=90487594528200 receive=90487820342900 corrections=0
[08:01:12] [Client thread/INFO] [STDOUT]: [com.layue13.clashweave.validation.ClientReplay:audio:419]: P0_AUDIO source=random.anvil_land frozen=90487594528200 nano=90487820624900
[08:01:12] [Client thread/INFO] [STDOUT]: [com.layue13.clashweave.client.ClientProxy:hud:381]: CW_FRAME frozen=90487594528200 frame=90487821334400
[08:01:12] [Client thread/INFO] [STDOUT]: [com.layue13.clashweave.client.ViewPreservingCorrections$Preserved:processPacket:140]: CW_VIEW packet=1 marker=0 protected=false yawDelta=37.59175 pitchDelta=1.8656664 requestedYawDelta=37.59175 requestedPitchDelta=1.8656664 nano=90488269445100
[08:01:13] [Client thread/INFO] [STDOUT]: [com.layue13.clashweave.client.ViewPreservingCorrections$Preserved:processPacket:140]: CW_VIEW packet=1 marker=0 protected=false yawDelta=31.184967 pitchDelta=0.0 requestedYawDelta=31.184967 requestedPitchDelta=0.0 nano=90489069836900
[08:01:16] [Client thread/INFO] [STDOUT]: [com.layue13.clashweave.client.ViewPreservingCorrections$Preserved:processPacket:140]: CW_VIEW packet=1 marker=0 protected=false yawDelta=81.51023 pitchDelta=-4.072515 requestedYawDelta=81.51023 requestedPitchDelta=-4.072515 nano=90491886789800
[08:01:16] [Client thread/INFO] [STDOUT]: [com.layue13.clashweave.client.ViewPreservingCorrections$Preserved:processPacket:140]: CW_VIEW packet=1 marker=0 protected=false yawDelta=99.563286 pitchDelta=1.7313406 requestedYawDelta=99.563286 requestedPitchDelta=1.7313406 nano=90491936468600
[08:01:17] [Client thread/INFO] [STDOUT]: [com.layue13.clashweave.client.ViewPreservingCorrections$Preserved:processPacket:140]: CW_VIEW packet=1 marker=0 protected=false yawDelta=37.59175 pitchDelta=1.7313406 requestedYawDelta=37.59175 requestedPitchDelta=1.7313406 nano=90493286589900
[08:01:18] [Client thread/INFO] [STDOUT]: [com.layue13.clashweave.client.ViewPreservingCorrections$Preserved:processPacket:140]: CW_VIEW packet=1 marker=0 protected=false yawDelta=31.184967 pitchDelta=0.0 requestedYawDelta=31.184967 requestedPitchDelta=0.0 nano=90494086766500
[08:01:21] [Client thread/INFO] [STDOUT]: [com.layue13.clashweave.client.ViewPreservingCorrections$Preserved:processPacket:140]: CW_VIEW packet=1 marker=0 protected=false yawDelta=58.561554 pitchDelta=-5.831547 requestedYawDelta=58.561554 requestedPitchDelta=-5.831547 nano=90496687111600
[08:01:22] [Client thread/INFO] [STDOUT]: [com.layue13.clashweave.client.ViewPreservingCorrections$Preserved:processPacket:140]: CW_VIEW packet=1 marker=0 protected=false yawDelta=37.59175 pitchDelta=1.3281246 requestedYawDelta=37.59175 requestedPitchDelta=1.3281246 nano=90498286644200
[08:01:23] [Client thread/INFO] [STDOUT]: [com.layue13.clashweave.client.ViewPreservingCorrections$Preserved:processPacket:140]: CW_VIEW packet=1 marker=0 protected=false yawDelta=31.184967 pitchDelta=0.0 requestedYawDelta=31.184967 requestedPitchDelta=0.0 nano=90499086414100
[08:01:26] [Client thread/INFO] [STDOUT]: [com.layue13.clashweave.client.ViewPreservingCorrections$Preserved:processPacket:140]: CW_VIEW packet=1 marker=0 protected=false yawDelta=72.097725 pitchDelta=-5.9079165 requestedYawDelta=72.097725 requestedPitchDelta=-5.9079165 nano=90501886936700
[08:01:26] [Client thread/INFO] [STDOUT]: [com.layue13.clashweave.client.ViewPreservingCorrections$Preserved:processPacket:140]: CW_VIEW packet=1 marker=0 protected=false yawDelta=99.563286 pitchDelta=1.7313406 requestedYawDelta=99.563286 requestedPitchDelta=1.7313406 nano=90501936793500
[08:01:27] [Client thread/INFO] [STDOUT]: [com.layue13.clashweave.client.ViewPreservingCorrections$Preserved:processPacket:140]: CW_VIEW packet=1 marker=0 protected=false yawDelta=37.59175 pitchDelta=1.0499778 requestedYawDelta=37.59175 requestedPitchDelta=1.0499778 nano=90503286561300
[08:01:28] [Client thread/INFO] [STDOUT]: [com.layue13.clashweave.client.ViewPreservingCorrections$Preserved:processPacket:140]: CW_VIEW packet=1 marker=0 protected=false yawDelta=31.184967 pitchDelta=0.0 requestedYawDelta=31.184967 requestedPitchDelta=0.0 nano=90504086550800
[08:01:31] [Client thread/INFO] [STDOUT]: [com.layue13.clashweave.client.ViewPreservingCorrections$Preserved:processPacket:140]: CW_VIEW packet=1 marker=0 protected=false yawDelta=87.36887 pitchDelta=-10.937646 requestedYawDelta=87.36887 requestedPitchDelta=-10.937646 nano=90506687066900
[08:01:32] [Client thread/INFO] [STDOUT]: [com.layue13.clashweave.client.ViewPreservingCorrections$Preserved:processPacket:140]: CW_VIEW packet=1 marker=0 protected=false yawDelta=37.59175 pitchDelta=1.8656664 requestedYawDelta=37.59175 requestedPitchDelta=1.8656664 nano=90508286581600
[08:01:33] [Client thread/INFO] [STDOUT]: [com.layue13.clashweave.client.ViewPreservingCorrections$Preserved:processPacket:140]: CW_VIEW packet=1 marker=0 protected=false yawDelta=31.184967 pitchDelta=0.0 requestedYawDelta=31.184967 requestedPitchDelta=0.0 nano=90509087074700
[08:01:36] [Client thread/INFO] [STDOUT]: [com.layue13.clashweave.client.ViewPreservingCorrections$Preserved:processPacket:140]: CW_VIEW packet=1 marker=0 protected=false yawDelta=71.22475 pitchDelta=-5.9052725 requestedYawDelta=71.22475 requestedPitchDelta=-5.9052725 nano=90511836649600
[08:01:36] [Client thread/INFO] [STDOUT]: [com.layue13.clashweave.client.ViewPreservingCorrections$Preserved:processPacket:140]: CW_VIEW packet=1 marker=0 protected=false yawDelta=63.76806 pitchDelta=1.8294444 requestedYawDelta=63.76806 requestedPitchDelta=1.8294444 nano=90511937268200
[08:01:37] [Client thread/INFO] [STDOUT]: [com.layue13.clashweave.client.ViewPreservingCorrections$Preserved:processPacket:140]: CW_VIEW packet=1 marker=0 protected=false yawDelta=37.59175 pitchDelta=0.0 requestedYawDelta=37.59175 requestedPitchDelta=0.0 nano=90513286473400
[08:01:38] [Client thread/INFO] [STDOUT]: [com.layue13.clashweave.client.ViewPreservingCorrections$Preserved:processPacket:140]: CW_VIEW packet=1 marker=0 protected=false yawDelta=31.184967 pitchDelta=0.0 requestedYawDelta=31.184967 requestedPitchDelta=0.0 nano=90514086637100
[08:01:41] [Client thread/INFO] [STDOUT]: [com.layue13.clashweave.client.ViewPreservingCorrections$Preserved:processPacket:140]: CW_VIEW packet=1 marker=0 protected=false yawDelta=74.37099 pitchDelta=-4.18337 requestedYawDelta=74.37099 requestedPitchDelta=-4.18337 nano=90516636854500
[08:01:42] [Client thread/INFO] [STDOUT]: [com.layue13.clashweave.client.ViewPreservingCorrections$Preserved:processPacket:140]: CW_VIEW packet=1 marker=0 protected=false yawDelta=37.59175 pitchDelta=1.8294444 requestedYawDelta=37.59175 requestedPitchDelta=1.8294444 nano=90518286366000
[08:01:43] [Client thread/INFO] [STDOUT]: [com.layue13.clashweave.client.ViewPreservingCorrections$Preserved:processPacket:140]: CW_VIEW packet=1 marker=0 protected=false yawDelta=31.184967 pitchDelta=0.0 requestedYawDelta=31.184967 requestedPitchDelta=0.0 nano=90519086759100
