[05:33:26] [Server thread/INFO] [STDOUT]: [com.layue13.clashweave.experiment.s3supp.Experiment:log:22]: CW3 LOGIN name=GuardB
[05:33:34] [Server thread/INFO] [STDOUT]: [com.layue13.clashweave.experiment.s3supp.Experiment:log:22]: CW3 LOGIN name=GuardA
[05:33:37] [Netty IO #2/INFO] [STDOUT]: [com.layue13.clashweave.experiment.s3supp.Experiment:log:22]: CW3 WIRE nano=98797866479400 side=SERVER kind=3 id=0 wall=1791549217070 thread=Netty IO #2 observed=378
[05:33:37] [Server thread/INFO] [STDOUT]: [com.layue13.clashweave.experiment.s3supp.Experiment:log:22]: CW3 RECEIVE id=0 kind=3 stamp=0 tickObserved=378 recvWall=1791549217115 sendWall=1791549217019 wireMs=96
[05:33:37] [Server thread/INFO] [STDOUT]: [com.layue13.clashweave.experiment.s3supp.Experiment:log:22]: CW3 READY tick=379
[05:33:38] [Server thread/INFO] [STDOUT]: [com.layue13.clashweave.experiment.s3supp.Experiment:log:22]: CW3 PLAN id=0 lead=0 defer=2 anchorTick=409 hit=421 stamp=421 anchorWall=98799411792900 legacy=false
[05:33:39] [Server thread/INFO] [STDOUT]: [com.layue13.clashweave.experiment.s3supp.Experiment:log:22]: CW3 FREEZE id=0 tick=421 target=14 attacker=15 distance=1.0
[05:33:39] [Netty IO #1/INFO] [STDOUT]: [com.layue13.clashweave.experiment.s3supp.Experiment:log:22]: CW3 WIRE nano=98800109639900 side=SERVER kind=2 id=0 wall=1791549219314 thread=Netty IO #1 observed=422
[05:33:39] [Server thread/INFO] [STDOUT]: [com.layue13.clashweave.experiment.s3supp.Experiment:log:22]: CW3 RECEIVE id=0 kind=2 stamp=421 tickObserved=422 recvWall=1791549219320 sendWall=98800058844500 wireMs=-97008509625180
[05:33:39] [Server thread/INFO] [STDOUT]: [com.layue13.clashweave.experiment.s3supp.Experiment:log:22]: CW3 CONSUME id=0 stamp=421 consumeTick=423 recvObserved=422 age=2 queueMs=0 sendWall=98800058844500 recvWall=1791549219320 consumeWall=1791549219320 accepted=true
[05:33:39] [Server thread/INFO] [STDOUT]: [com.layue13.clashweave.experiment.s3supp.Experiment:log:22]: CW3 RESULT id=0 lead=0 defer=2 hit=421 commit=423 deadlineNano=98800117184600 commitWall=1791549219321 stamp=421 arrivalNano=98800109639900 window=true before=true parry=true vanillaAccepted=false loss=0.0 feedbackDelayMs=109.4928
[05:33:39] [Server thread/INFO] [STDOUT]: [com.layue13.clashweave.experiment.s3supp.Experiment:log:22]: CW3 PLAN id=1 lead=0 defer=2 anchorTick=428 hit=440 stamp=440 anchorWall=98800369965300 legacy=false
[05:33:40] [Server thread/INFO] [STDOUT]: [com.layue13.clashweave.experiment.s3supp.Experiment:log:22]: CW3 FREEZE id=1 tick=440 target=14 attacker=15 distance=1.0
[05:33:40] [Netty IO #1/INFO] [STDOUT]: [com.layue13.clashweave.experiment.s3supp.Experiment:log:22]: CW3 WIRE nano=98801026534400 side=SERVER kind=2 id=1 wall=1791549220230 thread=Netty IO #1 observed=441
[05:33:40] [Server thread/INFO] [STDOUT]: [com.layue13.clashweave.experiment.s3supp.Experiment:log:22]: CW3 RECEIVE id=1 kind=2 stamp=440 tickObserved=441 recvWall=1791549220264 sendWall=98800975939000 wireMs=-97009426718736
[05:33:40] [Server thread/INFO] [STDOUT]: [com.layue13.clashweave.experiment.s3supp.Experiment:log:22]: CW3 CONSUME id=1 stamp=440 consumeTick=442 recvObserved=441 age=2 queueMs=0 sendWall=98800975939000 recvWall=1791549220264 consumeWall=1791549220264 accepted=true
[05:33:40] [Server thread/INFO] [STDOUT]: [com.layue13.clashweave.experiment.s3supp.Experiment:log:22]: CW3 RESULT id=1 lead=0 defer=2 hit=440 commit=442 deadlineNano=98801061280900 commitWall=1791549220264 stamp=440 arrivalNano=98801026534400 window=true before=true parry=true vanillaAccepted=false loss=0.0 feedbackDelayMs=94.063
[05:33:40] [Server thread/INFO] [STDOUT]: [com.layue13.clashweave.experiment.s3supp.Experiment:log:22]: CW3 PLAN id=2 lead=0 defer=2 anchorTick=447 hit=459 stamp=459 anchorWall=98801308497700 legacy=false
[05:33:41] [Server thread/INFO] [STDOUT]: [com.layue13.clashweave.experiment.s3supp.Experiment:log:22]: CW3 FREEZE id=2 tick=459 target=14 attacker=15 distance=1.0
[05:33:41] [Netty IO #1/INFO] [STDOUT]: [com.layue13.clashweave.experiment.s3supp.Experiment:log:22]: CW3 WIRE nano=98801976172100 side=SERVER kind=2 id=2 wall=1791549221180 thread=Netty IO #1 observed=460
[05:33:41] [Server thread/INFO] [STDOUT]: [com.layue13.clashweave.experiment.s3supp.Experiment:log:22]: CW3 RECEIVE id=2 kind=2 stamp=459 tickObserved=460 recvWall=1791549221215 sendWall=98801925688700 wireMs=-97010376467485
[05:33:41] [Server thread/INFO] [STDOUT]: [com.layue13.clashweave.experiment.s3supp.Experiment:log:22]: CW3 CONSUME id=2 stamp=459 consumeTick=461 recvObserved=460 age=2 queueMs=0 sendWall=98801925688700 recvWall=1791549221215 consumeWall=1791549221215 accepted=true
[05:33:41] [Server thread/INFO] [STDOUT]: [com.layue13.clashweave.experiment.s3supp.Experiment:log:22]: CW3 RESULT id=2 lead=0 defer=2 hit=459 commit=461 deadlineNano=98802011701100 commitWall=1791549221215 stamp=459 arrivalNano=98801976172100 window=true before=true parry=true vanillaAccepted=false loss=0.0 feedbackDelayMs=93.7678
[05:33:41] [Server thread/INFO] [STDOUT]: [com.layue13.clashweave.experiment.s3supp.Experiment:log:22]: CW3 PLAN id=3 lead=0 defer=2 anchorTick=466 hit=478 stamp=478 anchorWall=98802260232200 legacy=false
[05:33:42] [Server thread/INFO] [STDOUT]: [com.layue13.clashweave.experiment.s3supp.Experiment:log:22]: CW3 FREEZE id=3 tick=478 target=14 attacker=15 distance=1.0
[05:33:42] [Netty IO #1/INFO] [STDOUT]: [com.layue13.clashweave.experiment.s3supp.Experiment:log:22]: CW3 WIRE nano=98802926697400 side=SERVER kind=2 id=3 wall=1791549222130 thread=Netty IO #1 observed=479
[05:33:42] [Server thread/INFO] [STDOUT]: [com.layue13.clashweave.experiment.s3supp.Experiment:log:22]: CW3 RECEIVE id=3 kind=2 stamp=478 tickObserved=479 recvWall=1791549222168 sendWall=98802875884400 wireMs=-97011326662232
[05:33:42] [Server thread/INFO] [STDOUT]: [com.layue13.clashweave.experiment.s3supp.Experiment:log:22]: CW3 CONSUME id=3 stamp=478 consumeTick=480 recvObserved=479 age=2 queueMs=1 sendWall=98802875884400 recvWall=1791549222168 consumeWall=1791549222169 accepted=true
[05:33:42] [Server thread/INFO] [STDOUT]: [com.layue13.clashweave.experiment.s3supp.Experiment:log:22]: CW3 RESULT id=3 lead=0 defer=2 hit=478 commit=480 deadlineNano=98802965043000 commitWall=1791549222169 stamp=478 arrivalNano=98802926697400 window=true before=true parry=true vanillaAccepted=false loss=0.0 feedbackDelayMs=95.0664
[05:33:42] [Server thread/INFO] [STDOUT]: [com.layue13.clashweave.experiment.s3supp.Experiment:log:22]: CW3 PLAN id=4 lead=0 defer=2 anchorTick=485 hit=497 stamp=497 anchorWall=98803217847200 legacy=false
[05:33:43] [Server thread/INFO] [STDOUT]: [com.layue13.clashweave.experiment.s3supp.Experiment:log:22]: CW3 FREEZE id=4 tick=497 target=14 attacker=15 distance=1.0
[05:33:43] [Netty IO #1/INFO] [STDOUT]: [com.layue13.clashweave.experiment.s3supp.Experiment:log:22]: CW3 WIRE nano=98803893225000 side=SERVER kind=2 id=4 wall=1791549223097 thread=Netty IO #1 observed=498
[05:33:43] [Server thread/INFO] [STDOUT]: [com.layue13.clashweave.experiment.s3supp.Experiment:log:22]: CW3 RECEIVE id=4 kind=2 stamp=497 tickObserved=498 recvWall=1791549223125 sendWall=98803842449500 wireMs=-97012293226375
[05:33:43] [Server thread/INFO] [STDOUT]: [com.layue13.clashweave.experiment.s3supp.Experiment:log:22]: CW3 CONSUME id=4 stamp=497 consumeTick=499 recvObserved=498 age=2 queueMs=0 sendWall=98803842449500 recvWall=1791549223125 consumeWall=1791549223125 accepted=true
[05:33:43] [Server thread/INFO] [STDOUT]: [com.layue13.clashweave.experiment.s3supp.Experiment:log:22]: CW3 RESULT id=4 lead=0 defer=2 hit=497 commit=499 deadlineNano=98803922307600 commitWall=1791549223125 stamp=497 arrivalNano=98803893225000 window=true before=true parry=true vanillaAccepted=false loss=0.0 feedbackDelayMs=109.7367
[05:33:43] [Server thread/INFO] [STDOUT]: [com.layue13.clashweave.experiment.s3supp.Experiment:log:22]: CW3 PLAN id=5 lead=1 defer=2 anchorTick=504 hit=516 stamp=515 anchorWall=98804156638900 legacy=false
[05:33:43] [Server thread/INFO] [STDOUT]: [com.layue13.clashweave.experiment.s3supp.Experiment:log:22]: CW3 FREEZE id=5 tick=516 target=14 attacker=15 distance=1.0
[05:33:43] [Netty IO #1/INFO] [STDOUT]: [com.layue13.clashweave.experiment.s3supp.Experiment:log:22]: CW3 WIRE nano=98804792474000 side=SERVER kind=2 id=5 wall=1791549223996 thread=Netty IO #1 observed=516
[05:33:44] [Server thread/INFO] [STDOUT]: [com.layue13.clashweave.experiment.s3supp.Experiment:log:22]: CW3 RECEIVE id=5 kind=2 stamp=515 tickObserved=516 recvWall=1791549224020 sendWall=98804741592100 wireMs=-97013192368080
[05:33:44] [Server thread/INFO] [STDOUT]: [com.layue13.clashweave.experiment.s3supp.Experiment:log:22]: CW3 CONSUME id=5 stamp=515 consumeTick=517 recvObserved=516 age=2 queueMs=0 sendWall=98804741592100 recvWall=1791549224020 consumeWall=1791549224020 accepted=true
[05:33:44] [Server thread/INFO] [STDOUT]: [com.layue13.clashweave.experiment.s3supp.Experiment:log:22]: CW3 RESULT id=5 lead=1 defer=2 hit=516 commit=518 deadlineNano=98804862236600 commitWall=1791549224066 stamp=515 arrivalNano=98804792474000 window=true before=true parry=true vanillaAccepted=false loss=0.0 feedbackDelayMs=92.75
[05:33:44] [Server thread/INFO] [STDOUT]: [com.layue13.clashweave.experiment.s3supp.Experiment:log:22]: CW3 PLAN id=6 lead=1 defer=2 anchorTick=523 hit=535 stamp=534 anchorWall=98805111002000 legacy=false
[05:33:44] [Server thread/INFO] [STDOUT]: [com.layue13.clashweave.experiment.s3supp.Experiment:log:22]: CW3 FREEZE id=6 tick=535 target=14 attacker=15 distance=1.0
[05:33:44] [Netty IO #1/INFO] [STDOUT]: [com.layue13.clashweave.experiment.s3supp.Experiment:log:22]: CW3 WIRE nano=98805742161800 side=SERVER kind=2 id=6 wall=1791549224946 thread=Netty IO #1 observed=535
[05:33:44] [Server thread/INFO] [STDOUT]: [com.layue13.clashweave.experiment.s3supp.Experiment:log:22]: CW3 RECEIVE id=6 kind=2 stamp=534 tickObserved=535 recvWall=1791549224969 sendWall=98805691629500 wireMs=-97014142404531
[05:33:44] [Server thread/INFO] [STDOUT]: [com.layue13.clashweave.experiment.s3supp.Experiment:log:22]: CW3 CONSUME id=6 stamp=534 consumeTick=536 recvObserved=535 age=2 queueMs=0 sendWall=98805691629500 recvWall=1791549224969 consumeWall=1791549224969 accepted=true
[05:33:45] [Server thread/INFO] [STDOUT]: [com.layue13.clashweave.experiment.s3supp.Experiment:log:22]: CW3 RESULT id=6 lead=1 defer=2 hit=535 commit=537 deadlineNano=98805812131000 commitWall=1791549225016 stamp=534 arrivalNano=98805742161800 window=true before=true parry=true vanillaAccepted=false loss=0.0 feedbackDelayMs=93.6033
[05:33:45] [Server thread/INFO] [STDOUT]: [com.layue13.clashweave.experiment.s3supp.Experiment:log:22]: CW3 PLAN id=7 lead=1 defer=2 anchorTick=542 hit=554 stamp=553 anchorWall=98806059953800 legacy=false
[05:33:45] [Server thread/INFO] [STDOUT]: [com.layue13.clashweave.experiment.s3supp.Experiment:log:22]: CW3 FREEZE id=7 tick=554 target=14 attacker=15 distance=1.0
[05:33:45] [Netty IO #1/INFO] [STDOUT]: [com.layue13.clashweave.experiment.s3supp.Experiment:log:22]: CW3 WIRE nano=98806692653300 side=SERVER kind=2 id=7 wall=1791549225896 thread=Netty IO #1 observed=554
[05:33:45] [Server thread/INFO] [STDOUT]: [com.layue13.clashweave.experiment.s3supp.Experiment:log:22]: CW3 RECEIVE id=7 kind=2 stamp=553 tickObserved=554 recvWall=1791549225921 sendWall=98806641902200 wireMs=-97015092676279
[05:33:45] [Server thread/INFO] [STDOUT]: [com.layue13.clashweave.experiment.s3supp.Experiment:log:22]: CW3 CONSUME id=7 stamp=553 consumeTick=555 recvObserved=554 age=2 queueMs=0 sendWall=98806641902200 recvWall=1791549225921 consumeWall=1791549225921 accepted=true
[05:33:45] [Server thread/INFO] [STDOUT]: [com.layue13.clashweave.experiment.s3supp.Experiment:log:22]: CW3 RESULT id=7 lead=1 defer=2 hit=554 commit=556 deadlineNano=98806764119100 commitWall=1791549225968 stamp=553 arrivalNano=98806692653300 window=true before=true parry=true vanillaAccepted=false loss=0.0 feedbackDelayMs=93.0412
[05:33:46] [Server thread/INFO] [STDOUT]: [com.layue13.clashweave.experiment.s3supp.Experiment:log:22]: CW3 PLAN id=8 lead=1 defer=2 anchorTick=561 hit=573 stamp=572 anchorWall=98807016323600 legacy=false
[05:33:46] [Server thread/INFO] [STDOUT]: [com.layue13.clashweave.experiment.s3supp.Experiment:log:22]: CW3 FREEZE id=8 tick=573 target=14 attacker=15 distance=1.0
[05:33:46] [Netty IO #1/INFO] [STDOUT]: [com.layue13.clashweave.experiment.s3supp.Experiment:log:22]: CW3 WIRE nano=98807642934000 side=SERVER kind=2 id=8 wall=1791549226847 thread=Netty IO #1 observed=573
[05:33:46] [Server thread/INFO] [STDOUT]: [com.layue13.clashweave.experiment.s3supp.Experiment:log:22]: CW3 RECEIVE id=8 kind=2 stamp=572 tickObserved=573 recvWall=1791549226860 sendWall=98807592338900 wireMs=-97016043112040
[05:33:46] [Server thread/INFO] [STDOUT]: [com.layue13.clashweave.experiment.s3supp.Experiment:log:22]: CW3 CONSUME id=8 stamp=572 consumeTick=574 recvObserved=573 age=2 queueMs=0 sendWall=98807592338900 recvWall=1791549226860 consumeWall=1791549226860 accepted=true
[05:33:46] [Server thread/INFO] [STDOUT]: [com.layue13.clashweave.experiment.s3supp.Experiment:log:22]: CW3 RESULT id=8 lead=1 defer=2 hit=573 commit=575 deadlineNano=98807718822500 commitWall=1791549226922 stamp=572 arrivalNano=98807642934000 window=true before=true parry=true vanillaAccepted=false loss=0.0 feedbackDelayMs=109.9975
[05:33:47] [Server thread/INFO] [STDOUT]: [com.layue13.clashweave.experiment.s3supp.Experiment:log:22]: CW3 PLAN id=9 lead=1 defer=2 anchorTick=580 hit=592 stamp=591 anchorWall=98807968485600 legacy=false
[05:33:47] [Server thread/INFO] [STDOUT]: [com.layue13.clashweave.experiment.s3supp.Experiment:log:22]: CW3 FREEZE id=9 tick=592 target=14 attacker=15 distance=1.0
[05:33:47] [Netty IO #1/INFO] [STDOUT]: [com.layue13.clashweave.experiment.s3supp.Experiment:log:22]: CW3 WIRE nano=98808592726000 side=SERVER kind=2 id=9 wall=1791549227796 thread=Netty IO #1 observed=592
[05:33:47] [Server thread/INFO] [STDOUT]: [com.layue13.clashweave.experiment.s3supp.Experiment:log:22]: CW3 RECEIVE id=9 kind=2 stamp=591 tickObserved=592 recvWall=1791549227815 sendWall=98808542165700 wireMs=-97016992937885
[05:33:47] [Server thread/INFO] [STDOUT]: [com.layue13.clashweave.experiment.s3supp.Experiment:log:22]: CW3 CONSUME id=9 stamp=591 consumeTick=593 recvObserved=592 age=2 queueMs=0 sendWall=98808542165700 recvWall=1791549227815 consumeWall=1791549227815 accepted=true
[05:33:47] [Server thread/INFO] [STDOUT]: [com.layue13.clashweave.experiment.s3supp.Experiment:log:22]: CW3 RESULT id=9 lead=1 defer=2 hit=592 commit=594 deadlineNano=98808658039800 commitWall=1791549227862 stamp=591 arrivalNano=98808592726000 window=true before=true parry=true vanillaAccepted=false loss=0.0 feedbackDelayMs=93.6277
[05:33:48] [Server thread/INFO] [STDOUT]: [com.layue13.clashweave.experiment.s3supp.Experiment:log:22]: CW3 PLAN id=10 lead=2 defer=2 anchorTick=599 hit=611 stamp=609 anchorWall=98808908160200 legacy=false
[05:33:48] [Netty IO #1/INFO] [STDOUT]: [com.layue13.clashweave.experiment.s3supp.Experiment:log:22]: CW3 WIRE nano=98809492175300 side=SERVER kind=2 id=10 wall=1791549228696 thread=Netty IO #1 observed=610
[05:33:48] [Server thread/INFO] [STDOUT]: [com.layue13.clashweave.experiment.s3supp.Experiment:log:22]: CW3 RECEIVE id=10 kind=2 stamp=609 tickObserved=610 recvWall=1791549228723 sendWall=98809441719400 wireMs=-97017892490677
[05:33:48] [Server thread/INFO] [STDOUT]: [com.layue13.clashweave.experiment.s3supp.Experiment:log:22]: CW3 CONSUME id=10 stamp=609 consumeTick=611 recvObserved=610 age=2 queueMs=0 sendWall=98809441719400 recvWall=1791549228723 consumeWall=1791549228723 accepted=true
[05:33:48] [Server thread/INFO] [STDOUT]: [com.layue13.clashweave.experiment.s3supp.Experiment:log:22]: CW3 FREEZE id=10 tick=611 target=14 attacker=15 distance=1.0
[05:33:48] [Server thread/INFO] [STDOUT]: [com.layue13.clashweave.experiment.s3supp.Experiment:log:22]: CW3 RESULT id=10 lead=2 defer=2 hit=611 commit=613 deadlineNano=98809612974000 commitWall=1791549228817 stamp=609 arrivalNano=98809492175300 window=true before=true parry=true vanillaAccepted=false loss=0.0 feedbackDelayMs=93.5324
[05:33:49] [Server thread/INFO] [STDOUT]: [com.layue13.clashweave.experiment.s3supp.Experiment:log:22]: CW3 PLAN id=11 lead=2 defer=2 anchorTick=618 hit=630 stamp=628 anchorWall=98809864831300 legacy=false
[05:33:49] [Netty IO #1/INFO] [STDOUT]: [com.layue13.clashweave.experiment.s3supp.Experiment:log:22]: CW3 WIRE nano=98810442504300 side=SERVER kind=2 id=11 wall=1791549229646 thread=Netty IO #1 observed=629
[05:33:49] [Server thread/INFO] [STDOUT]: [com.layue13.clashweave.experiment.s3supp.Experiment:log:22]: CW3 RECEIVE id=11 kind=2 stamp=628 tickObserved=629 recvWall=1791549229665 sendWall=98810391747700 wireMs=-97018842518035
[05:33:49] [Server thread/INFO] [STDOUT]: [com.layue13.clashweave.experiment.s3supp.Experiment:log:22]: CW3 CONSUME id=11 stamp=628 consumeTick=630 recvObserved=629 age=2 queueMs=0 sendWall=98810391747700 recvWall=1791549229665 consumeWall=1791549229665 accepted=true
[05:33:49] [Server thread/INFO] [STDOUT]: [com.layue13.clashweave.experiment.s3supp.Experiment:log:22]: CW3 FREEZE id=11 tick=630 target=14 attacker=15 distance=1.0
[05:33:49] [Server thread/INFO] [STDOUT]: [com.layue13.clashweave.experiment.s3supp.Experiment:log:22]: CW3 RESULT id=11 lead=2 defer=2 hit=630 commit=632 deadlineNano=98810570134700 commitWall=1791549229774 stamp=628 arrivalNano=98810442504300 window=true before=true parry=true vanillaAccepted=false loss=0.0 feedbackDelayMs=108.2688
[05:33:50] [Server thread/INFO] [STDOUT]: [com.layue13.clashweave.experiment.s3supp.Experiment:log:22]: CW3 PLAN id=12 lead=2 defer=2 anchorTick=637 hit=649 stamp=647 anchorWall=98810820059600 legacy=false
[05:33:50] [Netty IO #1/INFO] [STDOUT]: [com.layue13.clashweave.experiment.s3supp.Experiment:log:22]: CW3 WIRE nano=98811392436900 side=SERVER kind=2 id=12 wall=1791549230596 thread=Netty IO #1 observed=648
[05:33:50] [Server thread/INFO] [STDOUT]: [com.layue13.clashweave.experiment.s3supp.Experiment:log:22]: CW3 RECEIVE id=12 kind=2 stamp=647 tickObserved=648 recvWall=1791549230616 sendWall=98811341602000 wireMs=-97019792371384
[05:33:50] [Server thread/INFO] [STDOUT]: [com.layue13.clashweave.experiment.s3supp.Experiment:log:22]: CW3 CONSUME id=12 stamp=647 consumeTick=649 recvObserved=648 age=2 queueMs=0 sendWall=98811341602000 recvWall=1791549230616 consumeWall=1791549230616 accepted=true
[05:33:50] [Server thread/INFO] [STDOUT]: [com.layue13.clashweave.experiment.s3supp.Experiment:log:22]: CW3 FREEZE id=12 tick=649 target=14 attacker=15 distance=1.0
[05:33:50] [Server thread/INFO] [STDOUT]: [com.layue13.clashweave.experiment.s3supp.Experiment:log:22]: CW3 RESULT id=12 lead=2 defer=2 hit=649 commit=651 deadlineNano=98811521358200 commitWall=1791549230725 stamp=647 arrivalNano=98811392436900 window=true before=true parry=true vanillaAccepted=false loss=0.0 feedbackDelayMs=108.8902
[05:33:50] [Server thread/INFO] [STDOUT]: [com.layue13.clashweave.experiment.s3supp.Experiment:log:22]: CW3 PLAN id=13 lead=2 defer=2 anchorTick=656 hit=668 stamp=666 anchorWall=98811769728500 legacy=false
[05:33:51] [Netty IO #1/INFO] [STDOUT]: [com.layue13.clashweave.experiment.s3supp.Experiment:log:22]: CW3 WIRE nano=98812342212800 side=SERVER kind=2 id=13 wall=1791549231546 thread=Netty IO #1 observed=667
[05:33:51] [Server thread/INFO] [STDOUT]: [com.layue13.clashweave.experiment.s3supp.Experiment:log:22]: CW3 RECEIVE id=13 kind=2 stamp=666 tickObserved=667 recvWall=1791549231568 sendWall=98812291792800 wireMs=-97020742561232
[05:33:51] [Server thread/INFO] [STDOUT]: [com.layue13.clashweave.experiment.s3supp.Experiment:log:22]: CW3 CONSUME id=13 stamp=666 consumeTick=668 recvObserved=667 age=2 queueMs=0 sendWall=98812291792800 recvWall=1791549231568 consumeWall=1791549231568 accepted=true
[05:33:51] [Server thread/INFO] [STDOUT]: [com.layue13.clashweave.experiment.s3supp.Experiment:log:22]: CW3 FREEZE id=13 tick=668 target=14 attacker=15 distance=1.0
[05:33:51] [Server thread/INFO] [STDOUT]: [com.layue13.clashweave.experiment.s3supp.Experiment:log:22]: CW3 RESULT id=13 lead=2 defer=2 hit=668 commit=670 deadlineNano=98812457567300 commitWall=1791549231661 stamp=666 arrivalNano=98812342212800 window=true before=true parry=true vanillaAccepted=false loss=0.0 feedbackDelayMs=93.1839
[05:33:51] [Server thread/INFO] [STDOUT]: [com.layue13.clashweave.experiment.s3supp.Experiment:log:22]: CW3 PLAN id=14 lead=2 defer=2 anchorTick=675 hit=687 stamp=685 anchorWall=98812707076300 legacy=false
[05:33:52] [Netty IO #1/INFO] [STDOUT]: [com.layue13.clashweave.experiment.s3supp.Experiment:log:22]: CW3 WIRE nano=98813292126200 side=SERVER kind=2 id=14 wall=1791549232496 thread=Netty IO #1 observed=686
[05:33:52] [Server thread/INFO] [STDOUT]: [com.layue13.clashweave.experiment.s3supp.Experiment:log:22]: CW3 RECEIVE id=14 kind=2 stamp=685 tickObserved=686 recvWall=1791549232518 sendWall=98813241793200 wireMs=-97021692560682
[05:33:52] [Server thread/INFO] [STDOUT]: [com.layue13.clashweave.experiment.s3supp.Experiment:log:22]: CW3 CONSUME id=14 stamp=685 consumeTick=687 recvObserved=686 age=2 queueMs=0 sendWall=98813241793200 recvWall=1791549232518 consumeWall=1791549232518 accepted=true
[05:33:52] [Server thread/INFO] [STDOUT]: [com.layue13.clashweave.experiment.s3supp.Experiment:log:22]: CW3 FREEZE id=14 tick=687 target=14 attacker=15 distance=1.0
[05:33:52] [Server thread/INFO] [STDOUT]: [com.layue13.clashweave.experiment.s3supp.Experiment:log:22]: CW3 RESULT id=14 lead=2 defer=2 hit=687 commit=689 deadlineNano=98813408739200 commitWall=1791549232612 stamp=685 arrivalNano=98813292126200 window=true before=true parry=true vanillaAccepted=false loss=0.0 feedbackDelayMs=93.8219
[05:33:52] [Server thread/INFO] [STDOUT]: [com.layue13.clashweave.experiment.s3supp.Experiment:log:22]: CW3 PLAN id=15 lead=3 defer=2 anchorTick=694 hit=706 stamp=703 anchorWall=98813658970800 legacy=false
[05:33:53] [Netty IO #1/INFO] [STDOUT]: [com.layue13.clashweave.experiment.s3supp.Experiment:log:22]: CW3 WIRE nano=98814193085100 side=SERVER kind=2 id=15 wall=1791549233397 thread=Netty IO #1 observed=704
[05:33:53] [Server thread/INFO] [STDOUT]: [com.layue13.clashweave.experiment.s3supp.Experiment:log:22]: CW3 RECEIVE id=15 kind=2 stamp=703 tickObserved=704 recvWall=1791549233411 sendWall=98814142585200 wireMs=-97022593351789
[05:33:53] [Server thread/INFO] [STDOUT]: [com.layue13.clashweave.experiment.s3supp.Experiment:log:22]: CW3 CONSUME id=15 stamp=703 consumeTick=705 recvObserved=704 age=2 queueMs=0 sendWall=98814142585200 recvWall=1791549233411 consumeWall=1791549233411 accepted=true
[05:33:53] [Server thread/INFO] [STDOUT]: [com.layue13.clashweave.experiment.s3supp.Experiment:log:22]: CW3 FREEZE id=15 tick=706 target=14 attacker=15 distance=1.0
[05:33:53] [Server thread/INFO] [STDOUT]: [com.layue13.clashweave.experiment.s3supp.Experiment:log:22]: CW3 RESULT id=15 lead=3 defer=2 hit=706 commit=708 deadlineNano=98814365062500 commitWall=1791549233569 stamp=703 arrivalNano=98814193085100 window=true before=true parry=true vanillaAccepted=false loss=0.0 feedbackDelayMs=93.8092
[05:33:53] [Server thread/INFO] [STDOUT]: [com.layue13.clashweave.experiment.s3supp.Experiment:log:22]: CW3 PLAN id=16 lead=3 defer=2 anchorTick=713 hit=725 stamp=722 anchorWall=98814615359600 legacy=false
[05:33:54] [Netty IO #1/INFO] [STDOUT]: [com.layue13.clashweave.experiment.s3supp.Experiment:log:22]: CW3 WIRE nano=98815142669700 side=SERVER kind=2 id=16 wall=1791549234346 thread=Netty IO #1 observed=723
[05:33:54] [Server thread/INFO] [STDOUT]: [com.layue13.clashweave.experiment.s3supp.Experiment:log:22]: CW3 RECEIVE id=16 kind=2 stamp=722 tickObserved=723 recvWall=1791549234368 sendWall=98815092248500 wireMs=-97023543014132
[05:33:54] [Server thread/INFO] [STDOUT]: [com.layue13.clashweave.experiment.s3supp.Experiment:log:22]: CW3 CONSUME id=16 stamp=722 consumeTick=724 recvObserved=723 age=2 queueMs=0 sendWall=98815092248500 recvWall=1791549234368 consumeWall=1791549234368 accepted=true
[05:33:54] [Server thread/INFO] [STDOUT]: [com.layue13.clashweave.experiment.s3supp.Experiment:log:22]: CW3 FREEZE id=16 tick=725 target=14 attacker=15 distance=1.0
[05:33:54] [Server thread/INFO] [STDOUT]: [com.layue13.clashweave.experiment.s3supp.Experiment:log:22]: CW3 RESULT id=16 lead=3 defer=2 hit=725 commit=727 deadlineNano=98815306018100 commitWall=1791549234510 stamp=722 arrivalNano=98815142669700 window=true before=true parry=true vanillaAccepted=false loss=0.0 feedbackDelayMs=95.0216
[05:33:54] [Server thread/INFO] [STDOUT]: [com.layue13.clashweave.experiment.s3supp.Experiment:log:22]: CW3 PLAN id=17 lead=3 defer=2 anchorTick=732 hit=744 stamp=741 anchorWall=98815555983700 legacy=false
[05:33:55] [Netty IO #1/INFO] [STDOUT]: [com.layue13.clashweave.experiment.s3supp.Experiment:log:22]: CW3 WIRE nano=98816092136800 side=SERVER kind=2 id=17 wall=1791549235296 thread=Netty IO #1 observed=742
[05:33:55] [Server thread/INFO] [STDOUT]: [com.layue13.clashweave.experiment.s3supp.Experiment:log:22]: CW3 RECEIVE id=17 kind=2 stamp=741 tickObserved=742 recvWall=1791549235323 sendWall=98816041661600 wireMs=-97024492426277
[05:33:55] [Server thread/INFO] [STDOUT]: [com.layue13.clashweave.experiment.s3supp.Experiment:log:22]: CW3 CONSUME id=17 stamp=741 consumeTick=743 recvObserved=742 age=2 queueMs=0 sendWall=98816041661600 recvWall=1791549235323 consumeWall=1791549235323 accepted=true
[05:33:55] [Server thread/INFO] [STDOUT]: [com.layue13.clashweave.experiment.s3supp.Experiment:log:22]: CW3 FREEZE id=17 tick=744 target=14 attacker=15 distance=1.0
[05:33:55] [Server thread/INFO] [STDOUT]: [com.layue13.clashweave.experiment.s3supp.Experiment:log:22]: CW3 RESULT id=17 lead=3 defer=2 hit=744 commit=746 deadlineNano=98816261099200 commitWall=1791549235465 stamp=741 arrivalNano=98816092136800 window=true before=true parry=true vanillaAccepted=false loss=0.0 feedbackDelayMs=94.0553
[05:33:55] [Server thread/INFO] [STDOUT]: [com.layue13.clashweave.experiment.s3supp.Experiment:log:22]: CW3 PLAN id=18 lead=3 defer=2 anchorTick=751 hit=763 stamp=760 anchorWall=98816510277100 legacy=false
[05:33:56] [Netty IO #1/INFO] [STDOUT]: [com.layue13.clashweave.experiment.s3supp.Experiment:log:22]: CW3 WIRE nano=98817041934300 side=SERVER kind=2 id=18 wall=1791549236246 thread=Netty IO #1 observed=761
[05:33:56] [Server thread/INFO] [STDOUT]: [com.layue13.clashweave.experiment.s3supp.Experiment:log:22]: CW3 RECEIVE id=18 kind=2 stamp=760 tickObserved=761 recvWall=1791549236260 sendWall=98816991462700 wireMs=-97025442226440
[05:33:56] [Server thread/INFO] [STDOUT]: [com.layue13.clashweave.experiment.s3supp.Experiment:log:22]: CW3 CONSUME id=18 stamp=760 consumeTick=762 recvObserved=761 age=2 queueMs=0 sendWall=98816991462700 recvWall=1791549236260 consumeWall=1791549236260 accepted=true
[05:33:56] [Server thread/INFO] [STDOUT]: [com.layue13.clashweave.experiment.s3supp.Experiment:log:22]: CW3 FREEZE id=18 tick=763 target=14 attacker=15 distance=1.0
[05:33:56] [Server thread/INFO] [STDOUT]: [com.layue13.clashweave.experiment.s3supp.Experiment:log:22]: CW3 RESULT id=18 lead=3 defer=2 hit=763 commit=765 deadlineNano=98817211133900 commitWall=1791549236415 stamp=760 arrivalNano=98817041934300 window=true before=true parry=true vanillaAccepted=false loss=0.0 feedbackDelayMs=91.969
[05:33:56] [Server thread/INFO] [STDOUT]: [com.layue13.clashweave.experiment.s3supp.Experiment:log:22]: CW3 PLAN id=19 lead=3 defer=2 anchorTick=770 hit=782 stamp=779 anchorWall=98817461159500 legacy=false
[05:33:57] [Netty IO #1/INFO] [STDOUT]: [com.layue13.clashweave.experiment.s3supp.Experiment:log:22]: CW3 WIRE nano=98817992956400 side=SERVER kind=2 id=19 wall=1791549237197 thread=Netty IO #1 observed=780
[05:33:57] [Server thread/INFO] [STDOUT]: [com.layue13.clashweave.experiment.s3supp.Experiment:log:22]: CW3 RECEIVE id=19 kind=2 stamp=779 tickObserved=780 recvWall=1791549237212 sendWall=98817942211600 wireMs=-97026392974388
[05:33:57] [Server thread/INFO] [STDOUT]: [com.layue13.clashweave.experiment.s3supp.Experiment:log:22]: CW3 CONSUME id=19 stamp=779 consumeTick=781 recvObserved=780 age=2 queueMs=0 sendWall=98817942211600 recvWall=1791549237212 consumeWall=1791549237212 accepted=true
[05:33:57] [Server thread/INFO] [STDOUT]: [com.layue13.clashweave.experiment.s3supp.Experiment:log:22]: CW3 FREEZE id=19 tick=782 target=14 attacker=15 distance=1.0
[05:33:57] [Server thread/INFO] [STDOUT]: [com.layue13.clashweave.experiment.s3supp.Experiment:log:22]: CW3 RESULT id=19 lead=3 defer=2 hit=782 commit=784 deadlineNano=98818165159800 commitWall=1791549237369 stamp=779 arrivalNano=98817992956400 window=true before=true parry=true vanillaAccepted=false loss=0.0 feedbackDelayMs=93.8205
[05:33:57] [Server thread/INFO] [STDOUT]: [com.layue13.clashweave.experiment.s3supp.Experiment:log:22]: CW3 PLAN id=20 lead=4 defer=2 anchorTick=789 hit=801 stamp=797 anchorWall=98818415474500 legacy=false
[05:33:58] [Netty IO #1/INFO] [STDOUT]: [com.layue13.clashweave.experiment.s3supp.Experiment:log:22]: CW3 WIRE nano=98818892196200 side=SERVER kind=2 id=20 wall=1791549238096 thread=Netty IO #1 observed=798
[05:33:58] [Server thread/INFO] [STDOUT]: [com.layue13.clashweave.experiment.s3supp.Experiment:log:22]: CW3 RECEIVE id=20 kind=2 stamp=797 tickObserved=798 recvWall=1791549238123 sendWall=98818841588500 wireMs=-97027292350377
[05:33:58] [Server thread/INFO] [STDOUT]: [com.layue13.clashweave.experiment.s3supp.Experiment:log:22]: CW3 CONSUME id=20 stamp=797 consumeTick=799 recvObserved=798 age=2 queueMs=0 sendWall=98818841588500 recvWall=1791549238123 consumeWall=1791549238123 accepted=true
[05:33:58] [Server thread/INFO] [STDOUT]: [com.layue13.clashweave.experiment.s3supp.Experiment:log:22]: CW3 FREEZE id=20 tick=801 target=14 attacker=15 distance=1.0
[05:33:58] [Server thread/INFO] [STDOUT]: [com.layue13.clashweave.experiment.s3supp.Experiment:log:22]: CW3 RESULT id=20 lead=4 defer=2 hit=801 commit=803 deadlineNano=98819121049500 commitWall=1791549238325 stamp=797 arrivalNano=98818892196200 window=true before=true parry=true vanillaAccepted=false loss=0.0 feedbackDelayMs=107.9683
[05:33:58] [Server thread/INFO] [STDOUT]: [com.layue13.clashweave.experiment.s3supp.Experiment:log:22]: CW3 PLAN id=21 lead=4 defer=2 anchorTick=808 hit=820 stamp=816 anchorWall=98819369713800 legacy=false
[05:33:59] [Netty IO #1/INFO] [STDOUT]: [com.layue13.clashweave.experiment.s3supp.Experiment:log:22]: CW3 WIRE nano=98819842827800 side=SERVER kind=2 id=21 wall=1791549239046 thread=Netty IO #1 observed=817
[05:33:59] [Server thread/INFO] [STDOUT]: [com.layue13.clashweave.experiment.s3supp.Experiment:log:22]: CW3 RECEIVE id=21 kind=2 stamp=816 tickObserved=817 recvWall=1791549239072 sendWall=98819792384000 wireMs=-97028243144928
[05:33:59] [Server thread/INFO] [STDOUT]: [com.layue13.clashweave.experiment.s3supp.Experiment:log:22]: CW3 CONSUME id=21 stamp=816 consumeTick=818 recvObserved=817 age=2 queueMs=0 sendWall=98819792384000 recvWall=1791549239072 consumeWall=1791549239072 accepted=true
[05:33:59] [Server thread/INFO] [STDOUT]: [com.layue13.clashweave.experiment.s3supp.Experiment:log:22]: CW3 FREEZE id=21 tick=820 target=14 attacker=15 distance=1.0
[05:33:59] [Server thread/INFO] [STDOUT]: [com.layue13.clashweave.experiment.s3supp.Experiment:log:22]: CW3 RESULT id=21 lead=4 defer=2 hit=820 commit=822 deadlineNano=98820056833600 commitWall=1791549239260 stamp=816 arrivalNano=98819842827800 window=true before=true parry=true vanillaAccepted=false loss=0.0 feedbackDelayMs=93.5931
[05:33:59] [Server thread/INFO] [STDOUT]: [com.layue13.clashweave.experiment.s3supp.Experiment:log:22]: CW3 PLAN id=22 lead=4 defer=2 anchorTick=827 hit=839 stamp=835 anchorWall=98820319818300 legacy=false
[05:33:59] [Netty IO #1/INFO] [STDOUT]: [com.layue13.clashweave.experiment.s3supp.Experiment:log:22]: CW3 WIRE nano=98820793067800 side=SERVER kind=2 id=22 wall=1791549239997 thread=Netty IO #1 observed=836
[05:34:00] [Server thread/INFO] [STDOUT]: [com.layue13.clashweave.experiment.s3supp.Experiment:log:22]: CW3 RECEIVE id=22 kind=2 stamp=835 tickObserved=836 recvWall=1791549240023 sendWall=98820742443800 wireMs=-97029193203777
[05:34:00] [Server thread/INFO] [STDOUT]: [com.layue13.clashweave.experiment.s3supp.Experiment:log:22]: CW3 CONSUME id=22 stamp=835 consumeTick=837 recvObserved=836 age=2 queueMs=0 sendWall=98820742443800 recvWall=1791549240023 consumeWall=1791549240023 accepted=true
[05:34:00] [Server thread/INFO] [STDOUT]: [com.layue13.clashweave.experiment.s3supp.Experiment:log:22]: CW3 FREEZE id=22 tick=839 target=14 attacker=15 distance=1.0
[05:34:00] [Server thread/INFO] [STDOUT]: [com.layue13.clashweave.experiment.s3supp.Experiment:log:22]: CW3 RESULT id=22 lead=4 defer=2 hit=839 commit=841 deadlineNano=98821008144600 commitWall=1791549240212 stamp=835 arrivalNano=98820793067800 window=true before=true parry=true vanillaAccepted=false loss=0.0 feedbackDelayMs=95.0901
[05:34:00] [Server thread/INFO] [STDOUT]: [com.layue13.clashweave.experiment.s3supp.Experiment:log:22]: CW3 PLAN id=23 lead=4 defer=2 anchorTick=846 hit=858 stamp=854 anchorWall=98821257754700 legacy=false
[05:34:00] [Netty IO #1/INFO] [STDOUT]: [com.layue13.clashweave.experiment.s3supp.Experiment:log:22]: CW3 WIRE nano=98821743134200 side=SERVER kind=2 id=23 wall=1791549240947 thread=Netty IO #1 observed=855
[05:34:00] [Server thread/INFO] [STDOUT]: [com.layue13.clashweave.experiment.s3supp.Experiment:log:22]: CW3 RECEIVE id=23 kind=2 stamp=854 tickObserved=855 recvWall=1791549240960 sendWall=98821692446500 wireMs=-97030143205540
[05:34:00] [Server thread/INFO] [STDOUT]: [com.layue13.clashweave.experiment.s3supp.Experiment:log:22]: CW3 CONSUME id=23 stamp=854 consumeTick=856 recvObserved=855 age=2 queueMs=0 sendWall=98821692446500 recvWall=1791549240960 consumeWall=1791549240960 accepted=true
[05:34:01] [Server thread/INFO] [STDOUT]: [com.layue13.clashweave.experiment.s3supp.Experiment:log:22]: CW3 FREEZE id=23 tick=858 target=14 attacker=15 distance=1.0
[05:34:01] [Server thread/INFO] [STDOUT]: [com.layue13.clashweave.experiment.s3supp.Experiment:log:22]: CW3 RESULT id=23 lead=4 defer=2 hit=858 commit=860 deadlineNano=98821960036200 commitWall=1791549241164 stamp=854 arrivalNano=98821743134200 window=true before=true parry=true vanillaAccepted=false loss=0.0 feedbackDelayMs=94.2549
[05:34:01] [Server thread/INFO] [STDOUT]: [com.layue13.clashweave.experiment.s3supp.Experiment:log:22]: CW3 PLAN id=24 lead=4 defer=2 anchorTick=865 hit=877 stamp=873 anchorWall=98822209542600 legacy=false
[05:34:01] [Netty IO #1/INFO] [STDOUT]: [com.layue13.clashweave.experiment.s3supp.Experiment:log:22]: CW3 WIRE nano=98822692138500 side=SERVER kind=2 id=24 wall=1791549241896 thread=Netty IO #1 observed=874
[05:34:01] [Server thread/INFO] [STDOUT]: [com.layue13.clashweave.experiment.s3supp.Experiment:log:22]: CW3 RECEIVE id=24 kind=2 stamp=873 tickObserved=874 recvWall=1791549241910 sendWall=98822641763200 wireMs=-97031092521290
[05:34:01] [Server thread/INFO] [STDOUT]: [com.layue13.clashweave.experiment.s3supp.Experiment:log:22]: CW3 CONSUME id=24 stamp=873 consumeTick=875 recvObserved=874 age=2 queueMs=0 sendWall=98822641763200 recvWall=1791549241910 consumeWall=1791549241910 accepted=true
[05:34:02] [Server thread/INFO] [STDOUT]: [com.layue13.clashweave.experiment.s3supp.Experiment:log:22]: CW3 FREEZE id=24 tick=877 target=14 attacker=15 distance=1.0
[05:34:02] [Server thread/INFO] [STDOUT]: [com.layue13.clashweave.experiment.s3supp.Experiment:log:22]: CW3 RESULT id=24 lead=4 defer=2 hit=877 commit=879 deadlineNano=98822909802400 commitWall=1791549242113 stamp=873 arrivalNano=98822692138500 window=true before=true parry=true vanillaAccepted=false loss=0.0 feedbackDelayMs=92.4812
[05:34:02] [Server thread/INFO] [STDOUT]: [com.layue13.clashweave.experiment.s3supp.Experiment:log:22]: CW3 PLAN id=25 lead=0 defer=3 anchorTick=884 hit=896 stamp=896 anchorWall=98823159630200 legacy=false
[05:34:02] [Server thread/INFO] [STDOUT]: [com.layue13.clashweave.experiment.s3supp.Experiment:log:22]: CW3 FREEZE id=25 tick=896 target=14 attacker=15 distance=1.0
[05:34:03] [Netty IO #1/INFO] [STDOUT]: [com.layue13.clashweave.experiment.s3supp.Experiment:log:22]: CW3 WIRE nano=98823842672400 side=SERVER kind=2 id=25 wall=1791549243046 thread=Netty IO #1 observed=897
[05:34:03] [Server thread/INFO] [STDOUT]: [com.layue13.clashweave.experiment.s3supp.Experiment:log:22]: CW3 RECEIVE id=25 kind=2 stamp=896 tickObserved=897 recvWall=1791549243065 sendWall=98823791770100 wireMs=-97032242527035
[05:34:03] [Server thread/INFO] [STDOUT]: [com.layue13.clashweave.experiment.s3supp.Experiment:log:22]: CW3 CONSUME id=25 stamp=896 consumeTick=898 recvObserved=897 age=2 queueMs=0 sendWall=98823791770100 recvWall=1791549243065 consumeWall=1791549243065 accepted=true
[05:34:03] [Server thread/INFO] [STDOUT]: [com.layue13.clashweave.experiment.s3supp.Experiment:log:22]: CW3 RESULT id=25 lead=0 defer=3 hit=896 commit=899 deadlineNano=98823907948400 commitWall=1791549243112 stamp=896 arrivalNano=98823842672400 window=true before=true parry=true vanillaAccepted=false loss=0.0 feedbackDelayMs=140.5357
[05:34:03] [Server thread/INFO] [STDOUT]: [com.layue13.clashweave.experiment.s3supp.Experiment:log:22]: CW3 PLAN id=26 lead=0 defer=3 anchorTick=904 hit=916 stamp=916 anchorWall=98824178827400 legacy=false
[05:34:03] [Server thread/INFO] [STDOUT]: [com.layue13.clashweave.experiment.s3supp.Experiment:log:22]: CW3 FREEZE id=26 tick=916 target=14 attacker=15 distance=1.0
[05:34:04] [Netty IO #1/INFO] [STDOUT]: [com.layue13.clashweave.experiment.s3supp.Experiment:log:22]: CW3 WIRE nano=98824842513100 side=SERVER kind=2 id=26 wall=1791549244046 thread=Netty IO #1 observed=917
[05:34:04] [Server thread/INFO] [STDOUT]: [com.layue13.clashweave.experiment.s3supp.Experiment:log:22]: CW3 RECEIVE id=26 kind=2 stamp=916 tickObserved=917 recvWall=1791549244069 sendWall=98824791739500 wireMs=-97033242495431
[05:34:04] [Server thread/INFO] [STDOUT]: [com.layue13.clashweave.experiment.s3supp.Experiment:log:22]: CW3 CONSUME id=26 stamp=916 consumeTick=918 recvObserved=917 age=2 queueMs=0 sendWall=98824791739500 recvWall=1791549244069 consumeWall=1791549244069 accepted=true
[05:34:04] [Server thread/INFO] [STDOUT]: [com.layue13.clashweave.experiment.s3supp.Experiment:log:22]: CW3 RESULT id=26 lead=0 defer=3 hit=916 commit=919 deadlineNano=98824911962200 commitWall=1791549244115 stamp=916 arrivalNano=98824842513100 window=true before=true parry=true vanillaAccepted=false loss=0.0 feedbackDelayMs=140.3673
[05:34:04] [Server thread/INFO] [STDOUT]: [com.layue13.clashweave.experiment.s3supp.Experiment:log:22]: CW3 PLAN id=27 lead=0 defer=3 anchorTick=924 hit=936 stamp=936 anchorWall=98825161675100 legacy=false
[05:34:04] [Server thread/INFO] [STDOUT]: [com.layue13.clashweave.experiment.s3supp.Experiment:log:22]: CW3 FREEZE id=27 tick=936 target=14 attacker=15 distance=1.0
[05:34:05] [Netty IO #1/INFO] [STDOUT]: [com.layue13.clashweave.experiment.s3supp.Experiment:log:22]: CW3 WIRE nano=98825847806700 side=SERVER kind=2 id=27 wall=1791549245051 thread=Netty IO #1 observed=937
[05:34:05] [Server thread/INFO] [STDOUT]: [com.layue13.clashweave.experiment.s3supp.Experiment:log:22]: CW3 RECEIVE id=27 kind=2 stamp=936 tickObserved=937 recvWall=1791549245068 sendWall=98825797269300 wireMs=-97034248024232
[05:34:05] [Server thread/INFO] [STDOUT]: [com.layue13.clashweave.experiment.s3supp.Experiment:log:22]: CW3 CONSUME id=27 stamp=936 consumeTick=938 recvObserved=937 age=2 queueMs=0 sendWall=98825797269300 recvWall=1791549245068 consumeWall=1791549245068 accepted=true
[05:34:05] [Server thread/INFO] [STDOUT]: [com.layue13.clashweave.experiment.s3supp.Experiment:log:22]: CW3 RESULT id=27 lead=0 defer=3 hit=936 commit=939 deadlineNano=98825910510400 commitWall=1791549245114 stamp=936 arrivalNano=98825847806700 window=true before=true parry=true vanillaAccepted=false loss=0.0 feedbackDelayMs=140.173
[05:34:05] [Server thread/INFO] [STDOUT]: [com.layue13.clashweave.experiment.s3supp.Experiment:log:22]: CW3 PLAN id=28 lead=0 defer=3 anchorTick=944 hit=956 stamp=956 anchorWall=98826160267700 legacy=false
[05:34:05] [Server thread/INFO] [STDOUT]: [com.layue13.clashweave.experiment.s3supp.Experiment:log:22]: CW3 FREEZE id=28 tick=956 target=14 attacker=15 distance=1.0
[05:34:06] [Netty IO #1/INFO] [STDOUT]: [com.layue13.clashweave.experiment.s3supp.Experiment:log:22]: CW3 WIRE nano=98826847818700 side=SERVER kind=2 id=28 wall=1791549246051 thread=Netty IO #1 observed=957
[05:34:06] [Server thread/INFO] [STDOUT]: [com.layue13.clashweave.experiment.s3supp.Experiment:log:22]: CW3 RECEIVE id=28 kind=2 stamp=956 tickObserved=957 recvWall=1791549246070 sendWall=98826797306100 wireMs=-97035248060030
[05:34:06] [Server thread/INFO] [STDOUT]: [com.layue13.clashweave.experiment.s3supp.Experiment:log:22]: CW3 CONSUME id=28 stamp=956 consumeTick=958 recvObserved=957 age=2 queueMs=0 sendWall=98826797306100 recvWall=1791549246070 consumeWall=1791549246070 accepted=true
[05:34:06] [Server thread/INFO] [STDOUT]: [com.layue13.clashweave.experiment.s3supp.Experiment:log:22]: CW3 RESULT id=28 lead=0 defer=3 hit=956 commit=959 deadlineNano=98826914148200 commitWall=1791549246118 stamp=956 arrivalNano=98826847818700 window=true before=true parry=true vanillaAccepted=false loss=0.0 feedbackDelayMs=157.8724
[05:34:06] [Server thread/INFO] [STDOUT]: [com.layue13.clashweave.experiment.s3supp.Experiment:log:22]: CW3 PLAN id=29 lead=0 defer=3 anchorTick=964 hit=976 stamp=976 anchorWall=98827167292200 legacy=false
[05:34:06] [Server thread/INFO] [STDOUT]: [com.layue13.clashweave.experiment.s3supp.Experiment:log:22]: CW3 FREEZE id=29 tick=976 target=14 attacker=15 distance=1.0
[05:34:07] [Netty IO #1/INFO] [STDOUT]: [com.layue13.clashweave.experiment.s3supp.Experiment:log:22]: CW3 WIRE nano=98827847898100 side=SERVER kind=2 id=29 wall=1791549247051 thread=Netty IO #1 observed=977
[05:34:07] [Server thread/INFO] [STDOUT]: [com.layue13.clashweave.experiment.s3supp.Experiment:log:22]: CW3 RECEIVE id=29 kind=2 stamp=976 tickObserved=977 recvWall=1791549247062 sendWall=98827797262100 wireMs=-97036248015038
[05:34:07] [Server thread/INFO] [STDOUT]: [com.layue13.clashweave.experiment.s3supp.Experiment:log:22]: CW3 CONSUME id=29 stamp=976 consumeTick=978 recvObserved=977 age=2 queueMs=0 sendWall=98827797262100 recvWall=1791549247062 consumeWall=1791549247062 accepted=true
[05:34:07] [Server thread/INFO] [STDOUT]: [com.layue13.clashweave.experiment.s3supp.Experiment:log:22]: CW3 RESULT id=29 lead=0 defer=3 hit=976 commit=979 deadlineNano=98827921546400 commitWall=1791549247125 stamp=976 arrivalNano=98827847898100 window=true before=true parry=true vanillaAccepted=false loss=0.0 feedbackDelayMs=158.1464
[05:34:07] [Server thread/INFO] [STDOUT]: [com.layue13.clashweave.experiment.s3supp.Experiment:log:22]: CW3 PLAN id=30 lead=1 defer=3 anchorTick=984 hit=996 stamp=995 anchorWall=98828159284800 legacy=false
[05:34:07] [Server thread/INFO] [STDOUT]: [com.layue13.clashweave.experiment.s3supp.Experiment:log:22]: CW3 FREEZE id=30 tick=996 target=14 attacker=15 distance=1.0
[05:34:08] [Netty IO #1/INFO] [STDOUT]: [com.layue13.clashweave.experiment.s3supp.Experiment:log:22]: CW3 WIRE nano=98828797822200 side=SERVER kind=2 id=30 wall=1791549248002 thread=Netty IO #1 observed=996
[05:34:08] [Server thread/INFO] [STDOUT]: [com.layue13.clashweave.experiment.s3supp.Experiment:log:22]: CW3 RECEIVE id=30 kind=2 stamp=995 tickObserved=996 recvWall=1791549248024 sendWall=98828747220500 wireMs=-97037197972476
[05:34:08] [Server thread/INFO] [STDOUT]: [com.layue13.clashweave.experiment.s3supp.Experiment:log:22]: CW3 CONSUME id=30 stamp=995 consumeTick=997 recvObserved=996 age=2 queueMs=0 sendWall=98828747220500 recvWall=1791549248024 consumeWall=1791549248024 accepted=true
[05:34:08] [Server thread/INFO] [STDOUT]: [com.layue13.clashweave.experiment.s3supp.Experiment:log:22]: CW3 RESULT id=30 lead=1 defer=3 hit=996 commit=999 deadlineNano=98828914223600 commitWall=1791549248118 stamp=995 arrivalNano=98828797822200 window=true before=true parry=true vanillaAccepted=false loss=0.0 feedbackDelayMs=157.6714
[05:34:08] [Server thread/INFO] [STDOUT]: [com.layue13.clashweave.experiment.s3supp.Experiment:log:22]: CW3 PLAN id=31 lead=1 defer=3 anchorTick=1004 hit=1016 stamp=1015 anchorWall=98829163571900 legacy=false
[05:34:08] [Server thread/INFO] [STDOUT]: [com.layue13.clashweave.experiment.s3supp.Experiment:log:22]: CW3 FREEZE id=31 tick=1016 target=14 attacker=15 distance=1.0
[05:34:09] [Netty IO #1/INFO] [STDOUT]: [com.layue13.clashweave.experiment.s3supp.Experiment:log:22]: CW3 WIRE nano=98829797778900 side=SERVER kind=2 id=31 wall=1791549249001 thread=Netty IO #1 observed=1016
[05:34:09] [Server thread/INFO] [STDOUT]: [com.layue13.clashweave.experiment.s3supp.Experiment:log:22]: CW3 RECEIVE id=31 kind=2 stamp=1015 tickObserved=1016 recvWall=1791549249012 sendWall=98829747068000 wireMs=-97038197818988
[05:34:09] [Server thread/INFO] [STDOUT]: [com.layue13.clashweave.experiment.s3supp.Experiment:log:22]: CW3 CONSUME id=31 stamp=1015 consumeTick=1017 recvObserved=1016 age=2 queueMs=0 sendWall=98829747068000 recvWall=1791549249012 consumeWall=1791549249012 accepted=true
[05:34:09] [Server thread/INFO] [STDOUT]: [com.layue13.clashweave.experiment.s3supp.Experiment:log:22]: CW3 RESULT id=31 lead=1 defer=3 hit=1016 commit=1019 deadlineNano=98829917613300 commitWall=1791549249121 stamp=1015 arrivalNano=98829797778900 window=true before=true parry=true vanillaAccepted=false loss=0.0 feedbackDelayMs=155.3808
[05:34:09] [Server thread/INFO] [STDOUT]: [com.layue13.clashweave.experiment.s3supp.Experiment:log:22]: CW3 PLAN id=32 lead=1 defer=3 anchorTick=1024 hit=1036 stamp=1035 anchorWall=98830168253100 legacy=false
[05:34:09] [Server thread/INFO] [STDOUT]: [com.layue13.clashweave.experiment.s3supp.Experiment:log:22]: CW3 FREEZE id=32 tick=1036 target=14 attacker=15 distance=1.0
[05:34:10] [Netty IO #1/INFO] [STDOUT]: [com.layue13.clashweave.experiment.s3supp.Experiment:log:22]: CW3 WIRE nano=98830796986600 side=SERVER kind=2 id=32 wall=1791549250001 thread=Netty IO #1 observed=1036
[05:34:10] [Server thread/INFO] [STDOUT]: [com.layue13.clashweave.experiment.s3supp.Experiment:log:22]: CW3 RECEIVE id=32 kind=2 stamp=1035 tickObserved=1036 recvWall=1791549250019 sendWall=98830746501100 wireMs=-97039197251081
[05:34:10] [Server thread/INFO] [STDOUT]: [com.layue13.clashweave.experiment.s3supp.Experiment:log:22]: CW3 CONSUME id=32 stamp=1035 consumeTick=1037 recvObserved=1036 age=2 queueMs=0 sendWall=98830746501100 recvWall=1791549250019 consumeWall=1791549250019 accepted=true
[05:34:10] [Server thread/INFO] [STDOUT]: [com.layue13.clashweave.experiment.s3supp.Experiment:log:22]: CW3 RESULT id=32 lead=1 defer=3 hit=1036 commit=1039 deadlineNano=98830910358400 commitWall=1791549250114 stamp=1035 arrivalNano=98830796986600 window=true before=true parry=true vanillaAccepted=false loss=0.0 feedbackDelayMs=141.9594
[05:34:10] [Server thread/INFO] [STDOUT]: [com.layue13.clashweave.experiment.s3supp.Experiment:log:22]: CW3 PLAN id=33 lead=1 defer=3 anchorTick=1044 hit=1056 stamp=1055 anchorWall=98831161235100 legacy=false
[05:34:10] [Server thread/INFO] [STDOUT]: [com.layue13.clashweave.experiment.s3supp.Experiment:log:22]: CW3 FREEZE id=33 tick=1056 target=14 attacker=15 distance=1.0
[05:34:11] [Netty IO #1/INFO] [STDOUT]: [com.layue13.clashweave.experiment.s3supp.Experiment:log:22]: CW3 WIRE nano=98831798226400 side=SERVER kind=2 id=33 wall=1791549251002 thread=Netty IO #1 observed=1056
[05:34:11] [Server thread/INFO] [STDOUT]: [com.layue13.clashweave.experiment.s3supp.Experiment:log:22]: CW3 RECEIVE id=33 kind=2 stamp=1055 tickObserved=1056 recvWall=1791549251022 sendWall=98831747789600 wireMs=-97040198538578
[05:34:11] [Server thread/INFO] [STDOUT]: [com.layue13.clashweave.experiment.s3supp.Experiment:log:22]: CW3 CONSUME id=33 stamp=1055 consumeTick=1057 recvObserved=1056 age=2 queueMs=5 sendWall=98831747789600 recvWall=1791549251022 consumeWall=1791549251027 accepted=true
[05:34:11] [Server thread/INFO] [STDOUT]: [com.layue13.clashweave.experiment.s3supp.Experiment:log:22]: CW3 RESULT id=33 lead=1 defer=3 hit=1056 commit=1059 deadlineNano=98831913571600 commitWall=1791549251117 stamp=1055 arrivalNano=98831798226400 window=true before=true parry=true vanillaAccepted=false loss=0.0 feedbackDelayMs=141.9027
[05:34:11] [Server thread/INFO] [STDOUT]: [com.layue13.clashweave.experiment.s3supp.Experiment:log:22]: CW3 PLAN id=34 lead=1 defer=3 anchorTick=1064 hit=1076 stamp=1075 anchorWall=98832165341800 legacy=false
[05:34:11] [Server thread/INFO] [STDOUT]: [com.layue13.clashweave.experiment.s3supp.Experiment:log:22]: CW3 FREEZE id=34 tick=1076 target=14 attacker=15 distance=1.0
[05:34:12] [Netty IO #1/INFO] [STDOUT]: [com.layue13.clashweave.experiment.s3supp.Experiment:log:22]: CW3 WIRE nano=98832798507500 side=SERVER kind=2 id=34 wall=1791549252002 thread=Netty IO #1 observed=1076
[05:34:12] [Server thread/INFO] [STDOUT]: [com.layue13.clashweave.experiment.s3supp.Experiment:log:22]: CW3 RECEIVE id=34 kind=2 stamp=1075 tickObserved=1076 recvWall=1791549252014 sendWall=98832747777500 wireMs=-97041198525486
[05:34:12] [Server thread/INFO] [STDOUT]: [com.layue13.clashweave.experiment.s3supp.Experiment:log:22]: CW3 CONSUME id=34 stamp=1075 consumeTick=1077 recvObserved=1076 age=2 queueMs=0 sendWall=98832747777500 recvWall=1791549252014 consumeWall=1791549252014 accepted=true
[05:34:12] [Server thread/INFO] [STDOUT]: [com.layue13.clashweave.experiment.s3supp.Experiment:log:22]: CW3 RESULT id=34 lead=1 defer=3 hit=1076 commit=1079 deadlineNano=98832920383600 commitWall=1791549252124 stamp=1075 arrivalNano=98832798507500 window=true before=true parry=true vanillaAccepted=false loss=0.0 feedbackDelayMs=156.8778
[05:34:12] [Server thread/INFO] [STDOUT]: [com.layue13.clashweave.experiment.s3supp.Experiment:log:22]: CW3 PLAN id=35 lead=2 defer=3 anchorTick=1084 hit=1096 stamp=1094 anchorWall=98833170524000 legacy=false
[05:34:12] [Netty IO #1/INFO] [STDOUT]: [com.layue13.clashweave.experiment.s3supp.Experiment:log:22]: CW3 WIRE nano=98833748224000 side=SERVER kind=2 id=35 wall=1791549252952 thread=Netty IO #1 observed=1095
[05:34:12] [Server thread/INFO] [STDOUT]: [com.layue13.clashweave.experiment.s3supp.Experiment:log:22]: CW3 RECEIVE id=35 kind=2 stamp=1094 tickObserved=1095 recvWall=1791549252972 sendWall=98833697853700 wireMs=-97042148600728
[05:34:12] [Server thread/INFO] [STDOUT]: [com.layue13.clashweave.experiment.s3supp.Experiment:log:22]: CW3 CONSUME id=35 stamp=1094 consumeTick=1096 recvObserved=1095 age=2 queueMs=0 sendWall=98833697853700 recvWall=1791549252972 consumeWall=1791549252972 accepted=true
[05:34:12] [Server thread/INFO] [STDOUT]: [com.layue13.clashweave.experiment.s3supp.Experiment:log:22]: CW3 FREEZE id=35 tick=1096 target=14 attacker=15 distance=1.0
[05:34:13] [Server thread/INFO] [STDOUT]: [com.layue13.clashweave.experiment.s3supp.Experiment:log:22]: CW3 RESULT id=35 lead=2 defer=3 hit=1096 commit=1099 deadlineNano=98833907844200 commitWall=1791549253112 stamp=1094 arrivalNano=98833748224000 window=true before=true parry=true vanillaAccepted=false loss=0.0 feedbackDelayMs=139.4434
[05:34:13] [Server thread/INFO] [STDOUT]: [com.layue13.clashweave.experiment.s3supp.Experiment:log:22]: CW3 PLAN id=36 lead=2 defer=3 anchorTick=1104 hit=1116 stamp=1114 anchorWall=98834160308200 legacy=false
[05:34:13] [Netty IO #1/INFO] [STDOUT]: [com.layue13.clashweave.experiment.s3supp.Experiment:log:22]: CW3 WIRE nano=98834748008600 side=SERVER kind=2 id=36 wall=1791549253952 thread=Netty IO #1 observed=1115
[05:34:13] [Server thread/INFO] [STDOUT]: [com.layue13.clashweave.experiment.s3supp.Experiment:log:22]: CW3 RECEIVE id=36 kind=2 stamp=1114 tickObserved=1115 recvWall=1791549253975 sendWall=98834697632400 wireMs=-97043148378425
[05:34:13] [Server thread/INFO] [STDOUT]: [com.layue13.clashweave.experiment.s3supp.Experiment:log:22]: CW3 CONSUME id=36 stamp=1114 consumeTick=1116 recvObserved=1115 age=2 queueMs=0 sendWall=98834697632400 recvWall=1791549253975 consumeWall=1791549253975 accepted=true
[05:34:13] [Server thread/INFO] [STDOUT]: [com.layue13.clashweave.experiment.s3supp.Experiment:log:22]: CW3 FREEZE id=36 tick=1116 target=14 attacker=15 distance=1.0
[05:34:14] [Server thread/INFO] [STDOUT]: [com.layue13.clashweave.experiment.s3supp.Experiment:log:22]: CW3 RESULT id=36 lead=2 defer=3 hit=1116 commit=1119 deadlineNano=98834914387300 commitWall=1791549254118 stamp=1114 arrivalNano=98834748008600 window=true before=true parry=true vanillaAccepted=false loss=0.0 feedbackDelayMs=142.7413
[05:34:14] [Server thread/INFO] [STDOUT]: [com.layue13.clashweave.experiment.s3supp.Experiment:log:22]: CW3 PLAN id=37 lead=2 defer=3 anchorTick=1124 hit=1136 stamp=1134 anchorWall=98835163793800 legacy=false
[05:34:14] [Netty IO #1/INFO] [STDOUT]: [com.layue13.clashweave.experiment.s3supp.Experiment:log:22]: CW3 WIRE nano=98835747398100 side=SERVER kind=2 id=37 wall=1791549254951 thread=Netty IO #1 observed=1135
[05:34:14] [Server thread/INFO] [STDOUT]: [com.layue13.clashweave.experiment.s3supp.Experiment:log:22]: CW3 RECEIVE id=37 kind=2 stamp=1134 tickObserved=1135 recvWall=1791549254967 sendWall=98835696628900 wireMs=-97044147373933
[05:34:14] [Server thread/INFO] [STDOUT]: [com.layue13.clashweave.experiment.s3supp.Experiment:log:22]: CW3 CONSUME id=37 stamp=1134 consumeTick=1136 recvObserved=1135 age=2 queueMs=0 sendWall=98835696628900 recvWall=1791549254967 consumeWall=1791549254967 accepted=true
[05:34:14] [Server thread/INFO] [STDOUT]: [com.layue13.clashweave.experiment.s3supp.Experiment:log:22]: CW3 FREEZE id=37 tick=1136 target=14 attacker=15 distance=1.0
[05:34:15] [Server thread/INFO] [STDOUT]: [com.layue13.clashweave.experiment.s3supp.Experiment:log:22]: CW3 RESULT id=37 lead=2 defer=3 hit=1136 commit=1139 deadlineNano=98835919822600 commitWall=1791549255124 stamp=1134 arrivalNano=98835747398100 window=true before=true parry=true vanillaAccepted=false loss=0.0 feedbackDelayMs=156.0726
[05:34:15] [Server thread/INFO] [STDOUT]: [com.layue13.clashweave.experiment.s3supp.Experiment:log:22]: CW3 PLAN id=38 lead=2 defer=3 anchorTick=1144 hit=1156 stamp=1154 anchorWall=98836170553800 legacy=false
[05:34:15] [Netty IO #1/INFO] [STDOUT]: [com.layue13.clashweave.experiment.s3supp.Experiment:log:22]: CW3 WIRE nano=98836748001100 side=SERVER kind=2 id=38 wall=1791549255952 thread=Netty IO #1 observed=1155
[05:34:15] [Server thread/INFO] [STDOUT]: [com.layue13.clashweave.experiment.s3supp.Experiment:log:22]: CW3 RECEIVE id=38 kind=2 stamp=1154 tickObserved=1155 recvWall=1791549255968 sendWall=98836697169900 wireMs=-97045147913932
[05:34:15] [Server thread/INFO] [STDOUT]: [com.layue13.clashweave.experiment.s3supp.Experiment:log:22]: CW3 CONSUME id=38 stamp=1154 consumeTick=1156 recvObserved=1155 age=2 queueMs=0 sendWall=98836697169900 recvWall=1791549255968 consumeWall=1791549255968 accepted=true
[05:34:15] [Server thread/INFO] [STDOUT]: [com.layue13.clashweave.experiment.s3supp.Experiment:log:22]: CW3 FREEZE id=38 tick=1156 target=14 attacker=15 distance=1.0
[05:34:16] [Server thread/INFO] [STDOUT]: [com.layue13.clashweave.experiment.s3supp.Experiment:log:22]: CW3 RESULT id=38 lead=2 defer=3 hit=1156 commit=1159 deadlineNano=98836921001800 commitWall=1791549256125 stamp=1154 arrivalNano=98836748001100 window=true before=true parry=true vanillaAccepted=false loss=0.0 feedbackDelayMs=156.6291
[05:34:16] [Server thread/INFO] [STDOUT]: [com.layue13.clashweave.experiment.s3supp.Experiment:log:22]: CW3 PLAN id=39 lead=2 defer=3 anchorTick=1164 hit=1176 stamp=1174 anchorWall=98837169870100 legacy=false
[05:34:16] [Netty IO #1/INFO] [STDOUT]: [com.layue13.clashweave.experiment.s3supp.Experiment:log:22]: CW3 WIRE nano=98837747322300 side=SERVER kind=2 id=39 wall=1791549256951 thread=Netty IO #1 observed=1175
[05:34:16] [Server thread/INFO] [STDOUT]: [com.layue13.clashweave.experiment.s3supp.Experiment:log:22]: CW3 RECEIVE id=39 kind=2 stamp=1174 tickObserved=1175 recvWall=1791549256969 sendWall=98837696835100 wireMs=-97046147578131
[05:34:16] [Server thread/INFO] [STDOUT]: [com.layue13.clashweave.experiment.s3supp.Experiment:log:22]: CW3 CONSUME id=39 stamp=1174 consumeTick=1176 recvObserved=1175 age=2 queueMs=0 sendWall=98837696835100 recvWall=1791549256969 consumeWall=1791549256969 accepted=true
[05:34:16] [Server thread/INFO] [STDOUT]: [com.layue13.clashweave.experiment.s3supp.Experiment:log:22]: CW3 FREEZE id=39 tick=1176 target=14 attacker=15 distance=1.0
[05:34:17] [Server thread/INFO] [STDOUT]: [com.layue13.clashweave.experiment.s3supp.Experiment:log:22]: CW3 RESULT id=39 lead=2 defer=3 hit=1176 commit=1179 deadlineNano=98837918767800 commitWall=1791549257122 stamp=1174 arrivalNano=98837747322300 window=true before=true parry=true vanillaAccepted=false loss=0.0 feedbackDelayMs=152.954
[05:34:17] [Server thread/INFO] [STDOUT]: [com.layue13.clashweave.experiment.s3supp.Experiment:log:22]: CW3 PLAN id=40 lead=3 defer=3 anchorTick=1184 hit=1196 stamp=1193 anchorWall=98838169922600 legacy=false
[05:34:17] [Netty IO #1/INFO] [STDOUT]: [com.layue13.clashweave.experiment.s3supp.Experiment:log:22]: CW3 WIRE nano=98838697554100 side=SERVER kind=2 id=40 wall=1791549257901 thread=Netty IO #1 observed=1194
[05:34:17] [Server thread/INFO] [STDOUT]: [com.layue13.clashweave.experiment.s3supp.Experiment:log:22]: CW3 RECEIVE id=40 kind=2 stamp=1193 tickObserved=1194 recvWall=1791549257920 sendWall=98838647043100 wireMs=-97047097785180
[05:34:17] [Server thread/INFO] [STDOUT]: [com.layue13.clashweave.experiment.s3supp.Experiment:log:22]: CW3 CONSUME id=40 stamp=1193 consumeTick=1195 recvObserved=1194 age=2 queueMs=0 sendWall=98838647043100 recvWall=1791549257920 consumeWall=1791549257920 accepted=true
[05:34:17] [Server thread/INFO] [STDOUT]: [com.layue13.clashweave.experiment.s3supp.Experiment:log:22]: CW3 FREEZE id=40 tick=1196 target=14 attacker=15 distance=1.0
[05:34:18] [Server thread/INFO] [STDOUT]: [com.layue13.clashweave.experiment.s3supp.Experiment:log:22]: CW3 RESULT id=40 lead=3 defer=3 hit=1196 commit=1199 deadlineNano=98838920922700 commitWall=1791549258125 stamp=1193 arrivalNano=98838697554100 window=true before=true parry=true vanillaAccepted=false loss=0.0 feedbackDelayMs=158.4901
[05:34:18] [Server thread/INFO] [STDOUT]: [com.layue13.clashweave.experiment.s3supp.Experiment:log:22]: CW3 PLAN id=41 lead=3 defer=3 anchorTick=1204 hit=1216 stamp=1213 anchorWall=98839156300000 legacy=false
[05:34:18] [Netty IO #1/INFO] [STDOUT]: [com.layue13.clashweave.experiment.s3supp.Experiment:log:22]: CW3 WIRE nano=98839697047900 side=SERVER kind=2 id=41 wall=1791549258901 thread=Netty IO #1 observed=1214
[05:34:18] [Server thread/INFO] [STDOUT]: [com.layue13.clashweave.experiment.s3supp.Experiment:log:22]: CW3 RECEIVE id=41 kind=2 stamp=1213 tickObserved=1214 recvWall=1791549258923 sendWall=98839646650100 wireMs=-97048097391177
[05:34:18] [Server thread/INFO] [STDOUT]: [com.layue13.clashweave.experiment.s3supp.Experiment:log:22]: CW3 CONSUME id=41 stamp=1213 consumeTick=1215 recvObserved=1214 age=2 queueMs=0 sendWall=98839646650100 recvWall=1791549258923 consumeWall=1791549258923 accepted=true
[05:34:18] [Server thread/INFO] [STDOUT]: [com.layue13.clashweave.experiment.s3supp.Experiment:log:22]: CW3 FREEZE id=41 tick=1216 target=14 attacker=15 distance=1.0
[05:34:19] [Server thread/INFO] [STDOUT]: [com.layue13.clashweave.experiment.s3supp.Experiment:log:22]: CW3 RESULT id=41 lead=3 defer=3 hit=1216 commit=1219 deadlineNano=98839907277900 commitWall=1791549259111 stamp=1213 arrivalNano=98839697047900 window=true before=true parry=true vanillaAccepted=false loss=0.0 feedbackDelayMs=140.7595
[05:34:19] [Server thread/INFO] [STDOUT]: [com.layue13.clashweave.experiment.s3supp.Experiment:log:22]: CW3 PLAN id=42 lead=3 defer=3 anchorTick=1224 hit=1236 stamp=1233 anchorWall=98840157256600 legacy=false
[05:34:19] [Netty IO #1/INFO] [STDOUT]: [com.layue13.clashweave.experiment.s3supp.Experiment:log:22]: CW3 WIRE nano=98840697968200 side=SERVER kind=2 id=42 wall=1791549259902 thread=Netty IO #1 observed=1234
[05:34:19] [Server thread/INFO] [STDOUT]: [com.layue13.clashweave.experiment.s3supp.Experiment:log:22]: CW3 RECEIVE id=42 kind=2 stamp=1233 tickObserved=1234 recvWall=1791549259912 sendWall=98840647110600 wireMs=-97049097850688
[05:34:19] [Server thread/INFO] [STDOUT]: [com.layue13.clashweave.experiment.s3supp.Experiment:log:22]: CW3 CONSUME id=42 stamp=1233 consumeTick=1235 recvObserved=1234 age=2 queueMs=0 sendWall=98840647110600 recvWall=1791549259912 consumeWall=1791549259912 accepted=true
[05:34:19] [Server thread/INFO] [STDOUT]: [com.layue13.clashweave.experiment.s3supp.Experiment:log:22]: CW3 FREEZE id=42 tick=1236 target=14 attacker=15 distance=1.0
[05:34:20] [Server thread/INFO] [STDOUT]: [com.layue13.clashweave.experiment.s3supp.Experiment:log:22]: CW3 RESULT id=42 lead=3 defer=3 hit=1236 commit=1239 deadlineNano=98840914050500 commitWall=1791549260118 stamp=1233 arrivalNano=98840697968200 window=true before=true parry=true vanillaAccepted=false loss=0.0 feedbackDelayMs=157.8878
[05:34:20] [Server thread/INFO] [STDOUT]: [com.layue13.clashweave.experiment.s3supp.Experiment:log:22]: CW3 PLAN id=43 lead=3 defer=3 anchorTick=1244 hit=1256 stamp=1253 anchorWall=98841164658200 legacy=false
[05:34:20] [Netty IO #1/INFO] [STDOUT]: [com.layue13.clashweave.experiment.s3supp.Experiment:log:22]: CW3 WIRE nano=98841698304200 side=SERVER kind=2 id=43 wall=1791549260902 thread=Netty IO #1 observed=1254
[05:34:20] [Server thread/INFO] [STDOUT]: [com.layue13.clashweave.experiment.s3supp.Experiment:log:22]: CW3 RECEIVE id=43 kind=2 stamp=1253 tickObserved=1254 recvWall=1791549260918 sendWall=98841647775700 wireMs=-97050098514782
[05:34:20] [Server thread/INFO] [STDOUT]: [com.layue13.clashweave.experiment.s3supp.Experiment:log:22]: CW3 CONSUME id=43 stamp=1253 consumeTick=1255 recvObserved=1254 age=2 queueMs=0 sendWall=98841647775700 recvWall=1791549260918 consumeWall=1791549260918 accepted=true
[05:34:20] [Server thread/INFO] [STDOUT]: [com.layue13.clashweave.experiment.s3supp.Experiment:log:22]: CW3 FREEZE id=43 tick=1256 target=14 attacker=15 distance=1.0
[05:34:21] [Server thread/INFO] [STDOUT]: [com.layue13.clashweave.experiment.s3supp.Experiment:log:22]: CW3 RESULT id=43 lead=3 defer=3 hit=1256 commit=1259 deadlineNano=98841917604500 commitWall=1791549261121 stamp=1253 arrivalNano=98841698304200 window=true before=true parry=true vanillaAccepted=false loss=0.0 feedbackDelayMs=156.3635
[05:34:21] [Server thread/INFO] [STDOUT]: [com.layue13.clashweave.experiment.s3supp.Experiment:log:22]: CW3 PLAN id=44 lead=3 defer=3 anchorTick=1264 hit=1276 stamp=1273 anchorWall=98842167475800 legacy=false
[05:34:21] [Netty IO #1/INFO] [STDOUT]: [com.layue13.clashweave.experiment.s3supp.Experiment:log:22]: CW3 WIRE nano=98842697445600 side=SERVER kind=2 id=44 wall=1791549261901 thread=Netty IO #1 observed=1274
[05:34:21] [Server thread/INFO] [STDOUT]: [com.layue13.clashweave.experiment.s3supp.Experiment:log:22]: CW3 RECEIVE id=44 kind=2 stamp=1273 tickObserved=1274 recvWall=1791549261918 sendWall=98842646653800 wireMs=-97051097391882
[05:34:21] [Server thread/INFO] [STDOUT]: [com.layue13.clashweave.experiment.s3supp.Experiment:log:22]: CW3 CONSUME id=44 stamp=1273 consumeTick=1275 recvObserved=1274 age=2 queueMs=0 sendWall=98842646653800 recvWall=1791549261918 consumeWall=1791549261918 accepted=true
[05:34:21] [Server thread/INFO] [STDOUT]: [com.layue13.clashweave.experiment.s3supp.Experiment:log:22]: CW3 FREEZE id=44 tick=1276 target=14 attacker=15 distance=1.0
[05:34:22] [Server thread/INFO] [STDOUT]: [com.layue13.clashweave.experiment.s3supp.Experiment:log:22]: CW3 RESULT id=44 lead=3 defer=3 hit=1276 commit=1279 deadlineNano=98842918413500 commitWall=1791549262122 stamp=1273 arrivalNano=98842697445600 window=true before=true parry=true vanillaAccepted=false loss=0.0 feedbackDelayMs=158.3133
[05:34:22] [Server thread/INFO] [STDOUT]: [com.layue13.clashweave.experiment.s3supp.Experiment:log:22]: CW3 PLAN id=45 lead=4 defer=3 anchorTick=1284 hit=1296 stamp=1292 anchorWall=98843167193300 legacy=false
[05:34:22] [Netty IO #1/INFO] [STDOUT]: [com.layue13.clashweave.experiment.s3supp.Experiment:log:22]: CW3 WIRE nano=98843647189100 side=SERVER kind=2 id=45 wall=1791549262851 thread=Netty IO #1 observed=1293
[05:34:22] [Server thread/INFO] [STDOUT]: [com.layue13.clashweave.experiment.s3supp.Experiment:log:22]: CW3 RECEIVE id=45 kind=2 stamp=1292 tickObserved=1293 recvWall=1791549262874 sendWall=98843596648400 wireMs=-97052047385526
[05:34:22] [Server thread/INFO] [STDOUT]: [com.layue13.clashweave.experiment.s3supp.Experiment:log:22]: CW3 CONSUME id=45 stamp=1292 consumeTick=1294 recvObserved=1293 age=2 queueMs=0 sendWall=98843596648400 recvWall=1791549262874 consumeWall=1791549262874 accepted=true
[05:34:22] [Server thread/INFO] [STDOUT]: [com.layue13.clashweave.experiment.s3supp.Experiment:log:22]: CW3 FREEZE id=45 tick=1296 target=14 attacker=15 distance=1.0
[05:34:23] [Server thread/INFO] [STDOUT]: [com.layue13.clashweave.experiment.s3supp.Experiment:log:22]: CW3 RESULT id=45 lead=4 defer=3 hit=1296 commit=1299 deadlineNano=98843921379600 commitWall=1791549263125 stamp=1292 arrivalNano=98843647189100 window=true before=true parry=true vanillaAccepted=false loss=0.0 feedbackDelayMs=157.0249
[05:34:23] [Server thread/INFO] [STDOUT]: [com.layue13.clashweave.experiment.s3supp.Experiment:log:22]: CW3 PLAN id=46 lead=4 defer=3 anchorTick=1304 hit=1316 stamp=1312 anchorWall=98844155955500 legacy=false
[05:34:23] [Netty IO #1/INFO] [STDOUT]: [com.layue13.clashweave.experiment.s3supp.Experiment:log:22]: CW3 WIRE nano=98844647380700 side=SERVER kind=2 id=46 wall=1791549263851 thread=Netty IO #1 observed=1313
[05:34:23] [Server thread/INFO] [STDOUT]: [com.layue13.clashweave.experiment.s3supp.Experiment:log:22]: CW3 RECEIVE id=46 kind=2 stamp=1312 tickObserved=1313 recvWall=1791549263863 sendWall=98844596897900 wireMs=-97053047634037
[05:34:23] [Server thread/INFO] [STDOUT]: [com.layue13.clashweave.experiment.s3supp.Experiment:log:22]: CW3 CONSUME id=46 stamp=1312 consumeTick=1314 recvObserved=1313 age=2 queueMs=0 sendWall=98844596897900 recvWall=1791549263863 consumeWall=1791549263863 accepted=true
[05:34:23] [Server thread/INFO] [STDOUT]: [com.layue13.clashweave.experiment.s3supp.Experiment:log:22]: CW3 FREEZE id=46 tick=1316 target=14 attacker=15 distance=1.0
[05:34:24] [Server thread/INFO] [STDOUT]: [com.layue13.clashweave.experiment.s3supp.Experiment:log:22]: CW3 RESULT id=46 lead=4 defer=3 hit=1316 commit=1319 deadlineNano=98844911555900 commitWall=1791549264115 stamp=1312 arrivalNano=98844647380700 window=true before=true parry=true vanillaAccepted=false loss=0.0 feedbackDelayMs=141.4876
[05:34:24] [Server thread/INFO] [STDOUT]: [com.layue13.clashweave.experiment.s3supp.Experiment:log:22]: CW3 PLAN id=47 lead=4 defer=3 anchorTick=1324 hit=1336 stamp=1332 anchorWall=98845161397000 legacy=false
[05:34:24] [Netty IO #1/INFO] [STDOUT]: [com.layue13.clashweave.experiment.s3supp.Experiment:log:22]: CW3 WIRE nano=98845652110900 side=SERVER kind=2 id=47 wall=1791549264856 thread=Netty IO #1 observed=1333
[05:34:24] [Server thread/INFO] [STDOUT]: [com.layue13.clashweave.experiment.s3supp.Experiment:log:22]: CW3 RECEIVE id=47 kind=2 stamp=1332 tickObserved=1333 recvWall=1791549264868 sendWall=98845601596400 wireMs=-97054052331532
[05:34:24] [Server thread/INFO] [STDOUT]: [com.layue13.clashweave.experiment.s3supp.Experiment:log:22]: CW3 CONSUME id=47 stamp=1332 consumeTick=1334 recvObserved=1333 age=2 queueMs=0 sendWall=98845601596400 recvWall=1791549264868 consumeWall=1791549264868 accepted=true
[05:34:24] [Server thread/INFO] [STDOUT]: [com.layue13.clashweave.experiment.s3supp.Experiment:log:22]: CW3 FREEZE id=47 tick=1336 target=14 attacker=15 distance=1.0
[05:34:25] [Server thread/INFO] [STDOUT]: [com.layue13.clashweave.experiment.s3supp.Experiment:log:22]: CW3 RESULT id=47 lead=4 defer=3 hit=1336 commit=1339 deadlineNano=98845914618300 commitWall=1791549265118 stamp=1332 arrivalNano=98845652110900 window=true before=true parry=true vanillaAccepted=false loss=0.0 feedbackDelayMs=156.952
[05:34:25] [Server thread/INFO] [STDOUT]: [com.layue13.clashweave.experiment.s3supp.Experiment:log:22]: CW3 PLAN id=48 lead=4 defer=3 anchorTick=1344 hit=1356 stamp=1352 anchorWall=98846165642700 legacy=false
[05:34:25] [Netty IO #1/INFO] [STDOUT]: [com.layue13.clashweave.experiment.s3supp.Experiment:log:22]: CW3 WIRE nano=98846652128900 side=SERVER kind=2 id=48 wall=1791549265856 thread=Netty IO #1 observed=1353
[05:34:25] [Server thread/INFO] [STDOUT]: [com.layue13.clashweave.experiment.s3supp.Experiment:log:22]: CW3 RECEIVE id=48 kind=2 stamp=1352 tickObserved=1353 recvWall=1791549265867 sendWall=98846601463500 wireMs=-97055052197633
[05:34:25] [Server thread/INFO] [STDOUT]: [com.layue13.clashweave.experiment.s3supp.Experiment:log:22]: CW3 CONSUME id=48 stamp=1352 consumeTick=1354 recvObserved=1353 age=2 queueMs=0 sendWall=98846601463500 recvWall=1791549265867 consumeWall=1791549265867 accepted=true
[05:34:25] [Server thread/INFO] [STDOUT]: [com.layue13.clashweave.experiment.s3supp.Experiment:log:22]: CW3 FREEZE id=48 tick=1356 target=14 attacker=15 distance=1.0
[05:34:26] [Server thread/INFO] [STDOUT]: [com.layue13.clashweave.experiment.s3supp.Experiment:log:22]: CW3 RESULT id=48 lead=4 defer=3 hit=1356 commit=1359 deadlineNano=98846915303800 commitWall=1791549266119 stamp=1352 arrivalNano=98846652128900 window=true before=true parry=true vanillaAccepted=false loss=0.0 feedbackDelayMs=156.3506
[05:34:26] [Server thread/INFO] [STDOUT]: [com.layue13.clashweave.experiment.s3supp.Experiment:log:22]: CW3 PLAN id=49 lead=4 defer=3 anchorTick=1364 hit=1376 stamp=1372 anchorWall=98847164513300 legacy=false
[05:34:26] [Netty IO #1/INFO] [STDOUT]: [com.layue13.clashweave.experiment.s3supp.Experiment:log:22]: CW3 WIRE nano=98847653724200 side=SERVER kind=2 id=49 wall=1791549266857 thread=Netty IO #1 observed=1373
[05:34:26] [Server thread/INFO] [STDOUT]: [com.layue13.clashweave.experiment.s3supp.Experiment:log:22]: CW3 RECEIVE id=49 kind=2 stamp=1372 tickObserved=1373 recvWall=1791549266870 sendWall=98847602944300 wireMs=-97056053677430
[05:34:26] [Server thread/INFO] [STDOUT]: [com.layue13.clashweave.experiment.s3supp.Experiment:log:22]: CW3 CONSUME id=49 stamp=1372 consumeTick=1374 recvObserved=1373 age=2 queueMs=0 sendWall=98847602944300 recvWall=1791549266870 consumeWall=1791549266870 accepted=true
[05:34:26] [Server thread/INFO] [STDOUT]: [com.layue13.clashweave.experiment.s3supp.Experiment:log:22]: CW3 FREEZE id=49 tick=1376 target=14 attacker=15 distance=1.0
[05:34:27] [Server thread/INFO] [STDOUT]: [com.layue13.clashweave.experiment.s3supp.Experiment:log:22]: CW3 RESULT id=49 lead=4 defer=3 hit=1376 commit=1379 deadlineNano=98847917910000 commitWall=1791549267121 stamp=1372 arrivalNano=98847653724200 window=true before=true parry=true vanillaAccepted=false loss=0.0 feedbackDelayMs=156.6035
[05:34:27] [Server thread/INFO] [STDOUT]: [com.layue13.clashweave.experiment.s3supp.Experiment:log:22]: CW3 DONE total=50 eligible=50 eligibleSuccess=50 conditionalAll=true window=5 ageCap=8 worldRollback=false
