# Log excerpt; complete raw log retained locally under build/p0/runs.
# Original lines: 460
# Marker counts: {'ERROR': 3, 'CW_RENDER': 1, 'Exception': 2, 'P0_AUDIO': 42, 'CW_ENGAGEMENT': 1, 'P0_REPLAY': 29, 'P0_CAPTURE': 8, 'P0_REQUEST': 62, 'P0_PENDING': 75, 'CW_ALIGN': 35, 'CW_FEEDBACK': 42, 'CW_FRAME': 42, 'P0_LATE_WIRE': 1}
[14:30:57] [main/ERROR] [FML]: The binary patch set is missing. Either you are in a development environment, or things are not going to work!
[14:30:57] [main/ERROR] [FML]: FML appears to be missing any signature data. This is not a good thing
This is just a prompt for computer specs to be printed. THIS IS NOT A ERROR
[14:31:01] [Client thread/INFO] [STDOUT]: [com.layue13.clashweave.client.KatanaRendering:load:42]: CW_RENDER models loaded units=block blade=+Y sheath=downwardBipedY angle=45.0
[14:31:01] [Forge Version Check/INFO] [STDERR]: [java.lang.Throwable$WrappedPrintStream:println:749]: com.google.gson.JsonSyntaxException: java.lang.IllegalStateException: Expected BEGIN_OBJECT but was STRING at line 1 column 1
[14:31:01] [Forge Version Check/INFO] [STDERR]: [java.lang.Throwable$WrappedPrintStream:println:749]: Caused by: java.lang.IllegalStateException: Expected BEGIN_OBJECT but was STRING at line 1 column 1
[14:31:02] [Client thread/INFO] [STDOUT]: [com.layue13.clashweave.validation.ClientReplay:<init>:55]: P0_AUDIO initial loader settled
[14:31:07] [Client thread/INFO] [STDOUT]: [com.layue13.clashweave.client.ClientProxy:apply:204]: CW_ENGAGEMENT player=P0A engaged=true revision=2 tick=198 receive=27483135932400
[14:31:09] [Client thread/INFO] [STDOUT]: [com.layue13.clashweave.validation.ClientReplay:tick:208]: P0_REPLAY tick=40 action= progress=2.7083271100991624E-4 feedback=REJECT:STALE
[14:31:09] [Client thread/INFO] [STDOUT]: [com.layue13.clashweave.validation.ClientReplay:frame:298]: P0_CAPTURE sheathed-0 instance=0 progress=1.827954735130902 nano=27485362024900
[14:31:09] [Client thread/INFO] [STDOUT]: [com.layue13.clashweave.validation.ClientReplay:frame:298]: P0_CAPTURE sheathed-2 instance=0 progress=1.7075300000000198 nano=27485449241000
[14:31:11] [Client thread/INFO] [STDOUT]: [com.layue13.clashweave.validation.ClientReplay:request:214]: P0_REQUEST intent=LIGHT nano=27487301059500
[14:31:11] [Client thread/INFO] [STDOUT]: [com.layue13.clashweave.validation.ClientReplay:tick:208]: P0_REPLAY tick=80 action= progress=2.2251537740203275E-4 feedback=REJECT:STALE
[14:31:11] [Client thread/INFO] [STDOUT]: [com.layue13.clashweave.validation.ClientReplay:tick:160]: P0_PENDING engaged=true
[14:31:11] [Client thread/INFO] [STDOUT]: [com.layue13.clashweave.client.ClientProxy:apply:218]: CW_ALIGN player=P0A seq=24 predicted=0 authoritative=0 sameAction=true
[14:31:11] [Client thread/INFO] [STDOUT]: [com.layue13.clashweave.validation.ClientReplay:frame:298]: P0_CAPTURE draw-0 instance=1 progress=2.587662028778709 nano=27487548181400
[14:31:11] [Client thread/INFO] [STDOUT]: [com.layue13.clashweave.validation.ClientReplay:frame:298]: P0_CAPTURE draw-2 instance=1 progress=2.808933833542312 nano=27487615529200
[14:31:12] [Client thread/INFO] [STDOUT]: [com.layue13.clashweave.validation.ClientReplay:request:214]: P0_REQUEST intent=LIGHT nano=27487715614300
[14:31:12] [Client thread/INFO] [STDOUT]: [com.layue13.clashweave.client.ClientProxy:apply:263]: CW_FEEDBACK player=P0A result=HIT frozen=27487608296200 receive=27487866940900 corrections=0
[14:31:12] [Client thread/INFO] [STDOUT]: [com.layue13.clashweave.validation.ClientReplay:audio:310]: P0_AUDIO source=random.successful_hit frozen=27487608296200 nano=27487879324100
[14:31:12] [Client thread/INFO] [STDOUT]: [com.layue13.clashweave.client.ClientProxy:hud:330]: CW_FRAME frozen=27487608296200 frame=27487882796100
[14:31:12] [Client thread/INFO] [STDOUT]: [com.layue13.clashweave.validation.ClientReplay:request:214]: P0_REQUEST intent=LIGHT nano=27488183515300
[14:31:12] [Client thread/INFO] [STDOUT]: [com.layue13.clashweave.client.ClientProxy:apply:263]: CW_FEEDBACK player=P0A result=HIT frozen=27488101041500 receive=27488334610300 corrections=0
[14:31:12] [Client thread/INFO] [STDOUT]: [com.layue13.clashweave.validation.ClientReplay:audio:310]: P0_AUDIO source=random.successful_hit frozen=27488101041500 nano=27488335027400
[14:31:12] [Client thread/INFO] [STDOUT]: [com.layue13.clashweave.client.ClientProxy:hud:330]: CW_FRAME frozen=27488101041500 frame=27488335895100
[14:31:12] [Client thread/INFO] [STDOUT]: [com.layue13.clashweave.validation.ClientReplay:request:214]: P0_REQUEST intent=LIGHT nano=27488599920800
[14:31:13] [Client thread/INFO] [STDOUT]: [com.layue13.clashweave.validation.ClientReplay:tick:157]: P0_LATE_WIRE seq=31 origin=1
[14:31:13] [Client thread/INFO] [STDOUT]: [com.layue13.clashweave.validation.ClientReplay:tick:208]: P0_REPLAY tick=120 action= progress=1.5317987492835528E-4 feedback=ORIGIN_CHANGED
[14:31:13] [Client thread/INFO] [STDOUT]: [com.layue13.clashweave.validation.ClientReplay:request:214]: P0_REQUEST intent=LIGHT nano=27489616123300
[14:31:14] [Client thread/INFO] [STDOUT]: [com.layue13.clashweave.validation.ClientReplay:tick:160]: P0_PENDING engaged=true
[14:31:14] [Client thread/INFO] [STDOUT]: [com.layue13.clashweave.validation.ClientReplay:tick:160]: P0_PENDING engaged=true
[14:31:14] [Client thread/INFO] [STDOUT]: [com.layue13.clashweave.client.ClientProxy:apply:218]: CW_ALIGN player=P0A seq=32 predicted=0 authoritative=0 sameAction=true
[14:31:14] [Client thread/INFO] [STDOUT]: [com.layue13.clashweave.validation.ClientReplay:request:214]: P0_REQUEST intent=HEAVY nano=27490032706400
[14:31:15] [Client thread/INFO] [STDOUT]: [com.layue13.clashweave.validation.ClientReplay:request:214]: P0_REQUEST intent=HEAVY nano=27490899761000
[14:31:15] [Client thread/INFO] [STDOUT]: [com.layue13.clashweave.validation.ClientReplay:tick:160]: P0_PENDING engaged=true
[14:31:15] [Client thread/INFO] [STDOUT]: [com.layue13.clashweave.validation.ClientReplay:tick:160]: P0_PENDING engaged=true
[14:31:15] [Client thread/INFO] [STDOUT]: [com.layue13.clashweave.validation.ClientReplay:tick:160]: P0_PENDING engaged=true
[14:31:15] [Client thread/INFO] [STDOUT]: [com.layue13.clashweave.client.ClientProxy:apply:218]: CW_ALIGN player=P0A seq=35 predicted=0 authoritative=0 sameAction=true
[14:31:15] [Client thread/INFO] [STDOUT]: [com.layue13.clashweave.validation.ClientReplay:tick:208]: P0_REPLAY tick=160 action=heavy progress=7.000148000000024 feedback=MOVE_READY
[14:31:16] [Client thread/INFO] [STDOUT]: [com.layue13.clashweave.validation.ClientReplay:request:214]: P0_REQUEST intent=SHEATHE nano=27492166228600
[14:31:16] [Client thread/INFO] [STDOUT]: [com.layue13.clashweave.validation.ClientReplay:tick:160]: P0_PENDING engaged=true
[14:31:16] [Client thread/INFO] [STDOUT]: [com.layue13.clashweave.validation.ClientReplay:tick:160]: P0_PENDING engaged=true
[14:31:16] [Client thread/INFO] [STDOUT]: [com.layue13.clashweave.validation.ClientReplay:tick:160]: P0_PENDING engaged=true
[14:31:16] [Client thread/INFO] [STDOUT]: [com.layue13.clashweave.client.ClientProxy:apply:218]: CW_ALIGN player=P0A seq=37 predicted=0 authoritative=0 sameAction=true
[14:31:16] [Client thread/INFO] [STDOUT]: [com.layue13.clashweave.validation.ClientReplay:frame:298]: P0_CAPTURE sheathe-0 instance=6 progress=3.3344960000000015 nano=27492482313000
[14:31:16] [Client thread/INFO] [STDOUT]: [com.layue13.clashweave.validation.ClientReplay:frame:298]: P0_CAPTURE sheathe-2 instance=6 progress=4.285457299333302 nano=27492569950400
[14:31:17] [Client thread/INFO] [STDOUT]: [com.layue13.clashweave.validation.ClientReplay:request:214]: P0_REQUEST intent=LIGHT nano=27493421254500
[14:31:17] [Client thread/INFO] [STDOUT]: [com.layue13.clashweave.validation.ClientReplay:tick:208]: P0_REPLAY tick=200 action= progress=1.1200000000144428E-4 feedback=MOVE_READY
[14:31:17] [Client thread/INFO] [STDOUT]: [com.layue13.clashweave.validation.ClientReplay:tick:160]: P0_PENDING engaged=true
[14:31:17] [Client thread/INFO] [STDOUT]: [com.layue13.clashweave.validation.ClientReplay:tick:160]: P0_PENDING engaged=true
[14:31:17] [Client thread/INFO] [STDOUT]: [com.layue13.clashweave.validation.ClientReplay:tick:160]: P0_PENDING engaged=true
[14:31:17] [Client thread/INFO] [STDOUT]: [com.layue13.clashweave.client.ClientProxy:apply:218]: CW_ALIGN player=P0A seq=39 predicted=0 authoritative=0 sameAction=true
[14:31:18] [Client thread/INFO] [STDOUT]: [com.layue13.clashweave.validation.ClientReplay:request:214]: P0_REQUEST intent=LIGHT nano=27493870678100
[14:31:18] [Client thread/INFO] [STDOUT]: [com.layue13.clashweave.client.ClientProxy:apply:263]: CW_FEEDBACK player=P0A result=IMMUNE frozen=27493761077400 receive=27493970573900 corrections=0
[14:31:18] [Client thread/INFO] [STDOUT]: [com.layue13.clashweave.client.ClientProxy:hud:330]: CW_FRAME frozen=27493761077400 frame=27493971207200
[14:31:19] [Client thread/INFO] [STDOUT]: [com.layue13.clashweave.validation.ClientReplay:request:214]: P0_REQUEST intent=HEAVY nano=27494687798900
[14:31:19] [Client thread/INFO] [STDOUT]: [com.layue13.clashweave.client.ClientProxy:apply:218]: CW_ALIGN player=P0A seq=42 predicted=0 authoritative=0 sameAction=true
[14:31:19] [Client thread/INFO] [STDOUT]: [com.layue13.clashweave.validation.ClientReplay:frame:298]: P0_CAPTURE swing-0 instance=8 progress=7.345072000000016 nano=27495204716300
[14:31:19] [Client thread/INFO] [STDOUT]: [com.layue13.clashweave.validation.ClientReplay:frame:298]: P0_CAPTURE swing-2 instance=8 progress=9.651250000000005 nano=27495288150100
[14:31:19] [Client thread/INFO] [STDOUT]: [com.layue13.clashweave.client.ClientProxy:apply:263]: CW_FEEDBACK player=P0A result=PARRY frozen=27495013158400 receive=27495289096200 corrections=0
[14:31:19] [Client thread/INFO] [STDOUT]: [com.layue13.clashweave.validation.ClientReplay:audio:310]: P0_AUDIO source=random.anvil_land frozen=27495013158400 nano=27495289519400
[14:31:19] [Client thread/INFO] [STDOUT]: [com.layue13.clashweave.client.ClientProxy:hud:330]: CW_FRAME frozen=27495013158400 frame=27495294095200
[14:31:19] [Client thread/INFO] [STDOUT]: [com.layue13.clashweave.validation.ClientReplay:tick:208]: P0_REPLAY tick=240 action=heavy progress=12.00008600000001 feedback=PARRY
[14:31:20] [Client thread/INFO] [STDOUT]: [com.layue13.clashweave.validation.ClientReplay:request:214]: P0_REQUEST intent=SHEATHE nano=27495937756500
[14:31:20] [Client thread/INFO] [STDOUT]: [com.layue13.clashweave.client.ClientProxy:apply:218]: CW_ALIGN player=P0A seq=44 predicted=0 authoritative=0 sameAction=true
[14:31:21] [Client thread/INFO] [STDOUT]: [com.layue13.clashweave.client.ClientProxy:apply:218]: CW_ALIGN player=P0A seq=46 predicted=0 authoritative=0 sameAction=true
[14:31:21] [Client thread/INFO] [STDOUT]: [com.layue13.clashweave.validation.ClientReplay:tick:208]: P0_REPLAY tick=280 action=iai progress=2.0001563580599395 feedback=MOVE_READY
[14:31:22] [Client thread/INFO] [STDOUT]: [com.layue13.clashweave.client.ClientProxy:apply:263]: CW_FEEDBACK player=P0A result=PARRY frozen=27497499050800 receive=27497754829600 corrections=0
[14:31:22] [Client thread/INFO] [STDOUT]: [com.layue13.clashweave.validation.ClientReplay:audio:310]: P0_AUDIO source=random.anvil_land frozen=27497499050800 nano=27497755142900
[14:31:22] [Client thread/INFO] [STDOUT]: [com.layue13.clashweave.client.ClientProxy:hud:330]: CW_FRAME frozen=27497499050800 frame=27497755761700
[14:31:22] [Client thread/INFO] [STDOUT]: [com.layue13.clashweave.client.ClientProxy:apply:263]: CW_FEEDBACK player=P0A result=BLOCK frozen=27497903621800 receive=27498157732500 corrections=0
[14:31:22] [Client thread/INFO] [STDOUT]: [com.layue13.clashweave.validation.ClientReplay:audio:310]: P0_AUDIO source=random.anvil_land frozen=27497903621800 nano=27498158054500
[14:31:22] [Client thread/INFO] [STDOUT]: [com.layue13.clashweave.client.ClientProxy:hud:330]: CW_FRAME frozen=27497903621800 frame=27498158646700
[14:31:22] [Client thread/INFO] [STDOUT]: [com.layue13.clashweave.client.ClientProxy:apply:263]: CW_FEEDBACK player=P0A result=BLOCK frozen=27498352418900 receive=27498607430600 corrections=0
[14:31:22] [Client thread/INFO] [STDOUT]: [com.layue13.clashweave.validation.ClientReplay:audio:310]: P0_AUDIO source=random.anvil_land frozen=27498352418900 nano=27498607771500
[14:31:22] [Client thread/INFO] [STDOUT]: [com.layue13.clashweave.client.ClientProxy:hud:330]: CW_FRAME frozen=27498352418900 frame=27498608251400
[14:31:23] [Client thread/INFO] [STDOUT]: [com.layue13.clashweave.validation.ClientReplay:tick:208]: P0_REPLAY tick=320 action= progress=5.079752111214475E-5 feedback=BLOCK
[14:31:24] [Client thread/INFO] [STDOUT]: [com.layue13.clashweave.client.ClientProxy:apply:218]: CW_ALIGN player=P0A seq=52 predicted=0 authoritative=0 sameAction=true
[14:31:24] [Client thread/INFO] [STDOUT]: [com.layue13.clashweave.client.ClientProxy:apply:263]: CW_FEEDBACK player=P0A result=PARRY frozen=27500056263100 receive=27500304393100 corrections=0
[14:31:24] [Client thread/INFO] [STDOUT]: [com.layue13.clashweave.validation.ClientReplay:audio:310]: P0_AUDIO source=random.anvil_land frozen=27500056263100 nano=27500304699900
[14:31:24] [Client thread/INFO] [STDOUT]: [com.layue13.clashweave.client.ClientProxy:hud:330]: CW_FRAME frozen=27500056263100 frame=27500305201100
[14:31:25] [Client thread/INFO] [STDOUT]: [com.layue13.clashweave.client.ClientProxy:apply:218]: CW_ALIGN player=P0A seq=54 predicted=0 authoritative=0 sameAction=true
[14:31:25] [Client thread/INFO] [STDOUT]: [com.layue13.clashweave.validation.ClientReplay:tick:208]: P0_REPLAY tick=360 action=sheathe progress=6.00010199999997 feedback=MOVE_READY
[14:31:26] [Client thread/INFO] [STDOUT]: [com.layue13.clashweave.client.ClientProxy:apply:218]: CW_ALIGN player=P0A seq=56 predicted=0 authoritative=0 sameAction=true
[14:31:27] [Client thread/INFO] [STDOUT]: [com.layue13.clashweave.client.ClientProxy:apply:263]: CW_FEEDBACK player=P0A result=PARRY frozen=27502547444400 receive=27502754458500 corrections=0
[14:31:27] [Client thread/INFO] [STDOUT]: [com.layue13.clashweave.validation.ClientReplay:audio:310]: P0_AUDIO source=random.anvil_land frozen=27502547444400 nano=27502754787700
[14:31:27] [Client thread/INFO] [STDOUT]: [com.layue13.clashweave.client.ClientProxy:hud:330]: CW_FRAME frozen=27502547444400 frame=27502755385200
[14:31:27] [Client thread/INFO] [STDOUT]: [com.layue13.clashweave.client.ClientProxy:apply:263]: CW_FEEDBACK player=P0A result=PARRY frozen=27502996277400 receive=27503204659500 corrections=0
[14:31:27] [Client thread/INFO] [STDOUT]: [com.layue13.clashweave.validation.ClientReplay:audio:310]: P0_AUDIO source=random.anvil_land frozen=27502996277400 nano=27503204943800
[14:31:27] [Client thread/INFO] [STDOUT]: [com.layue13.clashweave.client.ClientProxy:hud:330]: CW_FRAME frozen=27502996277400 frame=27503205406000
[14:31:27] [Client thread/INFO] [STDOUT]: [com.layue13.clashweave.validation.ClientReplay:tick:208]: P0_REPLAY tick=400 action=light_2 progress=4.00452800000005 feedback=START
[14:31:27] [Client thread/INFO] [STDOUT]: [com.layue13.clashweave.client.ClientProxy:apply:263]: CW_FEEDBACK player=P0A result=BLOCK frozen=27503346991400 receive=27503554577500 corrections=0
[14:31:27] [Client thread/INFO] [STDOUT]: [com.layue13.clashweave.validation.ClientReplay:audio:310]: P0_AUDIO source=random.anvil_land frozen=27503346991400 nano=27503554863200
[14:31:27] [Client thread/INFO] [STDOUT]: [com.layue13.clashweave.client.ClientProxy:hud:330]: CW_FRAME frozen=27503346991400 frame=27503555328400
[14:31:28] [Client thread/INFO] [STDOUT]: [com.layue13.clashweave.client.ClientProxy:apply:263]: CW_FEEDBACK player=P0A result=BLOCK frozen=27503752982100 receive=27504004581000 corrections=0
[14:31:28] [Client thread/INFO] [STDOUT]: [com.layue13.clashweave.validation.ClientReplay:audio:310]: P0_AUDIO source=random.anvil_land frozen=27503752982100 nano=27504004913700
[14:31:28] [Client thread/INFO] [STDOUT]: [com.layue13.clashweave.client.ClientProxy:hud:330]: CW_FRAME frozen=27503752982100 frame=27504005465500
[14:31:29] [Client thread/INFO] [STDOUT]: [com.layue13.clashweave.client.ClientProxy:apply:218]: CW_ALIGN player=P0A seq=64 predicted=0 authoritative=0 sameAction=true
[14:31:29] [Client thread/INFO] [STDOUT]: [com.layue13.clashweave.validation.ClientReplay:tick:208]: P0_REPLAY tick=440 action=heavy progress=13.001164264013141 feedback=PARRY
[14:31:31] [Client thread/INFO] [STDOUT]: [com.layue13.clashweave.validation.ClientReplay:tick:208]: P0_REPLAY tick=480 action=iai progress=2.0000420000000076 feedback=START
