# Log excerpt; complete raw log retained locally under build/p0/runs.
# Original lines: 5538
# Marker counts: {'Exception': 171, 'ERROR': 2, 'P0_NETWORK': 2, ' CW INPUT': 26, ' CW ACK': 12, 'P0_PERF': 2, 'P0_SWEEP_SETUP': 4, 'CW_EVENT': 15, ' CW ENGAGEMENT': 3, ' CW FACING': 4, ' CW START': 4, ' CW AIM': 4, ' CW FREEZE': 4, 'P0_SWEEP_DAMAGE': 4, ' CW COMMIT': 4, 'P0_SWEEP': 5}
[Loaded java.lang.Exception from C:\Program Files\Zulu\zulu-8\jre\lib\rt.jar]
[Loaded java.lang.RuntimeException from C:\Program Files\Zulu\zulu-8\jre\lib\rt.jar]
[Loaded java.lang.ReflectiveOperationException from C:\Program Files\Zulu\zulu-8\jre\lib\rt.jar]
[Loaded java.lang.ClassNotFoundException from C:\Program Files\Zulu\zulu-8\jre\lib\rt.jar]
[Loaded java.lang.ClassCastException from C:\Program Files\Zulu\zulu-8\jre\lib\rt.jar]
[Loaded java.lang.ArrayStoreException from C:\Program Files\Zulu\zulu-8\jre\lib\rt.jar]
[Loaded java.lang.IllegalMonitorStateException from C:\Program Files\Zulu\zulu-8\jre\lib\rt.jar]
[Loaded java.lang.Thread$UncaughtExceptionHandler from C:\Program Files\Zulu\zulu-8\jre\lib\rt.jar]
[Loaded java.lang.NullPointerException from C:\Program Files\Zulu\zulu-8\jre\lib\rt.jar]
[Loaded java.lang.ArithmeticException from C:\Program Files\Zulu\zulu-8\jre\lib\rt.jar]
[Loaded java.lang.InterruptedException from C:\Program Files\Zulu\zulu-8\jre\lib\rt.jar]
[Loaded java.security.PrivilegedExceptionAction from C:\Program Files\Zulu\zulu-8\jre\lib\rt.jar]
[16:16:32] [main/ERROR] [FML]: The binary patch set is missing. Either you are in a development environment, or things are not going to work!
[16:16:32] [main/ERROR] [FML]: FML appears to be missing any signature data. This is not a good thing
[16:16:51] [Server thread/INFO] [STDOUT]: [com.layue13.clashweave.validation.NetworkScenario:login:44]: P0_NETWORK login=P0A
[16:16:52] [Server thread/INFO] [STDOUT]: [com.layue13.clashweave.forge.CombatServer:trace:776]: CW INPUT player=P0A seq=1 kind=-2 target=-1 origin=0 stamp=195 receivedTick=206 consumedTick=207 arrival=33828078484100 gate=STALE
[16:16:52] [Server thread/INFO] [STDOUT]: [com.layue13.clashweave.forge.CombatServer:trace:776]: CW ACK player=P0A seq=1 result=REJECT:STALE
[16:16:52] [Server thread/INFO] [STDOUT]: [com.layue13.clashweave.forge.CombatServer:trace:776]: CW INPUT player=P0A seq=2 kind=-2 target=-1 origin=0 stamp=196 receivedTick=206 consumedTick=207 arrival=33828078534499 gate=STALE
[16:16:52] [Server thread/INFO] [STDOUT]: [com.layue13.clashweave.forge.CombatServer:trace:776]: CW ACK player=P0A seq=2 result=REJECT:STALE
[16:16:52] [Server thread/INFO] [STDOUT]: [com.layue13.clashweave.forge.CombatServer:trace:776]: CW INPUT player=P0A seq=3 kind=-2 target=-1 origin=0 stamp=197 receivedTick=206 consumedTick=207 arrival=33828078547400 gate=STALE
[16:16:52] [Server thread/INFO] [STDOUT]: [com.layue13.clashweave.forge.CombatServer:trace:776]: CW ACK player=P0A seq=3 result=REJECT:STALE
[16:16:52] [Server thread/INFO] [STDOUT]: [com.layue13.clashweave.forge.CombatServer:trace:776]: CW INPUT player=P0A seq=4 kind=-2 target=-1 origin=0 stamp=198 receivedTick=206 consumedTick=207 arrival=33828078569700 gate=OK
[16:16:52] [Server thread/INFO] [STDOUT]: [com.layue13.clashweave.forge.CombatServer:trace:776]: CW INPUT player=P0A seq=5 kind=-2 target=-1 origin=0 stamp=199 receivedTick=206 consumedTick=207 arrival=33828078581399 gate=OK
[16:16:52] [Server thread/INFO] [STDOUT]: [com.layue13.clashweave.forge.CombatServer:trace:776]: CW INPUT player=P0A seq=6 kind=-2 target=-1 origin=0 stamp=200 receivedTick=206 consumedTick=207 arrival=33828078591700 gate=OK
[16:16:52] [Server thread/INFO] [STDOUT]: [com.layue13.clashweave.forge.CombatServer:trace:776]: CW INPUT player=P0A seq=7 kind=-2 target=-1 origin=0 stamp=201 receivedTick=206 consumedTick=207 arrival=33828078600800 gate=OK
[16:16:52] [Server thread/INFO] [STDOUT]: [com.layue13.clashweave.forge.CombatServer:trace:776]: CW INPUT player=P0A seq=8 kind=-2 target=-1 origin=0 stamp=202 receivedTick=206 consumedTick=207 arrival=33828078609500 gate=OK
[16:16:52] [Server thread/INFO] [STDOUT]: [com.layue13.clashweave.forge.CombatServer:trace:776]: CW INPUT player=P0A seq=9 kind=-2 target=-1 origin=0 stamp=203 receivedTick=207 consumedTick=208 arrival=33828097076700 gate=OK
[16:16:52] [Server thread/INFO] [STDOUT]: [com.layue13.clashweave.forge.CombatServer:trace:776]: CW INPUT player=P0A seq=10 kind=-2 target=-1 origin=0 stamp=204 receivedTick=207 consumedTick=208 arrival=33828097097700 gate=OK
[16:16:52] [Server thread/INFO] [STDOUT]: [com.layue13.clashweave.forge.CombatServer:trace:776]: CW INPUT player=P0A seq=11 kind=-2 target=-1 origin=0 stamp=205 receivedTick=207 consumedTick=208 arrival=33828097131000 gate=OK
[16:16:52] [Server thread/INFO] [STDOUT]: [com.layue13.clashweave.forge.CombatServer:trace:776]: CW INPUT player=P0A seq=12 kind=-2 target=-1 origin=0 stamp=206 receivedTick=215 consumedTick=216 arrival=33828153831199 gate=STALE
[16:16:52] [Server thread/INFO] [STDOUT]: [com.layue13.clashweave.forge.CombatServer:trace:776]: CW ACK player=P0A seq=12 result=REJECT:STALE
[16:17:01] [Server thread/INFO] [STDOUT]: [com.layue13.clashweave.validation.NetworkScenario:login:44]: P0_NETWORK login=P0B
[16:17:06] [Server thread/INFO] [STDOUT]: [com.layue13.clashweave.validation.NetworkScenario:tick:98]: P0_PERF samples=100 meanNanos=133116 maxNanos=973600
[16:17:07] [Server thread/INFO] [STDOUT]: [com.layue13.clashweave.validation.SweepScenario:tick:51]: P0_SWEEP_SETUP case=1 target=105686 height=0.9
[16:17:07] [Server thread/INFO] [STDOUT]: [com.layue13.clashweave.forge.SemanticDispatcher:publish:33]: CW_EVENT id=1 kind=HURT actor=69121 target=-1 instance=0 tick=522
[16:17:07] [Server thread/INFO] [STDOUT]: [com.layue13.clashweave.forge.CombatServer:trace:776]: CW ENGAGEMENT player=P0B engaged=true revision=3 tick=522 sent=33843042522900
[16:17:07] [Server thread/INFO] [STDOUT]: [com.layue13.clashweave.forge.CombatServer:trace:776]: CW FACING player=P0A seq=16 requested=0.0 known=0.0 chosen=0.0 accepted=true reason=OK
[16:17:07] [Server thread/INFO] [STDOUT]: [com.layue13.clashweave.forge.CombatServer:trace:776]: CW START player=P0A id=1 action=iai tick=532
[16:17:07] [Server thread/INFO] [STDOUT]: [com.layue13.clashweave.forge.CombatServer:trace:776]: CW AIM player=P0A id=1 requested=0.0 requestedPitch=0.0 selectedPitch=0.0 beforePitchDelta=0.0 afterPitchDelta=0.0 baseline=0.0 selected=0.0 beforeDelta=0.0 afterDelta=0.0 accepted=true
[16:17:07] [Server thread/INFO] [STDOUT]: [com.layue13.clashweave.forge.SemanticDispatcher:publish:33]: CW_EVENT id=2 kind=DRAW actor=0 target=-1 instance=1 tick=532
[16:17:07] [Server thread/INFO] [STDOUT]: [com.layue13.clashweave.forge.SemanticDispatcher:publish:33]: CW_EVENT id=3 kind=SWING actor=0 target=-1 instance=1 tick=532
[16:17:07] [Server thread/INFO] [STDOUT]: [com.layue13.clashweave.forge.CombatServer:trace:776]: CW ACK player=P0A seq=16 result=START
[16:17:07] [Server thread/INFO] [STDOUT]: [com.layue13.clashweave.forge.CombatServer:trace:776]: CW ENGAGEMENT player=P0A engaged=true revision=4 tick=532 sent=33843538674000
[16:17:07] [Server thread/INFO] [STDOUT]: [com.layue13.clashweave.forge.CombatServer:trace:776]: CW ACK player=P0A seq=17 result=MOVE_READY
[16:17:08] [Server thread/INFO] [STDOUT]: [com.layue13.clashweave.forge.CombatServer:trace:776]: CW FREEZE player=P0A targetPlayer=false target=105686 id=1 hitTick=537 frozen=33843785961499
[16:17:08] [Server thread/INFO] [STDOUT]: [com.layue13.clashweave.validation.SweepScenario:hurt:22]: P0_SWEEP_DAMAGE case=1 source=player amount=5.0 attackerFeet=64.0 attackerGround=true
[16:17:08] [Server thread/INFO] [STDOUT]: [com.layue13.clashweave.forge.SemanticDispatcher:publish:33]: CW_EVENT id=4 kind=HIT actor=0 target=105686 instance=1 tick=537
[16:17:08] [Server thread/INFO] [STDOUT]: [com.layue13.clashweave.forge.SemanticDispatcher:publish:33]: CW_EVENT id=5 kind=HURT actor=105686 target=0 instance=1 tick=537
[16:17:08] [Server thread/INFO] [STDOUT]: [com.layue13.clashweave.forge.CombatServer:trace:776]: CW COMMIT player=P0A targetPlayer=false target=105686 id=1 hitTick=537 commitTick=537 frozen=33843785961499 cutoff=33843786284600 guard=0 damage=5.0 hit=true hp=195.0 facing=false
[16:17:08] [Server thread/INFO] [STDOUT]: [com.layue13.clashweave.forge.SemanticDispatcher:publish:33]: CW_EVENT id=6 kind=HURT actor=0 target=-1 instance=0 tick=542
[16:17:08] [Server thread/INFO] [STDOUT]: [com.layue13.clashweave.validation.SweepScenario:tick:38]: P0_SWEEP case=1 success=true loss=5.0 targetHeight=0.9 targetY=64.0
[16:17:08] [Server thread/INFO] [STDOUT]: [com.layue13.clashweave.validation.SweepScenario:tick:51]: P0_SWEEP_SETUP case=2 target=111522 height=0.65
[16:17:09] [Server thread/INFO] [STDOUT]: [com.layue13.clashweave.forge.CombatServer:trace:776]: CW FACING player=P0A seq=18 requested=0.0 known=0.0 chosen=0.0 accepted=true reason=OK
[16:17:09] [Server thread/INFO] [STDOUT]: [com.layue13.clashweave.forge.CombatServer:trace:776]: CW START player=P0A id=2 action=light_1 tick=562
[16:17:09] [Server thread/INFO] [STDOUT]: [com.layue13.clashweave.forge.CombatServer:trace:776]: CW AIM player=P0A id=2 requested=0.0 requestedPitch=0.0 selectedPitch=0.0 beforePitchDelta=0.0 afterPitchDelta=0.0 baseline=0.0 selected=0.0 beforeDelta=0.0 afterDelta=0.0 accepted=true
[16:17:09] [Server thread/INFO] [STDOUT]: [com.layue13.clashweave.forge.SemanticDispatcher:publish:33]: CW_EVENT id=7 kind=SWING actor=0 target=-1 instance=2 tick=562
[16:17:09] [Server thread/INFO] [STDOUT]: [com.layue13.clashweave.forge.CombatServer:trace:776]: CW ACK player=P0A seq=18 result=START
[16:17:09] [Server thread/INFO] [STDOUT]: [com.layue13.clashweave.forge.CombatServer:trace:776]: CW ACK player=P0A seq=19 result=MOVE_READY
[16:17:09] [Server thread/INFO] [STDOUT]: [com.layue13.clashweave.forge.CombatServer:trace:776]: CW FREEZE player=P0A targetPlayer=false target=111522 id=2 hitTick=566 frozen=33845235619699
[16:17:09] [Server thread/INFO] [STDOUT]: [com.layue13.clashweave.validation.SweepScenario:hurt:22]: P0_SWEEP_DAMAGE case=2 source=player amount=3.0 attackerFeet=64.0 attackerGround=true
[16:17:09] [Server thread/INFO] [STDOUT]: [com.layue13.clashweave.forge.SemanticDispatcher:publish:33]: CW_EVENT id=8 kind=HIT actor=0 target=111522 instance=2 tick=566
[16:17:09] [Server thread/INFO] [STDOUT]: [com.layue13.clashweave.forge.SemanticDispatcher:publish:33]: CW_EVENT id=9 kind=HURT actor=111522 target=0 instance=2 tick=566
[16:17:09] [Server thread/INFO] [STDOUT]: [com.layue13.clashweave.forge.CombatServer:trace:776]: CW COMMIT player=P0A targetPlayer=false target=111522 id=2 hitTick=566 commitTick=566 frozen=33845235619699 cutoff=33845235946100 guard=0 damage=3.0 hit=true hp=197.0 facing=false
[16:17:10] [Server thread/INFO] [STDOUT]: [com.layue13.clashweave.validation.SweepScenario:tick:38]: P0_SWEEP case=2 success=true loss=3.0 targetHeight=0.65 targetY=64.0
[16:17:10] [Server thread/INFO] [STDOUT]: [com.layue13.clashweave.validation.SweepScenario:tick:51]: P0_SWEEP_SETUP case=3 target=115451 height=1.8
[16:17:10] [Server thread/INFO] [STDOUT]: [com.layue13.clashweave.forge.CombatServer:trace:776]: CW FACING player=P0A seq=20 requested=0.0 known=0.0 chosen=0.0 accepted=true reason=OK
[16:17:10] [Server thread/INFO] [STDOUT]: [com.layue13.clashweave.forge.CombatServer:trace:776]: CW START player=P0A id=3 action=light_1 tick=588
[16:17:10] [Server thread/INFO] [STDOUT]: [com.layue13.clashweave.forge.CombatServer:trace:776]: CW AIM player=P0A id=3 requested=0.0 requestedPitch=0.0 selectedPitch=0.0 beforePitchDelta=0.0 afterPitchDelta=0.0 baseline=0.0 selected=0.0 beforeDelta=0.0 afterDelta=0.0 accepted=true
[16:17:10] [Server thread/INFO] [STDOUT]: [com.layue13.clashweave.forge.SemanticDispatcher:publish:33]: CW_EVENT id=10 kind=SWING actor=0 target=-1 instance=3 tick=588
[16:17:10] [Server thread/INFO] [STDOUT]: [com.layue13.clashweave.forge.CombatServer:trace:776]: CW ACK player=P0A seq=20 result=START
[16:17:10] [Server thread/INFO] [STDOUT]: [com.layue13.clashweave.forge.CombatServer:trace:776]: CW ACK player=P0A seq=21 result=MOVE_READY
[16:17:10] [Server thread/INFO] [STDOUT]: [com.layue13.clashweave.forge.CombatServer:trace:776]: CW ENGAGEMENT player=P0B engaged=false revision=5 tick=590 sent=33846435864500
[16:17:10] [Server thread/INFO] [STDOUT]: [com.layue13.clashweave.forge.CombatServer:trace:776]: CW FREEZE player=P0A targetPlayer=false target=115451 id=3 hitTick=592 frozen=33846534545399
[16:17:10] [Server thread/INFO] [STDOUT]: [com.layue13.clashweave.validation.SweepScenario:hurt:22]: P0_SWEEP_DAMAGE case=3 source=player amount=3.0 attackerFeet=64.0 attackerGround=true
[16:17:10] [Server thread/INFO] [STDOUT]: [com.layue13.clashweave.forge.SemanticDispatcher:publish:33]: CW_EVENT id=11 kind=HIT actor=0 target=115451 instance=3 tick=592
[16:17:10] [Server thread/INFO] [STDOUT]: [com.layue13.clashweave.forge.SemanticDispatcher:publish:33]: CW_EVENT id=12 kind=HURT actor=115451 target=0 instance=3 tick=592
[16:17:10] [Server thread/INFO] [STDOUT]: [com.layue13.clashweave.forge.CombatServer:trace:776]: CW COMMIT player=P0A targetPlayer=false target=115451 id=3 hitTick=592 commitTick=592 frozen=33846534545399 cutoff=33846534863800 guard=0 damage=3.0 hit=true hp=197.24 facing=true
[16:17:11] [Server thread/INFO] [STDOUT]: [com.layue13.clashweave.validation.SweepScenario:tick:38]: P0_SWEEP case=3 success=true loss=2.7599945 targetHeight=1.8 targetY=65.0
[16:17:11] [Server thread/INFO] [STDOUT]: [com.layue13.clashweave.validation.SweepScenario:tick:51]: P0_SWEEP_SETUP case=4 target=119511 height=1.8
[16:17:11] [Server thread/INFO] [STDOUT]: [com.layue13.clashweave.validation.NetworkScenario:tick:98]: P0_PERF samples=200 meanNanos=204429 maxNanos=3587900
[16:17:12] [Server thread/INFO] [STDOUT]: [com.layue13.clashweave.forge.CombatServer:trace:776]: CW FACING player=P0A seq=22 requested=0.0 known=0.0 chosen=0.0 accepted=true reason=OK
[16:17:12] [Server thread/INFO] [STDOUT]: [com.layue13.clashweave.forge.CombatServer:trace:776]: CW START player=P0A id=4 action=light_1 tick=618
[16:17:12] [Server thread/INFO] [STDOUT]: [com.layue13.clashweave.forge.CombatServer:trace:776]: CW AIM player=P0A id=4 requested=0.0 requestedPitch=0.0 selectedPitch=0.0 beforePitchDelta=0.0 afterPitchDelta=0.0 baseline=0.0 selected=0.0 beforeDelta=0.0 afterDelta=0.0 accepted=true
[16:17:12] [Server thread/INFO] [STDOUT]: [com.layue13.clashweave.forge.CombatServer:trace:776]: CW ACK player=P0A seq=22 result=START
[16:17:12] [Server thread/INFO] [STDOUT]: [com.layue13.clashweave.forge.CombatServer:trace:776]: CW ACK player=P0A seq=23 result=MOVE_READY
[16:17:12] [Server thread/INFO] [STDOUT]: [com.layue13.clashweave.forge.CombatServer:trace:776]: CW FREEZE player=P0A targetPlayer=false target=119511 id=4 hitTick=622 frozen=33848034187100
[16:17:12] [Server thread/INFO] [STDOUT]: [com.layue13.clashweave.validation.SweepScenario:hurt:22]: P0_SWEEP_DAMAGE case=4 source=player amount=3.0 attackerFeet=65.0155550727022 attackerGround=false
[16:17:12] [Server thread/INFO] [STDOUT]: [com.layue13.clashweave.forge.CombatServer:trace:776]: CW COMMIT player=P0A targetPlayer=false target=119511 id=4 hitTick=622 commitTick=622 frozen=33848034187100 cutoff=33848034494699 guard=0 damage=3.0 hit=true hp=197.24 facing=true
[16:17:12] [Server thread/INFO] [STDOUT]: [com.layue13.clashweave.validation.SweepScenario:tick:38]: P0_SWEEP case=4 success=true loss=2.7599945 targetHeight=1.8 targetY=64.0
[16:17:12] [Server thread/INFO] [STDOUT]: [com.layue13.clashweave.validation.SweepScenario:tick:40]: P0_SWEEP COMPLETE
