# Log excerpt; complete raw log retained locally under build/p0/runs.
# Original lines: 420
# Marker counts: {'ERROR': 3, 'CW_RENDER': 1, 'Exception': 2, 'P0_AUDIO': 33, 'CW_VIEW': 33, 'CW_ENGAGEMENT': 2, 'P0_APPEARANCE': 2, 'CW_PRESENT': 115, 'P0_REMOTE': 49, 'CW_FEEDBACK': 32, 'CW_FRAME': 32}
[15:47:10] [main/ERROR] [FML]: The binary patch set is missing. Either you are in a development environment, or things are not going to work!
[15:47:11] [main/ERROR] [FML]: FML appears to be missing any signature data. This is not a good thing
This is just a prompt for computer specs to be printed. THIS IS NOT A ERROR
[15:47:14] [Client thread/INFO] [STDOUT]: [com.layue13.clashweave.client.KatanaRendering:load:35]: CW_RENDER models loaded units=block blade=+Y sheath=downwardBipedY angle=45.0
[15:47:15] [Forge Version Check/INFO] [STDERR]: [java.lang.Throwable$WrappedPrintStream:println:749]: com.google.gson.JsonSyntaxException: java.lang.IllegalStateException: Expected BEGIN_OBJECT but was STRING at line 1 column 1
[15:47:15] [Forge Version Check/INFO] [STDERR]: [java.lang.Throwable$WrappedPrintStream:println:749]: Caused by: java.lang.IllegalStateException: Expected BEGIN_OBJECT but was STRING at line 1 column 1
[15:47:15] [Client thread/INFO] [STDOUT]: [com.layue13.clashweave.validation.ClientReplay:<init>:68]: P0_AUDIO initial loader settled
[15:47:20] [Client thread/INFO] [STDOUT]: [com.layue13.clashweave.client.ViewPreservingCorrections$Preserved:processPacket:73]: CW_VIEW packet=1 yawDelta=0.0 pitchDelta=0.0 requestedYawDelta=180.0 requestedPitchDelta=0.0 nano=32055756068500
[15:47:20] [Client thread/INFO] [STDOUT]: [com.layue13.clashweave.client.ClientProxy:apply:239]: CW_ENGAGEMENT player=P0B engaged=false revision=3 tick=386 receive=32055801619500
[15:47:20] [Client thread/INFO] [STDOUT]: [com.layue13.clashweave.validation.ClientReplay:tick:95]: P0_APPEARANCE entity=0 skin=clashweave:katana effects=clashweave:default animations=clashweave:katana style=katana
[15:47:20] [Client thread/INFO] [STDOUT]: [com.layue13.clashweave.validation.ClientReplay:tick:95]: P0_APPEARANCE entity=62762 skin=clashweave:katana effects=clashweave:default animations=clashweave:katana style=katana
[15:47:20] [Client thread/INFO] [STDOUT]: [com.layue13.clashweave.client.ViewPreservingCorrections$Preserved:processPacket:73]: CW_VIEW packet=1 yawDelta=0.0 pitchDelta=0.0 requestedYawDelta=0.0 requestedPitchDelta=0.0 nano=32055904762600
[15:47:20] [Client thread/INFO] [STDOUT]: [com.layue13.clashweave.client.ViewPreservingCorrections$Preserved:processPacket:73]: CW_VIEW packet=1 yawDelta=0.0 pitchDelta=0.0 requestedYawDelta=180.0 requestedPitchDelta=0.0 nano=32055905808900
[15:47:20] [Client thread/INFO] [STDOUT]: [com.layue13.clashweave.client.ClientProxy:tick:183]: CW_PRESENT id=14 kind=SHEATHE actor=0 owner=62762
[15:47:21] [Client thread/INFO] [STDOUT]: [com.layue13.clashweave.validation.ClientReplay:tick:156]: P0_REMOTE action= sneak=false
[15:47:21] [Client thread/INFO] [STDOUT]: [com.layue13.clashweave.client.ClientProxy:apply:239]: CW_ENGAGEMENT player=P0B engaged=true revision=4 tick=407 receive=32056767126400
[15:47:21] [Client thread/INFO] [STDOUT]: [com.layue13.clashweave.client.ClientProxy:tick:183]: CW_PRESENT id=15 kind=DRAW actor=0 owner=62762
[15:47:21] [Client thread/INFO] [STDOUT]: [com.layue13.clashweave.client.ClientProxy:tick:183]: CW_PRESENT id=16 kind=SWING actor=0 owner=62762
[15:47:22] [Client thread/INFO] [STDOUT]: [com.layue13.clashweave.client.ViewPreservingCorrections$Preserved:processPacket:73]: CW_VIEW packet=1 yawDelta=0.0 pitchDelta=0.0 requestedYawDelta=53.90805 requestedPitchDelta=0.0 nano=32057633658200
[15:47:22] [Client thread/INFO] [STDOUT]: [com.layue13.clashweave.validation.ClientReplay:tick:156]: P0_REMOTE action= sneak=false
[15:47:22] [Client thread/INFO] [STDOUT]: [com.layue13.clashweave.client.ClientProxy:tick:183]: CW_PRESENT id=17 kind=SWING actor=0 owner=62762
[15:47:22] [Client thread/INFO] [STDOUT]: [com.layue13.clashweave.client.ClientProxy:apply:298]: CW_FEEDBACK player=P0B result=PARRY frozen=32058236554300 receive=32058434013500 corrections=0
[15:47:22] [Client thread/INFO] [STDOUT]: [com.layue13.clashweave.validation.ClientReplay:audio:399]: P0_AUDIO source=random.anvil_land frozen=32058236554300 nano=32058434397000
[15:47:22] [Client thread/INFO] [STDOUT]: [com.layue13.clashweave.client.ClientProxy:tick:183]: CW_PRESENT id=18 kind=PARRY actor=62762 owner=62762
[15:47:22] [Client thread/INFO] [STDOUT]: [com.layue13.clashweave.client.ClientProxy:hud:360]: CW_FRAME frozen=32058236554300 frame=32058438572300
[15:47:23] [Client thread/INFO] [STDOUT]: [com.layue13.clashweave.validation.ClientReplay:tick:156]: P0_REMOTE action= sneak=false
[15:47:23] [Client thread/INFO] [STDOUT]: [com.layue13.clashweave.client.ViewPreservingCorrections$Preserved:processPacket:73]: CW_VIEW packet=1 yawDelta=0.0 pitchDelta=0.0 requestedYawDelta=39.400665 requestedPitchDelta=0.0 nano=32058850447000
[15:47:24] [Client thread/INFO] [STDOUT]: [com.layue13.clashweave.client.ViewPreservingCorrections$Preserved:processPacket:73]: CW_VIEW packet=1 yawDelta=0.0 pitchDelta=0.0 requestedYawDelta=31.184967 requestedPitchDelta=0.0 nano=32059684068500
[15:47:24] [Client thread/INFO] [STDOUT]: [com.layue13.clashweave.client.ClientProxy:tick:183]: CW_PRESENT id=19 kind=SHEATHE actor=0 owner=62762
[15:47:24] [Client thread/INFO] [STDOUT]: [com.layue13.clashweave.validation.ClientReplay:tick:156]: P0_REMOTE action= sneak=false
[15:47:24] [Client thread/INFO] [STDOUT]: [com.layue13.clashweave.client.ClientProxy:tick:183]: CW_PRESENT id=20 kind=DRAW actor=0 owner=62762
[15:47:24] [Client thread/INFO] [STDOUT]: [com.layue13.clashweave.client.ClientProxy:tick:183]: CW_PRESENT id=21 kind=SWING actor=0 owner=62762
[15:47:25] [Client thread/INFO] [STDOUT]: [com.layue13.clashweave.validation.ClientReplay:tick:156]: P0_REMOTE action= sneak=false
[15:47:25] [Client thread/INFO] [STDOUT]: [com.layue13.clashweave.client.ClientProxy:apply:298]: CW_FEEDBACK player=P0B result=PARRY frozen=32060737077400 receive=32060984149900 corrections=0
[15:47:25] [Client thread/INFO] [STDOUT]: [com.layue13.clashweave.validation.ClientReplay:audio:399]: P0_AUDIO source=random.anvil_land frozen=32060737077400 nano=32060984494200
[15:47:25] [Client thread/INFO] [STDOUT]: [com.layue13.clashweave.client.ClientProxy:tick:183]: CW_PRESENT id=22 kind=PARRY actor=62762 owner=62762
[15:47:25] [Client thread/INFO] [STDOUT]: [com.layue13.clashweave.client.ClientProxy:hud:360]: CW_FRAME frozen=32060737077400 frame=32060985306400
[15:47:25] [Client thread/INFO] [STDOUT]: [com.layue13.clashweave.client.ClientProxy:tick:183]: CW_PRESENT id=23 kind=SWING actor=0 owner=62762
[15:47:25] [Client thread/INFO] [STDOUT]: [com.layue13.clashweave.client.ClientProxy:apply:298]: CW_FEEDBACK player=P0B result=PARRY frozen=32061186421500 receive=32061401150700 corrections=0
[15:47:25] [Client thread/INFO] [STDOUT]: [com.layue13.clashweave.validation.ClientReplay:audio:399]: P0_AUDIO source=random.anvil_land frozen=32061186421500 nano=32061401522600
[15:47:25] [Client thread/INFO] [STDOUT]: [com.layue13.clashweave.client.ClientProxy:tick:183]: CW_PRESENT id=24 kind=PARRY actor=62762 owner=62762
[15:47:25] [Client thread/INFO] [STDOUT]: [com.layue13.clashweave.client.ClientProxy:tick:183]: CW_PRESENT id=25 kind=SWING actor=0 owner=62762
[15:47:25] [Client thread/INFO] [STDOUT]: [com.layue13.clashweave.client.ClientProxy:hud:360]: CW_FRAME frozen=32061186421500 frame=32061402584500
[15:47:26] [Client thread/INFO] [STDOUT]: [com.layue13.clashweave.validation.ClientReplay:tick:156]: P0_REMOTE action= sneak=false
[15:47:26] [Client thread/INFO] [STDOUT]: [com.layue13.clashweave.client.ViewPreservingCorrections$Preserved:processPacket:73]: CW_VIEW packet=1 yawDelta=0.0 pitchDelta=0.0 requestedYawDelta=90.311386 requestedPitchDelta=0.0 nano=32062266988000
[15:47:27] [Client thread/INFO] [STDOUT]: [com.layue13.clashweave.validation.ClientReplay:tick:156]: P0_REMOTE action= sneak=false
[15:47:27] [Client thread/INFO] [STDOUT]: [com.layue13.clashweave.client.ClientProxy:apply:298]: CW_FEEDBACK player=P0B result=PARRY frozen=32063285919400 receive=32063533873400 corrections=0
[15:47:27] [Client thread/INFO] [STDOUT]: [com.layue13.clashweave.validation.ClientReplay:audio:399]: P0_AUDIO source=random.anvil_land frozen=32063285919400 nano=32063534276300
[15:47:27] [Client thread/INFO] [STDOUT]: [com.layue13.clashweave.client.ClientProxy:hud:360]: CW_FRAME frozen=32063285919400 frame=32063535019700
[15:47:28] [Client thread/INFO] [STDOUT]: [com.layue13.clashweave.client.ViewPreservingCorrections$Preserved:processPacket:73]: CW_VIEW packet=1 yawDelta=0.0 pitchDelta=0.0 requestedYawDelta=37.59175 requestedPitchDelta=0.0 nano=32063900272200
[15:47:28] [Client thread/INFO] [STDOUT]: [com.layue13.clashweave.validation.ClientReplay:tick:156]: P0_REMOTE action= sneak=false
[15:47:29] [Client thread/INFO] [STDOUT]: [com.layue13.clashweave.client.ViewPreservingCorrections$Preserved:processPacket:73]: CW_VIEW packet=1 yawDelta=0.0 pitchDelta=0.0 requestedYawDelta=31.184967 requestedPitchDelta=0.0 nano=32064700507400
[15:47:29] [Client thread/INFO] [STDOUT]: [com.layue13.clashweave.validation.ClientReplay:tick:156]: P0_REMOTE action= sneak=false
[15:47:30] [Client thread/INFO] [STDOUT]: [com.layue13.clashweave.validation.ClientReplay:tick:156]: P0_REMOTE action= sneak=false
[15:47:30] [Client thread/INFO] [STDOUT]: [com.layue13.clashweave.client.ClientProxy:apply:298]: CW_FEEDBACK player=P0B result=PARRY frozen=32065785702200 receive=32066016826700 corrections=0
[15:47:30] [Client thread/INFO] [STDOUT]: [com.layue13.clashweave.validation.ClientReplay:audio:399]: P0_AUDIO source=random.anvil_land frozen=32065785702200 nano=32066017128500
[15:47:30] [Client thread/INFO] [STDOUT]: [com.layue13.clashweave.client.ClientProxy:hud:360]: CW_FRAME frozen=32065785702200 frame=32066017892200
[15:47:30] [Client thread/INFO] [STDOUT]: [com.layue13.clashweave.client.ClientProxy:apply:298]: CW_FEEDBACK player=P0B result=PARRY frozen=32066236151100 receive=32066433753900 corrections=0
[15:47:30] [Client thread/INFO] [STDOUT]: [com.layue13.clashweave.validation.ClientReplay:audio:399]: P0_AUDIO source=random.anvil_land frozen=32066236151100 nano=32066434106300
[15:47:30] [Client thread/INFO] [STDOUT]: [com.layue13.clashweave.client.ClientProxy:hud:360]: CW_FRAME frozen=32066236151100 frame=32066434782600
[15:47:31] [Client thread/INFO] [STDOUT]: [com.layue13.clashweave.client.ClientProxy:apply:298]: CW_FEEDBACK player=P0B result=BLOCK frozen=32066584910300 receive=32066785663700 corrections=0
[15:47:31] [Client thread/INFO] [STDOUT]: [com.layue13.clashweave.validation.ClientReplay:audio:399]: P0_AUDIO source=random.anvil_land frozen=32066584910300 nano=32066786026400
[15:47:31] [Client thread/INFO] [STDOUT]: [com.layue13.clashweave.client.ClientProxy:hud:360]: CW_FRAME frozen=32066584910300 frame=32066787077500
[15:47:31] [Client thread/INFO] [STDOUT]: [com.layue13.clashweave.validation.ClientReplay:tick:156]: P0_REMOTE action= sneak=false
[15:47:31] [Client thread/INFO] [STDOUT]: [com.layue13.clashweave.client.ViewPreservingCorrections$Preserved:processPacket:73]: CW_VIEW packet=1 yawDelta=0.0 pitchDelta=0.0 requestedYawDelta=87.462204 requestedPitchDelta=0.0 nano=32067533795500
[15:47:32] [Client thread/INFO] [STDOUT]: [com.layue13.clashweave.validation.ClientReplay:tick:156]: P0_REMOTE action= sneak=false
[15:47:32] [Client thread/INFO] [STDOUT]: [com.layue13.clashweave.client.ClientProxy:apply:298]: CW_FEEDBACK player=P0B result=PARRY frozen=32068236403500 receive=32068451191800 corrections=0
[15:47:32] [Client thread/INFO] [STDOUT]: [com.layue13.clashweave.validation.ClientReplay:audio:399]: P0_AUDIO source=random.anvil_land frozen=32068236403500 nano=32068451608900
[15:47:32] [Client thread/INFO] [STDOUT]: [com.layue13.clashweave.client.ClientProxy:hud:360]: CW_FRAME frozen=32068236403500 frame=32068452300600
[15:47:33] [Client thread/INFO] [STDOUT]: [com.layue13.clashweave.client.ViewPreservingCorrections$Preserved:processPacket:73]: CW_VIEW packet=1 yawDelta=0.0 pitchDelta=0.0 requestedYawDelta=39.400665 requestedPitchDelta=0.0 nano=32068850606100
[15:47:34] [Client thread/INFO] [STDOUT]: [com.layue13.clashweave.client.ViewPreservingCorrections$Preserved:processPacket:73]: CW_VIEW packet=1 yawDelta=0.0 pitchDelta=0.0 requestedYawDelta=31.184967 requestedPitchDelta=0.0 nano=32069700676600
[15:47:35] [Client thread/INFO] [STDOUT]: [com.layue13.clashweave.client.ClientProxy:apply:298]: CW_FEEDBACK player=P0B result=PARRY frozen=32070784474800 receive=32070950821500 corrections=0
[15:47:35] [Client thread/INFO] [STDOUT]: [com.layue13.clashweave.validation.ClientReplay:audio:399]: P0_AUDIO source=random.anvil_land frozen=32070784474800 nano=32070951150400
[15:47:35] [Client thread/INFO] [STDOUT]: [com.layue13.clashweave.client.ClientProxy:hud:360]: CW_FRAME frozen=32070784474800 frame=32070951866100
[15:47:35] [Client thread/INFO] [STDOUT]: [com.layue13.clashweave.client.ClientProxy:apply:298]: CW_FEEDBACK player=P0B result=BLOCK frozen=32071185964400 receive=32071402984200 corrections=0
[15:47:35] [Client thread/INFO] [STDOUT]: [com.layue13.clashweave.validation.ClientReplay:audio:399]: P0_AUDIO source=random.anvil_land frozen=32071185964400 nano=32071403271600
[15:47:35] [Client thread/INFO] [STDOUT]: [com.layue13.clashweave.client.ClientProxy:hud:360]: CW_FRAME frozen=32071185964400 frame=32071404129900
[15:47:37] [Client thread/INFO] [STDOUT]: [com.layue13.clashweave.client.ClientProxy:apply:298]: CW_FEEDBACK player=P0B result=PARRY frozen=32073285912600 receive=32073466844300 corrections=0
[15:47:37] [Client thread/INFO] [STDOUT]: [com.layue13.clashweave.validation.ClientReplay:audio:399]: P0_AUDIO source=random.anvil_land frozen=32073285912600 nano=32073467166400
[15:47:37] [Client thread/INFO] [STDOUT]: [com.layue13.clashweave.client.ClientProxy:hud:360]: CW_FRAME frozen=32073285912600 frame=32073467834900
[15:47:40] [Client thread/INFO] [STDOUT]: [com.layue13.clashweave.client.ClientProxy:apply:298]: CW_FEEDBACK player=P0B result=PARRY frozen=32075735627800 receive=32075916765200 corrections=0
[15:47:40] [Client thread/INFO] [STDOUT]: [com.layue13.clashweave.client.ClientProxy:hud:360]: CW_FRAME frozen=32075735627800 frame=32075917821800
