# Log excerpt; complete raw log retained locally under build/p0/runs.
# Original lines: 680
# Marker counts: {'ERROR': 3, 'CW_RENDER': 1, 'Exception': 2, 'P0_AUDIO': 44, 'CW_VIEW': 34, 'CW_ENGAGEMENT': 1, 'P0_APPEARANCE': 2, 'P0_REPLAY': 29, 'P0_CAPTURE': 8, 'P0_LOCAL_AUDIO': 23, 'CW_LOCAL_SWING': 23, 'P0_REQUEST': 62, 'P0_PENDING': 73, 'CW_ALIGN': 33, 'CW_PRESENT': 138, 'CW_FEEDBACK': 43, 'CW_FRAME': 43, 'P0_LATE_WIRE': 1}
[17:25:36] [main/ERROR] [FML]: The binary patch set is missing. Either you are in a development environment, or things are not going to work!
[17:25:36] [main/ERROR] [FML]: FML appears to be missing any signature data. This is not a good thing
This is just a prompt for computer specs to be printed. THIS IS NOT A ERROR
[17:25:39] [Client thread/INFO] [STDOUT]: [com.layue13.clashweave.client.KatanaRendering:load:35]: CW_RENDER models loaded units=block blade=+Y sheath=downwardBipedY angle=45.0
[17:25:40] [Forge Version Check/INFO] [STDERR]: [java.lang.Throwable$WrappedPrintStream:println:749]: com.google.gson.JsonSyntaxException: java.lang.IllegalStateException: Expected BEGIN_OBJECT but was STRING at line 1 column 1
[17:25:40] [Forge Version Check/INFO] [STDERR]: [java.lang.Throwable$WrappedPrintStream:println:749]: Caused by: java.lang.IllegalStateException: Expected BEGIN_OBJECT but was STRING at line 1 column 1
[17:25:40] [Client thread/INFO] [STDOUT]: [com.layue13.clashweave.validation.ClientReplay:<init>:69]: P0_AUDIO initial loader settled
[17:25:46] [Client thread/INFO] [STDOUT]: [com.layue13.clashweave.client.ViewPreservingCorrections$Preserved:processPacket:140]: CW_VIEW packet=1 marker=0 protected=false yawDelta=0.0 pitchDelta=0.0 requestedYawDelta=0.0 requestedPitchDelta=0.0 nano=37962124843400
[17:25:46] [Client thread/INFO] [STDOUT]: [com.layue13.clashweave.client.ViewPreservingCorrections$Preserved:processPacket:140]: CW_VIEW packet=1 marker=0 protected=false yawDelta=0.0 pitchDelta=0.0 requestedYawDelta=0.0 requestedPitchDelta=0.0 nano=37962442202000
[17:25:46] [Client thread/INFO] [STDOUT]: [com.layue13.clashweave.client.ClientProxy:apply:246]: CW_ENGAGEMENT player=P0A engaged=true revision=2 tick=211 receive=37962523568100
[17:25:46] [Client thread/INFO] [STDOUT]: [com.layue13.clashweave.validation.ClientReplay:tick:96]: P0_APPEARANCE entity=0 skin=clashweave:katana effects=clashweave:default animations=clashweave:katana style=katana
[17:25:48] [Client thread/INFO] [STDOUT]: [com.layue13.clashweave.validation.ClientReplay:tick:256]: P0_REPLAY tick=40 action= progress=9.57458904053965E-5 feedback=REJECT:RATE
[17:25:49] [Client thread/INFO] [STDOUT]: [com.layue13.clashweave.validation.ClientReplay:frame:404]: P0_CAPTURE sheathed-0 instance=0 progress=1.8429859999999962 nano=37964654569400
[17:25:49] [Client thread/INFO] [STDOUT]: [com.layue13.clashweave.validation.ClientReplay:frame:404]: P0_CAPTURE sheathed-2 instance=0 progress=0.8947119929500218 nano=37964739785300
[17:25:50] [Client thread/INFO] [STDOUT]: [com.layue13.clashweave.validation.ClientReplay:audio:417]: P0_LOCAL_AUDIO nano=37966574666600
[17:25:50] [Client thread/INFO] [STDOUT]: [com.layue13.clashweave.client.ClientProxy:send:163]: CW_LOCAL_SWING seq=36 press=37966574433000 feedback=37966576828200
[17:25:50] [Client thread/INFO] [STDOUT]: [com.layue13.clashweave.validation.ClientReplay:request:319]: P0_REQUEST intent=LIGHT yaw=0.0 pitch=0.0 nano=37966577081700
[17:25:50] [Client thread/INFO] [STDOUT]: [com.layue13.clashweave.validation.ClientReplay:tick:256]: P0_REPLAY tick=80 action= progress=2.2400000000288856E-4 feedback=REJECT:RATE
[17:25:51] [Client thread/INFO] [STDOUT]: [com.layue13.clashweave.validation.ClientReplay:tick:194]: P0_PENDING engaged=true
[17:25:51] [Client thread/INFO] [STDOUT]: [com.layue13.clashweave.validation.ClientReplay:tick:194]: P0_PENDING engaged=true
[17:25:51] [Client thread/INFO] [STDOUT]: [com.layue13.clashweave.client.ClientProxy:apply:260]: CW_ALIGN player=P0A seq=36 predicted=0 authoritative=0 sameAction=true
[17:25:51] [Client thread/INFO] [STDOUT]: [com.layue13.clashweave.client.ClientProxy:tick:190]: CW_PRESENT id=1 kind=DRAW actor=0 owner=0
[17:25:51] [Client thread/INFO] [STDOUT]: [com.layue13.clashweave.client.ClientProxy:tick:190]: CW_PRESENT id=2 kind=SWING actor=0 owner=0
[17:25:51] [Client thread/INFO] [STDOUT]: [com.layue13.clashweave.validation.ClientReplay:frame:404]: P0_CAPTURE draw-0 instance=1 progress=2.2972199999999816 nano=37966855497600
[17:25:51] [Client thread/INFO] [STDOUT]: [com.layue13.clashweave.validation.ClientReplay:frame:404]: P0_CAPTURE draw-2 instance=1 progress=3.175560112402195 nano=37966933861200
[17:25:51] [Client thread/INFO] [STDOUT]: [com.layue13.clashweave.client.ClientProxy:apply:305]: CW_FEEDBACK player=P0A result=HIT frozen=37966959683500 receive=37967051813900 corrections=0
[17:25:51] [Client thread/INFO] [STDOUT]: [com.layue13.clashweave.validation.ClientReplay:audio:418]: P0_AUDIO source=random.successful_hit frozen=37966959683500 nano=37967052163500
[17:25:51] [Client thread/INFO] [STDOUT]: [com.layue13.clashweave.client.ClientProxy:tick:190]: CW_PRESENT id=3 kind=HIT actor=0 owner=0
[17:25:51] [Client thread/INFO] [STDOUT]: [com.layue13.clashweave.client.ClientProxy:tick:190]: CW_PRESENT id=4 kind=HURT actor=1 owner=0
[17:25:51] [Client thread/INFO] [STDOUT]: [com.layue13.clashweave.validation.ClientReplay:request:319]: P0_REQUEST intent=LIGHT yaw=0.0 pitch=0.0 nano=37967055366300
[17:25:51] [Client thread/INFO] [STDOUT]: [com.layue13.clashweave.client.ClientProxy:hud:368]: CW_FRAME frozen=37966959683500 frame=37967056028600
[17:25:51] [Client thread/INFO] [STDOUT]: [com.layue13.clashweave.client.ClientProxy:tick:190]: CW_PRESENT id=5 kind=SWING actor=0 owner=0
[17:25:51] [Client thread/INFO] [STDOUT]: [com.layue13.clashweave.client.ClientProxy:apply:305]: CW_FEEDBACK player=P0A result=HIT frozen=37967357902700 receive=37967451801500 corrections=0
[17:25:51] [Client thread/INFO] [STDOUT]: [com.layue13.clashweave.validation.ClientReplay:audio:418]: P0_AUDIO source=random.successful_hit frozen=37967357902700 nano=37967452166000
[17:25:51] [Client thread/INFO] [STDOUT]: [com.layue13.clashweave.client.ClientProxy:tick:190]: CW_PRESENT id=6 kind=HIT actor=0 owner=0
[17:25:51] [Client thread/INFO] [STDOUT]: [com.layue13.clashweave.client.ClientProxy:tick:190]: CW_PRESENT id=7 kind=HURT actor=1 owner=0
[17:25:51] [Client thread/INFO] [STDOUT]: [com.layue13.clashweave.validation.ClientReplay:request:319]: P0_REQUEST intent=LIGHT yaw=0.0 pitch=0.0 nano=37967452885000
[17:25:51] [Client thread/INFO] [STDOUT]: [com.layue13.clashweave.client.ClientProxy:hud:368]: CW_FRAME frozen=37967357902700 frame=37967453382000
[17:25:51] [Client thread/INFO] [STDOUT]: [com.layue13.clashweave.client.ClientProxy:tick:190]: CW_PRESENT id=8 kind=SWING actor=0 owner=0
[17:25:52] [Client thread/INFO] [STDOUT]: [com.layue13.clashweave.validation.ClientReplay:request:319]: P0_REQUEST intent=LIGHT yaw=0.0 pitch=0.0 nano=37967768897500
[17:25:52] [Client thread/INFO] [STDOUT]: [com.layue13.clashweave.validation.ClientReplay:tick:191]: P0_LATE_WIRE seq=43 origin=1
[17:25:52] [Client thread/INFO] [STDOUT]: [com.layue13.clashweave.validation.ClientReplay:tick:256]: P0_REPLAY tick=120 action= progress=1.8999999997504347E-4 feedback=ORIGIN_CHANGED
[17:25:53] [Client thread/INFO] [STDOUT]: [com.layue13.clashweave.validation.ClientReplay:audio:417]: P0_LOCAL_AUDIO nano=37968884515100
[17:25:53] [Client thread/INFO] [STDOUT]: [com.layue13.clashweave.client.ClientProxy:send:163]: CW_LOCAL_SWING seq=44 press=37968884406000 feedback=37968884820900
[17:25:53] [Client thread/INFO] [STDOUT]: [com.layue13.clashweave.validation.ClientReplay:request:319]: P0_REQUEST intent=LIGHT yaw=0.0 pitch=0.0 nano=37968885031000
[17:25:53] [Client thread/INFO] [STDOUT]: [com.layue13.clashweave.validation.ClientReplay:tick:194]: P0_PENDING engaged=true
[17:25:53] [Client thread/INFO] [STDOUT]: [com.layue13.clashweave.validation.ClientReplay:tick:194]: P0_PENDING engaged=true
[17:25:53] [Client thread/INFO] [STDOUT]: [com.layue13.clashweave.client.ClientProxy:apply:260]: CW_ALIGN player=P0A seq=44 predicted=0 authoritative=0 sameAction=true
[17:25:53] [Client thread/INFO] [STDOUT]: [com.layue13.clashweave.client.ClientProxy:tick:190]: CW_PRESENT id=9 kind=SWING actor=0 owner=0
[17:25:53] [Client thread/INFO] [STDOUT]: [com.layue13.clashweave.client.ClientProxy:apply:305]: CW_FEEDBACK player=P0A result=HIT frozen=37969207322200 receive=37969284122900 corrections=0
[17:25:53] [Client thread/INFO] [STDOUT]: [com.layue13.clashweave.validation.ClientReplay:audio:418]: P0_AUDIO source=random.successful_hit frozen=37969207322200 nano=37969284452500
[17:25:53] [Client thread/INFO] [STDOUT]: [com.layue13.clashweave.client.ClientProxy:tick:190]: CW_PRESENT id=10 kind=HIT actor=0 owner=0
[17:25:53] [Client thread/INFO] [STDOUT]: [com.layue13.clashweave.client.ClientProxy:tick:190]: CW_PRESENT id=11 kind=HURT actor=1 owner=0
[17:25:53] [Client thread/INFO] [STDOUT]: [com.layue13.clashweave.validation.ClientReplay:request:319]: P0_REQUEST intent=HEAVY yaw=0.0 pitch=0.0 nano=37969285125600
[17:25:53] [Client thread/INFO] [STDOUT]: [com.layue13.clashweave.client.ClientProxy:hud:368]: CW_FRAME frozen=37969207322200 frame=37969285680900
[17:25:53] [Client thread/INFO] [STDOUT]: [com.layue13.clashweave.client.ClientProxy:tick:190]: CW_PRESENT id=12 kind=SWING actor=0 owner=0
[17:25:54] [Client thread/INFO] [STDOUT]: [com.layue13.clashweave.validation.ClientReplay:frame:404]: P0_CAPTURE swing-0 instance=5 progress=7.085884502891076 nano=37969824015200
[17:25:54] [Client thread/INFO] [STDOUT]: [com.layue13.clashweave.validation.ClientReplay:frame:404]: P0_CAPTURE swing-2 instance=5 progress=9.954373999999973 nano=37969925639500
[17:25:55] [Client thread/INFO] [STDOUT]: [com.layue13.clashweave.validation.ClientReplay:tick:256]: P0_REPLAY tick=160 action= progress=1.0600000001659282E-4 feedback=MOVE_READY
[17:25:55] [Client thread/INFO] [STDOUT]: [com.layue13.clashweave.validation.ClientReplay:audio:417]: P0_LOCAL_AUDIO nano=37971408989800
[17:25:55] [Client thread/INFO] [STDOUT]: [com.layue13.clashweave.client.ClientProxy:send:163]: CW_LOCAL_SWING seq=48 press=37971408865200 feedback=37971410003900
[17:25:55] [Client thread/INFO] [STDOUT]: [com.layue13.clashweave.validation.ClientReplay:request:319]: P0_REQUEST intent=HEAVY yaw=0.0 pitch=0.0 nano=37971410253000
[17:25:55] [Client thread/INFO] [STDOUT]: [com.layue13.clashweave.validation.ClientReplay:tick:194]: P0_PENDING engaged=true
[17:25:55] [Client thread/INFO] [STDOUT]: [com.layue13.clashweave.validation.ClientReplay:tick:194]: P0_PENDING engaged=true
[17:25:55] [Client thread/INFO] [STDOUT]: [com.layue13.clashweave.client.ClientProxy:apply:260]: CW_ALIGN player=P0A seq=48 predicted=0 authoritative=0 sameAction=true
[17:25:56] [Client thread/INFO] [STDOUT]: [com.layue13.clashweave.client.ViewPreservingCorrections$Preserved:processPacket:140]: CW_VIEW packet=1 marker=0 protected=false yawDelta=0.0 pitchDelta=0.0 requestedYawDelta=0.0 requestedPitchDelta=0.0 nano=37972374963900
[17:25:56] [Client thread/INFO] [STDOUT]: [com.layue13.clashweave.validation.ClientReplay:tick:96]: P0_APPEARANCE entity=67250 skin=clashweave:katana effects=clashweave:default animations=clashweave:katana style=katana
[17:25:57] [Client thread/INFO] [STDOUT]: [com.layue13.clashweave.validation.ClientReplay:request:319]: P0_REQUEST intent=SHEATHE yaw=0.0 pitch=0.0 nano=37972675694900
[17:25:57] [Client thread/INFO] [STDOUT]: [com.layue13.clashweave.validation.ClientReplay:tick:256]: P0_REPLAY tick=200 action= progress=1.3000000001284207E-4 feedback=MOVE_READY
[17:25:57] [Client thread/INFO] [STDOUT]: [com.layue13.clashweave.validation.ClientReplay:tick:194]: P0_PENDING engaged=true
[17:25:57] [Client thread/INFO] [STDOUT]: [com.layue13.clashweave.validation.ClientReplay:tick:194]: P0_PENDING engaged=true
[17:25:57] [Client thread/INFO] [STDOUT]: [com.layue13.clashweave.client.ClientProxy:apply:260]: CW_ALIGN player=P0A seq=50 predicted=0 authoritative=0 sameAction=true
[17:25:57] [Client thread/INFO] [STDOUT]: [com.layue13.clashweave.validation.ClientReplay:frame:404]: P0_CAPTURE sheathe-0 instance=7 progress=3.4103022875980287 nano=37972996410500
[17:25:57] [Client thread/INFO] [STDOUT]: [com.layue13.clashweave.validation.ClientReplay:frame:404]: P0_CAPTURE sheathe-2 instance=7 progress=4.296924345998093 nano=37973089875700
[17:25:57] [Client thread/INFO] [STDOUT]: [com.layue13.clashweave.client.ViewPreservingCorrections$Preserved:processPacket:140]: CW_VIEW packet=1 marker=0 protected=false yawDelta=-40.0 pitchDelta=0.0 requestedYawDelta=-40.0 requestedPitchDelta=0.0 nano=37973223701500
[17:25:58] [Client thread/INFO] [STDOUT]: [com.layue13.clashweave.validation.ClientReplay:audio:417]: P0_LOCAL_AUDIO nano=37973924557800
[17:25:58] [Client thread/INFO] [STDOUT]: [com.layue13.clashweave.client.ClientProxy:send:163]: CW_LOCAL_SWING seq=52 press=37973924429500 feedback=37973925514000
[17:25:58] [Client thread/INFO] [STDOUT]: [com.layue13.clashweave.validation.ClientReplay:request:319]: P0_REQUEST intent=LIGHT yaw=0.0 pitch=0.0 nano=37973925678700
[17:25:58] [Client thread/INFO] [STDOUT]: [com.layue13.clashweave.validation.ClientReplay:tick:194]: P0_PENDING engaged=true
[17:25:58] [Client thread/INFO] [STDOUT]: [com.layue13.clashweave.validation.ClientReplay:tick:194]: P0_PENDING engaged=true
[17:25:58] [Client thread/INFO] [STDOUT]: [com.layue13.clashweave.client.ClientProxy:apply:260]: CW_ALIGN player=P0A seq=52 predicted=0 authoritative=0 sameAction=true
[17:25:58] [Client thread/INFO] [STDOUT]: [com.layue13.clashweave.validation.ClientReplay:request:319]: P0_REQUEST intent=LIGHT yaw=0.0 pitch=0.0 nano=37974390351800
[17:25:58] [Client thread/INFO] [STDOUT]: [com.layue13.clashweave.client.ClientProxy:apply:305]: CW_FEEDBACK player=P0A result=PARRY frozen=37974258707200 receive=37974540704600 corrections=0
[17:25:58] [Client thread/INFO] [STDOUT]: [com.layue13.clashweave.validation.ClientReplay:audio:418]: P0_AUDIO source=random.anvil_land frozen=37974258707200 nano=37974541046700
[17:25:58] [Client thread/INFO] [STDOUT]: [com.layue13.clashweave.client.ClientProxy:hud:368]: CW_FRAME frozen=37974258707200 frame=37974544837600
[17:25:59] [Client thread/INFO] [STDOUT]: [com.layue13.clashweave.validation.ClientReplay:tick:256]: P0_REPLAY tick=240 action=light_1 progress=2.000220322812254 feedback=START
[17:25:59] [Client thread/INFO] [STDOUT]: [com.layue13.clashweave.validation.ClientReplay:request:319]: P0_REQUEST intent=LIGHT yaw=0.0 pitch=0.0 nano=37974840339200
[17:25:59] [Client thread/INFO] [STDOUT]: [com.layue13.clashweave.client.ClientProxy:apply:305]: CW_FEEDBACK player=P0A result=BLOCK frozen=37974708381300 receive=37974990467800 corrections=0
[17:25:59] [Client thread/INFO] [STDOUT]: [com.layue13.clashweave.validation.ClientReplay:audio:418]: P0_AUDIO source=random.anvil_land frozen=37974708381300 nano=37974990762000
[17:25:59] [Client thread/INFO] [STDOUT]: [com.layue13.clashweave.client.ClientProxy:hud:368]: CW_FRAME frozen=37974708381300 frame=37974991412800
[17:25:59] [Client thread/INFO] [STDOUT]: [com.layue13.clashweave.validation.ClientReplay:request:319]: P0_REQUEST intent=LIGHT yaw=0.0 pitch=0.0 nano=37975239942200
[17:25:59] [Client thread/INFO] [STDOUT]: [com.layue13.clashweave.client.ClientProxy:apply:305]: CW_FEEDBACK player=P0A result=BLOCK frozen=37975108307100 receive=37975342540600 corrections=0
[17:25:59] [Client thread/INFO] [STDOUT]: [com.layue13.clashweave.validation.ClientReplay:audio:418]: P0_AUDIO source=random.anvil_land frozen=37975108307100 nano=37975342829000
[17:25:59] [Client thread/INFO] [STDOUT]: [com.layue13.clashweave.client.ClientProxy:hud:368]: CW_FRAME frozen=37975108307100 frame=37975343902100
[17:26:00] [Client thread/INFO] [STDOUT]: [com.layue13.clashweave.client.ViewPreservingCorrections$Preserved:processPacket:140]: CW_VIEW packet=1 marker=0 protected=false yawDelta=0.0 pitchDelta=0.0 requestedYawDelta=0.0 requestedPitchDelta=0.0 nano=37976090227600
[17:26:00] [Client thread/INFO] [STDOUT]: [com.layue13.clashweave.client.ViewPreservingCorrections$Preserved:processPacket:140]: CW_VIEW packet=1 marker=0 protected=false yawDelta=0.0 pitchDelta=0.0 requestedYawDelta=0.0 requestedPitchDelta=0.0 nano=37976190931400
[17:26:00] [Client thread/INFO] [STDOUT]: [com.layue13.clashweave.validation.ClientReplay:audio:417]: P0_LOCAL_AUDIO nano=37976440154200
[17:26:00] [Client thread/INFO] [STDOUT]: [com.layue13.clashweave.client.ClientProxy:send:163]: CW_LOCAL_SWING seq=60 press=37976440031900 feedback=37976441115600
[17:26:00] [Client thread/INFO] [STDOUT]: [com.layue13.clashweave.validation.ClientReplay:tick:194]: P0_PENDING engaged=true
[17:26:00] [Client thread/INFO] [STDOUT]: [com.layue13.clashweave.validation.ClientReplay:tick:194]: P0_PENDING engaged=true
[17:26:00] [Client thread/INFO] [STDOUT]: [com.layue13.clashweave.client.ClientProxy:apply:260]: CW_ALIGN player=P0A seq=60 predicted=0 authoritative=0 sameAction=true
[17:26:01] [Client thread/INFO] [STDOUT]: [com.layue13.clashweave.validation.ClientReplay:tick:256]: P0_REPLAY tick=280 action=heavy progress=2.0000740000000405 feedback=START
[17:26:01] [Client thread/INFO] [STDOUT]: [com.layue13.clashweave.client.ClientProxy:apply:305]: CW_FEEDBACK player=P0A result=PARRY frozen=37976758851500 receive=37977039792200 corrections=0
[17:26:01] [Client thread/INFO] [STDOUT]: [com.layue13.clashweave.validation.ClientReplay:audio:418]: P0_AUDIO source=random.anvil_land frozen=37976758851500 nano=37977040118000
[17:26:01] [Client thread/INFO] [STDOUT]: [com.layue13.clashweave.client.ClientProxy:hud:368]: CW_FRAME frozen=37976758851500 frame=37977040750900
[17:26:01] [Client thread/INFO] [STDOUT]: [com.layue13.clashweave.client.ViewPreservingCorrections$Preserved:processPacket:140]: CW_VIEW packet=1 marker=0 protected=false yawDelta=0.0 pitchDelta=0.0 requestedYawDelta=0.0 requestedPitchDelta=0.0 nano=37977439657400
[17:26:02] [Client thread/INFO] [STDOUT]: [com.layue13.clashweave.client.ClientProxy:apply:260]: CW_ALIGN player=P0A seq=62 predicted=0 authoritative=0 sameAction=true
[17:26:02] [Client thread/INFO] [STDOUT]: [com.layue13.clashweave.client.ViewPreservingCorrections$Preserved:processPacket:140]: CW_VIEW packet=1 marker=0 protected=false yawDelta=0.0 pitchDelta=0.0 requestedYawDelta=0.0 requestedPitchDelta=0.0 nano=37978240917500
[17:26:03] [Client thread/INFO] [STDOUT]: [com.layue13.clashweave.validation.ClientReplay:tick:256]: P0_REPLAY tick=320 action= progress=9.092112986763823E-5 feedback=MOVE_READY
[17:26:03] [Client thread/INFO] [STDOUT]: [com.layue13.clashweave.validation.ClientReplay:audio:417]: P0_LOCAL_AUDIO nano=37978941331600
[17:26:03] [Client thread/INFO] [STDOUT]: [com.layue13.clashweave.client.ClientProxy:send:163]: CW_LOCAL_SWING seq=64 press=37978941232500 feedback=37978942265300
[17:26:03] [Client thread/INFO] [STDOUT]: [com.layue13.clashweave.client.ClientProxy:apply:260]: CW_ALIGN player=P0A seq=64 predicted=0 authoritative=0 sameAction=true
[17:26:03] [Client thread/INFO] [STDOUT]: [com.layue13.clashweave.client.ClientProxy:apply:305]: CW_FEEDBACK player=P0A result=PARRY frozen=37979258409000 receive=37979540075200 corrections=0
[17:26:03] [Client thread/INFO] [STDOUT]: [com.layue13.clashweave.validation.ClientReplay:audio:418]: P0_AUDIO source=random.anvil_land frozen=37979258409000 nano=37979540397900
[17:26:03] [Client thread/INFO] [STDOUT]: [com.layue13.clashweave.client.ClientProxy:hud:368]: CW_FRAME frozen=37979258409000 frame=37979541112300
[17:26:04] [Client thread/INFO] [STDOUT]: [com.layue13.clashweave.client.ClientProxy:apply:305]: CW_FEEDBACK player=P0A result=PARRY frozen=37979709203500 receive=37979957378500 corrections=0
[17:26:04] [Client thread/INFO] [STDOUT]: [com.layue13.clashweave.validation.ClientReplay:audio:418]: P0_AUDIO source=random.anvil_land frozen=37979709203500 nano=37979957637000
[17:26:04] [Client thread/INFO] [STDOUT]: [com.layue13.clashweave.client.ClientProxy:hud:368]: CW_FRAME frozen=37979709203500 frame=37979958263700
[17:26:04] [Client thread/INFO] [STDOUT]: [com.layue13.clashweave.client.ClientProxy:apply:305]: CW_FEEDBACK player=P0A result=BLOCK frozen=37980158572300 receive=37980406934100 corrections=0
[17:26:04] [Client thread/INFO] [STDOUT]: [com.layue13.clashweave.validation.ClientReplay:audio:418]: P0_AUDIO source=random.anvil_land frozen=37980158572300 nano=37980407224500
[17:26:04] [Client thread/INFO] [STDOUT]: [com.layue13.clashweave.client.ClientProxy:hud:368]: CW_FRAME frozen=37980158572300 frame=37980408091300
[17:26:05] [Client thread/INFO] [STDOUT]: [com.layue13.clashweave.validation.ClientReplay:tick:256]: P0_REPLAY tick=360 action=heavy progress=14.000073318431873 feedback=BLOCK
[17:26:05] [Client thread/INFO] [STDOUT]: [com.layue13.clashweave.client.ViewPreservingCorrections$Preserved:processPacket:140]: CW_VIEW packet=1 marker=0 protected=false yawDelta=0.0 pitchDelta=0.0 requestedYawDelta=0.0 requestedPitchDelta=0.0 nano=37980857152200
[17:26:05] [Client thread/INFO] [STDOUT]: [com.layue13.clashweave.validation.ClientReplay:audio:417]: P0_LOCAL_AUDIO nano=37981457721500
[17:26:05] [Client thread/INFO] [STDOUT]: [com.layue13.clashweave.client.ClientProxy:send:163]: CW_LOCAL_SWING seq=70 press=37981457591300 feedback=37981458775800
[17:26:05] [Client thread/INFO] [STDOUT]: [com.layue13.clashweave.client.ClientProxy:apply:260]: CW_ALIGN player=P0A seq=70 predicted=0 authoritative=0 sameAction=true
[17:26:06] [Client thread/INFO] [STDOUT]: [com.layue13.clashweave.client.ClientProxy:apply:305]: CW_FEEDBACK player=P0A result=PARRY frozen=37981759785100 receive=37982057102500 corrections=0
[17:26:06] [Client thread/INFO] [STDOUT]: [com.layue13.clashweave.validation.ClientReplay:audio:418]: P0_AUDIO source=random.anvil_land frozen=37981759785100 nano=37982057415100
[17:26:06] [Client thread/INFO] [STDOUT]: [com.layue13.clashweave.client.ClientProxy:hud:368]: CW_FRAME frozen=37981759785100 frame=37982058097600
[17:26:06] [Client thread/INFO] [STDOUT]: [com.layue13.clashweave.client.ViewPreservingCorrections$Preserved:processPacket:140]: CW_VIEW packet=1 marker=0 protected=false yawDelta=0.0 pitchDelta=0.0 requestedYawDelta=0.0 requestedPitchDelta=0.0 nano=37982456692000
[17:26:07] [Client thread/INFO] [STDOUT]: [com.layue13.clashweave.validation.ClientReplay:tick:256]: P0_REPLAY tick=400 action= progress=6.568314449850732E-5 feedback=PARRY
[17:26:07] [Client thread/INFO] [STDOUT]: [com.layue13.clashweave.client.ClientProxy:apply:260]: CW_ALIGN player=P0A seq=72 predicted=0 authoritative=0 sameAction=true
[17:26:07] [Client thread/INFO] [STDOUT]: [com.layue13.clashweave.client.ViewPreservingCorrections$Preserved:processPacket:140]: CW_VIEW packet=1 marker=0 protected=false yawDelta=0.0 pitchDelta=0.0 requestedYawDelta=0.0 requestedPitchDelta=0.0 nano=37983256784200
[17:26:08] [Client thread/INFO] [STDOUT]: [com.layue13.clashweave.validation.ClientReplay:audio:417]: P0_LOCAL_AUDIO nano=37983957312400
[17:26:08] [Client thread/INFO] [STDOUT]: [com.layue13.clashweave.client.ClientProxy:send:163]: CW_LOCAL_SWING seq=74 press=37983957196600 feedback=37983958272800
[17:26:08] [Client thread/INFO] [STDOUT]: [com.layue13.clashweave.client.ClientProxy:apply:260]: CW_ALIGN player=P0A seq=74 predicted=0 authoritative=0 sameAction=true
[17:26:08] [Client thread/INFO] [STDOUT]: [com.layue13.clashweave.client.ClientProxy:apply:305]: CW_FEEDBACK player=P0A result=PARRY frozen=37984260231600 receive=37984557216400 corrections=0
[17:26:08] [Client thread/INFO] [STDOUT]: [com.layue13.clashweave.client.ClientProxy:hud:368]: CW_FRAME frozen=37984260231600 frame=37984558155800
[17:26:09] [Client thread/INFO] [STDOUT]: [com.layue13.clashweave.validation.ClientReplay:tick:256]: P0_REPLAY tick=440 action=light_1 progress=2.0000680000000557 feedback=START
[17:26:10] [Client thread/INFO] [STDOUT]: [com.layue13.clashweave.client.ViewPreservingCorrections$Preserved:processPacket:140]: CW_VIEW packet=1 marker=0 protected=false yawDelta=0.0 pitchDelta=0.0 requestedYawDelta=0.0 requestedPitchDelta=0.0 nano=37986106875100
[17:26:10] [Client thread/INFO] [STDOUT]: [com.layue13.clashweave.validation.ClientReplay:audio:417]: P0_LOCAL_AUDIO nano=37986458024400
[17:26:10] [Client thread/INFO] [STDOUT]: [com.layue13.clashweave.client.ClientProxy:send:163]: CW_LOCAL_SWING seq=82 press=37986457889600 feedback=37986458998000
[17:26:11] [Client thread/INFO] [STDOUT]: [com.layue13.clashweave.client.ClientProxy:apply:260]: CW_ALIGN player=P0A seq=82 predicted=0 authoritative=0 sameAction=true
[17:26:11] [Client thread/INFO] [STDOUT]: [com.layue13.clashweave.validation.ClientReplay:tick:256]: P0_REPLAY tick=480 action=heavy progress=1.0000795200171524 feedback=START
[17:26:13] [Client thread/INFO] [STDOUT]: [com.layue13.clashweave.validation.ClientReplay:audio:417]: P0_LOCAL_AUDIO nano=37988958304600
[17:26:13] [Client thread/INFO] [STDOUT]: [com.layue13.clashweave.client.ClientProxy:send:163]: CW_LOCAL_SWING seq=86 press=37988958167000 feedback=37988959226900
[17:26:15] [Client thread/INFO] [STDOUT]: [com.layue13.clashweave.validation.ClientReplay:audio:417]: P0_LOCAL_AUDIO nano=37991457393900
[17:26:15] [Client thread/INFO] [STDOUT]: [com.layue13.clashweave.client.ClientProxy:send:163]: CW_LOCAL_SWING seq=92 press=37991457278900 feedback=37991458360100
[17:26:18] [Client thread/INFO] [STDOUT]: [com.layue13.clashweave.validation.ClientReplay:audio:417]: P0_LOCAL_AUDIO nano=37993957426000
[17:26:18] [Client thread/INFO] [STDOUT]: [com.layue13.clashweave.client.ClientProxy:send:163]: CW_LOCAL_SWING seq=96 press=37993957313300 feedback=37993957713100
