# Log excerpt; complete raw log retained locally under build/p0/runs.
# Original lines: 311
# Marker counts: {'ERROR': 3, 'CW_RENDER': 1, 'Exception': 2, 'P0_AUDIO': 36, 'CW_ENGAGEMENT': 2, 'CW_VIEW': 32, 'P0_REMOTE': 49, 'CW_FEEDBACK': 35, 'CW_FRAME': 35}
[15:22:01] [main/ERROR] [FML]: The binary patch set is missing. Either you are in a development environment, or things are not going to work!
[15:22:01] [main/ERROR] [FML]: FML appears to be missing any signature data. This is not a good thing
This is just a prompt for computer specs to be printed. THIS IS NOT A ERROR
[15:22:05] [Client thread/INFO] [STDOUT]: [com.layue13.clashweave.client.KatanaRendering:load:42]: CW_RENDER models loaded units=block blade=+Y sheath=downwardBipedY angle=45.0
[15:22:05] [Forge Version Check/INFO] [STDERR]: [java.lang.Throwable$WrappedPrintStream:println:749]: com.google.gson.JsonSyntaxException: java.lang.IllegalStateException: Expected BEGIN_OBJECT but was STRING at line 1 column 1
[15:22:05] [Forge Version Check/INFO] [STDERR]: [java.lang.Throwable$WrappedPrintStream:println:749]: Caused by: java.lang.IllegalStateException: Expected BEGIN_OBJECT but was STRING at line 1 column 1
[15:22:06] [Client thread/INFO] [STDOUT]: [com.layue13.clashweave.validation.ClientReplay:<init>:67]: P0_AUDIO initial loader settled
[15:22:10] [Client thread/INFO] [STDOUT]: [com.layue13.clashweave.client.ClientProxy:apply:215]: CW_ENGAGEMENT player=P0B engaged=false revision=3 tick=389 receive=30546444735500
[15:22:11] [Client thread/INFO] [STDOUT]: [com.layue13.clashweave.client.ViewPreservingCorrections$Preserved:processPacket:75]: CW_VIEW packet=1 yawDelta=0.0 pitchDelta=0.0 requestedYawDelta=0.0 requestedPitchDelta=0.0 nano=30546663206300
[15:22:11] [Client thread/INFO] [STDOUT]: [com.layue13.clashweave.client.ViewPreservingCorrections$Preserved:processPacket:75]: CW_VIEW packet=1 yawDelta=0.0 pitchDelta=0.0 requestedYawDelta=31.184967 requestedPitchDelta=0.0 nano=30546803749200
[15:22:11] [Client thread/INFO] [STDOUT]: [com.layue13.clashweave.validation.ClientReplay:tick:154]: P0_REMOTE action= sneak=false
[15:22:11] [Client thread/INFO] [STDOUT]: [com.layue13.clashweave.client.ClientProxy:apply:215]: CW_ENGAGEMENT player=P0B engaged=true revision=4 tick=412 receive=30547570683700
[15:22:12] [Client thread/INFO] [STDOUT]: [com.layue13.clashweave.validation.ClientReplay:tick:154]: P0_REMOTE action= sneak=false
[15:22:12] [Client thread/INFO] [STDOUT]: [com.layue13.clashweave.client.ViewPreservingCorrections$Preserved:processPacket:75]: CW_VIEW packet=1 yawDelta=0.0 pitchDelta=0.0 requestedYawDelta=63.134186 requestedPitchDelta=0.0 nano=30548485932000
[15:22:13] [Client thread/INFO] [STDOUT]: [com.layue13.clashweave.client.ClientProxy:apply:274]: CW_FEEDBACK player=P0B result=PARRY frozen=30549070411500 receive=30549320121000 corrections=0
[15:22:13] [Client thread/INFO] [STDOUT]: [com.layue13.clashweave.validation.ClientReplay:audio:397]: P0_AUDIO source=random.anvil_land frozen=30549070411500 nano=30549320555600
[15:22:13] [Client thread/INFO] [STDOUT]: [com.layue13.clashweave.client.ClientProxy:hud:341]: CW_FRAME frozen=30549070411500 frame=30549325526100
[15:22:13] [Client thread/INFO] [STDOUT]: [com.layue13.clashweave.validation.ClientReplay:tick:154]: P0_REMOTE action= sneak=false
[15:22:14] [Client thread/INFO] [STDOUT]: [com.layue13.clashweave.client.ViewPreservingCorrections$Preserved:processPacket:75]: CW_VIEW packet=1 yawDelta=0.0 pitchDelta=0.0 requestedYawDelta=39.400665 requestedPitchDelta=0.0 nano=30549753715200
[15:22:14] [Client thread/INFO] [STDOUT]: [com.layue13.clashweave.client.ViewPreservingCorrections$Preserved:processPacket:75]: CW_VIEW packet=1 yawDelta=0.0 pitchDelta=0.0 requestedYawDelta=31.184967 requestedPitchDelta=0.0 nano=30550536375200
[15:22:14] [Client thread/INFO] [STDOUT]: [com.layue13.clashweave.validation.ClientReplay:tick:154]: P0_REMOTE action= sneak=false
[15:22:15] [Client thread/INFO] [STDOUT]: [com.layue13.clashweave.validation.ClientReplay:tick:154]: P0_REMOTE action= sneak=false
[15:22:16] [Client thread/INFO] [STDOUT]: [com.layue13.clashweave.client.ClientProxy:apply:274]: CW_FEEDBACK player=P0B result=PARRY frozen=30551567570600 receive=30551820051700 corrections=0
[15:22:16] [Client thread/INFO] [STDOUT]: [com.layue13.clashweave.validation.ClientReplay:audio:397]: P0_AUDIO source=random.anvil_land frozen=30551567570600 nano=30551820413900
[15:22:16] [Client thread/INFO] [STDOUT]: [com.layue13.clashweave.client.ClientProxy:hud:341]: CW_FRAME frozen=30551567570600 frame=30551821153400
[15:22:16] [Client thread/INFO] [STDOUT]: [com.layue13.clashweave.client.ClientProxy:apply:274]: CW_FEEDBACK player=P0B result=BLOCK frozen=30552017542800 receive=30552289482400 corrections=0
[15:22:16] [Client thread/INFO] [STDOUT]: [com.layue13.clashweave.validation.ClientReplay:audio:397]: P0_AUDIO source=random.anvil_land frozen=30552017542800 nano=30552289829800
[15:22:16] [Client thread/INFO] [STDOUT]: [com.layue13.clashweave.client.ClientProxy:hud:341]: CW_FRAME frozen=30552017542800 frame=30552290478000
[15:22:16] [Client thread/INFO] [STDOUT]: [com.layue13.clashweave.validation.ClientReplay:tick:154]: P0_REMOTE action= sneak=false
[15:22:17] [Client thread/INFO] [STDOUT]: [com.layue13.clashweave.client.ViewPreservingCorrections$Preserved:processPacket:75]: CW_VIEW packet=1 yawDelta=0.0 pitchDelta=0.0 requestedYawDelta=75.26332 requestedPitchDelta=0.0 nano=30553202706300
[15:22:17] [Client thread/INFO] [STDOUT]: [com.layue13.clashweave.validation.ClientReplay:tick:154]: P0_REMOTE action= sneak=false
[15:22:18] [Client thread/INFO] [STDOUT]: [com.layue13.clashweave.client.ClientProxy:apply:274]: CW_FEEDBACK player=P0B result=PARRY frozen=30554117202100 receive=30554386502200 corrections=0
[15:22:18] [Client thread/INFO] [STDOUT]: [com.layue13.clashweave.validation.ClientReplay:audio:397]: P0_AUDIO source=random.anvil_land frozen=30554117202100 nano=30554386877100
[15:22:18] [Client thread/INFO] [STDOUT]: [com.layue13.clashweave.client.ClientProxy:hud:341]: CW_FRAME frozen=30554117202100 frame=30554387501900
[15:22:19] [Client thread/INFO] [STDOUT]: [com.layue13.clashweave.validation.ClientReplay:tick:154]: P0_REMOTE action= sneak=false
[15:22:19] [Client thread/INFO] [STDOUT]: [com.layue13.clashweave.client.ViewPreservingCorrections$Preserved:processPacket:75]: CW_VIEW packet=1 yawDelta=0.0 pitchDelta=0.0 requestedYawDelta=38.781647 requestedPitchDelta=0.0 nano=30554786354100
[15:22:19] [Client thread/INFO] [STDOUT]: [com.layue13.clashweave.client.ViewPreservingCorrections$Preserved:processPacket:75]: CW_VIEW packet=1 yawDelta=0.0 pitchDelta=0.0 requestedYawDelta=31.184967 requestedPitchDelta=0.0 nano=30555603121400
[15:22:20] [Client thread/INFO] [STDOUT]: [com.layue13.clashweave.validation.ClientReplay:tick:154]: P0_REMOTE action= sneak=false
[15:22:21] [Client thread/INFO] [STDOUT]: [com.layue13.clashweave.validation.ClientReplay:tick:154]: P0_REMOTE action= sneak=false
[15:22:21] [Client thread/INFO] [STDOUT]: [com.layue13.clashweave.client.ClientProxy:apply:274]: CW_FEEDBACK player=P0B result=PARRY frozen=30556616394800 receive=30556903655600 corrections=0
[15:22:21] [Client thread/INFO] [STDOUT]: [com.layue13.clashweave.validation.ClientReplay:audio:397]: P0_AUDIO source=random.anvil_land frozen=30556616394800 nano=30556903969400
[15:22:21] [Client thread/INFO] [STDOUT]: [com.layue13.clashweave.client.ClientProxy:hud:341]: CW_FRAME frozen=30556616394800 frame=30556904525700
[15:22:21] [Client thread/INFO] [STDOUT]: [com.layue13.clashweave.client.ClientProxy:apply:274]: CW_FEEDBACK player=P0B result=PARRY frozen=30557068490800 receive=30557320186300 corrections=0
[15:22:21] [Client thread/INFO] [STDOUT]: [com.layue13.clashweave.validation.ClientReplay:audio:397]: P0_AUDIO source=random.anvil_land frozen=30557068490800 nano=30557320553600
[15:22:21] [Client thread/INFO] [STDOUT]: [com.layue13.clashweave.client.ClientProxy:hud:341]: CW_FRAME frozen=30557068490800 frame=30557321177500
[15:22:22] [Client thread/INFO] [STDOUT]: [com.layue13.clashweave.validation.ClientReplay:tick:154]: P0_REMOTE action= sneak=false
[15:22:22] [Client thread/INFO] [STDOUT]: [com.layue13.clashweave.client.ClientProxy:apply:274]: CW_FEEDBACK player=P0B result=BLOCK frozen=30557468106900 receive=30557720277400 corrections=0
[15:22:22] [Client thread/INFO] [STDOUT]: [com.layue13.clashweave.validation.ClientReplay:audio:397]: P0_AUDIO source=random.anvil_land frozen=30557468106900 nano=30557720551200
[15:22:22] [Client thread/INFO] [STDOUT]: [com.layue13.clashweave.client.ClientProxy:hud:341]: CW_FRAME frozen=30557468106900 frame=30557721102200
[15:22:22] [Client thread/INFO] [STDOUT]: [com.layue13.clashweave.client.ViewPreservingCorrections$Preserved:processPacket:75]: CW_VIEW packet=1 yawDelta=0.0 pitchDelta=0.0 requestedYawDelta=84.39087 requestedPitchDelta=0.0 nano=30558470498400
[15:22:23] [Client thread/INFO] [STDOUT]: [com.layue13.clashweave.validation.ClientReplay:tick:154]: P0_REMOTE action= sneak=false
[15:22:23] [Client thread/INFO] [STDOUT]: [com.layue13.clashweave.client.ClientProxy:apply:274]: CW_FEEDBACK player=P0B result=PARRY frozen=30559117861200 receive=30559370935100 corrections=0
[15:22:23] [Client thread/INFO] [STDOUT]: [com.layue13.clashweave.validation.ClientReplay:audio:397]: P0_AUDIO source=random.anvil_land frozen=30559117861200 nano=30559371267400
[15:22:23] [Client thread/INFO] [STDOUT]: [com.layue13.clashweave.client.ClientProxy:hud:341]: CW_FRAME frozen=30559117861200 frame=30559371843900
[15:22:24] [Client thread/INFO] [STDOUT]: [com.layue13.clashweave.client.ViewPreservingCorrections$Preserved:processPacket:75]: CW_VIEW packet=1 yawDelta=0.0 pitchDelta=0.0 requestedYawDelta=37.59175 requestedPitchDelta=0.0 nano=30559785829600
[15:22:24] [Client thread/INFO] [STDOUT]: [com.layue13.clashweave.client.ViewPreservingCorrections$Preserved:processPacket:75]: CW_VIEW packet=1 yawDelta=0.0 pitchDelta=0.0 requestedYawDelta=31.184967 requestedPitchDelta=0.0 nano=30560586282000
[15:22:26] [Client thread/INFO] [STDOUT]: [com.layue13.clashweave.client.ClientProxy:apply:274]: CW_FEEDBACK player=P0B result=PARRY frozen=30561617157700 receive=30561886107000 corrections=0
[15:22:26] [Client thread/INFO] [STDOUT]: [com.layue13.clashweave.validation.ClientReplay:audio:397]: P0_AUDIO source=random.anvil_land frozen=30561617157700 nano=30561886474600
[15:22:26] [Client thread/INFO] [STDOUT]: [com.layue13.clashweave.client.ClientProxy:hud:341]: CW_FRAME frozen=30561617157700 frame=30561886988800
[15:22:26] [Client thread/INFO] [STDOUT]: [com.layue13.clashweave.client.ClientProxy:apply:274]: CW_FEEDBACK player=P0B result=PARRY frozen=30562068853300 receive=30562336613200 corrections=0
[15:22:26] [Client thread/INFO] [STDOUT]: [com.layue13.clashweave.validation.ClientReplay:audio:397]: P0_AUDIO source=random.anvil_land frozen=30562068853300 nano=30562336949400
[15:22:26] [Client thread/INFO] [STDOUT]: [com.layue13.clashweave.client.ClientProxy:hud:341]: CW_FRAME frozen=30562068853300 frame=30562337427900
[15:22:27] [Client thread/INFO] [STDOUT]: [com.layue13.clashweave.client.ClientProxy:apply:274]: CW_FEEDBACK player=P0B result=BLOCK frozen=30562565524300 receive=30562787650700 corrections=0
[15:22:27] [Client thread/INFO] [STDOUT]: [com.layue13.clashweave.validation.ClientReplay:audio:397]: P0_AUDIO source=random.anvil_land frozen=30562565524300 nano=30562787947400
[15:22:27] [Client thread/INFO] [STDOUT]: [com.layue13.clashweave.client.ClientProxy:hud:341]: CW_FRAME frozen=30562565524300 frame=30562788553100
[15:22:27] [Client thread/INFO] [STDOUT]: [com.layue13.clashweave.client.ViewPreservingCorrections$Preserved:processPacket:75]: CW_VIEW packet=1 yawDelta=0.0 pitchDelta=0.0 requestedYawDelta=86.41042 requestedPitchDelta=0.0 nano=30563236204200
[15:22:28] [Client thread/INFO] [STDOUT]: [com.layue13.clashweave.client.ClientProxy:apply:274]: CW_FEEDBACK player=P0B result=PARRY frozen=30564116412000 receive=30564337304500 corrections=0
[15:22:28] [Client thread/INFO] [STDOUT]: [com.layue13.clashweave.client.ClientProxy:hud:341]: CW_FRAME frozen=30564116412000 frame=30564338173300
