# Log excerpt; complete raw log retained locally under build/p0/runs.
# Original lines: 1404
# Marker counts: {'ERROR': 3, 'CW_RENDER': 1, 'Exception': 2, 'P0_AUDIO': 35, 'CW_ENGAGEMENT': 2, 'CW_PRESENT': 120, 'P0_APPEARANCE': 2, 'CW_VIEW': 31, 'CW_FEEDBACK': 35, 'CW_FRAME': 35, 'P0_REMOTE': 49, 'CW_LOCK_MARKER': 1, 'CW_LOCK_FOLLOW': 972}
[07:59:22] [main/ERROR] [FML]: The binary patch set is missing. Either you are in a development environment, or things are not going to work!
[07:59:22] [main/ERROR] [FML]: FML appears to be missing any signature data. This is not a good thing
This is just a prompt for computer specs to be printed. THIS IS NOT A ERROR
[07:59:26] [Client thread/INFO] [STDOUT]: [com.layue13.clashweave.client.KatanaRendering:load:35]: CW_RENDER models loaded units=block blade=+Y sheath=downwardBipedY angle=45.0
[07:59:26] [Forge Version Check/INFO] [STDERR]: [java.lang.Throwable$WrappedPrintStream:println:749]: com.google.gson.JsonSyntaxException: java.lang.IllegalStateException: Expected BEGIN_OBJECT but was STRING at line 1 column 1
[07:59:26] [Forge Version Check/INFO] [STDERR]: [java.lang.Throwable$WrappedPrintStream:println:749]: Caused by: java.lang.IllegalStateException: Expected BEGIN_OBJECT but was STRING at line 1 column 1
[07:59:26] [Client thread/INFO] [STDOUT]: [com.layue13.clashweave.validation.ClientReplay:<init>:69]: P0_AUDIO initial loader settled
[07:59:32] [Client thread/INFO] [STDOUT]: [com.layue13.clashweave.client.ClientProxy:apply:251]: CW_ENGAGEMENT player=P0B engaged=false revision=3 tick=436 receive=90388123805900
[07:59:32] [Client thread/INFO] [STDOUT]: [com.layue13.clashweave.client.ClientProxy:tick:194]: CW_PRESENT id=12 kind=DRAW actor=0 owner=70286
[07:59:32] [Client thread/INFO] [STDOUT]: [com.layue13.clashweave.client.ClientProxy:tick:194]: CW_PRESENT id=13 kind=SWING actor=0 owner=70286
[07:59:32] [Client thread/INFO] [STDOUT]: [com.layue13.clashweave.validation.ClientReplay:tick:97]: P0_APPEARANCE entity=0 skin=clashweave:katana effects=clashweave:default animations=clashweave:katana style=katana
[07:59:32] [Client thread/INFO] [STDOUT]: [com.layue13.clashweave.validation.ClientReplay:tick:97]: P0_APPEARANCE entity=70286 skin=clashweave:katana effects=clashweave:default animations=clashweave:katana style=katana
[07:59:32] [Client thread/INFO] [STDOUT]: [com.layue13.clashweave.client.ViewPreservingCorrections$Preserved:processPacket:140]: CW_VIEW packet=1 marker=0 protected=false yawDelta=0.0 pitchDelta=0.0 requestedYawDelta=0.0 requestedPitchDelta=0.0 nano=90388197671300
[07:59:32] [Client thread/INFO] [STDOUT]: [com.layue13.clashweave.client.ClientProxy:apply:310]: CW_FEEDBACK player=P0B result=HURT frozen=90388316710500 receive=90388534566200 corrections=0
[07:59:32] [Client thread/INFO] [STDOUT]: [com.layue13.clashweave.client.ClientProxy:hud:381]: CW_FRAME frozen=90388316710500 frame=90388535881400
[07:59:33] [Client thread/INFO] [STDOUT]: [com.layue13.clashweave.client.ViewPreservingCorrections$Preserved:processPacket:140]: CW_VIEW packet=1 marker=0 protected=false yawDelta=59.357872 pitchDelta=0.0 requestedYawDelta=59.357872 requestedPitchDelta=0.0 nano=90388953541500
[07:59:33] [Client thread/INFO] [STDOUT]: [com.layue13.clashweave.validation.ClientReplay:tick:175]: P0_REMOTE action= sneak=false
[07:59:33] [Client thread/INFO] [STDOUT]: [com.layue13.clashweave.client.ClientProxy:apply:251]: CW_ENGAGEMENT player=P0B engaged=true revision=4 tick=457 receive=90389103902000
[07:59:33] [Client thread/INFO] [STDOUT]: [com.layue13.clashweave.client.LockCamera:tick:136]: CW_LOCK_MARKER target=0 nano=90389104164900
[07:59:33] [Client thread/INFO] [STDOUT]: [com.layue13.clashweave.client.LockCamera:tick:174]: CW_LOCK_FOLLOW mode=WEAK reason=WEAK target=0 nano=90389104164900 dt=0.0503725 before=142.40825 after=142.40825 pitchBefore=0.0 pitchAfter=0.0 offset=0.0 instance=0 committed=0.0
[07:59:33] [Client thread/INFO] [STDOUT]: [com.layue13.clashweave.client.LockCamera:tick:174]: CW_LOCK_FOLLOW mode=WEAK reason=WEAK target=0 nano=90389154054700 dt=0.0498898 before=148.81503 after=148.81503 pitchBefore=0.0 pitchAfter=0.0 offset=0.0 instance=0 committed=0.0
[07:59:33] [Client thread/INFO] [STDOUT]: [com.layue13.clashweave.client.LockCamera:tick:174]: CW_LOCK_FOLLOW mode=WEAK reason=WEAK target=0 nano=90389219754800 dt=0.0657001 before=148.81503 after=148.81503 pitchBefore=0.0 pitchAfter=0.0 offset=0.0 instance=0 committed=0.0
[07:59:33] [Client thread/INFO] [STDOUT]: [com.layue13.clashweave.client.LockCamera:tick:174]: CW_LOCK_FOLLOW mode=WEAK reason=WEAK target=0 nano=90389270328000 dt=0.0505732 before=148.81503 after=148.81503 pitchBefore=0.0 pitchAfter=0.0 offset=0.0 instance=0 committed=0.0
[07:59:33] [Client thread/INFO] [STDOUT]: [com.layue13.clashweave.client.LockCamera:tick:174]: CW_LOCK_FOLLOW mode=WEAK reason=WEAK target=0 nano=90389320265600 dt=0.0499376 before=148.81503 after=148.81503 pitchBefore=0.0 pitchAfter=0.0 offset=0.0 instance=0 committed=0.0
[07:59:33] [Client thread/INFO] [STDOUT]: [com.layue13.clashweave.client.ClientProxy:tick:194]: CW_PRESENT id=14 kind=SWING actor=0 owner=70286
[07:59:33] [Client thread/INFO] [STDOUT]: [com.layue13.clashweave.client.LockCamera:tick:174]: CW_LOCK_FOLLOW mode=WEAK reason=WEAK target=0 nano=90389370470700 dt=0.0502051 before=148.81503 after=148.81503 pitchBefore=0.0 pitchAfter=0.0 offset=0.0 instance=0 committed=0.0
[07:59:33] [Client thread/INFO] [STDOUT]: [com.layue13.clashweave.client.LockCamera:tick:174]: CW_LOCK_FOLLOW mode=WEAK reason=WEAK target=0 nano=90389420363000 dt=0.0498923 before=148.81503 after=148.81503 pitchBefore=0.0 pitchAfter=0.0 offset=0.0 instance=0 committed=0.0
[07:59:33] [Client thread/INFO] [STDOUT]: [com.layue13.clashweave.client.LockCamera:tick:174]: CW_LOCK_FOLLOW mode=WEAK reason=WEAK target=0 nano=90389487178800 dt=0.0668158 before=148.81503 after=148.81503 pitchBefore=0.0 pitchAfter=0.0 offset=0.0 instance=0 committed=0.0
[07:59:33] [Client thread/INFO] [STDOUT]: [com.layue13.clashweave.client.LockCamera:tick:174]: CW_LOCK_FOLLOW mode=WEAK reason=WEAK target=0 nano=90389541051000 dt=0.0538722 before=148.81503 after=148.81503 pitchBefore=0.0 pitchAfter=0.0 offset=0.0 instance=0 committed=0.0
[07:59:33] [Client thread/INFO] [STDOUT]: [com.layue13.clashweave.client.LockCamera:tick:174]: CW_LOCK_FOLLOW mode=WEAK reason=WEAK target=0 nano=90389586764000 dt=0.045713 before=148.81503 after=148.81503 pitchBefore=0.0 pitchAfter=0.0 offset=0.0 instance=0 committed=0.0
[07:59:34] [Client thread/INFO] [STDOUT]: [com.layue13.clashweave.client.LockCamera:tick:174]: CW_LOCK_FOLLOW mode=WEAK reason=WEAK target=0 nano=90389637147500 dt=0.0503835 before=147.81293 after=147.81293 pitchBefore=0.0 pitchAfter=0.0 offset=0.0 instance=0 committed=0.0
[07:59:34] [Client thread/INFO] [STDOUT]: [com.layue13.clashweave.client.LockCamera:tick:174]: CW_LOCK_FOLLOW mode=WEAK reason=WEAK target=0 nano=90389686914600 dt=0.0497671 before=146.75188 after=146.75188 pitchBefore=0.0 pitchAfter=0.0 offset=0.0 instance=0 committed=0.0
[07:59:34] [Client thread/INFO] [STDOUT]: [com.layue13.clashweave.client.ClientProxy:apply:310]: CW_FEEDBACK player=P0B result=PARRY frozen=90389566469100 receive=90389737593900 corrections=0
[07:59:34] [Client thread/INFO] [STDOUT]: [com.layue13.clashweave.validation.ClientReplay:audio:419]: P0_AUDIO source=random.anvil_land frozen=90389566469100 nano=90389737950000
[07:59:34] [Client thread/INFO] [STDOUT]: [com.layue13.clashweave.client.ClientProxy:tick:194]: CW_PRESENT id=15 kind=PARRY actor=70286 owner=70286
[07:59:34] [Client thread/INFO] [STDOUT]: [com.layue13.clashweave.client.ClientProxy:hud:381]: CW_FRAME frozen=90389566469100 frame=90389743052800
[07:59:34] [Client thread/INFO] [STDOUT]: [com.layue13.clashweave.validation.ClientReplay:tick:175]: P0_REMOTE action= sneak=false
[07:59:34] [Client thread/INFO] [STDOUT]: [com.layue13.clashweave.client.ViewPreservingCorrections$Preserved:processPacket:140]: CW_VIEW packet=1 marker=0 protected=false yawDelta=37.59175 pitchDelta=0.0 requestedYawDelta=37.59175 requestedPitchDelta=0.0 nano=90390169191600
[07:59:35] [Client thread/INFO] [STDOUT]: [com.layue13.clashweave.client.ViewPreservingCorrections$Preserved:processPacket:140]: CW_VIEW packet=1 marker=0 protected=false yawDelta=31.184967 pitchDelta=0.0 requestedYawDelta=31.184967 requestedPitchDelta=0.0 nano=90391003508800
[07:59:35] [Client thread/INFO] [STDOUT]: [com.layue13.clashweave.client.ClientProxy:tick:194]: CW_PRESENT id=16 kind=SHEATHE actor=0 owner=70286
[07:59:35] [Client thread/INFO] [STDOUT]: [com.layue13.clashweave.validation.ClientReplay:tick:175]: P0_REMOTE action= sneak=false
[07:59:36] [Client thread/INFO] [STDOUT]: [com.layue13.clashweave.client.ClientProxy:tick:194]: CW_PRESENT id=17 kind=DRAW actor=0 owner=70286
[07:59:36] [Client thread/INFO] [STDOUT]: [com.layue13.clashweave.client.ClientProxy:tick:194]: CW_PRESENT id=18 kind=SWING actor=0 owner=70286
[07:59:36] [Client thread/INFO] [STDOUT]: [com.layue13.clashweave.validation.ClientReplay:tick:175]: P0_REMOTE action= sneak=false
[07:59:36] [Client thread/INFO] [STDOUT]: [com.layue13.clashweave.client.ClientProxy:apply:310]: CW_FEEDBACK player=P0B result=PARRY frozen=90392072706500 receive=90392303936800 corrections=0
[07:59:36] [Client thread/INFO] [STDOUT]: [com.layue13.clashweave.validation.ClientReplay:audio:419]: P0_AUDIO source=random.anvil_land frozen=90392072706500 nano=90392304304500
[07:59:36] [Client thread/INFO] [STDOUT]: [com.layue13.clashweave.client.ClientProxy:tick:194]: CW_PRESENT id=19 kind=PARRY actor=70286 owner=70286
[07:59:36] [Client thread/INFO] [STDOUT]: [com.layue13.clashweave.client.ClientProxy:hud:381]: CW_FRAME frozen=90392072706500 frame=90392305442700
[07:59:36] [Client thread/INFO] [STDOUT]: [com.layue13.clashweave.client.ClientProxy:tick:194]: CW_PRESENT id=20 kind=SWING actor=0 owner=70286
[07:59:37] [Client thread/INFO] [STDOUT]: [com.layue13.clashweave.client.ClientProxy:apply:310]: CW_FEEDBACK player=P0B result=PARRY frozen=90392520210600 receive=90392719628600 corrections=0
[07:59:37] [Client thread/INFO] [STDOUT]: [com.layue13.clashweave.validation.ClientReplay:audio:419]: P0_AUDIO source=random.anvil_land frozen=90392520210600 nano=90392719956700
[07:59:37] [Client thread/INFO] [STDOUT]: [com.layue13.clashweave.client.ClientProxy:tick:194]: CW_PRESENT id=21 kind=PARRY actor=70286 owner=70286
[07:59:37] [Client thread/INFO] [STDOUT]: [com.layue13.clashweave.client.ClientProxy:hud:381]: CW_FRAME frozen=90392520210600 frame=90392721122600
[07:59:37] [Client thread/INFO] [STDOUT]: [com.layue13.clashweave.client.ClientProxy:tick:194]: CW_PRESENT id=22 kind=SWING actor=0 owner=70286
[07:59:37] [Client thread/INFO] [STDOUT]: [com.layue13.clashweave.validation.ClientReplay:tick:175]: P0_REMOTE action= sneak=false
[07:59:37] [Client thread/INFO] [STDOUT]: [com.layue13.clashweave.client.ViewPreservingCorrections$Preserved:processPacket:140]: CW_VIEW packet=1 marker=0 protected=false yawDelta=90.311386 pitchDelta=1.8656664 requestedYawDelta=90.311386 requestedPitchDelta=1.8656664 nano=90393586590600
[07:59:38] [Client thread/INFO] [STDOUT]: [com.layue13.clashweave.validation.ClientReplay:tick:175]: P0_REMOTE action= sneak=false
[07:59:38] [Client thread/INFO] [STDOUT]: [com.layue13.clashweave.client.ClientProxy:tick:194]: CW_PRESENT id=23 kind=SWING actor=0 owner=70286
[07:59:39] [Client thread/INFO] [STDOUT]: [com.layue13.clashweave.client.ClientProxy:apply:310]: CW_FEEDBACK player=P0B result=PARRY frozen=90394572424500 receive=90394803680100 corrections=0
[07:59:39] [Client thread/INFO] [STDOUT]: [com.layue13.clashweave.validation.ClientReplay:audio:419]: P0_AUDIO source=random.anvil_land frozen=90394572424500 nano=90394803965500
[07:59:39] [Client thread/INFO] [STDOUT]: [com.layue13.clashweave.client.ClientProxy:hud:381]: CW_FRAME frozen=90394572424500 frame=90394804899900
[07:59:39] [Client thread/INFO] [STDOUT]: [com.layue13.clashweave.client.ViewPreservingCorrections$Preserved:processPacket:140]: CW_VIEW packet=1 marker=0 protected=false yawDelta=39.400665 pitchDelta=1.8656664 requestedYawDelta=39.400665 requestedPitchDelta=1.8656664 nano=90395169953400
[07:59:39] [Client thread/INFO] [STDOUT]: [com.layue13.clashweave.validation.ClientReplay:tick:175]: P0_REMOTE action= sneak=false
[07:59:40] [Client thread/INFO] [STDOUT]: [com.layue13.clashweave.client.ViewPreservingCorrections$Preserved:processPacket:140]: CW_VIEW packet=1 marker=0 protected=false yawDelta=31.184967 pitchDelta=0.0 requestedYawDelta=31.184967 requestedPitchDelta=0.0 nano=90395986987100
[07:59:40] [Client thread/INFO] [STDOUT]: [com.layue13.clashweave.validation.ClientReplay:tick:175]: P0_REMOTE action= sneak=false
[07:59:41] [Client thread/INFO] [STDOUT]: [com.layue13.clashweave.validation.ClientReplay:tick:175]: P0_REMOTE action= sneak=false
[07:59:41] [Client thread/INFO] [STDOUT]: [com.layue13.clashweave.client.ClientProxy:apply:310]: CW_FEEDBACK player=P0B result=PARRY frozen=90397071442500 receive=90397303546200 corrections=0
[07:59:41] [Client thread/INFO] [STDOUT]: [com.layue13.clashweave.validation.ClientReplay:audio:419]: P0_AUDIO source=random.anvil_land frozen=90397071442500 nano=90397303897600
[07:59:41] [Client thread/INFO] [STDOUT]: [com.layue13.clashweave.client.ClientProxy:hud:381]: CW_FRAME frozen=90397071442500 frame=90397304722100
[07:59:42] [Client thread/INFO] [STDOUT]: [com.layue13.clashweave.client.ClientProxy:apply:310]: CW_FEEDBACK player=P0B result=PARRY frozen=90397514260100 receive=90397703526800 corrections=0
[07:59:42] [Client thread/INFO] [STDOUT]: [com.layue13.clashweave.validation.ClientReplay:audio:419]: P0_AUDIO source=random.anvil_land frozen=90397514260100 nano=90397703833900
[07:59:42] [Client thread/INFO] [STDOUT]: [com.layue13.clashweave.client.ClientProxy:hud:381]: CW_FRAME frozen=90397514260100 frame=90397704684500
[07:59:42] [Client thread/INFO] [STDOUT]: [com.layue13.clashweave.client.ClientProxy:apply:310]: CW_FEEDBACK player=P0B result=BLOCK frozen=90397868360700 receive=90398056096800 corrections=0
[07:59:42] [Client thread/INFO] [STDOUT]: [com.layue13.clashweave.validation.ClientReplay:audio:419]: P0_AUDIO source=random.anvil_land frozen=90397868360700 nano=90398056359500
[07:59:42] [Client thread/INFO] [STDOUT]: [com.layue13.clashweave.client.ClientProxy:hud:381]: CW_FRAME frozen=90397868360700 frame=90398057723600
[07:59:42] [Client thread/INFO] [STDOUT]: [com.layue13.clashweave.validation.ClientReplay:tick:175]: P0_REMOTE action= sneak=false
[07:59:43] [Client thread/INFO] [STDOUT]: [com.layue13.clashweave.client.ViewPreservingCorrections$Preserved:processPacket:140]: CW_VIEW packet=1 marker=0 protected=false yawDelta=90.56722 pitchDelta=-4.0966997 requestedYawDelta=90.56722 requestedPitchDelta=-4.0966997 nano=90398803172800
[07:59:43] [Client thread/INFO] [STDOUT]: [com.layue13.clashweave.validation.ClientReplay:tick:175]: P0_REMOTE action= sneak=false
[07:59:44] [Client thread/INFO] [STDOUT]: [com.layue13.clashweave.client.ClientProxy:apply:310]: CW_FEEDBACK player=P0B result=PARRY frozen=90399569010900 receive=90399770790000 corrections=0
[07:59:44] [Client thread/INFO] [STDOUT]: [com.layue13.clashweave.validation.ClientReplay:audio:419]: P0_AUDIO source=random.anvil_land frozen=90399569010900 nano=90399771137900
[07:59:44] [Client thread/INFO] [STDOUT]: [com.layue13.clashweave.client.ClientProxy:hud:381]: CW_FRAME frozen=90399569010900 frame=90399772071400
[07:59:44] [Client thread/INFO] [STDOUT]: [com.layue13.clashweave.client.ViewPreservingCorrections$Preserved:processPacket:140]: CW_VIEW packet=1 marker=0 protected=false yawDelta=37.59175 pitchDelta=1.7313406 requestedYawDelta=37.59175 requestedPitchDelta=1.7313406 nano=90400169374400
[07:59:44] [Client thread/INFO] [STDOUT]: [com.layue13.clashweave.validation.ClientReplay:tick:175]: P0_REMOTE action= sneak=false
[07:59:45] [Client thread/INFO] [STDOUT]: [com.layue13.clashweave.client.ViewPreservingCorrections$Preserved:processPacket:140]: CW_VIEW packet=1 marker=0 protected=false yawDelta=31.184967 pitchDelta=0.0 requestedYawDelta=31.184967 requestedPitchDelta=0.0 nano=90400969290600
[07:59:46] [Client thread/INFO] [STDOUT]: [com.layue13.clashweave.client.ClientProxy:apply:310]: CW_FEEDBACK player=P0B result=PARRY frozen=90402068453500 receive=90402269939000 corrections=0
[07:59:46] [Client thread/INFO] [STDOUT]: [com.layue13.clashweave.validation.ClientReplay:audio:419]: P0_AUDIO source=random.anvil_land frozen=90402068453500 nano=90402270314500
[07:59:46] [Client thread/INFO] [STDOUT]: [com.layue13.clashweave.client.ClientProxy:hud:381]: CW_FRAME frozen=90402068453500 frame=90402271471100
[07:59:47] [Client thread/INFO] [STDOUT]: [com.layue13.clashweave.client.ClientProxy:apply:310]: CW_FEEDBACK player=P0B result=BLOCK frozen=90402469345300 receive=90402687426600 corrections=0
[07:59:47] [Client thread/INFO] [STDOUT]: [com.layue13.clashweave.validation.ClientReplay:audio:419]: P0_AUDIO source=random.anvil_land frozen=90402469345300 nano=90402687705900
[07:59:47] [Client thread/INFO] [STDOUT]: [com.layue13.clashweave.client.ClientProxy:hud:381]: CW_FRAME frozen=90402469345300 frame=90402688863600
[07:59:47] [Client thread/INFO] [STDOUT]: [com.layue13.clashweave.client.ViewPreservingCorrections$Preserved:processPacket:140]: CW_VIEW packet=1 marker=0 protected=false yawDelta=79.80235 pitchDelta=-4.0544343 requestedYawDelta=79.80235 requestedPitchDelta=-4.0544343 nano=90403536132100
[07:59:49] [Client thread/INFO] [STDOUT]: [com.layue13.clashweave.client.ClientProxy:apply:310]: CW_FEEDBACK player=P0B result=PARRY frozen=90404617626200 receive=90404786538200 corrections=0
[07:59:49] [Client thread/INFO] [STDOUT]: [com.layue13.clashweave.validation.ClientReplay:audio:419]: P0_AUDIO source=random.anvil_land frozen=90404617626200 nano=90404786849800
[07:59:49] [Client thread/INFO] [STDOUT]: [com.layue13.clashweave.client.ClientProxy:hud:381]: CW_FRAME frozen=90404617626200 frame=90404787767700
[07:59:49] [Client thread/INFO] [STDOUT]: [com.layue13.clashweave.client.ViewPreservingCorrections$Preserved:processPacket:140]: CW_VIEW packet=1 marker=0 protected=false yawDelta=39.400665 pitchDelta=1.8294444 requestedYawDelta=39.400665 requestedPitchDelta=1.8294444 nano=90405236396000
[07:59:50] [Client thread/INFO] [STDOUT]: [com.layue13.clashweave.client.ViewPreservingCorrections$Preserved:processPacket:140]: CW_VIEW packet=1 marker=0 protected=false yawDelta=31.184967 pitchDelta=0.0 requestedYawDelta=31.184967 requestedPitchDelta=0.0 nano=90405986443400
[07:59:53] [Client thread/INFO] [STDOUT]: [com.layue13.clashweave.client.ViewPreservingCorrections$Preserved:processPacket:140]: CW_VIEW packet=1 marker=0 protected=false yawDelta=78.86941 pitchDelta=-5.9817176 requestedYawDelta=78.86941 requestedPitchDelta=-5.9817176 nano=90408736107700
[07:59:54] [Client thread/INFO] [STDOUT]: [com.layue13.clashweave.client.ViewPreservingCorrections$Preserved:processPacket:140]: CW_VIEW packet=1 marker=0 protected=false yawDelta=39.400665 pitchDelta=1.8294444 requestedYawDelta=39.400665 requestedPitchDelta=1.8294444 nano=90410186471800
[07:59:55] [Client thread/INFO] [STDOUT]: [com.layue13.clashweave.client.ViewPreservingCorrections$Preserved:processPacket:140]: CW_VIEW packet=1 marker=0 protected=false yawDelta=31.184967 pitchDelta=0.0 requestedYawDelta=31.184967 requestedPitchDelta=0.0 nano=90410986073200
[07:59:58] [Client thread/INFO] [STDOUT]: [com.layue13.clashweave.client.ViewPreservingCorrections$Preserved:processPacket:140]: CW_VIEW packet=1 marker=0 protected=false yawDelta=94.96974 pitchDelta=1.8655959 requestedYawDelta=94.96974 requestedPitchDelta=1.8655959 nano=90413636354200
[07:59:59] [Client thread/INFO] [STDOUT]: [com.layue13.clashweave.client.ViewPreservingCorrections$Preserved:processPacket:140]: CW_VIEW packet=1 marker=0 protected=false yawDelta=37.59175 pitchDelta=1.8294444 requestedYawDelta=37.59175 requestedPitchDelta=1.8294444 nano=90415186765200
[08:00:00] [Client thread/INFO] [STDOUT]: [com.layue13.clashweave.client.ViewPreservingCorrections$Preserved:processPacket:140]: CW_VIEW packet=1 marker=0 protected=false yawDelta=31.184967 pitchDelta=0.0 requestedYawDelta=31.184967 requestedPitchDelta=0.0 nano=90415986080300
[08:00:03] [Client thread/INFO] [STDOUT]: [com.layue13.clashweave.client.ViewPreservingCorrections$Preserved:processPacket:140]: CW_VIEW packet=1 marker=0 protected=false yawDelta=90.56722 pitchDelta=-4.0964813 requestedYawDelta=90.56722 requestedPitchDelta=-4.0964813 nano=90418786953600
[08:00:04] [Client thread/INFO] [STDOUT]: [com.layue13.clashweave.client.ViewPreservingCorrections$Preserved:processPacket:140]: CW_VIEW packet=1 marker=0 protected=false yawDelta=37.59175 pitchDelta=1.7313406 requestedYawDelta=37.59175 requestedPitchDelta=1.7313406 nano=90420186768800
[08:00:05] [Client thread/INFO] [STDOUT]: [com.layue13.clashweave.client.ViewPreservingCorrections$Preserved:processPacket:140]: CW_VIEW packet=1 marker=0 protected=false yawDelta=31.184967 pitchDelta=0.0 requestedYawDelta=31.184967 requestedPitchDelta=0.0 nano=90420986354300
[08:00:07] [Client thread/INFO] [STDOUT]: [com.layue13.clashweave.client.ViewPreservingCorrections$Preserved:processPacket:140]: CW_VIEW packet=1 marker=0 protected=false yawDelta=79.80235 pitchDelta=-4.053476 requestedYawDelta=79.80235 requestedPitchDelta=-4.053476 nano=90423536179500
[08:00:09] [Client thread/INFO] [STDOUT]: [com.layue13.clashweave.client.ViewPreservingCorrections$Preserved:processPacket:140]: CW_VIEW packet=1 marker=0 protected=false yawDelta=39.400665 pitchDelta=1.8294444 requestedYawDelta=39.400665 requestedPitchDelta=1.8294444 nano=90425187227400
[08:00:10] [Client thread/INFO] [STDOUT]: [com.layue13.clashweave.client.ViewPreservingCorrections$Preserved:processPacket:140]: CW_VIEW packet=1 marker=0 protected=false yawDelta=31.184967 pitchDelta=0.0 requestedYawDelta=31.184967 requestedPitchDelta=0.0 nano=90425986198000
[08:00:13] [Client thread/INFO] [STDOUT]: [com.layue13.clashweave.client.ViewPreservingCorrections$Preserved:processPacket:140]: CW_VIEW packet=1 marker=0 protected=false yawDelta=79.75623 pitchDelta=-5.9755907 requestedYawDelta=79.75623 requestedPitchDelta=-5.9755907 nano=90428787575600
[08:00:14] [Client thread/INFO] [STDOUT]: [com.layue13.clashweave.client.ViewPreservingCorrections$Preserved:processPacket:140]: CW_VIEW packet=1 marker=0 protected=false yawDelta=39.400665 pitchDelta=1.7313406 requestedYawDelta=39.400665 requestedPitchDelta=1.7313406 nano=90430186395200
[08:00:15] [Client thread/INFO] [STDOUT]: [com.layue13.clashweave.client.ViewPreservingCorrections$Preserved:processPacket:140]: CW_VIEW packet=1 marker=0 protected=false yawDelta=31.184967 pitchDelta=0.0 requestedYawDelta=31.184967 requestedPitchDelta=0.0 nano=90430986145900
[08:00:17] [Client thread/INFO] [STDOUT]: [com.layue13.clashweave.client.ViewPreservingCorrections$Preserved:processPacket:140]: CW_VIEW packet=1 marker=0 protected=false yawDelta=79.80235 pitchDelta=-4.120527 requestedYawDelta=79.80235 requestedPitchDelta=-4.120527 nano=90433536590500
[08:00:19] [Client thread/INFO] [STDOUT]: [com.layue13.clashweave.client.ViewPreservingCorrections$Preserved:processPacket:140]: CW_VIEW packet=1 marker=0 protected=false yawDelta=39.400665 pitchDelta=1.8294444 requestedYawDelta=39.400665 requestedPitchDelta=1.8294444 nano=90435186244400
[08:00:20] [Client thread/INFO] [STDOUT]: [com.layue13.clashweave.client.ViewPreservingCorrections$Preserved:processPacket:140]: CW_VIEW packet=1 marker=0 protected=false yawDelta=31.184967 pitchDelta=0.0 requestedYawDelta=31.184967 requestedPitchDelta=0.0 nano=90435986030900
