
> Configure project :
Version override set to 0.1.0-dev!
You might want to check out './gradlew :faq' if your build fails.
Build script update from 2.0.33 to 2.0.34 available! Run ./gradlew updateBuildScript
Recommend replacing '4.19.0' with '4.19' for Eclipse JDT
'indentWithSpaces' is deprecated, use 'leadingTabsToSpaces' in your gradle build script instead.
'indentWithSpaces' is deprecated, use 'leadingTabsToSpaces' in your gradle build script instead.

> Task :compileInjectedInterfacesJava NO-SOURCE
> Task :extractDependencyATs SKIPPED
> Task :generateForgeSrgMappings SKIPPED
> Task :downloadVanillaJars SKIPPED
> Task :mergeVanillaSidedJars SKIPPED
> Task :deobfuscateMergedJarToSrg SKIPPED
> Task :downloadFernflower SKIPPED
> Task :decompileSrgJar SKIPPED
> Task :cleanupDecompSrgJar SKIPPED
> Task :patchDecompiledJar SKIPPED
> Task :applyJST SKIPPED
> Task :remapDecompiledJar SKIPPED
> Task :decompressDecompiledSources UP-TO-DATE
> Task :processInjectedInterfacesResources NO-SOURCE
> Task :injectedInterfacesClasses UP-TO-DATE
> Task :compilePatchedMcJava UP-TO-DATE
> Task :processPatchedMcResources UP-TO-DATE
> Task :patchedMcClasses UP-TO-DATE
> Task :compileApiJava NO-SOURCE
> Task :processApiResources NO-SOURCE
> Task :apiClasses UP-TO-DATE
> Task :injectTags UP-TO-DATE
> Task :compileInjectedTagsJava UP-TO-DATE
> Task :extractNatives2 UP-TO-DATE
> Task :createMcLauncherFiles UP-TO-DATE
> Task :compileMcLauncherJava UP-TO-DATE
> Task :processInjectedTagsResources NO-SOURCE
> Task :injectedTagsClasses UP-TO-DATE
> Task :processMcLauncherResources NO-SOURCE
> Task :mcLauncherClasses UP-TO-DATE
> Task :compileJava UP-TO-DATE
> Task :processResources UP-TO-DATE
> Task :classes UP-TO-DATE
> Task :jar UP-TO-DATE
> Task :packageMcLauncher UP-TO-DATE
> Task :packagePatchedMc UP-TO-DATE
> Task :reobfJar UP-TO-DATE
> Task :sourcesJar UP-TO-DATE
> Task :assemble UP-TO-DATE
> Task :checkstyleApi NO-SOURCE
> Task :compileIdeVirtualMainJava SKIPPED
> Task :processIdeVirtualMainResources SKIPPED
> Task :spotlessJava UP-TO-DATE
> Task :spotlessJavaCheck UP-TO-DATE
> Task :spotlessKotlin UP-TO-DATE
> Task :spotlessKotlinCheck UP-TO-DATE
> Task :spotlessMisc UP-TO-DATE
> Task :spotlessMiscCheck UP-TO-DATE
> Task :spotlessScala UP-TO-DATE
> Task :spotlessScalaCheck UP-TO-DATE
> Task :spotlessCheck UP-TO-DATE
> Task :ideVirtualMainClasses SKIPPED
> Task :checkstyleIdeVirtualMain SKIPPED
> Task :checkstyleInjectedInterfaces NO-SOURCE
> Task :checkstyleInjectedTags SKIPPED
> Task :checkstyleMain UP-TO-DATE
> Task :checkstyleMcLauncher SKIPPED
> Task :checkstylePatchedMc SKIPPED
> Task :compileTestJava NO-SOURCE
> Task :processTestResources NO-SOURCE
> Task :testClasses UP-TO-DATE
> Task :checkstyleTest NO-SOURCE
> Task :test NO-SOURCE
> Task :check UP-TO-DATE
> Task :build UP-TO-DATE

[Incubating] Problems report is available at: file:///C:/Users/layue13/Documents/Projects/Clashweave/build/reports/problems/problems-report.html

Deprecated Gradle features were used in this build, making it incompatible with Gradle 10.

You can use '--warning-mode all' to show the individual deprecation warnings and determine if they come from your own scripts or plugins.

For more on this, please refer to https://docs.gradle.org/9.7.1/userguide/command_line_interface.html#sec:command_line_warnings in the Gradle documentation.

BUILD SUCCESSFUL in 703ms
24 actionable tasks: 24 up-to-date
