# Log excerpt; complete raw log retained locally under build/p0/runs.
# Original lines: 7691
# Marker counts: {'ERROR': 3, 'CW_RENDER': 1, 'Exception': 2, 'P0_AUDIO': 1, 'CW_VIEW': 3, 'P0_COMPOSITION_FRAME': 4314, 'CW_ENGAGEMENT': 2, 'P0_COMPOSITION_PHASE': 14, 'CW_LOCK_MARKER': 2, 'CW_THIRD_FRAME': 2965, 'P0_FLICK_CASE': 43, 'CW_THIRD_MOUSE': 23, 'CW_LOCK_FOLLOW': 201}
[08:36:09] [main/ERROR] [FML]: The binary patch set is missing. Either you are in a development environment, or things are not going to work!
[08:36:09] [main/ERROR] [FML]: FML appears to be missing any signature data. This is not a good thing
This is just a prompt for computer specs to be printed. THIS IS NOT A ERROR
[08:36:12] [Client thread/INFO] [STDOUT]: [com.layue13.clashweave.client.KatanaRendering:load:35]: CW_RENDER models loaded units=block blade=+Y sheath=downwardBipedY angle=45.0
[08:36:13] [Forge Version Check/INFO] [STDERR]: [java.lang.Throwable$WrappedPrintStream:println:749]: com.google.gson.JsonSyntaxException: java.lang.IllegalStateException: Expected BEGIN_OBJECT but was STRING at line 1 column 1
[08:36:13] [Forge Version Check/INFO] [STDERR]: [java.lang.Throwable$WrappedPrintStream:println:749]: Caused by: java.lang.IllegalStateException: Expected BEGIN_OBJECT but was STRING at line 1 column 1
[08:36:13] [Client thread/INFO] [STDOUT]: [com.layue13.clashweave.validation.ClientReplay:<init>:69]: P0_AUDIO initial loader settled
[08:36:19] [Client thread/INFO] [STDOUT]: [com.layue13.clashweave.client.ViewPreservingCorrections$Preserved:processPacket:140]: CW_VIEW packet=1 marker=0 protected=false yawDelta=180.0 pitchDelta=0.0 requestedYawDelta=180.0 requestedPitchDelta=0.0 nano=92594883651100
[08:36:19] [Client thread/INFO] [STDOUT]: [com.layue13.clashweave.validation.CompositionReplay:world:37]: P0_COMPOSITION_FRAME phase= elapsed=1 nano=92594895872200 yaw=0.0 pitch=0.0 horizon=0.4452682137489319 view=0
[08:36:19] [Client thread/INFO] [STDOUT]: [com.layue13.clashweave.validation.CompositionReplay:world:37]: P0_COMPOSITION_FRAME phase= elapsed=3 nano=92594918176500 yaw=0.0 pitch=0.0 horizon=0.4958365559577942 view=0
[08:36:19] [Client thread/INFO] [STDOUT]: [com.layue13.clashweave.validation.CompositionReplay:world:37]: P0_COMPOSITION_FRAME phase= elapsed=3 nano=92594929635000 yaw=0.0 pitch=0.0 horizon=0.49583548307418823 view=0
[08:36:19] [Client thread/INFO] [STDOUT]: [com.layue13.clashweave.validation.CompositionReplay:world:37]: P0_COMPOSITION_FRAME phase= elapsed=3 nano=92594930692100 yaw=0.0 pitch=0.0 horizon=0.4958369731903076 view=0
[08:36:19] [Client thread/INFO] [STDOUT]: [com.layue13.clashweave.validation.CompositionReplay:world:37]: P0_COMPOSITION_FRAME phase= elapsed=4 nano=92594942717700 yaw=0.0 pitch=0.0 horizon=0.4958571791648865 view=0
[08:36:19] [Client thread/INFO] [STDOUT]: [com.layue13.clashweave.validation.CompositionReplay:world:37]: P0_COMPOSITION_FRAME phase= elapsed=4 nano=92594957592800 yaw=0.0 pitch=0.0 horizon=0.4959201216697693 view=0
[08:36:19] [Client thread/INFO] [STDOUT]: [com.layue13.clashweave.validation.CompositionReplay:world:37]: P0_COMPOSITION_FRAME phase= elapsed=4 nano=92594974760900 yaw=0.0 pitch=0.0 horizon=0.49598509073257446 view=0
[08:36:19] [Client thread/INFO] [STDOUT]: [com.layue13.clashweave.validation.CompositionReplay:world:37]: P0_COMPOSITION_FRAME phase= elapsed=4 nano=92594991626500 yaw=0.0 pitch=0.0 horizon=0.4960482120513916 view=0
[08:36:19] [Client thread/INFO] [STDOUT]: [com.layue13.clashweave.validation.CompositionReplay:world:37]: P0_COMPOSITION_FRAME phase= elapsed=5 nano=92595008194500 yaw=0.0 pitch=0.0 horizon=0.4960966110229492 view=0
[08:36:19] [Client thread/INFO] [STDOUT]: [com.layue13.clashweave.validation.CompositionReplay:world:37]: P0_COMPOSITION_FRAME phase= elapsed=5 nano=92595025382700 yaw=0.0 pitch=0.0 horizon=0.4961375594139099 view=0
[08:36:19] [Client thread/INFO] [STDOUT]: [com.layue13.clashweave.validation.CompositionReplay:world:37]: P0_COMPOSITION_FRAME phase= elapsed=5 nano=92595046418200 yaw=0.0 pitch=0.0 horizon=0.4961778521537781 view=0
[08:36:19] [Client thread/INFO] [STDOUT]: [com.layue13.clashweave.validation.CompositionReplay:world:37]: P0_COMPOSITION_FRAME phase= elapsed=6 nano=92595058880300 yaw=0.0 pitch=0.0 horizon=0.49621033668518066 view=0
[08:36:20] [Client thread/INFO] [STDOUT]: [com.layue13.clashweave.client.ViewPreservingCorrections$Preserved:processPacket:140]: CW_VIEW packet=1 marker=0 protected=false yawDelta=0.0 pitchDelta=0.0 requestedYawDelta=0.0 requestedPitchDelta=0.0 nano=92595853152100
[08:36:20] [Client thread/INFO] [STDOUT]: [com.layue13.clashweave.client.ViewPreservingCorrections$Preserved:processPacket:140]: CW_VIEW packet=1 marker=0 protected=false yawDelta=0.0 pitchDelta=0.0 requestedYawDelta=0.0 requestedPitchDelta=0.0 nano=92596286903100
[08:36:20] [Client thread/INFO] [STDOUT]: [com.layue13.clashweave.client.ClientProxy:apply:254]: CW_ENGAGEMENT player=P0A engaged=false revision=1 tick=219 receive=92596298137800
[08:36:31] [Client thread/INFO] [STDOUT]: [com.layue13.clashweave.validation.CompositionReplay:chat:20]: P0_COMPOSITION_PHASE name=WAIT receivedNano=92607476584600
[08:36:31] [Client thread/INFO]: [CHAT] P0_COMPOSITION_PHASE name=WAIT target=84626 tick=472
[08:36:31] [Client thread/INFO] [STDOUT]: [com.layue13.clashweave.client.ClientProxy:apply:254]: CW_ENGAGEMENT player=P0A engaged=true revision=3 tick=473 receive=92607518951800
[08:36:32] [Client thread/INFO] [STDOUT]: [com.layue13.clashweave.validation.CompositionReplay:chat:20]: P0_COMPOSITION_PHASE name=STILL receivedNano=92608569289300
[08:36:32] [Client thread/INFO]: [CHAT] P0_COMPOSITION_PHASE name=STILL target=84626 tick=494
[08:36:32] [Client thread/INFO] [STDOUT]: [com.layue13.clashweave.client.LockCamera:tick:188]: CW_LOCK_MARKER target=84626 nano=92608570039800
[08:36:32] [Client thread/INFO] [STDOUT]: [com.layue13.clashweave.client.LockCamera:frame:316]: CW_THIRD_FRAME nano=92608570921000 dt=0.0 target=84626 rawX=0.0 rawY=64.0 rawZ=8.0 filteredX=0.0 filteredY=65.52999997138977 filteredZ=8.0 goalYaw=-0.0 goalPitch=10.027822471763804 before=0.0 after=0.0 pitchBefore=0.0 pitchAfter=0.0 preset=GOLDEN fov=70.0 aspect=1.7777777777777777
[08:36:32] [Client thread/INFO] [STDOUT]: [com.layue13.clashweave.client.LockCamera:frame:316]: CW_THIRD_FRAME nano=92608586039000 dt=0.015118 target=84626 rawX=0.0 rawY=64.0 rawZ=8.0 filteredX=0.0 filteredY=65.52999997138977 filteredZ=8.0 goalYaw=-0.0 goalPitch=10.027822471763804 before=0.0 after=0.0 pitchBefore=0.0 pitchAfter=0.17831005 preset=GOLDEN fov=70.0 aspect=1.7777777777777777
[08:36:32] [Client thread/INFO] [STDOUT]: [com.layue13.clashweave.client.LockCamera:frame:316]: CW_THIRD_FRAME nano=92608601482300 dt=0.0154433 target=84626 rawX=0.0 rawY=64.0 rawZ=8.0 filteredX=0.0 filteredY=65.52999997138977 filteredZ=8.0 goalYaw=-0.0 goalPitch=10.027822471763804 before=0.0 after=0.0 pitchBefore=0.17831005 pitchAfter=0.63746655 preset=GOLDEN fov=70.0 aspect=1.7777777777777777
[08:36:32] [Client thread/INFO] [STDOUT]: [com.layue13.clashweave.client.LockCamera:frame:316]: CW_THIRD_FRAME nano=92608618921000 dt=0.0174387 target=84626 rawX=0.0 rawY=64.0 rawZ=8.0 filteredX=0.0 filteredY=65.52999997138977 filteredZ=8.0 goalYaw=-0.0 goalPitch=10.027822471763804 before=0.0 after=0.0 pitchBefore=0.63746655 pitchAfter=1.3561668 preset=GOLDEN fov=70.0 aspect=1.7777777777777777
[08:36:33] [Client thread/INFO] [STDOUT]: [com.layue13.clashweave.client.LockCamera:frame:316]: CW_THIRD_FRAME nano=92608635188000 dt=0.016267 target=84626 rawX=0.0 rawY=64.0 rawZ=8.0 filteredX=0.0 filteredY=65.52999997138977 filteredZ=8.0 goalYaw=-0.0 goalPitch=10.027822471763804 before=0.0 after=0.0 pitchBefore=1.3561668 pitchAfter=2.1237748 preset=GOLDEN fov=70.0 aspect=1.7777777777777777
[08:36:33] [Client thread/INFO] [STDOUT]: [com.layue13.clashweave.client.LockCamera:frame:316]: CW_THIRD_FRAME nano=92608651136500 dt=0.0159485 target=84626 rawX=0.0 rawY=64.0 rawZ=8.0 filteredX=0.0 filteredY=65.52999997138977 filteredZ=8.0 goalYaw=-0.0 goalPitch=10.027822471763804 before=0.0 after=0.0 pitchBefore=2.1237748 pitchAfter=2.9060984 preset=GOLDEN fov=70.0 aspect=1.7777777777777777
[08:36:33] [Client thread/INFO] [STDOUT]: [com.layue13.clashweave.client.LockCamera:frame:316]: CW_THIRD_FRAME nano=92608668664100 dt=0.0175276 target=84626 rawX=0.0 rawY=64.0 rawZ=8.0 filteredX=0.0 filteredY=65.52999997138977 filteredZ=8.0 goalYaw=-0.0 goalPitch=10.027822471763804 before=0.0 after=0.0 pitchBefore=2.9060984 pitchAfter=3.7536628 preset=GOLDEN fov=70.0 aspect=1.7777777777777777
[08:36:33] [Client thread/INFO] [STDOUT]: [com.layue13.clashweave.client.LockCamera:frame:316]: CW_THIRD_FRAME nano=92608685177000 dt=0.0165129 target=84626 rawX=0.0 rawY=64.0 rawZ=8.0 filteredX=0.0 filteredY=65.52999997138977 filteredZ=8.0 goalYaw=-0.0 goalPitch=10.027822471763804 before=0.0 after=0.0 pitchBefore=3.7536628 pitchAfter=4.5123205 preset=GOLDEN fov=70.0 aspect=1.7777777777777777
[08:36:33] [Client thread/INFO] [STDOUT]: [com.layue13.clashweave.client.LockCamera:frame:316]: CW_THIRD_FRAME nano=92608701307700 dt=0.0161307 target=84626 rawX=0.0 rawY=64.0 rawZ=8.0 filteredX=0.0 filteredY=65.52999997138977 filteredZ=8.0 goalYaw=-0.0 goalPitch=10.027822471763804 before=0.0 after=0.0 pitchBefore=4.5123205 pitchAfter=5.200555 preset=GOLDEN fov=70.0 aspect=1.7777777777777777
[08:36:33] [Client thread/INFO] [STDOUT]: [com.layue13.clashweave.client.LockCamera:frame:316]: CW_THIRD_FRAME nano=92608719052500 dt=0.0177448 target=84626 rawX=0.0 rawY=64.0 rawZ=8.0 filteredX=0.0 filteredY=65.52999997138977 filteredZ=8.0 goalYaw=-0.0 goalPitch=10.027822471763804 before=0.0 after=0.0 pitchBefore=5.200555 pitchAfter=5.888426 preset=GOLDEN fov=70.0 aspect=1.7777777777777777
[08:36:33] [Client thread/INFO] [STDOUT]: [com.layue13.clashweave.client.LockCamera:frame:316]: CW_THIRD_FRAME nano=92608735165700 dt=0.0161132 target=84626 rawX=0.0 rawY=64.0 rawZ=8.0 filteredX=0.0 filteredY=65.52999997138977 filteredZ=8.0 goalYaw=-0.0 goalPitch=10.027822471763804 before=0.0 after=0.0 pitchBefore=5.888426 pitchAfter=6.4475713 preset=GOLDEN fov=70.0 aspect=1.7777777777777777
[08:36:33] [Client thread/INFO] [STDOUT]: [com.layue13.clashweave.client.LockCamera:frame:316]: CW_THIRD_FRAME nano=92608751325700 dt=0.01616 target=84626 rawX=0.0 rawY=64.0 rawZ=8.0 filteredX=0.0 filteredY=65.52999997138977 filteredZ=8.0 goalYaw=-0.0 goalPitch=10.027822471763804 before=0.0 after=0.0 pitchBefore=6.4475713 pitchAfter=6.946593 preset=GOLDEN fov=70.0 aspect=1.7777777777777777
[08:36:42] [Client thread/INFO] [STDOUT]: [com.layue13.clashweave.validation.CompositionReplay:chat:20]: P0_COMPOSITION_PHASE name=ORBIT receivedNano=92618585188900
[08:36:42] [Client thread/INFO]: [CHAT] P0_COMPOSITION_PHASE name=ORBIT target=84626 tick=694
[08:36:52] [Client thread/INFO] [STDOUT]: [com.layue13.clashweave.validation.CompositionReplay:chat:20]: P0_COMPOSITION_PHASE name=JITTER receivedNano=92628592876000
[08:36:52] [Client thread/INFO]: [CHAT] P0_COMPOSITION_PHASE name=JITTER target=84626 tick=894
[08:37:02] [Client thread/INFO] [STDOUT]: [com.layue13.clashweave.validation.CompositionReplay:chat:20]: P0_COMPOSITION_PHASE name=JUMP receivedNano=92638592170100
[08:37:02] [Client thread/INFO]: [CHAT] P0_COMPOSITION_PHASE name=JUMP target=84626 tick=1094
[08:37:12] [Client thread/INFO] [STDOUT]: [com.layue13.clashweave.validation.CompositionReplay:chat:20]: P0_COMPOSITION_PHASE name=MOUSE receivedNano=92648590530600
[08:37:12] [Client thread/INFO]: [CHAT] P0_COMPOSITION_PHASE name=MOUSE target=84626 tick=1294
[08:37:13] [Client thread/INFO] [STDOUT]: [com.layue13.clashweave.validation.CompositionReplay:tick:25]: P0_FLICK_CASE kind=stationary serial=1 delta=0
[08:37:13] [Client thread/INFO] [STDOUT]: [com.layue13.clashweave.validation.CompositionReplay:tick:25]: P0_FLICK_CASE kind=stationary serial=2 delta=0
[08:37:13] [Client thread/INFO] [STDOUT]: [com.layue13.clashweave.validation.CompositionReplay:tick:25]: P0_FLICK_CASE kind=stationary serial=3 delta=0
[08:37:13] [Client thread/INFO] [STDOUT]: [com.layue13.clashweave.validation.CompositionReplay:tick:25]: P0_FLICK_CASE kind=stationary serial=4 delta=0
[08:37:13] [Client thread/INFO] [STDOUT]: [com.layue13.clashweave.validation.CompositionReplay:tick:25]: P0_FLICK_CASE kind=stationary serial=5 delta=0
[08:37:14] [Client thread/INFO] [STDOUT]: [com.layue13.clashweave.validation.CompositionReplay:tick:25]: P0_FLICK_CASE kind=stationary serial=6 delta=0
[08:37:14] [Client thread/INFO] [STDOUT]: [com.layue13.clashweave.validation.CompositionReplay:tick:25]: P0_FLICK_CASE kind=stationary serial=7 delta=0
[08:37:14] [Client thread/INFO] [STDOUT]: [com.layue13.clashweave.validation.CompositionReplay:tick:25]: P0_FLICK_CASE kind=stationary serial=8 delta=0
[08:37:14] [Client thread/INFO] [STDOUT]: [com.layue13.clashweave.validation.CompositionReplay:tick:25]: P0_FLICK_CASE kind=stationary serial=9 delta=0
[08:37:14] [Client thread/INFO] [STDOUT]: [com.layue13.clashweave.validation.CompositionReplay:tick:25]: P0_FLICK_CASE kind=stationary serial=10 delta=0
[08:37:15] [Client thread/INFO] [STDOUT]: [com.layue13.clashweave.validation.CompositionReplay:tick:25]: P0_FLICK_CASE kind=stationary serial=11 delta=0
[08:37:15] [Client thread/INFO] [STDOUT]: [com.layue13.clashweave.validation.CompositionReplay:tick:25]: P0_FLICK_CASE kind=stationary serial=12 delta=0
[08:37:17] [Client thread/INFO] [STDOUT]: [com.layue13.clashweave.client.LockCamera:mouse:93]: CW_THIRD_MOUSE nano=92652740931800 delta=2.0 switch=0 offset=2.0
[08:37:17] [Client thread/INFO] [STDOUT]: [com.layue13.clashweave.client.LockCamera:mouse:93]: CW_THIRD_MOUSE nano=92652940674000 delta=2.0 switch=0 offset=2.0
[08:37:17] [Client thread/INFO] [STDOUT]: [com.layue13.clashweave.client.LockCamera:mouse:93]: CW_THIRD_MOUSE nano=92653140758100 delta=2.0 switch=0 offset=2.0
[08:37:17] [Client thread/INFO] [STDOUT]: [com.layue13.clashweave.client.LockCamera:mouse:93]: CW_THIRD_MOUSE nano=92653340567500 delta=2.0 switch=0 offset=2.0
[08:37:17] [Client thread/INFO] [STDOUT]: [com.layue13.clashweave.client.LockCamera:mouse:93]: CW_THIRD_MOUSE nano=92653540436300 delta=2.0 switch=0 offset=2.0
[08:37:18] [Client thread/INFO] [STDOUT]: [com.layue13.clashweave.client.LockCamera:mouse:93]: CW_THIRD_MOUSE nano=92653745027300 delta=2.0 switch=0 offset=2.0
[08:37:18] [Client thread/INFO] [STDOUT]: [com.layue13.clashweave.client.LockCamera:mouse:93]: CW_THIRD_MOUSE nano=92653940633000 delta=2.0 switch=0 offset=2.0
[08:37:18] [Client thread/INFO] [STDOUT]: [com.layue13.clashweave.client.LockCamera:mouse:93]: CW_THIRD_MOUSE nano=92654140704900 delta=2.0 switch=0 offset=2.0
[08:37:18] [Client thread/INFO] [STDOUT]: [com.layue13.clashweave.client.LockCamera:mouse:93]: CW_THIRD_MOUSE nano=92654501066800 delta=2.0 switch=0 offset=2.0
[08:37:18] [Client thread/INFO] [STDOUT]: [com.layue13.clashweave.client.LockCamera:mouse:93]: CW_THIRD_MOUSE nano=92654534574800 delta=2.0 switch=0 offset=2.0
[08:37:19] [Client thread/INFO] [STDOUT]: [com.layue13.clashweave.client.LockCamera:mouse:93]: CW_THIRD_MOUSE nano=92654734894300 delta=2.0 switch=0 offset=2.0
[08:37:19] [Client thread/INFO] [STDOUT]: [com.layue13.clashweave.client.LockCamera:mouse:93]: CW_THIRD_MOUSE nano=92654934371300 delta=2.0 switch=0 offset=2.0
[08:37:21] [Client thread/INFO] [STDOUT]: [com.layue13.clashweave.client.LockCamera:tick:188]: CW_LOCK_MARKER target=369694 nano=92657196596600
[08:37:22] [Client thread/INFO] [STDOUT]: [com.layue13.clashweave.client.LockCamera:tick:230]: CW_LOCK_FOLLOW mode=WEAK reason=WEAK target=369694 nano=92658596981100 dt=0.0493926 before=389.9667 after=389.9667 pitchBefore=10.027176 pitchAfter=8.643903 offset=0.0 instance=0 committed=0.0
[08:37:23] [Client thread/INFO] [STDOUT]: [com.layue13.clashweave.client.LockCamera:tick:230]: CW_LOCK_FOLLOW mode=WEAK reason=WEAK target=369694 nano=92658647337600 dt=0.0503565 before=389.9667 after=389.9667 pitchBefore=8.643903 pitchAfter=8.643903 offset=0.0 instance=0 committed=0.0
[08:37:23] [Client thread/INFO] [STDOUT]: [com.layue13.clashweave.client.LockCamera:tick:230]: CW_LOCK_FOLLOW mode=WEAK reason=WEAK target=369694 nano=92658696547100 dt=0.0492095 before=389.9667 after=389.9667 pitchBefore=8.643903 pitchAfter=8.643903 offset=0.0 instance=0 committed=0.0
[08:37:23] [Client thread/INFO] [STDOUT]: [com.layue13.clashweave.client.LockCamera:tick:230]: CW_LOCK_FOLLOW mode=WEAK reason=WEAK target=369694 nano=92658747055900 dt=0.0505088 before=389.9667 after=389.9667 pitchBefore=8.643903 pitchAfter=8.643903 offset=0.0 instance=0 committed=0.0
[08:37:23] [Client thread/INFO] [STDOUT]: [com.layue13.clashweave.client.LockCamera:tick:230]: CW_LOCK_FOLLOW mode=WEAK reason=WEAK target=369694 nano=92658796516500 dt=0.0494606 before=389.9667 after=389.9667 pitchBefore=8.643903 pitchAfter=8.643903 offset=0.0 instance=0 committed=0.0
[08:37:23] [Client thread/INFO] [STDOUT]: [com.layue13.clashweave.client.LockCamera:tick:230]: CW_LOCK_FOLLOW mode=WEAK reason=WEAK target=369694 nano=92658846472000 dt=0.0499555 before=389.9667 after=389.9667 pitchBefore=8.643903 pitchAfter=8.643903 offset=0.0 instance=0 committed=0.0
[08:37:23] [Client thread/INFO] [STDOUT]: [com.layue13.clashweave.client.LockCamera:tick:230]: CW_LOCK_FOLLOW mode=WEAK reason=WEAK target=369694 nano=92658896755300 dt=0.0502833 before=389.9667 after=389.9667 pitchBefore=8.643903 pitchAfter=8.643903 offset=0.0 instance=0 committed=0.0
[08:37:23] [Client thread/INFO] [STDOUT]: [com.layue13.clashweave.client.LockCamera:tick:230]: CW_LOCK_FOLLOW mode=WEAK reason=WEAK target=369694 nano=92658946410300 dt=0.049655 before=389.9667 after=389.9667 pitchBefore=8.643903 pitchAfter=8.643903 offset=0.0 instance=0 committed=0.0
[08:37:23] [Client thread/INFO] [STDOUT]: [com.layue13.clashweave.client.LockCamera:tick:230]: CW_LOCK_FOLLOW mode=WEAK reason=WEAK target=369694 nano=92658997012900 dt=0.0506026 before=389.9667 after=389.9667 pitchBefore=8.643903 pitchAfter=8.643903 offset=0.0 instance=0 committed=0.0
[08:37:23] [Client thread/INFO] [STDOUT]: [com.layue13.clashweave.client.LockCamera:tick:230]: CW_LOCK_FOLLOW mode=WEAK reason=WEAK target=369694 nano=92659046679900 dt=0.049667 before=389.9667 after=389.9667 pitchBefore=8.643903 pitchAfter=8.643903 offset=0.0 instance=0 committed=0.0
[08:37:23] [Client thread/INFO] [STDOUT]: [com.layue13.clashweave.client.LockCamera:tick:230]: CW_LOCK_FOLLOW mode=WEAK reason=WEAK target=369694 nano=92659096474200 dt=0.0497943 before=389.9667 after=389.9667 pitchBefore=8.643903 pitchAfter=8.643903 offset=0.0 instance=0 committed=0.0
[08:37:23] [Client thread/INFO] [STDOUT]: [com.layue13.clashweave.client.LockCamera:tick:230]: CW_LOCK_FOLLOW mode=WEAK reason=WEAK target=369694 nano=92659146866800 dt=0.0503926 before=389.9667 after=389.9667 pitchBefore=8.643903 pitchAfter=8.643903 offset=0.0 instance=0 committed=0.0
