# Log excerpt; complete raw log retained locally under build/p0/runs.
# Original lines: 5596
# Marker counts: {'Exception': 171, 'ERROR': 2, 'P0_NETWORK': 3, ' CW INPUT': 71, ' CW ACK': 40, 'P0_COMPOSITION_PHASE': 7, ' CW ENGAGEMENT': 1, ' CW LOCK': 5, 'P0_PERF': 12}
[Loaded java.lang.Exception from C:\Program Files\Zulu\zulu-8\jre\lib\rt.jar]
[Loaded java.lang.RuntimeException from C:\Program Files\Zulu\zulu-8\jre\lib\rt.jar]
[Loaded java.lang.ReflectiveOperationException from C:\Program Files\Zulu\zulu-8\jre\lib\rt.jar]
[Loaded java.lang.ClassNotFoundException from C:\Program Files\Zulu\zulu-8\jre\lib\rt.jar]
[Loaded java.lang.ClassCastException from C:\Program Files\Zulu\zulu-8\jre\lib\rt.jar]
[Loaded java.lang.ArrayStoreException from C:\Program Files\Zulu\zulu-8\jre\lib\rt.jar]
[Loaded java.lang.IllegalMonitorStateException from C:\Program Files\Zulu\zulu-8\jre\lib\rt.jar]
[Loaded java.lang.Thread$UncaughtExceptionHandler from C:\Program Files\Zulu\zulu-8\jre\lib\rt.jar]
[Loaded java.lang.NullPointerException from C:\Program Files\Zulu\zulu-8\jre\lib\rt.jar]
[Loaded java.lang.ArithmeticException from C:\Program Files\Zulu\zulu-8\jre\lib\rt.jar]
[Loaded java.lang.InterruptedException from C:\Program Files\Zulu\zulu-8\jre\lib\rt.jar]
[Loaded java.security.PrivilegedExceptionAction from C:\Program Files\Zulu\zulu-8\jre\lib\rt.jar]
[08:36:00] [main/ERROR] [FML]: The binary patch set is missing. Either you are in a development environment, or things are not going to work!
[08:36:01] [main/ERROR] [FML]: FML appears to be missing any signature data. This is not a good thing
[08:36:20] [Server thread/INFO] [STDOUT]: [com.layue13.clashweave.validation.NetworkScenario:login:44]: P0_NETWORK login=P0A
[08:36:20] [Server thread/INFO] [STDOUT]: [com.layue13.clashweave.forge.CombatServer:trace:871]: CW INPUT player=P0A seq=1 kind=-2 target=-1 origin=0 stamp=219 effectiveStamp=219 receivedTick=248 consumedTick=249 arrival=92596355072600 gate=STALE
[08:36:20] [Server thread/INFO] [STDOUT]: [com.layue13.clashweave.forge.CombatServer:trace:871]: CW ACK player=P0A seq=1 result=REJECT:STALE
[08:36:20] [Server thread/INFO] [STDOUT]: [com.layue13.clashweave.forge.CombatServer:trace:871]: CW INPUT player=P0A seq=2 kind=-2 target=-1 origin=0 stamp=220 effectiveStamp=220 receivedTick=252 consumedTick=253 arrival=92596448106900 gate=STALE
[08:36:20] [Server thread/INFO] [STDOUT]: [com.layue13.clashweave.forge.CombatServer:trace:871]: CW ACK player=P0A seq=2 result=REJECT:STALE
[08:36:20] [Server thread/INFO] [STDOUT]: [com.layue13.clashweave.forge.CombatServer:trace:871]: CW INPUT player=P0A seq=3 kind=-2 target=-1 origin=0 stamp=221 effectiveStamp=221 receivedTick=252 consumedTick=253 arrival=92596448146600 gate=STALE
[08:36:20] [Server thread/INFO] [STDOUT]: [com.layue13.clashweave.forge.CombatServer:trace:871]: CW ACK player=P0A seq=3 result=REJECT:STALE
[08:36:20] [Server thread/INFO] [STDOUT]: [com.layue13.clashweave.forge.CombatServer:trace:871]: CW INPUT player=P0A seq=4 kind=-2 target=-1 origin=0 stamp=222 effectiveStamp=222 receivedTick=252 consumedTick=253 arrival=92596448159500 gate=STALE
[08:36:20] [Server thread/INFO] [STDOUT]: [com.layue13.clashweave.forge.CombatServer:trace:871]: CW ACK player=P0A seq=4 result=REJECT:STALE
[08:36:20] [Server thread/INFO] [STDOUT]: [com.layue13.clashweave.forge.CombatServer:trace:871]: CW INPUT player=P0A seq=5 kind=-2 target=-1 origin=0 stamp=223 effectiveStamp=223 receivedTick=252 consumedTick=253 arrival=92596448171100 gate=STALE
[08:36:20] [Server thread/INFO] [STDOUT]: [com.layue13.clashweave.forge.CombatServer:trace:871]: CW ACK player=P0A seq=5 result=REJECT:STALE
[08:36:20] [Server thread/INFO] [STDOUT]: [com.layue13.clashweave.forge.CombatServer:trace:871]: CW INPUT player=P0A seq=6 kind=-2 target=-1 origin=0 stamp=224 effectiveStamp=224 receivedTick=252 consumedTick=253 arrival=92596448181600 gate=STALE
[08:36:20] [Server thread/INFO] [STDOUT]: [com.layue13.clashweave.forge.CombatServer:trace:871]: CW ACK player=P0A seq=6 result=REJECT:STALE
[08:36:20] [Server thread/INFO] [STDOUT]: [com.layue13.clashweave.forge.CombatServer:trace:871]: CW INPUT player=P0A seq=7 kind=-2 target=-1 origin=0 stamp=225 effectiveStamp=225 receivedTick=252 consumedTick=253 arrival=92596448191500 gate=STALE
[08:36:20] [Server thread/INFO] [STDOUT]: [com.layue13.clashweave.forge.CombatServer:trace:871]: CW ACK player=P0A seq=7 result=REJECT:STALE
[08:36:20] [Server thread/INFO] [STDOUT]: [com.layue13.clashweave.forge.CombatServer:trace:871]: CW INPUT player=P0A seq=8 kind=-2 target=-1 origin=0 stamp=226 effectiveStamp=226 receivedTick=252 consumedTick=253 arrival=92596448202200 gate=STALE
[08:36:20] [Server thread/INFO] [STDOUT]: [com.layue13.clashweave.forge.CombatServer:trace:871]: CW ACK player=P0A seq=8 result=REJECT:STALE
[08:36:20] [Server thread/INFO] [STDOUT]: [com.layue13.clashweave.forge.CombatServer:trace:871]: CW INPUT player=P0A seq=9 kind=-2 target=-1 origin=0 stamp=227 effectiveStamp=227 receivedTick=252 consumedTick=253 arrival=92596448211800 gate=STALE
[08:36:20] [Server thread/INFO] [STDOUT]: [com.layue13.clashweave.forge.CombatServer:trace:871]: CW ACK player=P0A seq=9 result=REJECT:STALE
[08:36:20] [Server thread/INFO] [STDOUT]: [com.layue13.clashweave.forge.CombatServer:trace:871]: CW INPUT player=P0A seq=10 kind=-2 target=-1 origin=0 stamp=228 effectiveStamp=228 receivedTick=252 consumedTick=253 arrival=92596448221000 gate=STALE
[08:36:20] [Server thread/INFO] [STDOUT]: [com.layue13.clashweave.forge.CombatServer:trace:871]: CW ACK player=P0A seq=10 result=REJECT:STALE
[08:36:20] [Server thread/INFO] [STDOUT]: [com.layue13.clashweave.forge.CombatServer:trace:871]: CW INPUT player=P0A seq=11 kind=-2 target=-1 origin=0 stamp=229 effectiveStamp=229 receivedTick=252 consumedTick=253 arrival=92596448316800 gate=STALE
[08:36:20] [Server thread/INFO] [STDOUT]: [com.layue13.clashweave.forge.CombatServer:trace:871]: CW ACK player=P0A seq=11 result=REJECT:STALE
[08:36:20] [Server thread/INFO] [STDOUT]: [com.layue13.clashweave.forge.CombatServer:trace:871]: CW INPUT player=P0A seq=12 kind=-2 target=-1 origin=0 stamp=230 effectiveStamp=230 receivedTick=252 consumedTick=253 arrival=92596448359500 gate=STALE
[08:36:20] [Server thread/INFO] [STDOUT]: [com.layue13.clashweave.forge.CombatServer:trace:871]: CW ACK player=P0A seq=12 result=REJECT:STALE
[08:36:30] [Server thread/INFO] [STDOUT]: [com.layue13.clashweave.validation.NetworkScenario:login:44]: P0_NETWORK login=P0B
[08:36:31] [Server thread/INFO] [STDOUT]: [com.layue13.clashweave.validation.CompositionScenario:phase:14]: P0_COMPOSITION_PHASE name=WAIT target=84626 tick=472
[08:36:31] [Server thread/INFO] [STDOUT]: [com.layue13.clashweave.forge.CombatServer:trace:871]: CW ENGAGEMENT player=P0A engaged=true revision=3 tick=473 sent=92607454172400
[08:36:32] [Server thread/INFO] [STDOUT]: [com.layue13.clashweave.forge.CombatServer:trace:871]: CW LOCK_TARGET player=P0A target=84626 hint=-1
[08:36:32] [Server thread/INFO] [STDOUT]: [com.layue13.clashweave.validation.CompositionScenario:phase:14]: P0_COMPOSITION_PHASE name=STILL target=84626 tick=494
[08:36:35] [Server thread/INFO] [STDOUT]: [com.layue13.clashweave.validation.NetworkScenario:tick:105]: P0_PERF samples=100 meanNanos=145966 maxNanos=1750200
[08:36:40] [Server thread/INFO] [STDOUT]: [com.layue13.clashweave.validation.NetworkScenario:tick:105]: P0_PERF samples=200 meanNanos=108759 maxNanos=1750200
[08:36:42] [Server thread/INFO] [STDOUT]: [com.layue13.clashweave.validation.CompositionScenario:phase:14]: P0_COMPOSITION_PHASE name=ORBIT target=84626 tick=694
[08:36:45] [Server thread/INFO] [STDOUT]: [com.layue13.clashweave.validation.NetworkScenario:tick:105]: P0_PERF samples=300 meanNanos=93513 maxNanos=1750200
[08:36:50] [Server thread/INFO] [STDOUT]: [com.layue13.clashweave.validation.NetworkScenario:tick:105]: P0_PERF samples=400 meanNanos=86441 maxNanos=1750200
[08:36:52] [Server thread/INFO] [STDOUT]: [com.layue13.clashweave.validation.CompositionScenario:phase:14]: P0_COMPOSITION_PHASE name=JITTER target=84626 tick=894
[08:36:55] [Server thread/INFO] [STDOUT]: [com.layue13.clashweave.validation.NetworkScenario:tick:105]: P0_PERF samples=500 meanNanos=82218 maxNanos=1750200
[08:37:00] [Server thread/INFO] [STDOUT]: [com.layue13.clashweave.validation.NetworkScenario:tick:105]: P0_PERF samples=600 meanNanos=79398 maxNanos=1750200
[08:37:02] [Server thread/INFO] [STDOUT]: [com.layue13.clashweave.validation.CompositionScenario:phase:14]: P0_COMPOSITION_PHASE name=JUMP target=84626 tick=1094
[08:37:05] [Server thread/INFO] [STDOUT]: [com.layue13.clashweave.validation.NetworkScenario:tick:105]: P0_PERF samples=700 meanNanos=75447 maxNanos=1750200
[08:37:10] [Server thread/INFO] [STDOUT]: [com.layue13.clashweave.validation.NetworkScenario:tick:105]: P0_PERF samples=800 meanNanos=73233 maxNanos=1750200
[08:37:12] [Server thread/INFO] [STDOUT]: [com.layue13.clashweave.validation.CompositionScenario:phase:14]: P0_COMPOSITION_PHASE name=MOUSE target=84626 tick=1294
[08:37:15] [Server thread/INFO] [STDOUT]: [com.layue13.clashweave.validation.NetworkScenario:tick:105]: P0_PERF samples=900 meanNanos=70769 maxNanos=1750200
[08:37:20] [Server thread/INFO] [STDOUT]: [com.layue13.clashweave.validation.NetworkScenario:tick:105]: P0_PERF samples=1000 meanNanos=68867 maxNanos=1750200
[08:37:21] [Server thread/INFO] [STDOUT]: [com.layue13.clashweave.forge.CombatServer:trace:871]: CW LOCK_SWITCH player=P0A direction=1 selected=369694
[08:37:21] [Server thread/INFO] [STDOUT]: [com.layue13.clashweave.forge.CombatServer:trace:871]: CW LOCK_SWITCH player=P0A direction=1 selected=-1
[08:37:21] [Server thread/INFO] [STDOUT]: [com.layue13.clashweave.forge.CombatServer:trace:871]: CW LOCK_SWITCH player=P0A direction=1 selected=-1
[08:37:22] [Server thread/INFO] [STDOUT]: [com.layue13.clashweave.forge.CombatServer:trace:871]: CW LOCK_SWITCH player=P0A direction=1 selected=-1
[08:37:22] [Server thread/INFO] [STDOUT]: [com.layue13.clashweave.validation.CompositionScenario:phase:14]: P0_COMPOSITION_PHASE name=FIRST target=84626 tick=1494
[08:37:25] [Server thread/INFO] [STDOUT]: [com.layue13.clashweave.validation.NetworkScenario:tick:105]: P0_PERF samples=1100 meanNanos=71726 maxNanos=1808000
[08:37:30] [Server thread/INFO] [STDOUT]: [com.layue13.clashweave.validation.NetworkScenario:tick:105]: P0_PERF samples=1200 meanNanos=70252 maxNanos=1808000
[08:37:32] [Server thread/INFO] [STDOUT]: [com.layue13.clashweave.validation.CompositionScenario:tick:26]: P0_NETWORK COMPLETE
