# Log excerpt; complete raw log retained locally under build/p0/runs.
# Original lines: 6230
# Marker counts: {'Exception': 171, 'ERROR': 2, 'P0_NETWORK': 3, ' CW INPUT': 129, 'P0_VIEW_TARGET': 1, ' CW ENGAGEMENT': 3, 'P0_PERF': 18, ' CW FACING': 61, ' CW START': 61, ' CW AIM': 61, 'CW_EVENT': 188, ' CW ACK': 122, ' CW FREEZE': 63, ' CW COMMIT': 63}
[Loaded java.lang.Exception from C:\Program Files\Zulu\zulu-8\jre\lib\rt.jar]
[Loaded java.lang.RuntimeException from C:\Program Files\Zulu\zulu-8\jre\lib\rt.jar]
[Loaded java.lang.ReflectiveOperationException from C:\Program Files\Zulu\zulu-8\jre\lib\rt.jar]
[Loaded java.lang.ClassNotFoundException from C:\Program Files\Zulu\zulu-8\jre\lib\rt.jar]
[Loaded java.lang.ClassCastException from C:\Program Files\Zulu\zulu-8\jre\lib\rt.jar]
[Loaded java.lang.ArrayStoreException from C:\Program Files\Zulu\zulu-8\jre\lib\rt.jar]
[Loaded java.lang.IllegalMonitorStateException from C:\Program Files\Zulu\zulu-8\jre\lib\rt.jar]
[Loaded java.lang.Thread$UncaughtExceptionHandler from C:\Program Files\Zulu\zulu-8\jre\lib\rt.jar]
[Loaded java.lang.NullPointerException from C:\Program Files\Zulu\zulu-8\jre\lib\rt.jar]
[Loaded java.lang.ArithmeticException from C:\Program Files\Zulu\zulu-8\jre\lib\rt.jar]
[Loaded java.lang.InterruptedException from C:\Program Files\Zulu\zulu-8\jre\lib\rt.jar]
[Loaded java.security.PrivilegedExceptionAction from C:\Program Files\Zulu\zulu-8\jre\lib\rt.jar]
[06:44:13] [main/ERROR] [FML]: The binary patch set is missing. Either you are in a development environment, or things are not going to work!
[06:44:13] [main/ERROR] [FML]: FML appears to be missing any signature data. This is not a good thing
[06:44:33] [Server thread/INFO] [STDOUT]: [com.layue13.clashweave.validation.NetworkScenario:login:44]: P0_NETWORK login=P0A
[06:44:34] [Server thread/INFO] [STDOUT]: [com.layue13.clashweave.forge.CombatServer:trace:794]: CW INPUT player=P0A seq=1 kind=-2 target=-1 origin=0 stamp=238 effectiveStamp=238 receivedTick=242 consumedTick=243 arrival=85889757861600 gate=OK
[06:44:34] [Server thread/INFO] [STDOUT]: [com.layue13.clashweave.forge.CombatServer:trace:794]: CW INPUT player=P0A seq=2 kind=-2 target=-1 origin=0 stamp=239 effectiveStamp=239 receivedTick=242 consumedTick=243 arrival=85889757949500 gate=OK
[06:44:34] [Server thread/INFO] [STDOUT]: [com.layue13.clashweave.forge.CombatServer:trace:794]: CW INPUT player=P0A seq=3 kind=-2 target=-1 origin=0 stamp=240 effectiveStamp=240 receivedTick=242 consumedTick=243 arrival=85889757967800 gate=OK
[06:44:34] [Server thread/INFO] [STDOUT]: [com.layue13.clashweave.forge.CombatServer:trace:794]: CW INPUT player=P0A seq=4 kind=-2 target=-1 origin=0 stamp=241 effectiveStamp=241 receivedTick=242 consumedTick=243 arrival=85889757981200 gate=OK
[06:44:34] [Server thread/INFO] [STDOUT]: [com.layue13.clashweave.forge.CombatServer:trace:794]: CW INPUT player=P0A seq=5 kind=-2 target=-1 origin=0 stamp=242 effectiveStamp=242 receivedTick=242 consumedTick=243 arrival=85889758007400 gate=OK
[06:44:44] [Server thread/INFO] [STDOUT]: [com.layue13.clashweave.validation.NetworkScenario:login:44]: P0_NETWORK login=P0B
[06:44:44] [Server thread/INFO] [STDOUT]: [com.layue13.clashweave.validation.NetworkScenario:viewTarget:62]: P0_VIEW_TARGET stationaryZombie=74522
[06:44:44] [Server thread/INFO] [STDOUT]: [com.layue13.clashweave.forge.CombatServer:trace:794]: CW ENGAGEMENT player=P0A engaged=true revision=3 tick=466 sent=85900596022700
[06:44:45] [Server thread/INFO] [STDOUT]: [com.layue13.clashweave.forge.CombatServer:trace:794]: CW INPUT player=P0B seq=1 kind=-2 target=-1 origin=0 stamp=466 effectiveStamp=466 receivedTick=467 consumedTick=468 arrival=85900702012900 gate=OK
[06:44:45] [Server thread/INFO] [STDOUT]: [com.layue13.clashweave.forge.CombatServer:trace:794]: CW INPUT player=P0B seq=2 kind=-2 target=-1 origin=0 stamp=467 effectiveStamp=467 receivedTick=467 consumedTick=468 arrival=85900702034400 gate=OK
[06:44:49] [Server thread/INFO] [STDOUT]: [com.layue13.clashweave.validation.NetworkScenario:tick:105]: P0_PERF samples=100 meanNanos=150107 maxNanos=1620700
[06:44:50] [Server thread/INFO] [STDOUT]: [com.layue13.clashweave.forge.CombatServer:trace:794]: CW INPUT player=P0A seq=6 kind=0 target=-1 origin=0 stamp=572 effectiveStamp=572 receivedTick=572 consumedTick=573 arrival=85905940202900 gate=OK
[06:44:50] [Server thread/INFO] [STDOUT]: [com.layue13.clashweave.forge.CombatServer:trace:794]: CW FACING player=P0A seq=6 requested=8.77489 known=8.77489 chosen=8.77489 accepted=true reason=OK
[06:44:50] [Server thread/INFO] [STDOUT]: [com.layue13.clashweave.forge.CombatServer:trace:794]: CW START player=P0A id=1 action=iai tick=573
[06:44:50] [Server thread/INFO] [STDOUT]: [com.layue13.clashweave.forge.CombatServer:trace:794]: CW AIM player=P0A id=1 requested=8.77489 requestedPitch=-2.778738 selectedPitch=-2.778738 beforePitchDelta=2.778738 afterPitchDelta=0.0 baseline=8.77489 selected=8.77489 beforeDelta=0.0 afterDelta=0.0 accepted=true
[06:44:50] [Server thread/INFO] [STDOUT]: [com.layue13.clashweave.forge.SemanticDispatcher:publish:33]: CW_EVENT id=1 kind=DRAW actor=0 target=-1 instance=1 tick=573
[06:44:50] [Server thread/INFO] [STDOUT]: [com.layue13.clashweave.forge.SemanticDispatcher:publish:33]: CW_EVENT id=2 kind=SWING actor=0 target=-1 instance=1 tick=573
[06:44:50] [Server thread/INFO] [STDOUT]: [com.layue13.clashweave.forge.CombatServer:trace:794]: CW ACK player=P0A seq=6 result=START
[06:44:50] [Server thread/INFO] [STDOUT]: [com.layue13.clashweave.forge.CombatServer:trace:794]: CW INPUT player=P0A seq=7 kind=-1 target=1 origin=1 stamp=573 effectiveStamp=573 receivedTick=573 consumedTick=574 arrival=85906002907200 gate=OK
[06:44:50] [Server thread/INFO] [STDOUT]: [com.layue13.clashweave.forge.CombatServer:trace:794]: CW ACK player=P0A seq=7 result=MOVE_READY
[06:44:50] [Server thread/INFO] [STDOUT]: [com.layue13.clashweave.forge.CombatServer:trace:794]: CW FREEZE player=P0A targetPlayer=false target=74522 id=1 hitTick=578 frozen=85906190560400
[06:44:50] [Server thread/INFO] [STDOUT]: [com.layue13.clashweave.forge.CombatServer:trace:794]: CW FREEZE player=P0A targetPlayer=true target=73393 id=1 hitTick=578 frozen=85906190912100
[06:44:50] [Server thread/INFO] [STDOUT]: [com.layue13.clashweave.forge.SemanticDispatcher:publish:33]: CW_EVENT id=3 kind=HIT actor=0 target=74522 instance=1 tick=578
[06:44:50] [Server thread/INFO] [STDOUT]: [com.layue13.clashweave.forge.SemanticDispatcher:publish:33]: CW_EVENT id=4 kind=HURT actor=74522 target=0 instance=1 tick=578
[06:44:50] [Server thread/INFO] [STDOUT]: [com.layue13.clashweave.forge.CombatServer:trace:794]: CW COMMIT player=P0A targetPlayer=false target=74522 id=1 hitTick=578 commitTick=578 frozen=85906190560400 cutoff=85906191168800 guard=0 damage=5.0 hit=true hp=990.4 facing=false
[06:44:50] [Server thread/INFO] [STDOUT]: [com.layue13.clashweave.forge.CombatServer:trace:794]: CW INPUT player=P0A seq=8 kind=0 target=-1 origin=1 stamp=579 effectiveStamp=579 receivedTick=579 consumedTick=580 arrival=85906297091500 gate=OK
[06:44:50] [Server thread/INFO] [STDOUT]: [com.layue13.clashweave.forge.CombatServer:trace:794]: CW FACING player=P0A seq=8 requested=8.391788 known=8.391788 chosen=8.391788 accepted=true reason=OK
[06:44:50] [Server thread/INFO] [STDOUT]: [com.layue13.clashweave.forge.CombatServer:trace:794]: CW START player=P0A id=2 action=light_1 tick=581
[06:44:50] [Server thread/INFO] [STDOUT]: [com.layue13.clashweave.forge.CombatServer:trace:794]: CW AIM player=P0A id=2 requested=8.391788 requestedPitch=-3.1855826 selectedPitch=-3.1855826 beforePitchDelta=3.1855826 afterPitchDelta=0.0 baseline=8.391788 selected=8.391788 beforeDelta=0.0 afterDelta=0.0 accepted=true
[06:44:50] [Server thread/INFO] [STDOUT]: [com.layue13.clashweave.forge.SemanticDispatcher:publish:33]: CW_EVENT id=5 kind=SWING actor=0 target=-1 instance=2 tick=581
[06:44:50] [Server thread/INFO] [STDOUT]: [com.layue13.clashweave.forge.CombatServer:trace:794]: CW ACK player=P0A seq=8 result=START
[06:44:50] [Server thread/INFO] [STDOUT]: [com.layue13.clashweave.forge.SemanticDispatcher:publish:33]: CW_EVENT id=6 kind=HIT actor=0 target=73393 instance=1 tick=581
[06:44:50] [Server thread/INFO] [STDOUT]: [com.layue13.clashweave.forge.SemanticDispatcher:publish:33]: CW_EVENT id=7 kind=HURT actor=73393 target=0 instance=1 tick=581
[06:44:50] [Server thread/INFO] [STDOUT]: [com.layue13.clashweave.forge.CombatServer:trace:794]: CW COMMIT player=P0A targetPlayer=true target=73393 id=1 hitTick=578 commitTick=581 frozen=85906190912100 cutoff=85906341282600 guard=0 damage=5.0 hit=true hp=195.0 facing=true
[06:44:50] [Server thread/INFO] [STDOUT]: [com.layue13.clashweave.forge.CombatServer:trace:794]: CW INPUT player=P0A seq=9 kind=-1 target=2 origin=2 stamp=581 effectiveStamp=581 receivedTick=581 consumedTick=582 arrival=85906388055400 gate=OK
[06:44:50] [Server thread/INFO] [STDOUT]: [com.layue13.clashweave.forge.CombatServer:trace:794]: CW ACK player=P0A seq=9 result=MOVE_READY
[06:44:50] [Server thread/INFO] [STDOUT]: [com.layue13.clashweave.forge.CombatServer:trace:794]: CW ENGAGEMENT player=P0B engaged=true revision=4 tick=582 sent=85906388616400
[06:44:50] [Server thread/INFO] [STDOUT]: [com.layue13.clashweave.forge.CombatServer:trace:794]: CW FREEZE player=P0A targetPlayer=false target=74522 id=2 hitTick=585 frozen=85906540377900
[06:44:50] [Server thread/INFO] [STDOUT]: [com.layue13.clashweave.forge.CombatServer:trace:794]: CW FREEZE player=P0A targetPlayer=true target=73393 id=2 hitTick=585 frozen=85906541367400
[06:44:50] [Server thread/INFO] [STDOUT]: [com.layue13.clashweave.forge.SemanticDispatcher:publish:33]: CW_EVENT id=8 kind=HIT actor=0 target=74522 instance=2 tick=585
[06:44:50] [Server thread/INFO] [STDOUT]: [com.layue13.clashweave.forge.SemanticDispatcher:publish:33]: CW_EVENT id=9 kind=HURT actor=74522 target=0 instance=2 tick=585
[06:44:50] [Server thread/INFO] [STDOUT]: [com.layue13.clashweave.forge.CombatServer:trace:794]: CW COMMIT player=P0A targetPlayer=false target=74522 id=2 hitTick=585 commitTick=585 frozen=85906540377900 cutoff=85906541589200 guard=0 damage=3.0 hit=true hp=987.64 facing=false
[06:44:51] [Server thread/INFO] [STDOUT]: [com.layue13.clashweave.forge.CombatServer:trace:794]: CW INPUT player=P0A seq=10 kind=0 target=-1 origin=2 stamp=586 effectiveStamp=586 receivedTick=586 consumedTick=587 arrival=85906646228600 gate=OK
[06:44:51] [Server thread/INFO] [STDOUT]: [com.layue13.clashweave.forge.CombatServer:trace:794]: CW FACING player=P0A seq=10 requested=7.7489047 known=7.7489047 chosen=7.7489047 accepted=true reason=OK
[06:44:51] [Server thread/INFO] [STDOUT]: [com.layue13.clashweave.forge.CombatServer:trace:794]: CW START player=P0A id=3 action=light_2 tick=588
[06:44:51] [Server thread/INFO] [STDOUT]: [com.layue13.clashweave.forge.CombatServer:trace:794]: CW AIM player=P0A id=3 requested=7.7489047 requestedPitch=-3.5684266 selectedPitch=-3.5684266 beforePitchDelta=3.5684266 afterPitchDelta=0.0 baseline=7.7489047 selected=7.7489047 beforeDelta=0.0 afterDelta=0.0 accepted=true
[06:44:51] [Server thread/INFO] [STDOUT]: [com.layue13.clashweave.forge.SemanticDispatcher:publish:33]: CW_EVENT id=10 kind=SWING actor=0 target=-1 instance=3 tick=588
[06:44:51] [Server thread/INFO] [STDOUT]: [com.layue13.clashweave.forge.CombatServer:trace:794]: CW ACK player=P0A seq=10 result=START
[06:44:51] [Server thread/INFO] [STDOUT]: [com.layue13.clashweave.forge.SemanticDispatcher:publish:33]: CW_EVENT id=11 kind=HIT actor=0 target=73393 instance=2 tick=588
[06:44:51] [Server thread/INFO] [STDOUT]: [com.layue13.clashweave.forge.SemanticDispatcher:publish:33]: CW_EVENT id=12 kind=HURT actor=73393 target=0 instance=2 tick=588
[06:44:51] [Server thread/INFO] [STDOUT]: [com.layue13.clashweave.forge.CombatServer:trace:794]: CW COMMIT player=P0A targetPlayer=true target=73393 id=2 hitTick=585 commitTick=588 frozen=85906541367400 cutoff=85906692276200 guard=0 damage=3.0 hit=true hp=192.0 facing=true
[06:44:51] [Server thread/INFO] [STDOUT]: [com.layue13.clashweave.forge.CombatServer:trace:794]: CW ACK player=P0A seq=11 result=MOVE_READY
[06:44:51] [Server thread/INFO] [STDOUT]: [com.layue13.clashweave.forge.CombatServer:trace:794]: CW FREEZE player=P0A targetPlayer=false target=74522 id=3 hitTick=591 frozen=85906846530600
[06:44:51] [Server thread/INFO] [STDOUT]: [com.layue13.clashweave.forge.CombatServer:trace:794]: CW COMMIT player=P0A targetPlayer=false target=74522 id=3 hitTick=591 commitTick=591 frozen=85906846530600 cutoff=85906846769400 guard=0 damage=3.0 hit=true hp=984.88 facing=false
[06:44:51] [Server thread/INFO] [STDOUT]: [com.layue13.clashweave.forge.CombatServer:trace:794]: CW FACING player=P0A seq=12 requested=7.0057817 known=7.0057817 chosen=7.0057817 accepted=true reason=OK
[06:44:51] [Server thread/INFO] [STDOUT]: [com.layue13.clashweave.forge.CombatServer:trace:794]: CW START player=P0A id=4 action=light_3 tick=594
[06:44:51] [Server thread/INFO] [STDOUT]: [com.layue13.clashweave.forge.CombatServer:trace:794]: CW AIM player=P0A id=4 requested=7.0057817 requestedPitch=-3.8685834 selectedPitch=-3.8685834 beforePitchDelta=3.8685834 afterPitchDelta=0.0 baseline=7.0057817 selected=7.0057817 beforeDelta=0.0 afterDelta=0.0 accepted=true
[06:44:51] [Server thread/INFO] [STDOUT]: [com.layue13.clashweave.forge.CombatServer:trace:794]: CW ACK player=P0A seq=12 result=START
[06:44:51] [Server thread/INFO] [STDOUT]: [com.layue13.clashweave.forge.CombatServer:trace:794]: CW ACK player=P0A seq=13 result=MOVE_READY
[06:44:51] [Server thread/INFO] [STDOUT]: [com.layue13.clashweave.forge.CombatServer:trace:794]: CW FREEZE player=P0A targetPlayer=false target=74522 id=4 hitTick=598 frozen=85907199066700
[06:44:51] [Server thread/INFO] [STDOUT]: [com.layue13.clashweave.forge.CombatServer:trace:794]: CW COMMIT player=P0A targetPlayer=false target=74522 id=4 hitTick=598 commitTick=598 frozen=85907199066700 cutoff=85907199389600 guard=0 damage=4.0 hit=true hp=981.2 facing=false
[06:44:52] [Server thread/INFO] [STDOUT]: [com.layue13.clashweave.forge.CombatServer:trace:794]: CW FACING player=P0A seq=14 requested=3.4938688 known=3.4938688 chosen=3.4938688 accepted=true reason=OK
[06:44:52] [Server thread/INFO] [STDOUT]: [com.layue13.clashweave.forge.CombatServer:trace:794]: CW START player=P0A id=5 action=light_1 tick=613
[06:44:52] [Server thread/INFO] [STDOUT]: [com.layue13.clashweave.forge.CombatServer:trace:794]: CW AIM player=P0A id=5 requested=3.4938688 requestedPitch=-4.598839 selectedPitch=-4.598839 beforePitchDelta=4.598839 afterPitchDelta=0.0 baseline=3.4938688 selected=3.4938688 beforeDelta=0.0 afterDelta=0.0 accepted=true
[06:44:52] [Server thread/INFO] [STDOUT]: [com.layue13.clashweave.forge.CombatServer:trace:794]: CW ACK player=P0A seq=14 result=START
[06:44:52] [Server thread/INFO] [STDOUT]: [com.layue13.clashweave.forge.CombatServer:trace:794]: CW ACK player=P0A seq=15 result=MOVE_READY
[06:44:52] [Server thread/INFO] [STDOUT]: [com.layue13.clashweave.forge.CombatServer:trace:794]: CW FREEZE player=P0A targetPlayer=false target=74522 id=5 hitTick=617 frozen=85908137636300
[06:44:52] [Server thread/INFO] [STDOUT]: [com.layue13.clashweave.forge.CombatServer:trace:794]: CW COMMIT player=P0A targetPlayer=false target=74522 id=5 hitTick=617 commitTick=617 frozen=85908137636300 cutoff=85908137896700 guard=0 damage=3.0 hit=true hp=977.36 facing=false
[06:44:52] [Server thread/INFO] [STDOUT]: [com.layue13.clashweave.forge.CombatServer:trace:794]: CW FACING player=P0A seq=16 requested=2.22109 known=2.22109 chosen=2.22109 accepted=true reason=OK
[06:44:52] [Server thread/INFO] [STDOUT]: [com.layue13.clashweave.forge.CombatServer:trace:794]: CW START player=P0A id=6 action=light_2 tick=620
[06:44:52] [Server thread/INFO] [STDOUT]: [com.layue13.clashweave.forge.CombatServer:trace:794]: CW AIM player=P0A id=6 requested=2.22109 requestedPitch=-4.717861 selectedPitch=-4.717861 beforePitchDelta=4.717861 afterPitchDelta=0.0 baseline=2.22109 selected=2.22109 beforeDelta=0.0 afterDelta=0.0 accepted=true
[06:44:52] [Server thread/INFO] [STDOUT]: [com.layue13.clashweave.forge.CombatServer:trace:794]: CW ACK player=P0A seq=16 result=START
[06:44:52] [Server thread/INFO] [STDOUT]: [com.layue13.clashweave.forge.CombatServer:trace:794]: CW ACK player=P0A seq=17 result=MOVE_READY
[06:44:52] [Server thread/INFO] [STDOUT]: [com.layue13.clashweave.forge.CombatServer:trace:794]: CW FREEZE player=P0A targetPlayer=false target=74522 id=6 hitTick=623 frozen=85908447981000
[06:44:52] [Server thread/INFO] [STDOUT]: [com.layue13.clashweave.forge.CombatServer:trace:794]: CW COMMIT player=P0A targetPlayer=false target=74522 id=6 hitTick=623 commitTick=623 frozen=85908447981000 cutoff=85908448903400 guard=0 damage=3.0 hit=true hp=974.6 facing=false
[06:44:52] [Server thread/INFO] [STDOUT]: [com.layue13.clashweave.forge.CombatServer:trace:794]: CW FACING player=P0A seq=18 requested=0.8959039 known=0.8959039 chosen=0.8959039 accepted=true reason=OK
[06:44:52] [Server thread/INFO] [STDOUT]: [com.layue13.clashweave.forge.CombatServer:trace:794]: CW START player=P0A id=7 action=light_3 tick=626
[06:44:52] [Server thread/INFO] [STDOUT]: [com.layue13.clashweave.forge.CombatServer:trace:794]: CW AIM player=P0A id=7 requested=0.8959039 requestedPitch=-4.7848268 selectedPitch=-4.7848268 beforePitchDelta=4.7848268 afterPitchDelta=0.0 baseline=0.8959039 selected=0.8959039 beforeDelta=0.0 afterDelta=0.0 accepted=true
[06:44:53] [Server thread/INFO] [STDOUT]: [com.layue13.clashweave.forge.CombatServer:trace:794]: CW FREEZE player=P0A targetPlayer=false target=74522 id=7 hitTick=630 frozen=85908786417600
[06:44:53] [Server thread/INFO] [STDOUT]: [com.layue13.clashweave.forge.CombatServer:trace:794]: CW COMMIT player=P0A targetPlayer=false target=74522 id=7 hitTick=630 commitTick=630 frozen=85908786417600 cutoff=85908787416700 guard=0 damage=4.0 hit=true hp=970.92 facing=false
[06:44:53] [Server thread/INFO] [STDOUT]: [com.layue13.clashweave.forge.CombatServer:trace:794]: CW FACING player=P0A seq=20 requested=-3.0946279 known=-3.0946279 chosen=-3.0946279 accepted=true reason=OK
[06:44:53] [Server thread/INFO] [STDOUT]: [com.layue13.clashweave.forge.CombatServer:trace:794]: CW START player=P0A id=8 action=light_1 tick=643
[06:44:53] [Server thread/INFO] [STDOUT]: [com.layue13.clashweave.forge.CombatServer:trace:794]: CW AIM player=P0A id=8 requested=-3.0946279 requestedPitch=-4.6643634 selectedPitch=-4.6643634 beforePitchDelta=4.6643634 afterPitchDelta=0.0 baseline=-3.0946279 selected=-3.0946279 beforeDelta=0.0 afterDelta=0.0 accepted=true
[06:44:54] [Server thread/INFO] [STDOUT]: [com.layue13.clashweave.forge.CombatServer:trace:794]: CW FREEZE player=P0A targetPlayer=false target=74522 id=8 hitTick=647 frozen=85909635850500
[06:44:54] [Server thread/INFO] [STDOUT]: [com.layue13.clashweave.forge.CombatServer:trace:794]: CW COMMIT player=P0A targetPlayer=false target=74522 id=8 hitTick=647 commitTick=647 frozen=85909635850500 cutoff=85909636774300 guard=0 damage=3.0 hit=true hp=967.16 facing=false
[06:44:54] [Server thread/INFO] [STDOUT]: [com.layue13.clashweave.forge.CombatServer:trace:794]: CW FACING player=P0A seq=22 requested=-4.330145 known=-4.330145 chosen=-4.330145 accepted=true reason=OK
[06:44:54] [Server thread/INFO] [STDOUT]: [com.layue13.clashweave.forge.CombatServer:trace:794]: CW START player=P0A id=9 action=light_2 tick=650
[06:44:54] [Server thread/INFO] [STDOUT]: [com.layue13.clashweave.forge.CombatServer:trace:794]: CW AIM player=P0A id=9 requested=-4.330145 requestedPitch=-4.5200977 selectedPitch=-4.5200977 beforePitchDelta=4.5200977 afterPitchDelta=0.0 baseline=-4.330145 selected=-4.330145 beforeDelta=0.0 afterDelta=0.0 accepted=true
[06:44:54] [Server thread/INFO] [STDOUT]: [com.layue13.clashweave.forge.CombatServer:trace:794]: CW FREEZE player=P0A targetPlayer=false target=74522 id=9 hitTick=653 frozen=85909943539200
[06:44:54] [Server thread/INFO] [STDOUT]: [com.layue13.clashweave.forge.CombatServer:trace:794]: CW COMMIT player=P0A targetPlayer=false target=74522 id=9 hitTick=653 commitTick=653 frozen=85909943539200 cutoff=85909943756500 guard=0 damage=3.0 hit=true hp=964.39996 facing=false
[06:44:54] [Server thread/INFO] [STDOUT]: [com.layue13.clashweave.forge.CombatServer:trace:794]: CW FACING player=P0A seq=24 requested=-5.470943 known=-5.470943 chosen=-5.470943 accepted=true reason=OK
[06:44:54] [Server thread/INFO] [STDOUT]: [com.layue13.clashweave.forge.CombatServer:trace:794]: CW START player=P0A id=10 action=light_3 tick=656
[06:44:54] [Server thread/INFO] [STDOUT]: [com.layue13.clashweave.forge.CombatServer:trace:794]: CW AIM player=P0A id=10 requested=-5.470943 requestedPitch=-4.328216 selectedPitch=-4.328216 beforePitchDelta=4.328216 afterPitchDelta=0.0 baseline=-5.470943 selected=-5.470943 beforeDelta=0.0 afterDelta=0.0 accepted=true
[06:44:54] [Server thread/INFO] [STDOUT]: [com.layue13.clashweave.forge.CombatServer:trace:794]: CW ENGAGEMENT player=P0B engaged=false revision=5 tick=657 sent=85910145181400
[06:44:54] [Server thread/INFO] [STDOUT]: [com.layue13.clashweave.forge.CombatServer:trace:794]: CW FREEZE player=P0A targetPlayer=false target=74522 id=10 hitTick=660 frozen=85910298138500
[06:44:54] [Server thread/INFO] [STDOUT]: [com.layue13.clashweave.forge.CombatServer:trace:794]: CW COMMIT player=P0A targetPlayer=false target=74522 id=10 hitTick=660 commitTick=660 frozen=85910298138500 cutoff=85910299140300 guard=0 damage=4.0 hit=true hp=960.72 facing=false
[06:44:54] [Server thread/INFO] [STDOUT]: [com.layue13.clashweave.validation.NetworkScenario:tick:105]: P0_PERF samples=200 meanNanos=332109 maxNanos=4734200
[06:44:55] [Server thread/INFO] [STDOUT]: [com.layue13.clashweave.forge.CombatServer:trace:794]: CW FACING player=P0A seq=26 requested=-8.0828495 known=-8.0828495 chosen=-8.0828495 accepted=true reason=OK
[06:44:55] [Server thread/INFO] [STDOUT]: [com.layue13.clashweave.forge.CombatServer:trace:794]: CW START player=P0A id=11 action=light_1 tick=673
[06:44:55] [Server thread/INFO] [STDOUT]: [com.layue13.clashweave.forge.CombatServer:trace:794]: CW AIM player=P0A id=11 requested=-8.0828495 requestedPitch=-3.5147147 selectedPitch=-3.5147147 beforePitchDelta=3.5147147 afterPitchDelta=0.0 baseline=-8.0828495 selected=-8.0828495 beforeDelta=0.0 afterDelta=0.0 accepted=true
[06:44:55] [Server thread/INFO] [STDOUT]: [com.layue13.clashweave.forge.CombatServer:trace:794]: CW FACING player=P0A seq=28 requested=-8.618098 known=-8.618098 chosen=-8.618098 accepted=true reason=OK
[06:44:55] [Server thread/INFO] [STDOUT]: [com.layue13.clashweave.forge.CombatServer:trace:794]: CW START player=P0A id=12 action=light_2 tick=680
[06:44:55] [Server thread/INFO] [STDOUT]: [com.layue13.clashweave.forge.CombatServer:trace:794]: CW AIM player=P0A id=12 requested=-8.618098 requestedPitch=-3.1845767 selectedPitch=-3.1845767 beforePitchDelta=3.1845767 afterPitchDelta=0.0 baseline=-8.618098 selected=-8.618098 beforeDelta=0.0 afterDelta=0.0 accepted=true
[06:44:59] [Server thread/INFO] [STDOUT]: [com.layue13.clashweave.validation.NetworkScenario:tick:105]: P0_PERF samples=300 meanNanos=346382 maxNanos=4734200
[06:45:04] [Server thread/INFO] [STDOUT]: [com.layue13.clashweave.validation.NetworkScenario:tick:105]: P0_PERF samples=400 meanNanos=358393 maxNanos=4734200
[06:45:09] [Server thread/INFO] [STDOUT]: [com.layue13.clashweave.validation.NetworkScenario:tick:105]: P0_PERF samples=500 meanNanos=387541 maxNanos=13780700
[06:45:14] [Server thread/INFO] [STDOUT]: [com.layue13.clashweave.validation.NetworkScenario:tick:105]: P0_PERF samples=600 meanNanos=378336 maxNanos=13780700
[06:45:19] [Server thread/INFO] [STDOUT]: [com.layue13.clashweave.validation.NetworkScenario:tick:105]: P0_PERF samples=700 meanNanos=400118 maxNanos=15283900
[06:45:24] [Server thread/INFO] [STDOUT]: [com.layue13.clashweave.validation.NetworkScenario:tick:105]: P0_PERF samples=800 meanNanos=360925 maxNanos=15283900
[06:45:29] [Server thread/INFO] [STDOUT]: [com.layue13.clashweave.validation.NetworkScenario:tick:105]: P0_PERF samples=900 meanNanos=326604 maxNanos=15283900
[06:45:34] [Server thread/INFO] [STDOUT]: [com.layue13.clashweave.validation.NetworkScenario:tick:105]: P0_PERF samples=1000 meanNanos=298872 maxNanos=15283900
[06:45:39] [Server thread/INFO] [STDOUT]: [com.layue13.clashweave.validation.NetworkScenario:tick:105]: P0_PERF samples=1100 meanNanos=275935 maxNanos=15283900
[06:45:44] [Server thread/INFO] [STDOUT]: [com.layue13.clashweave.validation.NetworkScenario:tick:105]: P0_PERF samples=1200 meanNanos=257121 maxNanos=15283900
[06:46:14] [Server thread/INFO] [STDOUT]: [com.layue13.clashweave.validation.NetworkScenario:tick:107]: P0_NETWORK COMPLETE
