# Log excerpt; complete raw log retained locally under build/p0/runs.
# Original lines: 5854
# Marker counts: {'Exception': 171, 'ERROR': 2, 'P0_NETWORK': 3, ' CW INPUT': 127, ' CW ACK': 116, 'P0_VIEW_TARGET': 1, ' CW ENGAGEMENT': 3, ' CW FACING': 24, ' CW START': 24, ' CW AIM': 24, 'CW_EVENT': 45, ' CW FREEZE': 10, ' CW COMMIT': 10, 'P0_PERF': 10}
[Loaded java.lang.Exception from C:\Program Files\Zulu\zulu-8\jre\lib\rt.jar]
[Loaded java.lang.RuntimeException from C:\Program Files\Zulu\zulu-8\jre\lib\rt.jar]
[Loaded java.lang.ReflectiveOperationException from C:\Program Files\Zulu\zulu-8\jre\lib\rt.jar]
[Loaded java.lang.ClassNotFoundException from C:\Program Files\Zulu\zulu-8\jre\lib\rt.jar]
[Loaded java.lang.ClassCastException from C:\Program Files\Zulu\zulu-8\jre\lib\rt.jar]
[Loaded java.lang.ArrayStoreException from C:\Program Files\Zulu\zulu-8\jre\lib\rt.jar]
[Loaded java.lang.IllegalMonitorStateException from C:\Program Files\Zulu\zulu-8\jre\lib\rt.jar]
[Loaded java.lang.Thread$UncaughtExceptionHandler from C:\Program Files\Zulu\zulu-8\jre\lib\rt.jar]
[Loaded java.lang.NullPointerException from C:\Program Files\Zulu\zulu-8\jre\lib\rt.jar]
[Loaded java.lang.ArithmeticException from C:\Program Files\Zulu\zulu-8\jre\lib\rt.jar]
[Loaded java.lang.InterruptedException from C:\Program Files\Zulu\zulu-8\jre\lib\rt.jar]
[Loaded java.security.PrivilegedExceptionAction from C:\Program Files\Zulu\zulu-8\jre\lib\rt.jar]
[17:21:53] [main/ERROR] [FML]: The binary patch set is missing. Either you are in a development environment, or things are not going to work!
[17:21:53] [main/ERROR] [FML]: FML appears to be missing any signature data. This is not a good thing
[17:22:14] [Server thread/INFO] [STDOUT]: [com.layue13.clashweave.validation.NetworkScenario:login:44]: P0_NETWORK login=P0A
[17:22:14] [Server thread/INFO] [STDOUT]: [com.layue13.clashweave.forge.CombatServer:trace:786]: CW INPUT player=P0A seq=1 kind=-2 target=-1 origin=0 stamp=201 receivedTick=240 consumedTick=241 arrival=37750339004100 gate=STALE
[17:22:14] [Server thread/INFO] [STDOUT]: [com.layue13.clashweave.forge.CombatServer:trace:786]: CW ACK player=P0A seq=1 result=REJECT:STALE
[17:22:14] [Server thread/INFO] [STDOUT]: [com.layue13.clashweave.forge.CombatServer:trace:786]: CW INPUT player=P0A seq=2 kind=-2 target=-1 origin=0 stamp=202 receivedTick=240 consumedTick=241 arrival=37750339070300 gate=STALE
[17:22:14] [Server thread/INFO] [STDOUT]: [com.layue13.clashweave.forge.CombatServer:trace:786]: CW ACK player=P0A seq=2 result=REJECT:STALE
[17:22:14] [Server thread/INFO] [STDOUT]: [com.layue13.clashweave.forge.CombatServer:trace:786]: CW INPUT player=P0A seq=3 kind=-2 target=-1 origin=0 stamp=203 receivedTick=240 consumedTick=241 arrival=37750339086300 gate=STALE
[17:22:14] [Server thread/INFO] [STDOUT]: [com.layue13.clashweave.forge.CombatServer:trace:786]: CW ACK player=P0A seq=3 result=REJECT:STALE
[17:22:14] [Server thread/INFO] [STDOUT]: [com.layue13.clashweave.forge.CombatServer:trace:786]: CW INPUT player=P0A seq=4 kind=-2 target=-1 origin=0 stamp=204 receivedTick=240 consumedTick=241 arrival=37750339098100 gate=STALE
[17:22:14] [Server thread/INFO] [STDOUT]: [com.layue13.clashweave.forge.CombatServer:trace:786]: CW ACK player=P0A seq=4 result=REJECT:STALE
[17:22:14] [Server thread/INFO] [STDOUT]: [com.layue13.clashweave.forge.CombatServer:trace:786]: CW INPUT player=P0A seq=5 kind=-2 target=-1 origin=0 stamp=205 receivedTick=240 consumedTick=241 arrival=37750339108400 gate=STALE
[17:22:14] [Server thread/INFO] [STDOUT]: [com.layue13.clashweave.forge.CombatServer:trace:786]: CW ACK player=P0A seq=5 result=REJECT:STALE
[17:22:14] [Server thread/INFO] [STDOUT]: [com.layue13.clashweave.forge.CombatServer:trace:786]: CW INPUT player=P0A seq=6 kind=-2 target=-1 origin=0 stamp=206 receivedTick=240 consumedTick=241 arrival=37750339133300 gate=STALE
[17:22:14] [Server thread/INFO] [STDOUT]: [com.layue13.clashweave.forge.CombatServer:trace:786]: CW ACK player=P0A seq=6 result=REJECT:STALE
[17:22:14] [Server thread/INFO] [STDOUT]: [com.layue13.clashweave.forge.CombatServer:trace:786]: CW INPUT player=P0A seq=7 kind=-2 target=-1 origin=0 stamp=207 receivedTick=241 consumedTick=242 arrival=37750373151100 gate=STALE
[17:22:14] [Server thread/INFO] [STDOUT]: [com.layue13.clashweave.forge.CombatServer:trace:786]: CW ACK player=P0A seq=7 result=REJECT:STALE
[17:22:14] [Server thread/INFO] [STDOUT]: [com.layue13.clashweave.forge.CombatServer:trace:786]: CW INPUT player=P0A seq=8 kind=-2 target=-1 origin=0 stamp=208 receivedTick=241 consumedTick=242 arrival=37750373175900 gate=STALE
[17:22:14] [Server thread/INFO] [STDOUT]: [com.layue13.clashweave.forge.CombatServer:trace:786]: CW ACK player=P0A seq=8 result=REJECT:STALE
[17:22:14] [Server thread/INFO] [STDOUT]: [com.layue13.clashweave.forge.CombatServer:trace:786]: CW INPUT player=P0A seq=9 kind=-2 target=-1 origin=0 stamp=209 receivedTick=241 consumedTick=242 arrival=37750373186600 gate=STALE
[17:22:14] [Server thread/INFO] [STDOUT]: [com.layue13.clashweave.forge.CombatServer:trace:786]: CW ACK player=P0A seq=9 result=REJECT:STALE
[17:22:14] [Server thread/INFO] [STDOUT]: [com.layue13.clashweave.forge.CombatServer:trace:786]: CW INPUT player=P0A seq=10 kind=-2 target=-1 origin=0 stamp=210 receivedTick=241 consumedTick=242 arrival=37750373195100 gate=STALE
[17:22:14] [Server thread/INFO] [STDOUT]: [com.layue13.clashweave.forge.CombatServer:trace:786]: CW ACK player=P0A seq=10 result=REJECT:STALE
[17:22:14] [Server thread/INFO] [STDOUT]: [com.layue13.clashweave.forge.CombatServer:trace:786]: CW INPUT player=P0A seq=11 kind=-2 target=-1 origin=0 stamp=211 receivedTick=241 consumedTick=242 arrival=37750373206000 gate=STALE
[17:22:14] [Server thread/INFO] [STDOUT]: [com.layue13.clashweave.forge.CombatServer:trace:786]: CW ACK player=P0A seq=11 result=REJECT:STALE
[17:22:14] [Server thread/INFO] [STDOUT]: [com.layue13.clashweave.forge.CombatServer:trace:786]: CW INPUT player=P0A seq=12 kind=-2 target=-1 origin=0 stamp=212 receivedTick=241 consumedTick=242 arrival=37750373217800 gate=STALE
[17:22:14] [Server thread/INFO] [STDOUT]: [com.layue13.clashweave.forge.CombatServer:trace:786]: CW ACK player=P0A seq=12 result=REJECT:STALE
[17:22:23] [Server thread/INFO] [STDOUT]: [com.layue13.clashweave.validation.NetworkScenario:login:44]: P0_NETWORK login=P0B
[17:22:23] [Server thread/INFO] [STDOUT]: [com.layue13.clashweave.validation.NetworkScenario:viewTarget:62]: P0_VIEW_TARGET stationaryZombie=74810
[17:22:24] [Server thread/INFO] [STDOUT]: [com.layue13.clashweave.forge.CombatServer:trace:786]: CW ENGAGEMENT player=P0A engaged=true revision=3 tick=435 sent=37759669145200
[17:22:25] [Server thread/INFO] [STDOUT]: [com.layue13.clashweave.forge.CombatServer:trace:786]: CW FACING player=P0A seq=76 requested=45.0 known=45.0 chosen=45.0 accepted=true reason=OK
[17:22:25] [Server thread/INFO] [STDOUT]: [com.layue13.clashweave.forge.CombatServer:trace:786]: CW START player=P0A id=1 action=iai tick=461
[17:22:25] [Server thread/INFO] [STDOUT]: [com.layue13.clashweave.forge.CombatServer:trace:786]: CW AIM player=P0A id=1 requested=45.0 requestedPitch=0.0 selectedPitch=0.0 beforePitchDelta=0.0 afterPitchDelta=0.0 baseline=45.0 selected=45.0 beforeDelta=0.0 afterDelta=0.0 accepted=true
[17:22:25] [Server thread/INFO] [STDOUT]: [com.layue13.clashweave.forge.SemanticDispatcher:publish:33]: CW_EVENT id=1 kind=DRAW actor=0 target=-1 instance=1 tick=461
[17:22:25] [Server thread/INFO] [STDOUT]: [com.layue13.clashweave.forge.SemanticDispatcher:publish:33]: CW_EVENT id=2 kind=SWING actor=0 target=-1 instance=1 tick=461
[17:22:25] [Server thread/INFO] [STDOUT]: [com.layue13.clashweave.forge.CombatServer:trace:786]: CW FREEZE player=P0A targetPlayer=false target=74810 id=1 hitTick=466 frozen=37761209465000
[17:22:25] [Server thread/INFO] [STDOUT]: [com.layue13.clashweave.forge.SemanticDispatcher:publish:33]: CW_EVENT id=3 kind=HIT actor=0 target=74810 instance=1 tick=466
[17:22:25] [Server thread/INFO] [STDOUT]: [com.layue13.clashweave.forge.SemanticDispatcher:publish:33]: CW_EVENT id=4 kind=HURT actor=74810 target=0 instance=1 tick=466
[17:22:25] [Server thread/INFO] [STDOUT]: [com.layue13.clashweave.forge.CombatServer:trace:786]: CW COMMIT player=P0A targetPlayer=false target=74810 id=1 hitTick=466 commitTick=466 frozen=37761209465000 cutoff=37761209820700 guard=0 damage=5.0 hit=true hp=992.4 facing=false
[17:22:26] [Server thread/INFO] [STDOUT]: [com.layue13.clashweave.forge.CombatServer:trace:786]: CW FACING player=P0A seq=78 requested=135.0 known=135.0 chosen=135.0 accepted=true reason=OK
[17:22:26] [Server thread/INFO] [STDOUT]: [com.layue13.clashweave.forge.CombatServer:trace:786]: CW START player=P0A id=2 action=light_1 tick=491
[17:22:26] [Server thread/INFO] [STDOUT]: [com.layue13.clashweave.forge.CombatServer:trace:786]: CW AIM player=P0A id=2 requested=135.0 requestedPitch=0.0 selectedPitch=0.0 beforePitchDelta=0.0 afterPitchDelta=0.0 baseline=135.0 selected=135.0 beforeDelta=0.0 afterDelta=0.0 accepted=true
[17:22:26] [Server thread/INFO] [STDOUT]: [com.layue13.clashweave.forge.SemanticDispatcher:publish:33]: CW_EVENT id=5 kind=SWING actor=0 target=-1 instance=2 tick=491
[17:22:28] [Server thread/INFO] [STDOUT]: [com.layue13.clashweave.forge.CombatServer:trace:786]: CW FACING player=P0A seq=80 requested=315.0 known=315.0 chosen=315.0 accepted=true reason=OK
[17:22:28] [Server thread/INFO] [STDOUT]: [com.layue13.clashweave.forge.CombatServer:trace:786]: CW START player=P0A id=3 action=light_1 tick=521
[17:22:28] [Server thread/INFO] [STDOUT]: [com.layue13.clashweave.forge.CombatServer:trace:786]: CW AIM player=P0A id=3 requested=315.0 requestedPitch=0.0 selectedPitch=0.0 beforePitchDelta=0.0 afterPitchDelta=0.0 baseline=315.0 selected=315.0 beforeDelta=0.0 afterDelta=0.0 accepted=true
[17:22:28] [Server thread/INFO] [STDOUT]: [com.layue13.clashweave.forge.SemanticDispatcher:publish:33]: CW_EVENT id=6 kind=SWING actor=0 target=-1 instance=3 tick=521
[17:22:28] [Server thread/INFO] [STDOUT]: [com.layue13.clashweave.forge.CombatServer:trace:786]: CW FREEZE player=P0A targetPlayer=true target=72289 id=3 hitTick=525 frozen=37764157836000
[17:22:28] [Server thread/INFO] [STDOUT]: [com.layue13.clashweave.forge.CombatServer:trace:786]: CW FREEZE player=P0A targetPlayer=false target=74810 id=3 hitTick=526 frozen=37764206864800
[17:22:28] [Server thread/INFO] [STDOUT]: [com.layue13.clashweave.forge.SemanticDispatcher:publish:33]: CW_EVENT id=7 kind=HIT actor=0 target=74810 instance=3 tick=526
[17:22:28] [Server thread/INFO] [STDOUT]: [com.layue13.clashweave.forge.SemanticDispatcher:publish:33]: CW_EVENT id=8 kind=HURT actor=74810 target=0 instance=3 tick=526
[17:22:28] [Server thread/INFO] [STDOUT]: [com.layue13.clashweave.forge.CombatServer:trace:786]: CW COMMIT player=P0A targetPlayer=false target=74810 id=3 hitTick=526 commitTick=526 frozen=37764206864800 cutoff=37764207134700 guard=0 damage=3.0 hit=true hp=986.64 facing=false
[17:22:28] [Server thread/INFO] [STDOUT]: [com.layue13.clashweave.forge.SemanticDispatcher:publish:33]: CW_EVENT id=9 kind=HIT actor=0 target=72289 instance=3 tick=529
[17:22:28] [Server thread/INFO] [STDOUT]: [com.layue13.clashweave.forge.SemanticDispatcher:publish:33]: CW_EVENT id=10 kind=HURT actor=72289 target=0 instance=3 tick=529
[17:22:28] [Server thread/INFO] [STDOUT]: [com.layue13.clashweave.forge.CombatServer:trace:786]: CW COMMIT player=P0A targetPlayer=true target=72289 id=3 hitTick=525 commitTick=529 frozen=37764157836000 cutoff=37764356687200 guard=0 damage=3.0 hit=true hp=197.0 facing=true
[17:22:28] [Server thread/INFO] [STDOUT]: [com.layue13.clashweave.forge.CombatServer:trace:786]: CW ENGAGEMENT player=P0B engaged=true revision=4 tick=530 sent=37764408424400
[17:22:28] [Server thread/INFO] [STDOUT]: [com.layue13.clashweave.validation.NetworkScenario:tick:105]: P0_PERF samples=100 meanNanos=283928 maxNanos=5109600
[17:22:29] [Server thread/INFO] [STDOUT]: [com.layue13.clashweave.forge.CombatServer:trace:786]: CW FACING player=P0A seq=82 requested=360.0 known=0.0 chosen=360.0 accepted=true reason=OK
[17:22:29] [Server thread/INFO] [STDOUT]: [com.layue13.clashweave.forge.CombatServer:trace:786]: CW START player=P0A id=4 action=light_1 tick=551
[17:22:29] [Server thread/INFO] [STDOUT]: [com.layue13.clashweave.forge.CombatServer:trace:786]: CW AIM player=P0A id=4 requested=360.0 requestedPitch=0.0 selectedPitch=0.0 beforePitchDelta=0.0 afterPitchDelta=0.0 baseline=0.0 selected=360.0 beforeDelta=0.0 afterDelta=0.0 accepted=true
[17:22:29] [Server thread/INFO] [STDOUT]: [com.layue13.clashweave.forge.SemanticDispatcher:publish:33]: CW_EVENT id=11 kind=SWING actor=0 target=-1 instance=4 tick=551
[17:22:30] [Server thread/INFO] [STDOUT]: [com.layue13.clashweave.forge.CombatServer:trace:786]: CW FREEZE player=P0A targetPlayer=false target=74810 id=4 hitTick=555 frozen=37765658382800
[17:22:30] [Server thread/INFO] [STDOUT]: [com.layue13.clashweave.forge.SemanticDispatcher:publish:33]: CW_EVENT id=12 kind=HIT actor=0 target=74810 instance=4 tick=555
[17:22:30] [Server thread/INFO] [STDOUT]: [com.layue13.clashweave.forge.CombatServer:trace:786]: CW COMMIT player=P0A targetPlayer=false target=74810 id=4 hitTick=555 commitTick=555 frozen=37765658382800 cutoff=37765672912400 guard=0 damage=3.0 hit=true hp=982.88 facing=false
[17:22:31] [Server thread/INFO] [STDOUT]: [com.layue13.clashweave.forge.CombatServer:trace:786]: CW FACING player=P0A seq=84 requested=450.0 known=90.0 chosen=450.0 accepted=true reason=OK
[17:22:31] [Server thread/INFO] [STDOUT]: [com.layue13.clashweave.forge.CombatServer:trace:786]: CW START player=P0A id=5 action=light_1 tick=581
[17:22:31] [Server thread/INFO] [STDOUT]: [com.layue13.clashweave.forge.CombatServer:trace:786]: CW AIM player=P0A id=5 requested=450.0 requestedPitch=0.0 selectedPitch=0.0 beforePitchDelta=0.0 afterPitchDelta=0.0 baseline=90.0 selected=450.0 beforeDelta=0.0 afterDelta=0.0 accepted=true
[17:22:32] [Server thread/INFO] [STDOUT]: [com.layue13.clashweave.forge.CombatServer:trace:786]: CW ENGAGEMENT player=P0B engaged=false revision=5 tick=598 sent=37767806936800
[17:22:32] [Server thread/INFO] [STDOUT]: [com.layue13.clashweave.forge.CombatServer:trace:786]: CW FACING player=P0A seq=86 requested=630.0 known=270.0 chosen=630.0 accepted=true reason=OK
[17:22:32] [Server thread/INFO] [STDOUT]: [com.layue13.clashweave.forge.CombatServer:trace:786]: CW START player=P0A id=6 action=light_1 tick=611
[17:22:32] [Server thread/INFO] [STDOUT]: [com.layue13.clashweave.forge.CombatServer:trace:786]: CW AIM player=P0A id=6 requested=630.0 requestedPitch=0.0 selectedPitch=0.0 beforePitchDelta=0.0 afterPitchDelta=0.0 baseline=270.0 selected=630.0 beforeDelta=0.0 afterDelta=0.0 accepted=true
[17:22:33] [Server thread/INFO] [STDOUT]: [com.layue13.clashweave.validation.NetworkScenario:tick:105]: P0_PERF samples=200 meanNanos=288927 maxNanos=15602400
[17:22:34] [Server thread/INFO] [STDOUT]: [com.layue13.clashweave.forge.CombatServer:trace:786]: CW FACING player=P0A seq=88 requested=675.0 known=315.0 chosen=675.0 accepted=true reason=OK
[17:22:34] [Server thread/INFO] [STDOUT]: [com.layue13.clashweave.forge.CombatServer:trace:786]: CW START player=P0A id=7 action=light_1 tick=642
[17:22:34] [Server thread/INFO] [STDOUT]: [com.layue13.clashweave.forge.CombatServer:trace:786]: CW AIM player=P0A id=7 requested=675.0 requestedPitch=0.0 selectedPitch=0.0 beforePitchDelta=0.0 afterPitchDelta=0.0 baseline=315.0 selected=675.0 beforeDelta=0.0 afterDelta=0.0 accepted=true
[17:22:34] [Server thread/INFO] [STDOUT]: [com.layue13.clashweave.forge.CombatServer:trace:786]: CW FREEZE player=P0A targetPlayer=false target=74810 id=7 hitTick=647 frozen=37770270389300
[17:22:34] [Server thread/INFO] [STDOUT]: [com.layue13.clashweave.forge.CombatServer:trace:786]: CW COMMIT player=P0A targetPlayer=false target=74810 id=7 hitTick=647 commitTick=647 frozen=37770270389300 cutoff=37770270612300 guard=0 damage=3.0 hit=true hp=976.04 facing=false
[17:22:35] [Server thread/INFO] [STDOUT]: [com.layue13.clashweave.forge.CombatServer:trace:786]: CW FACING player=P0A seq=90 requested=765.0 known=45.0 chosen=765.0 accepted=true reason=OK
[17:22:35] [Server thread/INFO] [STDOUT]: [com.layue13.clashweave.forge.CombatServer:trace:786]: CW START player=P0A id=8 action=light_1 tick=672
[17:22:35] [Server thread/INFO] [STDOUT]: [com.layue13.clashweave.forge.CombatServer:trace:786]: CW AIM player=P0A id=8 requested=765.0 requestedPitch=0.0 selectedPitch=0.0 beforePitchDelta=0.0 afterPitchDelta=0.0 baseline=45.0 selected=765.0 beforeDelta=0.0 afterDelta=0.0 accepted=true
[17:22:36] [Server thread/INFO] [STDOUT]: [com.layue13.clashweave.forge.CombatServer:trace:786]: CW FREEZE player=P0A targetPlayer=false target=74810 id=8 hitTick=676 frozen=37771708250900
[17:22:36] [Server thread/INFO] [STDOUT]: [com.layue13.clashweave.forge.CombatServer:trace:786]: CW COMMIT player=P0A targetPlayer=false target=74810 id=8 hitTick=676 commitTick=676 frozen=37771708250900 cutoff=37771708448500 guard=0 damage=3.0 hit=true hp=972.27997 facing=false
[17:22:37] [Server thread/INFO] [STDOUT]: [com.layue13.clashweave.forge.CombatServer:trace:786]: CW FACING player=P0A seq=92 requested=945.0 known=225.0 chosen=945.0 accepted=true reason=OK
[17:22:37] [Server thread/INFO] [STDOUT]: [com.layue13.clashweave.forge.CombatServer:trace:786]: CW START player=P0A id=9 action=light_1 tick=702
[17:22:37] [Server thread/INFO] [STDOUT]: [com.layue13.clashweave.forge.CombatServer:trace:786]: CW AIM player=P0A id=9 requested=945.0 requestedPitch=0.0 selectedPitch=0.0 beforePitchDelta=0.0 afterPitchDelta=0.0 baseline=225.0 selected=945.0 beforeDelta=0.0 afterDelta=0.0 accepted=true
[17:22:38] [Server thread/INFO] [STDOUT]: [com.layue13.clashweave.forge.CombatServer:trace:786]: CW FACING player=P0A seq=94 requested=990.0 known=270.0 chosen=990.0 accepted=true reason=OK
[17:22:38] [Server thread/INFO] [STDOUT]: [com.layue13.clashweave.forge.CombatServer:trace:786]: CW START player=P0A id=10 action=light_1 tick=732
[17:22:38] [Server thread/INFO] [STDOUT]: [com.layue13.clashweave.forge.CombatServer:trace:786]: CW AIM player=P0A id=10 requested=990.0 requestedPitch=0.0 selectedPitch=0.0 beforePitchDelta=0.0 afterPitchDelta=0.0 baseline=270.0 selected=990.0 beforeDelta=0.0 afterDelta=0.0 accepted=true
[17:22:38] [Server thread/INFO] [STDOUT]: [com.layue13.clashweave.validation.NetworkScenario:tick:105]: P0_PERF samples=300 meanNanos=308868 maxNanos=15602400
[17:22:40] [Server thread/INFO] [STDOUT]: [com.layue13.clashweave.forge.CombatServer:trace:786]: CW FACING player=P0A seq=96 requested=1080.0 known=0.0 chosen=1080.0 accepted=true reason=OK
[17:22:40] [Server thread/INFO] [STDOUT]: [com.layue13.clashweave.forge.CombatServer:trace:786]: CW START player=P0A id=11 action=light_1 tick=762
[17:22:40] [Server thread/INFO] [STDOUT]: [com.layue13.clashweave.forge.CombatServer:trace:786]: CW AIM player=P0A id=11 requested=1080.0 requestedPitch=0.0 selectedPitch=0.0 beforePitchDelta=0.0 afterPitchDelta=0.0 baseline=0.0 selected=1080.0 beforeDelta=0.0 afterDelta=0.0 accepted=true
[17:22:40] [Server thread/INFO] [STDOUT]: [com.layue13.clashweave.forge.CombatServer:trace:786]: CW FREEZE player=P0A targetPlayer=false target=74810 id=11 hitTick=766 frozen=37776208079600
[17:22:40] [Server thread/INFO] [STDOUT]: [com.layue13.clashweave.forge.CombatServer:trace:786]: CW COMMIT player=P0A targetPlayer=false target=74810 id=11 hitTick=766 commitTick=766 frozen=37776208079600 cutoff=37776208280200 guard=0 damage=3.0 hit=true hp=963.51996 facing=false
[17:22:41] [Server thread/INFO] [STDOUT]: [com.layue13.clashweave.forge.CombatServer:trace:786]: CW FACING player=P0A seq=98 requested=1260.0 known=180.0 chosen=1260.0 accepted=true reason=OK
[17:22:41] [Server thread/INFO] [STDOUT]: [com.layue13.clashweave.forge.CombatServer:trace:786]: CW START player=P0A id=12 action=light_1 tick=792
[17:22:41] [Server thread/INFO] [STDOUT]: [com.layue13.clashweave.forge.CombatServer:trace:786]: CW AIM player=P0A id=12 requested=1260.0 requestedPitch=0.0 selectedPitch=0.0 beforePitchDelta=0.0 afterPitchDelta=0.0 baseline=180.0 selected=1260.0 beforeDelta=0.0 afterDelta=0.0 accepted=true
[17:22:43] [Server thread/INFO] [STDOUT]: [com.layue13.clashweave.validation.NetworkScenario:tick:105]: P0_PERF samples=400 meanNanos=279351 maxNanos=15602400
[17:22:45] [Server thread/INFO] [STDOUT]: [com.layue13.clashweave.forge.CombatServer:trace:786]: CW FREEZE player=P0A targetPlayer=false target=74810 id=14 hitTick=857 frozen=37780761194300
[17:22:45] [Server thread/INFO] [STDOUT]: [com.layue13.clashweave.forge.CombatServer:trace:786]: CW COMMIT player=P0A targetPlayer=false target=74810 id=14 hitTick=857 commitTick=857 frozen=37780761194300 cutoff=37780762668500 guard=0 damage=3.0 hit=true hp=954.67993 facing=false
[17:22:48] [Server thread/INFO] [STDOUT]: [com.layue13.clashweave.validation.NetworkScenario:tick:105]: P0_PERF samples=500 meanNanos=258415 maxNanos=15602400
[17:22:53] [Server thread/INFO] [STDOUT]: [com.layue13.clashweave.validation.NetworkScenario:tick:105]: P0_PERF samples=600 meanNanos=234891 maxNanos=15602400
[17:22:55] [Server thread/INFO] [STDOUT]: [com.layue13.clashweave.forge.CombatServer:trace:786]: CW FREEZE player=P0A targetPlayer=false target=74810 id=21 hitTick=1066 frozen=37791209282100
[17:22:55] [Server thread/INFO] [STDOUT]: [com.layue13.clashweave.forge.CombatServer:trace:786]: CW COMMIT player=P0A targetPlayer=false target=74810 id=21 hitTick=1066 commitTick=1066 frozen=37791209282100 cutoff=37791209501200 guard=0 damage=3.0 hit=true hp=939.9199 facing=false
[17:22:58] [Server thread/INFO] [STDOUT]: [com.layue13.clashweave.validation.NetworkScenario:tick:105]: P0_PERF samples=700 meanNanos=221408 maxNanos=15602400
[17:23:00] [Server thread/INFO] [STDOUT]: [com.layue13.clashweave.forge.CombatServer:trace:786]: CW FREEZE player=P0A targetPlayer=false target=74810 id=24 hitTick=1155 frozen=37795657992000
[17:23:00] [Server thread/INFO] [STDOUT]: [com.layue13.clashweave.forge.CombatServer:trace:786]: CW COMMIT player=P0A targetPlayer=false target=74810 id=24 hitTick=1155 commitTick=1155 frozen=37795657992000 cutoff=37795658209200 guard=0 damage=3.0 hit=true hp=932.1599 facing=false
[17:23:03] [Server thread/INFO] [STDOUT]: [com.layue13.clashweave.validation.NetworkScenario:tick:105]: P0_PERF samples=800 meanNanos=203926 maxNanos=15602400
[17:23:08] [Server thread/INFO] [STDOUT]: [com.layue13.clashweave.validation.NetworkScenario:tick:105]: P0_PERF samples=900 meanNanos=186565 maxNanos=15602400
[17:23:13] [Server thread/INFO] [STDOUT]: [com.layue13.clashweave.validation.NetworkScenario:tick:105]: P0_PERF samples=1000 meanNanos=172585 maxNanos=15602400
[17:23:13] [Server thread/INFO] [STDOUT]: [com.layue13.clashweave.validation.NetworkScenario:tick:107]: P0_NETWORK COMPLETE
