# Log excerpt; complete raw log retained locally under build/p0/runs.
# Original lines: 159
# Marker counts: {'ERROR': 3, 'CW_RENDER': 1, 'Exception': 2, 'P0_AUDIO': 5, 'CW_VIEW': 5, 'CW_ENGAGEMENT': 2, 'P0_SWEEP_INPUT': 4, 'P0_LOCAL_AUDIO': 4, 'CW_LOCAL_SWING': 4, 'CW_ALIGN': 4, 'CW_FEEDBACK': 4, 'CW_FRAME': 4}
[15:25:15] [main/ERROR] [FML]: The binary patch set is missing. Either you are in a development environment, or things are not going to work!
[15:25:16] [main/ERROR] [FML]: FML appears to be missing any signature data. This is not a good thing
This is just a prompt for computer specs to be printed. THIS IS NOT A ERROR
[15:25:20] [Client thread/INFO] [STDOUT]: [com.layue13.clashweave.client.KatanaRendering:load:42]: CW_RENDER models loaded units=block blade=+Y sheath=downwardBipedY angle=45.0
[15:25:20] [Forge Version Check/INFO] [STDERR]: [java.lang.Throwable$WrappedPrintStream:println:749]: com.google.gson.JsonSyntaxException: java.lang.IllegalStateException: Expected BEGIN_OBJECT but was STRING at line 1 column 1
[15:25:20] [Forge Version Check/INFO] [STDERR]: [java.lang.Throwable$WrappedPrintStream:println:749]: Caused by: java.lang.IllegalStateException: Expected BEGIN_OBJECT but was STRING at line 1 column 1
[15:25:20] [Client thread/INFO] [STDOUT]: [com.layue13.clashweave.validation.ClientReplay:<init>:67]: P0_AUDIO initial loader settled
[15:25:32] [Client thread/INFO] [STDOUT]: [com.layue13.clashweave.client.ViewPreservingCorrections$Preserved:processPacket:75]: CW_VIEW packet=1 yawDelta=0.0 pitchDelta=0.0 requestedYawDelta=0.0 requestedPitchDelta=0.0 nano=30748495654500
[15:25:32] [Client thread/INFO] [STDOUT]: [com.layue13.clashweave.client.ClientProxy:apply:215]: CW_ENGAGEMENT player=P0A engaged=false revision=1 tick=213 receive=30748501248500
[15:25:48] [Client thread/INFO] [STDOUT]: [com.layue13.clashweave.client.ViewPreservingCorrections$Preserved:processPacket:75]: CW_VIEW packet=1 yawDelta=0.0 pitchDelta=0.0 requestedYawDelta=0.0 requestedPitchDelta=0.0 nano=30763834224800
[15:25:48] [Client thread/INFO] [STDOUT]: [com.layue13.clashweave.validation.ClientReplay:sweepReplay:255]: P0_SWEEP_INPUT case=1 feet=64.0 targetHeight=0.9 nano=30764384694500
[15:25:48] [Client thread/INFO] [STDOUT]: [com.layue13.clashweave.validation.ClientReplay:audio:396]: P0_LOCAL_AUDIO nano=30764385173000
[15:25:48] [Client thread/INFO] [STDOUT]: [com.layue13.clashweave.client.ClientProxy:send:147]: CW_LOCAL_SWING seq=6 press=30764384986000 feedback=30764387368600
[15:25:48] [Client thread/INFO] [STDOUT]: [com.layue13.clashweave.client.ClientProxy:apply:229]: CW_ALIGN player=P0A seq=6 predicted=0 authoritative=0 sameAction=true
[15:25:48] [Client thread/INFO] [STDOUT]: [com.layue13.clashweave.client.ClientProxy:apply:215]: CW_ENGAGEMENT player=P0A engaged=true revision=4 tick=572 receive=30764437686800
[15:25:49] [Client thread/INFO] [STDOUT]: [com.layue13.clashweave.client.ClientProxy:apply:274]: CW_FEEDBACK player=P0A result=HIT frozen=30764649885400 receive=30764687073300 corrections=0
[15:25:49] [Client thread/INFO] [STDOUT]: [com.layue13.clashweave.validation.ClientReplay:audio:397]: P0_AUDIO source=random.successful_hit frozen=30764649885400 nano=30764687446200
[15:25:49] [Client thread/INFO] [STDOUT]: [com.layue13.clashweave.client.ClientProxy:hud:341]: CW_FRAME frozen=30764649885400 frame=30764690169700
[15:25:49] [Client thread/INFO] [STDOUT]: [com.layue13.clashweave.client.ViewPreservingCorrections$Preserved:processPacket:75]: CW_VIEW packet=1 yawDelta=0.0 pitchDelta=0.0 requestedYawDelta=0.0 requestedPitchDelta=0.0 nano=30765334285900
[15:25:50] [Client thread/INFO] [STDOUT]: [com.layue13.clashweave.validation.ClientReplay:sweepReplay:255]: P0_SWEEP_INPUT case=2 feet=64.0 targetHeight=0.65 nano=30765885708000
[15:25:50] [Client thread/INFO] [STDOUT]: [com.layue13.clashweave.validation.ClientReplay:audio:396]: P0_LOCAL_AUDIO nano=30765886793100
[15:25:50] [Client thread/INFO] [STDOUT]: [com.layue13.clashweave.client.ClientProxy:send:147]: CW_LOCAL_SWING seq=8 press=30765886657300 feedback=30765887000100
[15:25:50] [Client thread/INFO] [STDOUT]: [com.layue13.clashweave.client.ClientProxy:apply:229]: CW_ALIGN player=P0A seq=8 predicted=0 authoritative=0 sameAction=true
[15:25:50] [Client thread/INFO] [STDOUT]: [com.layue13.clashweave.client.ClientProxy:apply:274]: CW_FEEDBACK player=P0A result=HIT frozen=30766099035700 receive=30766136614500 corrections=0
[15:25:50] [Client thread/INFO] [STDOUT]: [com.layue13.clashweave.validation.ClientReplay:audio:397]: P0_AUDIO source=random.successful_hit frozen=30766099035700 nano=30766136968200
[15:25:50] [Client thread/INFO] [STDOUT]: [com.layue13.clashweave.client.ClientProxy:hud:341]: CW_FRAME frozen=30766099035700 frame=30766137658700
[15:25:51] [Client thread/INFO] [STDOUT]: [com.layue13.clashweave.client.ViewPreservingCorrections$Preserved:processPacket:75]: CW_VIEW packet=1 yawDelta=0.0 pitchDelta=0.0 requestedYawDelta=0.0 requestedPitchDelta=0.0 nano=30766634588200
[15:25:51] [Client thread/INFO] [STDOUT]: [com.layue13.clashweave.validation.ClientReplay:sweepReplay:255]: P0_SWEEP_INPUT case=3 feet=64.0 targetHeight=1.8 nano=30767184865400
[15:25:51] [Client thread/INFO] [STDOUT]: [com.layue13.clashweave.validation.ClientReplay:audio:396]: P0_LOCAL_AUDIO nano=30767186091500
[15:25:51] [Client thread/INFO] [STDOUT]: [com.layue13.clashweave.client.ClientProxy:send:147]: CW_LOCAL_SWING seq=10 press=30767185957000 feedback=30767186312000
[15:25:51] [Client thread/INFO] [STDOUT]: [com.layue13.clashweave.client.ClientProxy:apply:229]: CW_ALIGN player=P0A seq=10 predicted=0 authoritative=0 sameAction=true
[15:25:51] [Client thread/INFO] [STDOUT]: [com.layue13.clashweave.client.ClientProxy:apply:274]: CW_FEEDBACK player=P0A result=HIT frozen=30767396676300 receive=30767437307800 corrections=0
[15:25:51] [Client thread/INFO] [STDOUT]: [com.layue13.clashweave.validation.ClientReplay:audio:397]: P0_AUDIO source=random.successful_hit frozen=30767396676300 nano=30767437638300
[15:25:51] [Client thread/INFO] [STDOUT]: [com.layue13.clashweave.client.ClientProxy:hud:341]: CW_FRAME frozen=30767396676300 frame=30767440375500
[15:25:52] [Client thread/INFO] [STDOUT]: [com.layue13.clashweave.client.ViewPreservingCorrections$Preserved:processPacket:75]: CW_VIEW packet=1 yawDelta=0.0 pitchDelta=0.0 requestedYawDelta=0.0 requestedPitchDelta=0.0 nano=30767934113200
[15:25:53] [Client thread/INFO] [STDOUT]: [com.layue13.clashweave.validation.ClientReplay:sweepReplay:255]: P0_SWEEP_INPUT case=4 feet=65.16610926093821 targetHeight=1.8 nano=30768685364600
[15:25:53] [Client thread/INFO] [STDOUT]: [com.layue13.clashweave.validation.ClientReplay:audio:396]: P0_LOCAL_AUDIO nano=30768686459700
[15:25:53] [Client thread/INFO] [STDOUT]: [com.layue13.clashweave.client.ClientProxy:send:147]: CW_LOCAL_SWING seq=12 press=30768686316400 feedback=30768686642600
[15:25:53] [Client thread/INFO] [STDOUT]: [com.layue13.clashweave.client.ClientProxy:apply:229]: CW_ALIGN player=P0A seq=12 predicted=0 authoritative=0 sameAction=true
[15:25:53] [Client thread/INFO] [STDOUT]: [com.layue13.clashweave.client.ClientProxy:apply:274]: CW_FEEDBACK player=P0A result=HIT frozen=30768899193900 receive=30768937291800 corrections=0
[15:25:53] [Client thread/INFO] [STDOUT]: [com.layue13.clashweave.validation.ClientReplay:audio:397]: P0_AUDIO source=random.successful_hit frozen=30768899193900 nano=30768937681500
[15:25:53] [Client thread/INFO] [STDOUT]: [com.layue13.clashweave.client.ClientProxy:hud:341]: CW_FRAME frozen=30768899193900 frame=30768938313100
