# Log excerpt; complete raw log retained locally under build/p0/runs.
# Original lines: 437
# Marker counts: {'ERROR': 3, 'CW_RENDER': 1, 'Exception': 2, 'P0_AUDIO': 36, 'CW_VIEW': 36, 'CW_ENGAGEMENT': 2, 'P0_APPEARANCE': 2, 'CW_PRESENT': 120, 'P0_REMOTE': 49, 'CW_FEEDBACK': 35, 'CW_FRAME': 35}
[17:50:10] [main/ERROR] [FML]: The binary patch set is missing. Either you are in a development environment, or things are not going to work!
[17:50:10] [main/ERROR] [FML]: FML appears to be missing any signature data. This is not a good thing
This is just a prompt for computer specs to be printed. THIS IS NOT A ERROR
[17:50:14] [Client thread/INFO] [STDOUT]: [com.layue13.clashweave.client.KatanaRendering:load:35]: CW_RENDER models loaded units=block blade=+Y sheath=downwardBipedY angle=45.0
[17:50:14] [Forge Version Check/INFO] [STDERR]: [java.lang.Throwable$WrappedPrintStream:println:749]: com.google.gson.JsonSyntaxException: java.lang.IllegalStateException: Expected BEGIN_OBJECT but was STRING at line 1 column 1
[17:50:14] [Forge Version Check/INFO] [STDERR]: [java.lang.Throwable$WrappedPrintStream:println:749]: Caused by: java.lang.IllegalStateException: Expected BEGIN_OBJECT but was STRING at line 1 column 1
[17:50:15] [Client thread/INFO] [STDOUT]: [com.layue13.clashweave.validation.ClientReplay:<init>:69]: P0_AUDIO initial loader settled
[17:50:19] [Client thread/INFO] [STDOUT]: [com.layue13.clashweave.client.ViewPreservingCorrections$Preserved:processPacket:140]: CW_VIEW packet=1 marker=0 protected=false yawDelta=180.0 pitchDelta=0.0 requestedYawDelta=180.0 requestedPitchDelta=0.0 nano=39434662225500
[17:50:19] [Client thread/INFO] [STDOUT]: [com.layue13.clashweave.client.ViewPreservingCorrections$Preserved:processPacket:140]: CW_VIEW packet=1 marker=0 protected=false yawDelta=180.0 pitchDelta=0.0 requestedYawDelta=180.0 requestedPitchDelta=0.0 nano=39434663268000
[17:50:19] [Client thread/INFO] [STDOUT]: [com.layue13.clashweave.client.ViewPreservingCorrections$Preserved:processPacket:140]: CW_VIEW packet=1 marker=0 protected=false yawDelta=0.0 pitchDelta=0.0 requestedYawDelta=0.0 requestedPitchDelta=0.0 nano=39434663504600
[17:50:19] [Client thread/INFO] [STDOUT]: [com.layue13.clashweave.client.ClientProxy:apply:246]: CW_ENGAGEMENT player=P0B engaged=false revision=3 tick=380 receive=39434708031900
[17:50:19] [Client thread/INFO] [STDOUT]: [com.layue13.clashweave.validation.ClientReplay:tick:96]: P0_APPEARANCE entity=0 skin=clashweave:katana effects=clashweave:default animations=clashweave:katana style=katana
[17:50:19] [Client thread/INFO] [STDOUT]: [com.layue13.clashweave.validation.ClientReplay:tick:96]: P0_APPEARANCE entity=63086 skin=clashweave:katana effects=clashweave:default animations=clashweave:katana style=katana
[17:50:19] [Client thread/INFO] [STDOUT]: [com.layue13.clashweave.client.ViewPreservingCorrections$Preserved:processPacket:140]: CW_VIEW packet=1 marker=0 protected=false yawDelta=0.0 pitchDelta=0.0 requestedYawDelta=0.0 requestedPitchDelta=0.0 nano=39434777470300
[17:50:19] [Client thread/INFO] [STDOUT]: [com.layue13.clashweave.client.ViewPreservingCorrections$Preserved:processPacket:140]: CW_VIEW packet=1 marker=0 protected=false yawDelta=31.184967 pitchDelta=0.0 requestedYawDelta=31.184967 requestedPitchDelta=0.0 nano=39435158211000
[17:50:19] [Client thread/INFO] [STDOUT]: [com.layue13.clashweave.client.ClientProxy:tick:190]: CW_PRESENT id=14 kind=SHEATHE actor=0 owner=63086
[17:50:19] [Client thread/INFO] [STDOUT]: [com.layue13.clashweave.validation.ClientReplay:tick:174]: P0_REMOTE action= sneak=false
[17:50:20] [Client thread/INFO] [STDOUT]: [com.layue13.clashweave.client.ClientProxy:apply:246]: CW_ENGAGEMENT player=P0B engaged=true revision=4 tick=402 receive=39435707755400
[17:50:20] [Client thread/INFO] [STDOUT]: [com.layue13.clashweave.client.ClientProxy:tick:190]: CW_PRESENT id=15 kind=DRAW actor=0 owner=63086
[17:50:20] [Client thread/INFO] [STDOUT]: [com.layue13.clashweave.client.ClientProxy:tick:190]: CW_PRESENT id=16 kind=SWING actor=0 owner=63086
[17:50:20] [Client thread/INFO] [STDOUT]: [com.layue13.clashweave.client.ClientProxy:apply:305]: CW_FEEDBACK player=P0B result=PARRY frozen=39436262451100 receive=39436475128900 corrections=0
[17:50:20] [Client thread/INFO] [STDOUT]: [com.layue13.clashweave.validation.ClientReplay:audio:418]: P0_AUDIO source=random.anvil_land frozen=39436262451100 nano=39436475573200
[17:50:20] [Client thread/INFO] [STDOUT]: [com.layue13.clashweave.client.ClientProxy:tick:190]: CW_PRESENT id=17 kind=PARRY actor=63086 owner=63086
[17:50:20] [Client thread/INFO] [STDOUT]: [com.layue13.clashweave.client.ClientProxy:hud:368]: CW_FRAME frozen=39436262451100 frame=39436481134000
[17:50:20] [Client thread/INFO] [STDOUT]: [com.layue13.clashweave.client.ClientProxy:tick:190]: CW_PRESENT id=18 kind=SWING actor=0 owner=63086
[17:50:21] [Client thread/INFO] [STDOUT]: [com.layue13.clashweave.validation.ClientReplay:tick:174]: P0_REMOTE action= sneak=false
[17:50:21] [Client thread/INFO] [STDOUT]: [com.layue13.clashweave.validation.ClientReplay:audio:418]: P0_AUDIO source=random.anvil_land frozen=39436708868700 nano=39436908238100
[17:50:21] [Client thread/INFO] [STDOUT]: [com.layue13.clashweave.client.ClientProxy:tick:190]: CW_PRESENT id=19 kind=BLOCK actor=63086 owner=63086
[17:50:21] [Client thread/INFO] [STDOUT]: [com.layue13.clashweave.client.ClientProxy:hud:368]: CW_FRAME frozen=39436708868700 frame=39436909227600
[17:50:21] [Client thread/INFO] [STDOUT]: [com.layue13.clashweave.client.ClientProxy:apply:305]: CW_FEEDBACK player=P0B result=BLOCK frozen=39436708868700 receive=39436958089000 corrections=0
[17:50:21] [Client thread/INFO] [STDOUT]: [com.layue13.clashweave.client.ClientProxy:tick:190]: CW_PRESENT id=20 kind=SWING actor=0 owner=63086
[17:50:21] [Client thread/INFO] [STDOUT]: [com.layue13.clashweave.client.ClientProxy:apply:305]: CW_FEEDBACK player=P0B result=BLOCK frozen=39437109261900 receive=39437324762900 corrections=0
[17:50:21] [Client thread/INFO] [STDOUT]: [com.layue13.clashweave.validation.ClientReplay:audio:418]: P0_AUDIO source=random.anvil_land frozen=39437109261900 nano=39437325096900
[17:50:21] [Client thread/INFO] [STDOUT]: [com.layue13.clashweave.client.ClientProxy:tick:190]: CW_PRESENT id=21 kind=BLOCK actor=63086 owner=63086
[17:50:21] [Client thread/INFO] [STDOUT]: [com.layue13.clashweave.client.ClientProxy:hud:368]: CW_FRAME frozen=39437109261900 frame=39437325973300
[17:50:21] [Client thread/INFO] [STDOUT]: [com.layue13.clashweave.client.ClientProxy:tick:190]: CW_PRESENT id=22 kind=SWING actor=0 owner=63086
[17:50:22] [Client thread/INFO] [STDOUT]: [com.layue13.clashweave.validation.ClientReplay:tick:174]: P0_REMOTE action= sneak=false
[17:50:22] [Client thread/INFO] [STDOUT]: [com.layue13.clashweave.client.ViewPreservingCorrections$Preserved:processPacket:140]: CW_VIEW packet=1 marker=0 protected=false yawDelta=94.96974 pitchDelta=0.0 requestedYawDelta=94.96974 requestedPitchDelta=0.0 nano=39438074606600
[17:50:22] [Client thread/INFO] [STDOUT]: [com.layue13.clashweave.client.ClientProxy:tick:190]: CW_PRESENT id=23 kind=SWING actor=0 owner=63086
[17:50:23] [Client thread/INFO] [STDOUT]: [com.layue13.clashweave.validation.ClientReplay:tick:174]: P0_REMOTE action= sneak=false
[17:50:23] [Client thread/INFO] [STDOUT]: [com.layue13.clashweave.client.ClientProxy:apply:305]: CW_FEEDBACK player=P0B result=PARRY frozen=39438807198600 receive=39439007651100 corrections=0
[17:50:23] [Client thread/INFO] [STDOUT]: [com.layue13.clashweave.validation.ClientReplay:audio:418]: P0_AUDIO source=random.anvil_land frozen=39438807198600 nano=39439007998700
[17:50:23] [Client thread/INFO] [STDOUT]: [com.layue13.clashweave.client.ClientProxy:tick:190]: CW_PRESENT id=24 kind=PARRY actor=63086 owner=63086
[17:50:23] [Client thread/INFO] [STDOUT]: [com.layue13.clashweave.client.ClientProxy:hud:368]: CW_FRAME frozen=39438807198600 frame=39439008848100
[17:50:23] [Client thread/INFO] [STDOUT]: [com.layue13.clashweave.client.ViewPreservingCorrections$Preserved:processPacket:140]: CW_VIEW packet=1 marker=0 protected=false yawDelta=37.59175 pitchDelta=0.0 requestedYawDelta=37.59175 requestedPitchDelta=0.0 nano=39439424414300
[17:50:24] [Client thread/INFO] [STDOUT]: [com.layue13.clashweave.validation.ClientReplay:tick:174]: P0_REMOTE action= sneak=false
[17:50:24] [Client thread/INFO] [STDOUT]: [com.layue13.clashweave.client.ViewPreservingCorrections$Preserved:processPacket:140]: CW_VIEW packet=1 marker=0 protected=false yawDelta=31.184967 pitchDelta=0.0 requestedYawDelta=31.184967 requestedPitchDelta=0.0 nano=39440208044000
[17:50:24] [Client thread/INFO] [STDOUT]: [com.layue13.clashweave.client.ClientProxy:tick:190]: CW_PRESENT id=25 kind=SHEATHE actor=0 owner=63086
[17:50:25] [Client thread/INFO] [STDOUT]: [com.layue13.clashweave.validation.ClientReplay:tick:174]: P0_REMOTE action= sneak=false
[17:50:25] [Client thread/INFO] [STDOUT]: [com.layue13.clashweave.client.ClientProxy:apply:305]: CW_FEEDBACK player=P0B result=PARRY frozen=39441306825900 receive=39441541536400 corrections=0
[17:50:25] [Client thread/INFO] [STDOUT]: [com.layue13.clashweave.validation.ClientReplay:audio:418]: P0_AUDIO source=random.anvil_land frozen=39441306825900 nano=39441541915600
[17:50:25] [Client thread/INFO] [STDOUT]: [com.layue13.clashweave.client.ClientProxy:hud:368]: CW_FRAME frozen=39441306825900 frame=39441542597400
[17:50:26] [Client thread/INFO] [STDOUT]: [com.layue13.clashweave.client.ClientProxy:apply:305]: CW_FEEDBACK player=P0B result=PARRY frozen=39441756223000 receive=39441908456100 corrections=0
[17:50:26] [Client thread/INFO] [STDOUT]: [com.layue13.clashweave.validation.ClientReplay:audio:418]: P0_AUDIO source=random.anvil_land frozen=39441756223000 nano=39441908717200
[17:50:26] [Client thread/INFO] [STDOUT]: [com.layue13.clashweave.validation.ClientReplay:tick:174]: P0_REMOTE action= sneak=false
[17:50:26] [Client thread/INFO] [STDOUT]: [com.layue13.clashweave.client.ClientProxy:hud:368]: CW_FRAME frozen=39441756223000 frame=39441909468300
[17:50:27] [Client thread/INFO] [STDOUT]: [com.layue13.clashweave.client.ViewPreservingCorrections$Preserved:processPacket:140]: CW_VIEW packet=1 marker=0 protected=false yawDelta=93.42122 pitchDelta=0.0 requestedYawDelta=93.42122 requestedPitchDelta=0.0 nano=39442824291100
[17:50:27] [Client thread/INFO] [STDOUT]: [com.layue13.clashweave.validation.ClientReplay:tick:174]: P0_REMOTE action= sneak=false
[17:50:28] [Client thread/INFO] [STDOUT]: [com.layue13.clashweave.validation.ClientReplay:tick:174]: P0_REMOTE action= sneak=false
[17:50:28] [Client thread/INFO] [STDOUT]: [com.layue13.clashweave.client.ClientProxy:apply:305]: CW_FEEDBACK player=P0B result=PARRY frozen=39443807833500 receive=39444042404600 corrections=0
[17:50:28] [Client thread/INFO] [STDOUT]: [com.layue13.clashweave.validation.ClientReplay:audio:418]: P0_AUDIO source=random.anvil_land frozen=39443807833500 nano=39444042756100
[17:50:28] [Client thread/INFO] [STDOUT]: [com.layue13.clashweave.client.ClientProxy:hud:368]: CW_FRAME frozen=39443807833500 frame=39444043580200
[17:50:28] [Client thread/INFO] [STDOUT]: [com.layue13.clashweave.client.ViewPreservingCorrections$Preserved:processPacket:140]: CW_VIEW packet=1 marker=0 protected=false yawDelta=37.59175 pitchDelta=0.0 requestedYawDelta=37.59175 requestedPitchDelta=0.0 nano=39444441250100
[17:50:29] [Client thread/INFO] [STDOUT]: [com.layue13.clashweave.validation.ClientReplay:tick:174]: P0_REMOTE action= sneak=false
[17:50:29] [Client thread/INFO] [STDOUT]: [com.layue13.clashweave.client.ViewPreservingCorrections$Preserved:processPacket:140]: CW_VIEW packet=1 marker=0 protected=false yawDelta=31.184967 pitchDelta=0.0 requestedYawDelta=31.184967 requestedPitchDelta=0.0 nano=39445257246900
[17:50:30] [Client thread/INFO] [STDOUT]: [com.layue13.clashweave.validation.ClientReplay:tick:174]: P0_REMOTE action= sneak=false
[17:50:30] [Client thread/INFO] [STDOUT]: [com.layue13.clashweave.client.ClientProxy:apply:305]: CW_FEEDBACK player=P0B result=PARRY frozen=39446307957800 receive=39446524567800 corrections=0
[17:50:30] [Client thread/INFO] [STDOUT]: [com.layue13.clashweave.validation.ClientReplay:audio:418]: P0_AUDIO source=random.anvil_land frozen=39446307957800 nano=39446524937400
[17:50:30] [Client thread/INFO] [STDOUT]: [com.layue13.clashweave.client.ClientProxy:hud:368]: CW_FRAME frozen=39446307957800 frame=39446525654700
[17:50:31] [Client thread/INFO] [STDOUT]: [com.layue13.clashweave.client.ClientProxy:apply:305]: CW_FEEDBACK player=P0B result=BLOCK frozen=39446756047100 receive=39446926605000 corrections=0
[17:50:31] [Client thread/INFO] [STDOUT]: [com.layue13.clashweave.validation.ClientReplay:audio:418]: P0_AUDIO source=random.anvil_land frozen=39446756047100 nano=39446926986700
[17:50:31] [Client thread/INFO] [STDOUT]: [com.layue13.clashweave.client.ClientProxy:hud:368]: CW_FRAME frozen=39446756047100 frame=39446928236900
[17:50:31] [Client thread/INFO] [STDOUT]: [com.layue13.clashweave.validation.ClientReplay:tick:174]: P0_REMOTE action= sneak=false
[17:50:31] [Client thread/INFO] [STDOUT]: [com.layue13.clashweave.client.ClientProxy:apply:305]: CW_FEEDBACK player=P0B result=BLOCK frozen=39447107116800 receive=39447326869900 corrections=0
[17:50:31] [Client thread/INFO] [STDOUT]: [com.layue13.clashweave.validation.ClientReplay:audio:418]: P0_AUDIO source=random.anvil_land frozen=39447107116800 nano=39447327179400
[17:50:31] [Client thread/INFO] [STDOUT]: [com.layue13.clashweave.client.ClientProxy:hud:368]: CW_FRAME frozen=39447107116800 frame=39447328041200
[17:50:32] [Client thread/INFO] [STDOUT]: [com.layue13.clashweave.client.ViewPreservingCorrections$Preserved:processPacket:140]: CW_VIEW packet=1 marker=0 protected=false yawDelta=78.59942 pitchDelta=0.0 requestedYawDelta=78.59942 requestedPitchDelta=0.0 nano=39448074139400
[17:50:33] [Client thread/INFO] [STDOUT]: [com.layue13.clashweave.client.ClientProxy:apply:305]: CW_FEEDBACK player=P0B result=PARRY frozen=39448806355800 receive=39448991415300 corrections=0
[17:50:33] [Client thread/INFO] [STDOUT]: [com.layue13.clashweave.validation.ClientReplay:audio:418]: P0_AUDIO source=random.anvil_land frozen=39448806355800 nano=39448991714500
[17:50:33] [Client thread/INFO] [STDOUT]: [com.layue13.clashweave.client.ClientProxy:hud:368]: CW_FRAME frozen=39448806355800 frame=39448992622000
[17:50:33] [Client thread/INFO] [STDOUT]: [com.layue13.clashweave.client.ViewPreservingCorrections$Preserved:processPacket:140]: CW_VIEW packet=1 marker=0 protected=false yawDelta=37.59175 pitchDelta=0.0 requestedYawDelta=37.59175 requestedPitchDelta=0.0 nano=39449441424000
[17:50:34] [Client thread/INFO] [STDOUT]: [com.layue13.clashweave.client.ViewPreservingCorrections$Preserved:processPacket:140]: CW_VIEW packet=1 marker=0 protected=false yawDelta=31.184967 pitchDelta=0.0 requestedYawDelta=31.184967 requestedPitchDelta=0.0 nano=39450241307900
[17:50:35] [Client thread/INFO] [STDOUT]: [com.layue13.clashweave.client.ClientProxy:apply:305]: CW_FEEDBACK player=P0B result=PARRY frozen=39451306224500 receive=39451491399700 corrections=0
[17:50:35] [Client thread/INFO] [STDOUT]: [com.layue13.clashweave.client.ClientProxy:hud:368]: CW_FRAME frozen=39451306224500 frame=39451492512100
[17:50:37] [Client thread/INFO] [STDOUT]: [com.layue13.clashweave.client.ViewPreservingCorrections$Preserved:processPacket:140]: CW_VIEW packet=1 marker=0 protected=false yawDelta=78.09135 pitchDelta=0.0 requestedYawDelta=78.09135 requestedPitchDelta=0.0 nano=39452841390900
[17:50:38] [Client thread/INFO] [STDOUT]: [com.layue13.clashweave.client.ViewPreservingCorrections$Preserved:processPacket:140]: CW_VIEW packet=1 marker=0 protected=false yawDelta=37.59175 pitchDelta=0.0 requestedYawDelta=37.59175 requestedPitchDelta=0.0 nano=39454441095900
[17:50:39] [Client thread/INFO] [STDOUT]: [com.layue13.clashweave.client.ViewPreservingCorrections$Preserved:processPacket:140]: CW_VIEW packet=1 marker=0 protected=false yawDelta=31.184967 pitchDelta=0.0 requestedYawDelta=31.184967 requestedPitchDelta=0.0 nano=39455241445100
[17:50:42] [Client thread/INFO] [STDOUT]: [com.layue13.clashweave.client.ViewPreservingCorrections$Preserved:processPacket:140]: CW_VIEW packet=1 marker=0 protected=false yawDelta=90.56722 pitchDelta=0.0 requestedYawDelta=90.56722 requestedPitchDelta=0.0 nano=39458107197800
[17:50:43] [Client thread/INFO] [STDOUT]: [com.layue13.clashweave.client.ViewPreservingCorrections$Preserved:processPacket:140]: CW_VIEW packet=1 marker=0 protected=false yawDelta=37.59175 pitchDelta=0.0 requestedYawDelta=37.59175 requestedPitchDelta=0.0 nano=39459457302300
[17:50:43] [Client thread/INFO] [STDOUT]: [com.layue13.clashweave.client.ViewPreservingCorrections$Preserved:processPacket:140]: CW_VIEW packet=1 marker=0 protected=false yawDelta=37.59175 pitchDelta=0.0 requestedYawDelta=37.59175 requestedPitchDelta=0.0 nano=39459507265100
[17:50:44] [Client thread/INFO] [STDOUT]: [com.layue13.clashweave.client.ViewPreservingCorrections$Preserved:processPacket:140]: CW_VIEW packet=1 marker=0 protected=false yawDelta=31.184967 pitchDelta=0.0 requestedYawDelta=31.184967 requestedPitchDelta=0.0 nano=39460257636300
[17:50:47] [Client thread/INFO] [STDOUT]: [com.layue13.clashweave.client.ViewPreservingCorrections$Preserved:processPacket:140]: CW_VIEW packet=1 marker=0 protected=false yawDelta=79.80235 pitchDelta=0.0 requestedYawDelta=79.80235 requestedPitchDelta=0.0 nano=39462757092200
[17:50:48] [Client thread/INFO] [STDOUT]: [com.layue13.clashweave.client.ViewPreservingCorrections$Preserved:processPacket:140]: CW_VIEW packet=1 marker=0 protected=false yawDelta=37.59175 pitchDelta=0.0 requestedYawDelta=37.59175 requestedPitchDelta=0.0 nano=39464456988000
[17:50:48] [Client thread/INFO] [STDOUT]: [com.layue13.clashweave.client.ViewPreservingCorrections$Preserved:processPacket:140]: CW_VIEW packet=1 marker=0 protected=false yawDelta=37.59175 pitchDelta=0.0 requestedYawDelta=37.59175 requestedPitchDelta=0.0 nano=39464506936300
[17:50:49] [Client thread/INFO] [STDOUT]: [com.layue13.clashweave.client.ViewPreservingCorrections$Preserved:processPacket:140]: CW_VIEW packet=1 marker=0 protected=false yawDelta=31.184967 pitchDelta=0.0 requestedYawDelta=31.184967 requestedPitchDelta=0.0 nano=39465256970200
[17:50:52] [Client thread/INFO] [STDOUT]: [com.layue13.clashweave.client.ViewPreservingCorrections$Preserved:processPacket:140]: CW_VIEW packet=1 marker=0 protected=false yawDelta=79.48792 pitchDelta=0.0 requestedYawDelta=79.48792 requestedPitchDelta=0.0 nano=39468007186600
[17:50:53] [Client thread/INFO] [STDOUT]: [com.layue13.clashweave.client.ViewPreservingCorrections$Preserved:processPacket:140]: CW_VIEW packet=1 marker=0 protected=false yawDelta=37.59175 pitchDelta=0.0 requestedYawDelta=37.59175 requestedPitchDelta=0.0 nano=39469407096800
[17:50:54] [Client thread/INFO] [STDOUT]: [com.layue13.clashweave.client.ViewPreservingCorrections$Preserved:processPacket:140]: CW_VIEW packet=1 marker=0 protected=false yawDelta=31.184967 pitchDelta=0.0 requestedYawDelta=31.184967 requestedPitchDelta=0.0 nano=39470207119300
[17:50:57] [Client thread/INFO] [STDOUT]: [com.layue13.clashweave.client.ViewPreservingCorrections$Preserved:processPacket:140]: CW_VIEW packet=1 marker=0 protected=false yawDelta=79.22982 pitchDelta=0.0 requestedYawDelta=79.22982 requestedPitchDelta=0.0 nano=39472807537900
[17:50:58] [Client thread/INFO] [STDOUT]: [com.layue13.clashweave.client.ViewPreservingCorrections$Preserved:processPacket:140]: CW_VIEW packet=1 marker=0 protected=false yawDelta=37.59175 pitchDelta=0.0 requestedYawDelta=37.59175 requestedPitchDelta=0.0 nano=39474407450900
[17:50:59] [Client thread/INFO] [STDOUT]: [com.layue13.clashweave.client.ViewPreservingCorrections$Preserved:processPacket:140]: CW_VIEW packet=1 marker=0 protected=false yawDelta=31.184967 pitchDelta=0.0 requestedYawDelta=31.184967 requestedPitchDelta=0.0 nano=39475207123600
[17:51:02] [Client thread/INFO] [STDOUT]: [com.layue13.clashweave.client.ViewPreservingCorrections$Preserved:processPacket:140]: CW_VIEW packet=1 marker=0 protected=false yawDelta=90.56722 pitchDelta=0.0 requestedYawDelta=90.56722 requestedPitchDelta=0.0 nano=39478107870400
[17:51:03] [Client thread/INFO] [STDOUT]: [com.layue13.clashweave.client.ViewPreservingCorrections$Preserved:processPacket:140]: CW_VIEW packet=1 marker=0 protected=false yawDelta=37.59175 pitchDelta=0.0 requestedYawDelta=37.59175 requestedPitchDelta=0.0 nano=39479407041500
[17:51:04] [Client thread/INFO] [STDOUT]: [com.layue13.clashweave.client.ViewPreservingCorrections$Preserved:processPacket:140]: CW_VIEW packet=1 marker=0 protected=false yawDelta=31.184967 pitchDelta=0.0 requestedYawDelta=31.184967 requestedPitchDelta=0.0 nano=39480207744600
[17:51:07] [Client thread/INFO] [STDOUT]: [com.layue13.clashweave.client.ViewPreservingCorrections$Preserved:processPacket:140]: CW_VIEW packet=1 marker=0 protected=false yawDelta=78.09135 pitchDelta=0.0 requestedYawDelta=78.09135 requestedPitchDelta=0.0 nano=39482808261200
[17:51:08] [Client thread/INFO] [STDOUT]: [com.layue13.clashweave.client.ViewPreservingCorrections$Preserved:processPacket:140]: CW_VIEW packet=1 marker=0 protected=false yawDelta=37.59175 pitchDelta=0.0 requestedYawDelta=37.59175 requestedPitchDelta=0.0 nano=39484407450400
