
> Configure project :
Version override set to 0.1.0-dev!
You might want to check out './gradlew :faq' if your build fails.
Build script update from 2.0.33 to 2.0.34 available! Run ./gradlew updateBuildScript
'indentWithSpaces' is deprecated, use 'leadingTabsToSpaces' in your gradle build script instead.
'indentWithSpaces' is deprecated, use 'leadingTabsToSpaces' in your gradle build script instead.

> Task :spotlessJava
> Task :spotlessJavaApply
> Task :spotlessKotlin UP-TO-DATE
> Task :spotlessKotlinApply UP-TO-DATE
> Task :spotlessMisc UP-TO-DATE
> Task :spotlessMiscApply UP-TO-DATE
> Task :spotlessScala UP-TO-DATE
> Task :spotlessScalaApply UP-TO-DATE
> Task :spotlessApply
> Task :compileInjectedInterfacesJava NO-SOURCE
> Task :extractDependencyATs SKIPPED
> Task :generateForgeSrgMappings SKIPPED
> Task :downloadVanillaJars SKIPPED
> Task :mergeVanillaSidedJars SKIPPED
> Task :deobfuscateMergedJarToSrg SKIPPED
> Task :downloadFernflower SKIPPED
> Task :decompileSrgJar SKIPPED
> Task :cleanupDecompSrgJar SKIPPED
> Task :patchDecompiledJar SKIPPED
> Task :applyJST SKIPPED
> Task :remapDecompiledJar SKIPPED
> Task :decompressDecompiledSources UP-TO-DATE
> Task :processInjectedInterfacesResources NO-SOURCE
> Task :injectedInterfacesClasses UP-TO-DATE
> Task :compilePatchedMcJava UP-TO-DATE
> Task :processPatchedMcResources UP-TO-DATE
> Task :patchedMcClasses UP-TO-DATE
> Task :compileApiJava NO-SOURCE
> Task :processApiResources NO-SOURCE
> Task :apiClasses UP-TO-DATE
> Task :checkstyleApi NO-SOURCE
> Task :injectTags UP-TO-DATE
> Task :compileInjectedTagsJava UP-TO-DATE
> Task :extractNatives2 UP-TO-DATE
> Task :createMcLauncherFiles UP-TO-DATE
> Task :compileMcLauncherJava UP-TO-DATE
> Task :processInjectedTagsResources NO-SOURCE
> Task :injectedTagsClasses UP-TO-DATE
> Task :processMcLauncherResources NO-SOURCE
> Task :mcLauncherClasses UP-TO-DATE
> Task :compileJava
> Task :processResources UP-TO-DATE
> Task :classes
> Task :packageMcLauncher UP-TO-DATE
> Task :packagePatchedMc UP-TO-DATE
> Task :compileIdeVirtualMainJava SKIPPED
> Task :jar
> Task :processIdeVirtualMainResources SKIPPED
> Task :reobfJar
> Task :spotlessJavaCheck UP-TO-DATE
> Task :spotlessKotlinCheck UP-TO-DATE
> Task :spotlessMiscCheck UP-TO-DATE
> Task :spotlessScalaCheck UP-TO-DATE
> Task :spotlessCheck UP-TO-DATE
> Task :ideVirtualMainClasses SKIPPED
> Task :checkstyleIdeVirtualMain SKIPPED
> Task :checkstyleInjectedInterfaces NO-SOURCE
> Task :checkstyleInjectedTags SKIPPED
> Task :checkstyleMcLauncher SKIPPED
> Task :compileP0ValidationJava UP-TO-DATE
> Task :processP0ValidationResources NO-SOURCE
> Task :p0ValidationClasses UP-TO-DATE
> Task :checkstylePatchedMc SKIPPED
> Task :compileTestJava
> Task :processTestResources NO-SOURCE
> Task :testClasses
> Task :p0ValidationJar UP-TO-DATE

> Task :test

AuthorityTest > sessionReplayFutureAndStaleRejectWithoutFallback PASSED

AuthorityTest > cumulativeBudgetAllowsBatchAfterLongTickButRejectsTeleportAndTotalOverflow PASSED

AuthorityTest > guardRequiresBothClocksAndStrictArrivalBoundary PASSED

SchedulerTest > interruptionRejectsBoundEdge PASSED

SchedulerTest > latestValidRequestReplacesButInvalidDoesNotErase PASSED

SchedulerTest > hitLedgerIsPerTargetAndSegmentAndClearsAtEnd PASSED

SchedulerTest > frozenTradeSurvivesEveryTraversalPermutation PASSED

SchedulerTest > expiredDerivativeNeverBecomesIdleAttack PASSED

SchedulerTest > illegalNodesAndUnavailableLauncherReject PASSED

> Task :downloadAssetManifest SKIPPED
> Task :downloadVanillaAssets UP-TO-DATE
> Task :p0LaunchFiles
> Task :checkstyleP0Validation
> Task :checkstyleTest
> Task :checkstyleMain
> Task :check

[Incubating] Problems report is available at: file:///C:/Users/layue13/Documents/Projects/Clashweave/build/reports/problems/problems-report.html

Deprecated Gradle features were used in this build, making it incompatible with Gradle 10.

You can use '--warning-mode all' to show the individual deprecation warnings and determine if they come from your own scripts or plugins.

For more on this, please refer to https://docs.gradle.org/9.7.1/userguide/command_line_interface.html#sec:command_line_warnings in the Gradle documentation.

BUILD SUCCESSFUL in 3s
35 actionable tasks: 11 executed, 24 up-to-date
