# Log excerpt; complete raw log retained locally under build/p0/runs.
# Original lines: 451
# Marker counts: {'ERROR': 3, 'CW_RENDER': 1, 'Exception': 2, 'P0_AUDIO': 1, 'CW_VIEW': 53, 'CW_ENGAGEMENT': 2, 'P0_APPEARANCE': 2, 'P0_REPLAY': 29, 'P0_CAPTURE': 16, 'P0_POSE': 3, 'P0_LOCAL_AUDIO': 30, 'CW_LOCAL_SWING': 30, 'P0_REQUEST': 59, 'CW_ALIGN': 44, 'CW_PRESENT': 59}
[15:49:46] [main/ERROR] [FML]: The binary patch set is missing. Either you are in a development environment, or things are not going to work!
[15:49:46] [main/ERROR] [FML]: FML appears to be missing any signature data. This is not a good thing
This is just a prompt for computer specs to be printed. THIS IS NOT A ERROR
[15:49:50] [Client thread/INFO] [STDOUT]: [com.layue13.clashweave.client.KatanaRendering:load:35]: CW_RENDER models loaded units=block blade=+Y sheath=downwardBipedY angle=45.0
[15:49:50] [Forge Version Check/INFO] [STDERR]: [java.lang.Throwable$WrappedPrintStream:println:749]: com.google.gson.JsonSyntaxException: java.lang.IllegalStateException: Expected BEGIN_OBJECT but was STRING at line 1 column 1
[15:49:50] [Forge Version Check/INFO] [STDERR]: [java.lang.Throwable$WrappedPrintStream:println:749]: Caused by: java.lang.IllegalStateException: Expected BEGIN_OBJECT but was STRING at line 1 column 1
[15:49:50] [Client thread/INFO] [STDOUT]: [com.layue13.clashweave.validation.ClientReplay:<init>:68]: P0_AUDIO initial loader settled
[15:49:55] [Client thread/INFO] [STDOUT]: [com.layue13.clashweave.client.ViewPreservingCorrections$Preserved:processPacket:73]: CW_VIEW packet=1 yawDelta=0.0 pitchDelta=0.0 requestedYawDelta=0.0 requestedPitchDelta=0.0 nano=32210902400900
[15:49:55] [Client thread/INFO] [STDOUT]: [com.layue13.clashweave.client.ViewPreservingCorrections$Preserved:processPacket:73]: CW_VIEW packet=1 yawDelta=0.0 pitchDelta=0.0 requestedYawDelta=0.0 requestedPitchDelta=0.0 nano=32210902721400
[15:49:55] [Client thread/INFO] [STDOUT]: [com.layue13.clashweave.client.ViewPreservingCorrections$Preserved:processPacket:73]: CW_VIEW packet=1 yawDelta=0.0 pitchDelta=0.0 requestedYawDelta=0.0 requestedPitchDelta=0.0 nano=32210902961000
[15:49:55] [Client thread/INFO] [STDOUT]: [com.layue13.clashweave.client.ViewPreservingCorrections$Preserved:processPacket:73]: CW_VIEW packet=1 yawDelta=0.0 pitchDelta=0.0 requestedYawDelta=0.0 requestedPitchDelta=0.0 nano=32210903168900
[15:49:55] [Client thread/INFO] [STDOUT]: [com.layue13.clashweave.client.ViewPreservingCorrections$Preserved:processPacket:73]: CW_VIEW packet=1 yawDelta=0.0 pitchDelta=0.0 requestedYawDelta=0.0 requestedPitchDelta=0.0 nano=32210903384000
[15:49:55] [Client thread/INFO] [STDOUT]: [com.layue13.clashweave.client.ViewPreservingCorrections$Preserved:processPacket:73]: CW_VIEW packet=1 yawDelta=0.0 pitchDelta=0.0 requestedYawDelta=0.0 requestedPitchDelta=0.0 nano=32210903598700
[15:49:55] [Client thread/INFO] [STDOUT]: [com.layue13.clashweave.client.ViewPreservingCorrections$Preserved:processPacket:73]: CW_VIEW packet=1 yawDelta=0.0 pitchDelta=0.0 requestedYawDelta=0.0 requestedPitchDelta=0.0 nano=32210903795000
[15:49:55] [Client thread/INFO] [STDOUT]: [com.layue13.clashweave.client.ViewPreservingCorrections$Preserved:processPacket:73]: CW_VIEW packet=1 yawDelta=0.0 pitchDelta=0.0 requestedYawDelta=0.0 requestedPitchDelta=0.0 nano=32210903980400
[15:49:55] [Client thread/INFO] [STDOUT]: [com.layue13.clashweave.client.ViewPreservingCorrections$Preserved:processPacket:73]: CW_VIEW packet=1 yawDelta=0.0 pitchDelta=0.0 requestedYawDelta=0.0 requestedPitchDelta=0.0 nano=32210904163300
[15:49:55] [Client thread/INFO] [STDOUT]: [com.layue13.clashweave.client.ViewPreservingCorrections$Preserved:processPacket:73]: CW_VIEW packet=1 yawDelta=0.0 pitchDelta=0.0 requestedYawDelta=0.0 requestedPitchDelta=0.0 nano=32210904354000
[15:49:55] [Client thread/INFO] [STDOUT]: [com.layue13.clashweave.client.ViewPreservingCorrections$Preserved:processPacket:73]: CW_VIEW packet=1 yawDelta=0.0 pitchDelta=0.0 requestedYawDelta=0.0 requestedPitchDelta=0.0 nano=32210904524600
[15:49:55] [Client thread/INFO] [STDOUT]: [com.layue13.clashweave.client.ViewPreservingCorrections$Preserved:processPacket:73]: CW_VIEW packet=1 yawDelta=0.0 pitchDelta=0.0 requestedYawDelta=0.0 requestedPitchDelta=0.0 nano=32210904715800
[15:49:55] [Client thread/INFO] [STDOUT]: [com.layue13.clashweave.client.ClientProxy:apply:239]: CW_ENGAGEMENT player=P0A engaged=false revision=1 tick=175 receive=32211172067200
[15:49:55] [Client thread/INFO] [STDOUT]: [com.layue13.clashweave.validation.ClientReplay:tick:95]: P0_APPEARANCE entity=0 skin=clashweave:katana effects=clashweave:default animations=clashweave:katana style=katana
[15:49:57] [Client thread/INFO] [STDOUT]: [com.layue13.clashweave.validation.ClientReplay:tick:238]: P0_REPLAY tick=40 action= progress=2.8800000001183435E-4 feedback=
[15:49:57] [Client thread/INFO] [STDOUT]: [com.layue13.clashweave.validation.ClientReplay:frame:385]: P0_CAPTURE sheathed-0 instance=0 progress=1.8559188896545038 nano=32213420931300
[15:49:57] [Client thread/INFO] [STDOUT]: [com.layue13.clashweave.validation.ClientReplay:frame:385]: P0_CAPTURE sheathed-2 instance=0 progress=1.961829999999992 nano=32213520427900
[15:49:58] [Client thread/INFO] [STDOUT]: [com.layue13.clashweave.validation.ClientReplay:frame:385]: P0_CAPTURE pose-waist-0 instance=0 progress=2.373033701112064 nano=32213746338900
[15:49:58] [Client thread/INFO] [STDOUT]: [com.layue13.clashweave.validation.ClientReplay:tick:187]: P0_POSE walk onGround=true feetY=64.0 water=false
[15:49:58] [Client thread/INFO] [STDOUT]: [com.layue13.clashweave.validation.ClientReplay:frame:385]: P0_CAPTURE pose-walk-1 instance=0 progress=1.9060499999999934 nano=32214010003500
[15:49:59] [Client thread/INFO] [STDOUT]: [com.layue13.clashweave.validation.ClientReplay:tick:187]: P0_POSE jump onGround=false feetY=65.24918707874468 water=false
[15:49:59] [Client thread/INFO] [STDOUT]: [com.layue13.clashweave.validation.ClientReplay:frame:385]: P0_CAPTURE pose-jump-1 instance=0 progress=2.0259599999999978 nano=32214744835000
[15:49:59] [Client thread/INFO] [STDOUT]: [com.layue13.clashweave.validation.ClientReplay:tick:187]: P0_POSE sneak onGround=true feetY=64.0 water=false
[15:49:59] [Client thread/INFO] [STDOUT]: [com.layue13.clashweave.validation.ClientReplay:frame:385]: P0_CAPTURE pose-sneak-1 instance=0 progress=1.9566469725238562 nano=32215211323500
[15:49:59] [Client thread/INFO] [STDOUT]: [com.layue13.clashweave.validation.ClientReplay:audio:398]: P0_LOCAL_AUDIO nano=32215379278200
[15:49:59] [Client thread/INFO] [STDOUT]: [com.layue13.clashweave.client.ClientProxy:send:156]: CW_LOCAL_SWING seq=2 press=32215379035500 feedback=32215383090700
[15:49:59] [Client thread/INFO] [STDOUT]: [com.layue13.clashweave.validation.ClientReplay:request:300]: P0_REQUEST intent=LIGHT yaw=0.0 pitch=0.0 nano=32215383401800
[15:49:59] [Client thread/INFO] [STDOUT]: [com.layue13.clashweave.validation.ClientReplay:tick:238]: P0_REPLAY tick=80 action= progress=2.75999999985288E-4 feedback=
[15:49:59] [Client thread/INFO] [STDOUT]: [com.layue13.clashweave.client.ClientProxy:apply:253]: CW_ALIGN player=P0A seq=2 predicted=0 authoritative=0 sameAction=true
[15:49:59] [Client thread/INFO] [STDOUT]: [com.layue13.clashweave.client.ClientProxy:apply:239]: CW_ENGAGEMENT player=P0A engaged=true revision=2 tick=278 receive=32215431202800
[15:49:59] [Client thread/INFO] [STDOUT]: [com.layue13.clashweave.client.ClientProxy:tick:183]: CW_PRESENT id=1 kind=DRAW actor=0 owner=0
[15:49:59] [Client thread/INFO] [STDOUT]: [com.layue13.clashweave.client.ClientProxy:tick:183]: CW_PRESENT id=2 kind=SWING actor=0 owner=0
[15:49:59] [Client thread/INFO] [STDOUT]: [com.layue13.clashweave.validation.ClientReplay:frame:385]: P0_CAPTURE draw-0 instance=1 progress=2.5739940000000274 nano=32215557472900
[15:50:00] [Client thread/INFO] [STDOUT]: [com.layue13.clashweave.validation.ClientReplay:frame:385]: P0_CAPTURE draw-2 instance=1 progress=3.044031482072967 nano=32215642593900
[15:50:00] [Client thread/INFO] [STDOUT]: [com.layue13.clashweave.validation.ClientReplay:request:300]: P0_REQUEST intent=LIGHT yaw=0.0 pitch=0.0 nano=32215728668000
[15:50:00] [Client thread/INFO] [STDOUT]: [com.layue13.clashweave.validation.ClientReplay:frame:385]: P0_CAPTURE drawn-side instance=0 progress=1.631488735434118 nano=32216419849300
[15:50:00] [Client thread/INFO] [STDOUT]: [com.layue13.clashweave.validation.ClientReplay:frame:385]: P0_CAPTURE drawn-rear instance=0 progress=2.026229999999998 nano=32216522363300
[15:50:01] [Client thread/INFO] [STDOUT]: [com.layue13.clashweave.validation.ClientReplay:tick:238]: P0_REPLAY tick=120 action= progress=1.1094053587612507E-4 feedback=EXPIRED_OR_CHANGED
[15:50:02] [Client thread/INFO] [STDOUT]: [com.layue13.clashweave.validation.ClientReplay:audio:398]: P0_LOCAL_AUDIO nano=32217689583200
[15:50:02] [Client thread/INFO] [STDOUT]: [com.layue13.clashweave.client.ClientProxy:send:156]: CW_LOCAL_SWING seq=5 press=32217689446600 feedback=32217690547100
[15:50:02] [Client thread/INFO] [STDOUT]: [com.layue13.clashweave.validation.ClientReplay:request:300]: P0_REQUEST intent=LIGHT yaw=0.0 pitch=0.0 nano=32217690745500
[15:50:02] [Client thread/INFO] [STDOUT]: [com.layue13.clashweave.client.ClientProxy:apply:253]: CW_ALIGN player=P0A seq=5 predicted=0 authoritative=0 sameAction=true
[15:50:02] [Client thread/INFO] [STDOUT]: [com.layue13.clashweave.client.ClientProxy:tick:183]: CW_PRESENT id=3 kind=SWING actor=0 owner=0
[15:50:02] [Client thread/INFO] [STDOUT]: [com.layue13.clashweave.validation.ClientReplay:request:300]: P0_REQUEST intent=HEAVY yaw=0.0 pitch=0.0 nano=32217990253700
[15:50:03] [Client thread/INFO] [STDOUT]: [com.layue13.clashweave.validation.ClientReplay:audio:398]: P0_LOCAL_AUDIO nano=32218957079000
[15:50:03] [Client thread/INFO] [STDOUT]: [com.layue13.clashweave.client.ClientProxy:send:156]: CW_LOCAL_SWING seq=8 press=32218956912900 feedback=32218957431500
[15:50:03] [Client thread/INFO] [STDOUT]: [com.layue13.clashweave.validation.ClientReplay:request:300]: P0_REQUEST intent=HEAVY yaw=0.0 pitch=0.0 nano=32218957593300
[15:50:03] [Client thread/INFO] [STDOUT]: [com.layue13.clashweave.client.ClientProxy:apply:253]: CW_ALIGN player=P0A seq=8 predicted=0 authoritative=0 sameAction=true
[15:50:03] [Client thread/INFO] [STDOUT]: [com.layue13.clashweave.client.ClientProxy:tick:183]: CW_PRESENT id=4 kind=SWING actor=0 owner=0
[15:50:03] [Client thread/INFO] [STDOUT]: [com.layue13.clashweave.validation.ClientReplay:frame:385]: P0_CAPTURE swing-0 instance=3 progress=7.512205400655091 nano=32219348502500
[15:50:03] [Client thread/INFO] [STDOUT]: [com.layue13.clashweave.validation.ClientReplay:frame:385]: P0_CAPTURE swing-2 instance=3 progress=8.222931289551013 nano=32219443333400
[15:50:03] [Client thread/INFO] [STDOUT]: [com.layue13.clashweave.validation.ClientReplay:tick:238]: P0_REPLAY tick=160 action=heavy progress=10.000157999999999 feedback=MOVE_READY
[15:50:04] [Client thread/INFO] [STDOUT]: [com.layue13.clashweave.validation.ClientReplay:request:300]: P0_REQUEST intent=SHEATHE yaw=0.0 pitch=0.0 nano=32220227239500
[15:50:04] [Client thread/INFO] [STDOUT]: [com.layue13.clashweave.client.ClientProxy:apply:253]: CW_ALIGN player=P0A seq=10 predicted=0 authoritative=0 sameAction=true
[15:50:04] [Client thread/INFO] [STDOUT]: [com.layue13.clashweave.validation.ClientReplay:tick:95]: P0_APPEARANCE entity=65701 skin=clashweave:katana effects=clashweave:default animations=clashweave:katana style=katana
[15:50:05] [Client thread/INFO] [STDOUT]: [com.layue13.clashweave.client.ClientProxy:tick:183]: CW_PRESENT id=5 kind=SHEATHE actor=0 owner=0
[15:50:05] [Client thread/INFO] [STDOUT]: [com.layue13.clashweave.validation.ClientReplay:audio:398]: P0_LOCAL_AUDIO nano=32221499454800
[15:50:05] [Client thread/INFO] [STDOUT]: [com.layue13.clashweave.client.ClientProxy:send:156]: CW_LOCAL_SWING seq=12 press=32221499297500 feedback=32221499782500
[15:50:05] [Client thread/INFO] [STDOUT]: [com.layue13.clashweave.validation.ClientReplay:request:300]: P0_REQUEST intent=LIGHT yaw=0.0 pitch=0.0 nano=32221499980000
[15:50:05] [Client thread/INFO] [STDOUT]: [com.layue13.clashweave.validation.ClientReplay:tick:238]: P0_REPLAY tick=200 action= progress=3.116459701573149E-4 feedback=MOVE_READY
[15:50:05] [Client thread/INFO] [STDOUT]: [com.layue13.clashweave.client.ClientProxy:apply:253]: CW_ALIGN player=P0A seq=12 predicted=0 authoritative=0 sameAction=true
[15:50:05] [Client thread/INFO] [STDOUT]: [com.layue13.clashweave.client.ClientProxy:tick:183]: CW_PRESENT id=6 kind=DRAW actor=0 owner=0
[15:50:05] [Client thread/INFO] [STDOUT]: [com.layue13.clashweave.client.ClientProxy:tick:183]: CW_PRESENT id=7 kind=SWING actor=0 owner=0
[15:50:06] [Client thread/INFO] [STDOUT]: [com.layue13.clashweave.validation.ClientReplay:request:300]: P0_REQUEST intent=LIGHT yaw=0.0 pitch=0.0 nano=32221849299500
[15:50:07] [Client thread/INFO] [STDOUT]: [com.layue13.clashweave.validation.ClientReplay:audio:398]: P0_LOCAL_AUDIO nano=32222748642800
[15:50:07] [Client thread/INFO] [STDOUT]: [com.layue13.clashweave.client.ClientProxy:send:156]: CW_LOCAL_SWING seq=15 press=32222748516900 feedback=32222749655200
[15:50:07] [Client thread/INFO] [STDOUT]: [com.layue13.clashweave.validation.ClientReplay:request:300]: P0_REQUEST intent=HEAVY yaw=0.0 pitch=0.0 nano=32222749852100
[15:50:07] [Client thread/INFO] [STDOUT]: [com.layue13.clashweave.client.ClientProxy:apply:253]: CW_ALIGN player=P0A seq=15 predicted=0 authoritative=0 sameAction=true
[15:50:07] [Client thread/INFO] [STDOUT]: [com.layue13.clashweave.client.ClientProxy:tick:183]: CW_PRESENT id=8 kind=SWING actor=0 owner=0
[15:50:07] [Client thread/INFO] [STDOUT]: [com.layue13.clashweave.validation.ClientReplay:tick:238]: P0_REPLAY tick=240 action=heavy progress=14.000126000000023 feedback=MOVE_READY
[15:50:08] [Client thread/INFO] [STDOUT]: [com.layue13.clashweave.validation.ClientReplay:request:300]: P0_REQUEST intent=SHEATHE yaw=0.0 pitch=0.0 nano=32224015614600
[15:50:08] [Client thread/INFO] [STDOUT]: [com.layue13.clashweave.client.ClientProxy:apply:253]: CW_ALIGN player=P0A seq=17 predicted=0 authoritative=0 sameAction=true
[15:50:08] [Client thread/INFO] [STDOUT]: [com.layue13.clashweave.client.ClientProxy:tick:183]: CW_PRESENT id=9 kind=SHEATHE actor=0 owner=0
[15:50:09] [Client thread/INFO] [STDOUT]: [com.layue13.clashweave.validation.ClientReplay:audio:398]: P0_LOCAL_AUDIO nano=32225266024100
[15:50:09] [Client thread/INFO] [STDOUT]: [com.layue13.clashweave.client.ClientProxy:send:156]: CW_LOCAL_SWING seq=19 press=32225265866200 feedback=32225267042100
[15:50:09] [Client thread/INFO] [STDOUT]: [com.layue13.clashweave.validation.ClientReplay:request:300]: P0_REQUEST intent=LIGHT yaw=0.0 pitch=0.0 nano=32225267276100
[15:50:09] [Client thread/INFO] [STDOUT]: [com.layue13.clashweave.client.ClientProxy:apply:253]: CW_ALIGN player=P0A seq=19 predicted=0 authoritative=0 sameAction=true
[15:50:09] [Client thread/INFO] [STDOUT]: [com.layue13.clashweave.client.ClientProxy:tick:183]: CW_PRESENT id=10 kind=DRAW actor=0 owner=0
[15:50:09] [Client thread/INFO] [STDOUT]: [com.layue13.clashweave.client.ClientProxy:tick:183]: CW_PRESENT id=11 kind=SWING actor=0 owner=0
[15:50:09] [Client thread/INFO] [STDOUT]: [com.layue13.clashweave.validation.ClientReplay:tick:238]: P0_REPLAY tick=280 action=iai progress=4.001792000000023 feedback=MOVE_READY
[15:50:09] [Client thread/INFO] [STDOUT]: [com.layue13.clashweave.validation.ClientReplay:request:300]: P0_REQUEST intent=LIGHT yaw=0.0 pitch=0.0 nano=32225615754500
[15:50:10] [Client thread/INFO] [STDOUT]: [com.layue13.clashweave.validation.ClientReplay:audio:398]: P0_LOCAL_AUDIO nano=32226515728300
[15:50:10] [Client thread/INFO] [STDOUT]: [com.layue13.clashweave.client.ClientProxy:send:156]: CW_LOCAL_SWING seq=22 press=32226515607500 feedback=32226516718400
[15:50:10] [Client thread/INFO] [STDOUT]: [com.layue13.clashweave.client.ClientProxy:apply:253]: CW_ALIGN player=P0A seq=22 predicted=0 authoritative=0 sameAction=true
[15:50:10] [Client thread/INFO] [STDOUT]: [com.layue13.clashweave.client.ClientProxy:tick:183]: CW_PRESENT id=12 kind=SWING actor=0 owner=0
[15:50:11] [Client thread/INFO] [STDOUT]: [com.layue13.clashweave.validation.ClientReplay:tick:238]: P0_REPLAY tick=320 action= progress=7.200000004559115E-5 feedback=MOVE_READY
[15:50:12] [Client thread/INFO] [STDOUT]: [com.layue13.clashweave.client.ClientProxy:apply:253]: CW_ALIGN player=P0A seq=24 predicted=0 authoritative=0 sameAction=true
[15:50:13] [Client thread/INFO] [STDOUT]: [com.layue13.clashweave.validation.ClientReplay:audio:398]: P0_LOCAL_AUDIO nano=32229031479100
[15:50:13] [Client thread/INFO] [STDOUT]: [com.layue13.clashweave.client.ClientProxy:send:156]: CW_LOCAL_SWING seq=26 press=32229031364300 feedback=32229032397500
[15:50:13] [Client thread/INFO] [STDOUT]: [com.layue13.clashweave.client.ClientProxy:apply:253]: CW_ALIGN player=P0A seq=26 predicted=0 authoritative=0 sameAction=true
[15:50:13] [Client thread/INFO] [STDOUT]: [com.layue13.clashweave.validation.ClientReplay:tick:238]: P0_REPLAY tick=360 action=iai progress=9.00008567665634 feedback=MOVE_READY
[15:50:14] [Client thread/INFO] [STDOUT]: [com.layue13.clashweave.validation.ClientReplay:audio:398]: P0_LOCAL_AUDIO nano=32230281747700
[15:50:14] [Client thread/INFO] [STDOUT]: [com.layue13.clashweave.client.ClientProxy:send:156]: CW_LOCAL_SWING seq=29 press=32230281621900 feedback=32230282692200
[15:50:14] [Client thread/INFO] [STDOUT]: [com.layue13.clashweave.client.ClientProxy:apply:253]: CW_ALIGN player=P0A seq=29 predicted=0 authoritative=0 sameAction=true
[15:50:15] [Client thread/INFO] [STDOUT]: [com.layue13.clashweave.validation.ClientReplay:tick:238]: P0_REPLAY tick=400 action= progress=6.387136306784669E-5 feedback=MOVE_READY
[15:50:17] [Client thread/INFO] [STDOUT]: [com.layue13.clashweave.validation.ClientReplay:audio:398]: P0_LOCAL_AUDIO nano=32232781489800
[15:50:17] [Client thread/INFO] [STDOUT]: [com.layue13.clashweave.client.ClientProxy:send:156]: CW_LOCAL_SWING seq=33 press=32232781368000 feedback=32232782413500
[15:50:17] [Client thread/INFO] [STDOUT]: [com.layue13.clashweave.validation.ClientReplay:tick:238]: P0_REPLAY tick=440 action=iai progress=14.00008926056546 feedback=EXPIRED_OR_CHANGED
[15:50:18] [Client thread/INFO] [STDOUT]: [com.layue13.clashweave.validation.ClientReplay:audio:398]: P0_LOCAL_AUDIO nano=32234031940100
[15:50:18] [Client thread/INFO] [STDOUT]: [com.layue13.clashweave.client.ClientProxy:send:156]: CW_LOCAL_SWING seq=36 press=32234031786700 feedback=32234032921200
[15:50:19] [Client thread/INFO] [STDOUT]: [com.layue13.clashweave.validation.ClientReplay:tick:238]: P0_REPLAY tick=480 action=sheathe progress=4.000103999792032 feedback=MOVE_READY
[15:50:20] [Client thread/INFO] [STDOUT]: [com.layue13.clashweave.validation.ClientReplay:audio:398]: P0_LOCAL_AUDIO nano=32236531794700
[15:50:20] [Client thread/INFO] [STDOUT]: [com.layue13.clashweave.client.ClientProxy:send:156]: CW_LOCAL_SWING seq=40 press=32236531671500 feedback=32236532727400
