# Log excerpt; complete raw log retained locally under build/p0/runs.
# Original lines: 174
# Marker counts: {'ERROR': 3, 'CW_RENDER': 1, 'Exception': 2, 'P0_AUDIO': 1, 'CW_ENGAGEMENT': 2, 'P0_REMOTE': 49}
[14:37:04] [main/ERROR] [FML]: The binary patch set is missing. Either you are in a development environment, or things are not going to work!
[14:37:05] [main/ERROR] [FML]: FML appears to be missing any signature data. This is not a good thing
This is just a prompt for computer specs to be printed. THIS IS NOT A ERROR
[14:37:09] [Client thread/INFO] [STDOUT]: [com.layue13.clashweave.client.KatanaRendering:load:42]: CW_RENDER models loaded units=block blade=+Y sheath=downwardBipedY angle=45.0
[14:37:09] [Forge Version Check/INFO] [STDERR]: [java.lang.Throwable$WrappedPrintStream:println:749]: com.google.gson.JsonSyntaxException: java.lang.IllegalStateException: Expected BEGIN_OBJECT but was STRING at line 1 column 1
[14:37:09] [Forge Version Check/INFO] [STDERR]: [java.lang.Throwable$WrappedPrintStream:println:749]: Caused by: java.lang.IllegalStateException: Expected BEGIN_OBJECT but was STRING at line 1 column 1
[14:37:09] [Client thread/INFO] [STDOUT]: [com.layue13.clashweave.validation.ClientReplay:<init>:55]: P0_AUDIO initial loader settled
[14:37:13] [Client thread/INFO] [STDOUT]: [com.layue13.clashweave.client.ClientProxy:apply:204]: CW_ENGAGEMENT player=P0B engaged=false revision=3 tick=377 receive=27849258880200
[14:37:14] [Client thread/INFO] [STDOUT]: [com.layue13.clashweave.validation.ClientReplay:tick:140]: P0_REMOTE action= sneak=false
[14:37:14] [Client thread/INFO] [STDOUT]: [com.layue13.clashweave.client.ClientProxy:apply:204]: CW_ENGAGEMENT player=P0B engaged=true revision=4 tick=400 receive=27850267248000
[14:37:15] [Client thread/INFO] [STDOUT]: [com.layue13.clashweave.validation.ClientReplay:tick:140]: P0_REMOTE action= sneak=false
[14:37:16] [Client thread/INFO] [STDOUT]: [com.layue13.clashweave.validation.ClientReplay:tick:140]: P0_REMOTE action= sneak=false
[14:37:17] [Client thread/INFO] [STDOUT]: [com.layue13.clashweave.validation.ClientReplay:tick:140]: P0_REMOTE action= sneak=false
[14:37:18] [Client thread/INFO] [STDOUT]: [com.layue13.clashweave.validation.ClientReplay:tick:140]: P0_REMOTE action= sneak=false
[14:37:19] [Client thread/INFO] [STDOUT]: [com.layue13.clashweave.validation.ClientReplay:tick:140]: P0_REMOTE action= sneak=false
[14:37:20] [Client thread/INFO] [STDOUT]: [com.layue13.clashweave.validation.ClientReplay:tick:140]: P0_REMOTE action= sneak=false
[14:37:21] [Client thread/INFO] [STDOUT]: [com.layue13.clashweave.validation.ClientReplay:tick:140]: P0_REMOTE action= sneak=false
[14:37:22] [Client thread/INFO] [STDOUT]: [com.layue13.clashweave.validation.ClientReplay:tick:140]: P0_REMOTE action= sneak=false
[14:37:23] [Client thread/INFO] [STDOUT]: [com.layue13.clashweave.validation.ClientReplay:tick:140]: P0_REMOTE action= sneak=false
[14:37:24] [Client thread/INFO] [STDOUT]: [com.layue13.clashweave.validation.ClientReplay:tick:140]: P0_REMOTE action= sneak=false
[14:37:25] [Client thread/INFO] [STDOUT]: [com.layue13.clashweave.validation.ClientReplay:tick:140]: P0_REMOTE action= sneak=false
