# Log excerpt; complete raw log retained locally under build/p0/runs.
# Original lines: 1870
# Marker counts: {'ERROR': 3, 'CW_RENDER': 1, 'Exception': 2, 'P0_AUDIO': 1, 'CW_VIEW': 15, 'P0_COMPOSITION_FRAME': 1517, 'CW_ENGAGEMENT': 2, 'P0_COMPOSITION_PHASE': 4, 'CW_LOCK_MARKER': 1, 'CW_LOCK_FOLLOW': 202, 'P0_LOCAL_AUDIO': 1, 'CW_LOCAL_SWING': 1, 'CW_ALIGN': 1, 'CW_PRESENT': 2}
[09:02:29] [main/ERROR] [FML]: The binary patch set is missing. Either you are in a development environment, or things are not going to work!
[09:02:29] [main/ERROR] [FML]: FML appears to be missing any signature data. This is not a good thing
This is just a prompt for computer specs to be printed. THIS IS NOT A ERROR
[09:02:33] [Client thread/INFO] [STDOUT]: [com.layue13.clashweave.client.KatanaRendering:load:35]: CW_RENDER models loaded units=block blade=+Y sheath=downwardBipedY angle=45.0
[09:02:33] [Forge Version Check/INFO] [STDERR]: [java.lang.Throwable$WrappedPrintStream:println:749]: com.google.gson.JsonSyntaxException: java.lang.IllegalStateException: Expected BEGIN_OBJECT but was STRING at line 1 column 1
[09:02:33] [Forge Version Check/INFO] [STDERR]: [java.lang.Throwable$WrappedPrintStream:println:749]: Caused by: java.lang.IllegalStateException: Expected BEGIN_OBJECT but was STRING at line 1 column 1
[09:02:34] [Client thread/INFO] [STDOUT]: [com.layue13.clashweave.validation.ClientReplay:<init>:69]: P0_AUDIO initial loader settled
[09:02:40] [Client thread/INFO] [STDOUT]: [com.layue13.clashweave.client.ViewPreservingCorrections$Preserved:processPacket:140]: CW_VIEW packet=1 marker=0 protected=false yawDelta=180.0 pitchDelta=0.0 requestedYawDelta=180.0 requestedPitchDelta=0.0 nano=94175800407200
[09:02:40] [Client thread/INFO] [STDOUT]: [com.layue13.clashweave.validation.CompositionReplay:world:40]: P0_COMPOSITION_FRAME phase= elapsed=1 nano=94175813160600 yaw=0.0 pitch=0.0 horizon=0.4960821866989136 view=0
[09:02:40] [Client thread/INFO] [STDOUT]: [com.layue13.clashweave.validation.CompositionReplay:world:40]: P0_COMPOSITION_FRAME phase= elapsed=4 nano=94175836163100 yaw=0.0 pitch=0.0 horizon=0.49590855836868286 view=0
[09:02:40] [Client thread/INFO] [STDOUT]: [com.layue13.clashweave.validation.CompositionReplay:world:40]: P0_COMPOSITION_FRAME phase= elapsed=4 nano=94175850470100 yaw=0.0 pitch=0.0 horizon=0.49595099687576294 view=0
[09:02:40] [Client thread/INFO] [STDOUT]: [com.layue13.clashweave.validation.CompositionReplay:world:40]: P0_COMPOSITION_FRAME phase= elapsed=4 nano=94175851560600 yaw=0.0 pitch=0.0 horizon=0.49600380659103394 view=0
[09:02:40] [Client thread/INFO] [STDOUT]: [com.layue13.clashweave.validation.CompositionReplay:world:40]: P0_COMPOSITION_FRAME phase= elapsed=4 nano=94175859560200 yaw=0.0 pitch=0.0 horizon=0.4960334897041321 view=0
[09:02:40] [Client thread/INFO] [STDOUT]: [com.layue13.clashweave.validation.CompositionReplay:world:40]: P0_COMPOSITION_FRAME phase= elapsed=5 nano=94175876262900 yaw=0.0 pitch=0.0 horizon=0.4960867762565613 view=0
[09:02:40] [Client thread/INFO] [STDOUT]: [com.layue13.clashweave.validation.CompositionReplay:world:40]: P0_COMPOSITION_FRAME phase= elapsed=5 nano=94175892845000 yaw=0.0 pitch=0.0 horizon=0.4961278438568115 view=0
[09:02:40] [Client thread/INFO] [STDOUT]: [com.layue13.clashweave.validation.CompositionReplay:world:40]: P0_COMPOSITION_FRAME phase= elapsed=5 nano=94175909856400 yaw=0.0 pitch=0.0 horizon=0.49616825580596924 view=0
[09:02:40] [Client thread/INFO] [STDOUT]: [com.layue13.clashweave.validation.CompositionReplay:world:40]: P0_COMPOSITION_FRAME phase= elapsed=6 nano=94175926697000 yaw=0.0 pitch=0.0 horizon=0.49620532989501953 view=0
[09:02:40] [Client thread/INFO] [STDOUT]: [com.layue13.clashweave.validation.CompositionReplay:world:40]: P0_COMPOSITION_FRAME phase= elapsed=6 nano=94175942835300 yaw=0.0 pitch=0.0 horizon=0.49622613191604614 view=0
[09:02:40] [Client thread/INFO] [STDOUT]: [com.layue13.clashweave.validation.CompositionReplay:world:40]: P0_COMPOSITION_FRAME phase= elapsed=6 nano=94175965561100 yaw=0.0 pitch=0.0 horizon=0.4962480068206787 view=0
[09:02:40] [Client thread/INFO] [STDOUT]: [com.layue13.clashweave.validation.CompositionReplay:world:40]: P0_COMPOSITION_FRAME phase= elapsed=7 nano=94175976313700 yaw=0.0 pitch=0.0 horizon=0.4962710738182068 view=0
[09:02:40] [Client thread/INFO] [STDOUT]: [com.layue13.clashweave.client.ViewPreservingCorrections$Preserved:processPacket:140]: CW_VIEW packet=1 marker=0 protected=false yawDelta=0.0 pitchDelta=0.0 requestedYawDelta=0.0 requestedPitchDelta=0.0 nano=94176310917500
[09:02:40] [Client thread/INFO] [STDOUT]: [com.layue13.clashweave.client.ViewPreservingCorrections$Preserved:processPacket:140]: CW_VIEW packet=1 marker=0 protected=false yawDelta=0.0 pitchDelta=0.0 requestedYawDelta=0.0 requestedPitchDelta=0.0 nano=94176311144700
[09:02:40] [Client thread/INFO] [STDOUT]: [com.layue13.clashweave.client.ViewPreservingCorrections$Preserved:processPacket:140]: CW_VIEW packet=1 marker=0 protected=false yawDelta=0.0 pitchDelta=0.0 requestedYawDelta=0.0 requestedPitchDelta=0.0 nano=94176311356900
[09:02:40] [Client thread/INFO] [STDOUT]: [com.layue13.clashweave.client.ViewPreservingCorrections$Preserved:processPacket:140]: CW_VIEW packet=1 marker=0 protected=false yawDelta=0.0 pitchDelta=0.0 requestedYawDelta=0.0 requestedPitchDelta=0.0 nano=94176311552100
[09:02:40] [Client thread/INFO] [STDOUT]: [com.layue13.clashweave.client.ViewPreservingCorrections$Preserved:processPacket:140]: CW_VIEW packet=1 marker=0 protected=false yawDelta=0.0 pitchDelta=0.0 requestedYawDelta=0.0 requestedPitchDelta=0.0 nano=94176311779200
[09:02:40] [Client thread/INFO] [STDOUT]: [com.layue13.clashweave.client.ViewPreservingCorrections$Preserved:processPacket:140]: CW_VIEW packet=1 marker=0 protected=false yawDelta=0.0 pitchDelta=0.0 requestedYawDelta=0.0 requestedPitchDelta=0.0 nano=94176311986500
[09:02:40] [Client thread/INFO] [STDOUT]: [com.layue13.clashweave.client.ViewPreservingCorrections$Preserved:processPacket:140]: CW_VIEW packet=1 marker=0 protected=false yawDelta=0.0 pitchDelta=0.0 requestedYawDelta=0.0 requestedPitchDelta=0.0 nano=94176312161900
[09:02:40] [Client thread/INFO] [STDOUT]: [com.layue13.clashweave.client.ViewPreservingCorrections$Preserved:processPacket:140]: CW_VIEW packet=1 marker=0 protected=false yawDelta=0.0 pitchDelta=0.0 requestedYawDelta=0.0 requestedPitchDelta=0.0 nano=94176312340500
[09:02:40] [Client thread/INFO] [STDOUT]: [com.layue13.clashweave.client.ViewPreservingCorrections$Preserved:processPacket:140]: CW_VIEW packet=1 marker=0 protected=false yawDelta=0.0 pitchDelta=0.0 requestedYawDelta=0.0 requestedPitchDelta=0.0 nano=94176312518700
[09:02:40] [Client thread/INFO] [STDOUT]: [com.layue13.clashweave.client.ViewPreservingCorrections$Preserved:processPacket:140]: CW_VIEW packet=1 marker=0 protected=false yawDelta=0.0 pitchDelta=0.0 requestedYawDelta=0.0 requestedPitchDelta=0.0 nano=94176312765300
[09:02:40] [Client thread/INFO] [STDOUT]: [com.layue13.clashweave.client.ViewPreservingCorrections$Preserved:processPacket:140]: CW_VIEW packet=1 marker=0 protected=false yawDelta=0.0 pitchDelta=0.0 requestedYawDelta=0.0 requestedPitchDelta=0.0 nano=94176312960200
[09:02:40] [Client thread/INFO] [STDOUT]: [com.layue13.clashweave.client.ClientProxy:apply:254]: CW_ENGAGEMENT player=P0A engaged=false revision=1 tick=221 receive=94176511823900
[09:02:55] [Client thread/INFO] [STDOUT]: [com.layue13.clashweave.validation.CompositionReplay:chat:21]: P0_COMPOSITION_PHASE name=WAIT receivedNano=94190991454100
[09:02:55] [Client thread/INFO]: [CHAT] P0_COMPOSITION_PHASE name=WAIT target=100178 tick=528
[09:02:55] [Client thread/INFO] [STDOUT]: [com.layue13.clashweave.client.ClientProxy:apply:254]: CW_ENGAGEMENT player=P0A engaged=true revision=3 tick=529 receive=94191032412300
[09:02:56] [Client thread/INFO] [STDOUT]: [com.layue13.clashweave.validation.CompositionReplay:chat:21]: P0_COMPOSITION_PHASE name=FIRST receivedNano=94191982551200
[09:02:56] [Client thread/INFO]: [CHAT] P0_COMPOSITION_PHASE name=FIRST target=100178 tick=548
[09:02:56] [Client thread/INFO] [STDOUT]: [com.layue13.clashweave.client.LockCamera:tick:189]: CW_LOCK_MARKER target=100178 nano=94191983322200
[09:02:56] [Client thread/INFO] [STDOUT]: [com.layue13.clashweave.client.LockCamera:tick:234]: CW_LOCK_FOLLOW mode=WEAK reason=WEAK target=100178 nano=94191983322200 dt=0.0495807 before=35.0 after=26.075474 pitchBefore=12.0 pitchAfter=8.64455 offset=0.0 instance=0 committed=0.0
[09:02:56] [Client thread/INFO] [STDOUT]: [com.layue13.clashweave.client.LockCamera:tick:234]: CW_LOCK_FOLLOW mode=WEAK reason=WEAK target=100178 nano=94192032598200 dt=0.049276 before=26.075474 after=17.205793 pitchBefore=8.64455 pitchAfter=8.64455 offset=0.0 instance=0 committed=0.0
[09:02:56] [Client thread/INFO] [STDOUT]: [com.layue13.clashweave.client.LockCamera:tick:234]: CW_LOCK_FOLLOW mode=WEAK reason=WEAK target=100178 nano=94192082677200 dt=0.050079 before=17.205793 after=8.205793 pitchBefore=8.64455 pitchAfter=8.64455 offset=0.0 instance=0 committed=0.0
[09:02:56] [Client thread/INFO] [STDOUT]: [com.layue13.clashweave.client.LockCamera:tick:234]: CW_LOCK_FOLLOW mode=WEAK reason=WEAK target=100178 nano=94192132663000 dt=0.0499858 before=8.205793 after=8.0 pitchBefore=8.64455 pitchAfter=8.64455 offset=0.0 instance=0 committed=0.0
[09:02:56] [Client thread/INFO] [STDOUT]: [com.layue13.clashweave.client.LockCamera:tick:234]: CW_LOCK_FOLLOW mode=WEAK reason=WEAK target=100178 nano=94192182687400 dt=0.0500244 before=8.0 after=8.0 pitchBefore=8.64455 pitchAfter=8.64455 offset=0.0 instance=0 committed=0.0
[09:02:56] [Client thread/INFO] [STDOUT]: [com.layue13.clashweave.client.LockCamera:tick:234]: CW_LOCK_FOLLOW mode=WEAK reason=WEAK target=100178 nano=94192232262000 dt=0.0495746 before=8.0 after=8.0 pitchBefore=8.64455 pitchAfter=8.64455 offset=0.0 instance=0 committed=0.0
[09:02:56] [Client thread/INFO] [STDOUT]: [com.layue13.clashweave.client.LockCamera:tick:234]: CW_LOCK_FOLLOW mode=WEAK reason=WEAK target=100178 nano=94192283440500 dt=0.0511785 before=8.0 after=8.0 pitchBefore=8.64455 pitchAfter=8.64455 offset=0.0 instance=0 committed=0.0
[09:02:56] [Client thread/INFO] [STDOUT]: [com.layue13.clashweave.client.LockCamera:tick:234]: CW_LOCK_FOLLOW mode=WEAK reason=WEAK target=100178 nano=94192332351900 dt=0.0489114 before=8.0 after=8.0 pitchBefore=8.64455 pitchAfter=8.64455 offset=0.0 instance=0 committed=0.0
[09:02:56] [Client thread/INFO] [STDOUT]: [com.layue13.clashweave.client.LockCamera:tick:234]: CW_LOCK_FOLLOW mode=WEAK reason=WEAK target=100178 nano=94192399793500 dt=0.0674416 before=8.0 after=8.0 pitchBefore=8.64455 pitchAfter=8.64455 offset=0.0 instance=0 committed=0.0
[09:02:56] [Client thread/INFO] [STDOUT]: [com.layue13.clashweave.client.LockCamera:tick:234]: CW_LOCK_FOLLOW mode=WEAK reason=WEAK target=100178 nano=94192449895600 dt=0.0501021 before=8.0 after=8.0 pitchBefore=8.64455 pitchAfter=8.64455 offset=0.0 instance=0 committed=0.0
[09:02:56] [Client thread/INFO] [STDOUT]: [com.layue13.clashweave.client.LockCamera:tick:234]: CW_LOCK_FOLLOW mode=WEAK reason=WEAK target=100178 nano=94192500451200 dt=0.0505556 before=8.0 after=8.0 pitchBefore=8.64455 pitchAfter=8.64455 offset=0.0 instance=0 committed=0.0
[09:02:56] [Client thread/INFO] [STDOUT]: [com.layue13.clashweave.client.LockCamera:tick:234]: CW_LOCK_FOLLOW mode=WEAK reason=WEAK target=100178 nano=94192549599900 dt=0.0491487 before=8.0 after=8.0 pitchBefore=8.64455 pitchAfter=8.64455 offset=0.0 instance=0 committed=0.0
[09:02:58] [Client thread/INFO] [STDOUT]: [com.layue13.clashweave.validation.ClientReplay:audio:418]: P0_LOCAL_AUDIO nano=94194449918300
[09:02:58] [Client thread/INFO] [STDOUT]: [com.layue13.clashweave.client.ClientProxy:send:169]: CW_LOCAL_SWING seq=3 press=94194449730100 feedback=94194452889900
[09:02:58] [Client thread/INFO] [STDOUT]: [com.layue13.clashweave.client.ClientProxy:apply:268]: CW_ALIGN player=P0A seq=3 predicted=0 authoritative=0 sameAction=true
[09:02:58] [Client thread/INFO] [STDOUT]: [com.layue13.clashweave.client.ClientProxy:tick:197]: CW_PRESENT id=1 kind=DRAW actor=0 owner=0
[09:02:58] [Client thread/INFO] [STDOUT]: [com.layue13.clashweave.client.ClientProxy:tick:197]: CW_PRESENT id=2 kind=SWING actor=0 owner=0
