# Log excerpt; complete raw log retained locally under build/p0/runs.
# Original lines: 446
# Marker counts: {'ERROR': 3, 'CW_RENDER': 1, 'Exception': 2, 'P0_AUDIO': 35, 'CW_VIEW': 34, 'CW_ENGAGEMENT': 2, 'P0_APPEARANCE': 2, 'CW_PRESENT': 126, 'CW_FEEDBACK': 38, 'CW_FRAME': 38, 'P0_REMOTE': 49}
[17:12:57] [main/ERROR] [FML]: The binary patch set is missing. Either you are in a development environment, or things are not going to work!
[17:12:57] [main/ERROR] [FML]: FML appears to be missing any signature data. This is not a good thing
This is just a prompt for computer specs to be printed. THIS IS NOT A ERROR
[17:13:01] [Client thread/INFO] [STDOUT]: [com.layue13.clashweave.client.KatanaRendering:load:35]: CW_RENDER models loaded units=block blade=+Y sheath=downwardBipedY angle=45.0
[17:13:01] [Forge Version Check/INFO] [STDERR]: [java.lang.Throwable$WrappedPrintStream:println:749]: com.google.gson.JsonSyntaxException: java.lang.IllegalStateException: Expected BEGIN_OBJECT but was STRING at line 1 column 1
[17:13:01] [Forge Version Check/INFO] [STDERR]: [java.lang.Throwable$WrappedPrintStream:println:749]: Caused by: java.lang.IllegalStateException: Expected BEGIN_OBJECT but was STRING at line 1 column 1
[17:13:01] [Client thread/INFO] [STDOUT]: [com.layue13.clashweave.validation.ClientReplay:<init>:69]: P0_AUDIO initial loader settled
[17:13:06] [Client thread/INFO] [STDOUT]: [com.layue13.clashweave.client.ViewPreservingCorrections$Preserved:processPacket:140]: CW_VIEW packet=1 marker=0 protected=false yawDelta=180.0 pitchDelta=0.0 requestedYawDelta=180.0 requestedPitchDelta=0.0 nano=37202571230400
[17:13:06] [Client thread/INFO] [STDOUT]: [com.layue13.clashweave.client.ViewPreservingCorrections$Preserved:processPacket:140]: CW_VIEW packet=1 marker=0 protected=false yawDelta=180.0 pitchDelta=0.0 requestedYawDelta=180.0 requestedPitchDelta=0.0 nano=37202572180700
[17:13:06] [Client thread/INFO] [STDOUT]: [com.layue13.clashweave.client.ViewPreservingCorrections$Preserved:processPacket:140]: CW_VIEW packet=1 marker=0 protected=false yawDelta=0.0 pitchDelta=0.0 requestedYawDelta=0.0 requestedPitchDelta=0.0 nano=37202572416900
[17:13:06] [Client thread/INFO] [STDOUT]: [com.layue13.clashweave.client.ClientProxy:apply:246]: CW_ENGAGEMENT player=P0B engaged=false revision=3 tick=444 receive=37202575422100
[17:13:06] [Client thread/INFO] [STDOUT]: [com.layue13.clashweave.validation.ClientReplay:tick:96]: P0_APPEARANCE entity=0 skin=clashweave:katana effects=clashweave:default animations=clashweave:katana style=katana
[17:13:06] [Client thread/INFO] [STDOUT]: [com.layue13.clashweave.validation.ClientReplay:tick:96]: P0_APPEARANCE entity=66669 skin=clashweave:katana effects=clashweave:default animations=clashweave:katana style=katana
[17:13:07] [Client thread/INFO] [STDOUT]: [com.layue13.clashweave.client.ViewPreservingCorrections$Preserved:processPacket:140]: CW_VIEW packet=1 marker=0 protected=false yawDelta=0.0 pitchDelta=0.0 requestedYawDelta=0.0 requestedPitchDelta=0.0 nano=37202731335000
[17:13:07] [Client thread/INFO] [STDOUT]: [com.layue13.clashweave.client.ClientProxy:tick:190]: CW_PRESENT id=13 kind=DRAW actor=0 owner=66669
[17:13:07] [Client thread/INFO] [STDOUT]: [com.layue13.clashweave.client.ClientProxy:tick:190]: CW_PRESENT id=14 kind=SWING actor=0 owner=66669
[17:13:07] [Client thread/INFO] [STDOUT]: [com.layue13.clashweave.client.ClientProxy:apply:305]: CW_FEEDBACK player=P0B result=HURT frozen=37202901495900 receive=37203127217000 corrections=0
[17:13:07] [Client thread/INFO] [STDOUT]: [com.layue13.clashweave.client.ClientProxy:hud:368]: CW_FRAME frozen=37202901495900 frame=37203137934500
[17:13:07] [Client thread/INFO] [STDOUT]: [com.layue13.clashweave.validation.ClientReplay:tick:168]: P0_REMOTE action= sneak=false
[17:13:07] [Client thread/INFO] [STDOUT]: [com.layue13.clashweave.client.ViewPreservingCorrections$Preserved:processPacket:140]: CW_VIEW packet=1 marker=0 protected=false yawDelta=54.645294 pitchDelta=0.0 requestedYawDelta=54.645294 requestedPitchDelta=0.0 nano=37203555046200
[17:13:08] [Client thread/INFO] [STDOUT]: [com.layue13.clashweave.client.ClientProxy:tick:190]: CW_PRESENT id=15 kind=SWING actor=0 owner=66669
[17:13:08] [Client thread/INFO] [STDOUT]: [com.layue13.clashweave.client.ClientProxy:apply:305]: CW_FEEDBACK player=P0B result=HURT frozen=37204149573200 receive=37204409299700 corrections=0
[17:13:08] [Client thread/INFO] [STDOUT]: [com.layue13.clashweave.client.ClientProxy:hud:368]: CW_FRAME frozen=37204149573200 frame=37204410067900
[17:13:08] [Client thread/INFO] [STDOUT]: [com.layue13.clashweave.validation.ClientReplay:tick:168]: P0_REMOTE action= sneak=false
[17:13:09] [Client thread/INFO] [STDOUT]: [com.layue13.clashweave.client.ViewPreservingCorrections$Preserved:processPacket:140]: CW_VIEW packet=1 marker=0 protected=false yawDelta=37.59175 pitchDelta=0.0 requestedYawDelta=37.59175 requestedPitchDelta=0.0 nano=37204837328900
[17:13:09] [Client thread/INFO] [STDOUT]: [com.layue13.clashweave.client.ViewPreservingCorrections$Preserved:processPacket:140]: CW_VIEW packet=1 marker=0 protected=false yawDelta=31.184967 pitchDelta=0.0 requestedYawDelta=31.184967 requestedPitchDelta=0.0 nano=37205621451400
[17:13:09] [Client thread/INFO] [STDOUT]: [com.layue13.clashweave.client.ClientProxy:tick:190]: CW_PRESENT id=16 kind=SHEATHE actor=0 owner=66669
[17:13:09] [Client thread/INFO] [STDOUT]: [com.layue13.clashweave.validation.ClientReplay:tick:168]: P0_REMOTE action= sneak=false
[17:13:10] [Client thread/INFO] [STDOUT]: [com.layue13.clashweave.client.ClientProxy:tick:190]: CW_PRESENT id=17 kind=DRAW actor=0 owner=66669
[17:13:10] [Client thread/INFO] [STDOUT]: [com.layue13.clashweave.client.ClientProxy:tick:190]: CW_PRESENT id=18 kind=SWING actor=0 owner=66669
[17:13:11] [Client thread/INFO] [STDOUT]: [com.layue13.clashweave.validation.ClientReplay:tick:168]: P0_REMOTE action= sneak=true
[17:13:11] [Client thread/INFO] [STDOUT]: [com.layue13.clashweave.client.ClientProxy:apply:305]: CW_FEEDBACK player=P0B result=HURT frozen=37206650930100 receive=37206923993200 corrections=0
[17:13:11] [Client thread/INFO] [STDOUT]: [com.layue13.clashweave.client.ClientProxy:tick:190]: CW_PRESENT id=19 kind=HIT actor=0 owner=66669
[17:13:11] [Client thread/INFO] [STDOUT]: [com.layue13.clashweave.client.ClientProxy:tick:190]: CW_PRESENT id=20 kind=HURT actor=66669 owner=66669
[17:13:11] [Client thread/INFO] [STDOUT]: [com.layue13.clashweave.client.ClientProxy:hud:368]: CW_FRAME frozen=37206650930100 frame=37206925116600
[17:13:11] [Client thread/INFO] [STDOUT]: [com.layue13.clashweave.client.ClientProxy:apply:246]: CW_ENGAGEMENT player=P0B engaged=true revision=4 tick=533 receive=37206974175200
[17:13:11] [Client thread/INFO] [STDOUT]: [com.layue13.clashweave.client.ClientProxy:tick:190]: CW_PRESENT id=21 kind=SWING actor=0 owner=66669
[17:13:11] [Client thread/INFO] [STDOUT]: [com.layue13.clashweave.client.ClientProxy:apply:305]: CW_FEEDBACK player=P0B result=PARRY frozen=37207104006500 receive=37207387841000 corrections=0
[17:13:11] [Client thread/INFO] [STDOUT]: [com.layue13.clashweave.validation.ClientReplay:audio:412]: P0_AUDIO source=random.anvil_land frozen=37207104006500 nano=37207388159500
[17:13:11] [Client thread/INFO] [STDOUT]: [com.layue13.clashweave.client.ClientProxy:tick:190]: CW_PRESENT id=22 kind=PARRY actor=66669 owner=66669
[17:13:11] [Client thread/INFO] [STDOUT]: [com.layue13.clashweave.client.ClientProxy:hud:368]: CW_FRAME frozen=37207104006500 frame=37207391047100
[17:13:11] [Client thread/INFO] [STDOUT]: [com.layue13.clashweave.client.ClientProxy:tick:190]: CW_PRESENT id=23 kind=SWING actor=0 owner=66669
[17:13:12] [Client thread/INFO] [STDOUT]: [com.layue13.clashweave.validation.ClientReplay:tick:168]: P0_REMOTE action= sneak=false
[17:13:12] [Client thread/INFO] [STDOUT]: [com.layue13.clashweave.client.ViewPreservingCorrections$Preserved:processPacket:140]: CW_VIEW packet=1 marker=0 protected=false yawDelta=60.654076 pitchDelta=0.0 requestedYawDelta=60.654076 requestedPitchDelta=0.0 nano=37208271697700
[17:13:13] [Client thread/INFO] [STDOUT]: [com.layue13.clashweave.validation.ClientReplay:tick:168]: P0_REMOTE action= sneak=false
[17:13:13] [Client thread/INFO] [STDOUT]: [com.layue13.clashweave.client.ClientProxy:tick:190]: CW_PRESENT id=24 kind=SWING actor=0 owner=66669
[17:13:13] [Client thread/INFO] [STDOUT]: [com.layue13.clashweave.client.ClientProxy:apply:305]: CW_FEEDBACK player=P0B result=PARRY frozen=37209151241600 receive=37209439581200 corrections=0
[17:13:13] [Client thread/INFO] [STDOUT]: [com.layue13.clashweave.validation.ClientReplay:audio:412]: P0_AUDIO source=random.anvil_land frozen=37209151241600 nano=37209439958300
[17:13:13] [Client thread/INFO] [STDOUT]: [com.layue13.clashweave.client.ClientProxy:hud:368]: CW_FRAME frozen=37209151241600 frame=37209440639100
[17:13:14] [Client thread/INFO] [STDOUT]: [com.layue13.clashweave.validation.ClientReplay:tick:168]: P0_REMOTE action= sneak=false
[17:13:14] [Client thread/INFO] [STDOUT]: [com.layue13.clashweave.client.ViewPreservingCorrections$Preserved:processPacket:140]: CW_VIEW packet=1 marker=0 protected=false yawDelta=37.59175 pitchDelta=0.0 requestedYawDelta=37.59175 requestedPitchDelta=0.0 nano=37209804608300
[17:13:14] [Client thread/INFO] [STDOUT]: [com.layue13.clashweave.client.ViewPreservingCorrections$Preserved:processPacket:140]: CW_VIEW packet=1 marker=0 protected=false yawDelta=31.184967 pitchDelta=0.0 requestedYawDelta=31.184967 requestedPitchDelta=0.0 nano=37210605155600
[17:13:15] [Client thread/INFO] [STDOUT]: [com.layue13.clashweave.validation.ClientReplay:tick:168]: P0_REMOTE action= sneak=false
[17:13:16] [Client thread/INFO] [STDOUT]: [com.layue13.clashweave.validation.ClientReplay:tick:168]: P0_REMOTE action= sneak=false
[17:13:16] [Client thread/INFO] [STDOUT]: [com.layue13.clashweave.client.ClientProxy:apply:305]: CW_FEEDBACK player=P0B result=PARRY frozen=37211649562900 receive=37211921583000 corrections=0
[17:13:16] [Client thread/INFO] [STDOUT]: [com.layue13.clashweave.validation.ClientReplay:audio:412]: P0_AUDIO source=random.anvil_land frozen=37211649562900 nano=37211921879600
[17:13:16] [Client thread/INFO] [STDOUT]: [com.layue13.clashweave.client.ClientProxy:hud:368]: CW_FRAME frozen=37211649562900 frame=37211922510900
[17:13:16] [Client thread/INFO] [STDOUT]: [com.layue13.clashweave.client.ClientProxy:apply:305]: CW_FEEDBACK player=P0B result=PARRY frozen=37212101467200 receive=37212388312100 corrections=0
[17:13:16] [Client thread/INFO] [STDOUT]: [com.layue13.clashweave.validation.ClientReplay:audio:412]: P0_AUDIO source=random.anvil_land frozen=37212101467200 nano=37212388623000
[17:13:16] [Client thread/INFO] [STDOUT]: [com.layue13.clashweave.client.ClientProxy:hud:368]: CW_FRAME frozen=37212101467200 frame=37212389225800
[17:13:17] [Client thread/INFO] [STDOUT]: [com.layue13.clashweave.client.ClientProxy:apply:305]: CW_FEEDBACK player=P0B result=BLOCK frozen=37212499919200 receive=37212789580700 corrections=0
[17:13:17] [Client thread/INFO] [STDOUT]: [com.layue13.clashweave.validation.ClientReplay:audio:412]: P0_AUDIO source=random.anvil_land frozen=37212499919200 nano=37212789873900
[17:13:17] [Client thread/INFO] [STDOUT]: [com.layue13.clashweave.validation.ClientReplay:tick:168]: P0_REMOTE action= sneak=false
[17:13:17] [Client thread/INFO] [STDOUT]: [com.layue13.clashweave.client.ClientProxy:hud:368]: CW_FRAME frozen=37212499919200 frame=37212791051900
[17:13:17] [Client thread/INFO] [STDOUT]: [com.layue13.clashweave.client.ViewPreservingCorrections$Preserved:processPacket:140]: CW_VIEW packet=1 marker=0 protected=false yawDelta=84.39087 pitchDelta=0.0 requestedYawDelta=84.39087 requestedPitchDelta=0.0 nano=37213538146400
[17:13:18] [Client thread/INFO] [STDOUT]: [com.layue13.clashweave.validation.ClientReplay:tick:168]: P0_REMOTE action= sneak=false
[17:13:18] [Client thread/INFO] [STDOUT]: [com.layue13.clashweave.client.ClientProxy:apply:305]: CW_FEEDBACK player=P0B result=PARRY frozen=37214150032400 receive=37214404629300 corrections=0
[17:13:18] [Client thread/INFO] [STDOUT]: [com.layue13.clashweave.validation.ClientReplay:audio:412]: P0_AUDIO source=random.anvil_land frozen=37214150032400 nano=37214404956200
[17:13:18] [Client thread/INFO] [STDOUT]: [com.layue13.clashweave.client.ClientProxy:hud:368]: CW_FRAME frozen=37214150032400 frame=37214405625300
[17:13:19] [Client thread/INFO] [STDOUT]: [com.layue13.clashweave.client.ViewPreservingCorrections$Preserved:processPacket:140]: CW_VIEW packet=1 marker=0 protected=false yawDelta=37.59175 pitchDelta=0.0 requestedYawDelta=37.59175 requestedPitchDelta=0.0 nano=37214804189000
[17:13:19] [Client thread/INFO] [STDOUT]: [com.layue13.clashweave.validation.ClientReplay:tick:168]: P0_REMOTE action= sneak=false
[17:13:20] [Client thread/INFO] [STDOUT]: [com.layue13.clashweave.client.ViewPreservingCorrections$Preserved:processPacket:140]: CW_VIEW packet=1 marker=0 protected=false yawDelta=31.184967 pitchDelta=0.0 requestedYawDelta=31.184967 requestedPitchDelta=0.0 nano=37215654937900
[17:13:21] [Client thread/INFO] [STDOUT]: [com.layue13.clashweave.client.ClientProxy:apply:305]: CW_FEEDBACK player=P0B result=PARRY frozen=37216699240400 receive=37216955650500 corrections=0
[17:13:21] [Client thread/INFO] [STDOUT]: [com.layue13.clashweave.validation.ClientReplay:audio:412]: P0_AUDIO source=random.anvil_land frozen=37216699240400 nano=37216955912800
[17:13:21] [Client thread/INFO] [STDOUT]: [com.layue13.clashweave.client.ClientProxy:hud:368]: CW_FRAME frozen=37216699240400 frame=37216956744500
[17:13:21] [Client thread/INFO] [STDOUT]: [com.layue13.clashweave.client.ClientProxy:apply:305]: CW_FEEDBACK player=P0B result=PARRY frozen=37217150047600 receive=37217421913100 corrections=0
[17:13:21] [Client thread/INFO] [STDOUT]: [com.layue13.clashweave.validation.ClientReplay:audio:412]: P0_AUDIO source=random.anvil_land frozen=37217150047600 nano=37217422224500
[17:13:21] [Client thread/INFO] [STDOUT]: [com.layue13.clashweave.client.ClientProxy:hud:368]: CW_FRAME frozen=37217150047600 frame=37217422834800
[17:13:22] [Client thread/INFO] [STDOUT]: [com.layue13.clashweave.client.ClientProxy:apply:305]: CW_FEEDBACK player=P0B result=BLOCK frozen=37217649436900 receive=37217871785200 corrections=0
[17:13:22] [Client thread/INFO] [STDOUT]: [com.layue13.clashweave.validation.ClientReplay:audio:412]: P0_AUDIO source=random.anvil_land frozen=37217649436900 nano=37217872027200
[17:13:22] [Client thread/INFO] [STDOUT]: [com.layue13.clashweave.client.ClientProxy:hud:368]: CW_FRAME frozen=37217649436900 frame=37217872996500
[17:13:22] [Client thread/INFO] [STDOUT]: [com.layue13.clashweave.client.ViewPreservingCorrections$Preserved:processPacket:140]: CW_VIEW packet=1 marker=0 protected=false yawDelta=84.43318 pitchDelta=0.0 requestedYawDelta=84.43318 requestedPitchDelta=0.0 nano=37218321888700
[17:13:23] [Client thread/INFO] [STDOUT]: [com.layue13.clashweave.validation.ClientReplay:audio:412]: P0_AUDIO source=random.anvil_land frozen=37219199208100 nano=37219472141600
[17:13:24] [Client thread/INFO] [STDOUT]: [com.layue13.clashweave.client.ViewPreservingCorrections$Preserved:processPacket:140]: CW_VIEW packet=1 marker=0 protected=false yawDelta=39.400665 pitchDelta=0.0 requestedYawDelta=39.400665 requestedPitchDelta=0.0 nano=37219871127900
[17:13:25] [Client thread/INFO] [STDOUT]: [com.layue13.clashweave.client.ViewPreservingCorrections$Preserved:processPacket:140]: CW_VIEW packet=1 marker=0 protected=false yawDelta=31.184967 pitchDelta=0.0 requestedYawDelta=31.184967 requestedPitchDelta=0.0 nano=37220671427200
[17:13:26] [Client thread/INFO] [STDOUT]: [com.layue13.clashweave.validation.ClientReplay:audio:412]: P0_AUDIO source=random.anvil_land frozen=37221700387500 nano=37221971691800
[17:13:27] [Client thread/INFO] [STDOUT]: [com.layue13.clashweave.client.ViewPreservingCorrections$Preserved:processPacket:140]: CW_VIEW packet=1 marker=0 protected=false yawDelta=81.95686 pitchDelta=0.0 requestedYawDelta=81.95686 requestedPitchDelta=0.0 nano=37223571618200
[17:13:29] [Client thread/INFO] [STDOUT]: [com.layue13.clashweave.client.ViewPreservingCorrections$Preserved:processPacket:140]: CW_VIEW packet=1 marker=0 protected=false yawDelta=39.400665 pitchDelta=0.0 requestedYawDelta=39.400665 requestedPitchDelta=0.0 nano=37224871690800
[17:13:30] [Client thread/INFO] [STDOUT]: [com.layue13.clashweave.client.ViewPreservingCorrections$Preserved:processPacket:140]: CW_VIEW packet=1 marker=0 protected=false yawDelta=31.184967 pitchDelta=0.0 requestedYawDelta=31.184967 requestedPitchDelta=0.0 nano=37225671426400
[17:13:32] [Client thread/INFO] [STDOUT]: [com.layue13.clashweave.client.ViewPreservingCorrections$Preserved:processPacket:140]: CW_VIEW packet=1 marker=0 protected=false yawDelta=58.561554 pitchDelta=0.0 requestedYawDelta=58.561554 requestedPitchDelta=0.0 nano=37228321285000
[17:13:34] [Client thread/INFO] [STDOUT]: [com.layue13.clashweave.client.ViewPreservingCorrections$Preserved:processPacket:140]: CW_VIEW packet=1 marker=0 protected=false yawDelta=37.59175 pitchDelta=0.0 requestedYawDelta=37.59175 requestedPitchDelta=0.0 nano=37229821910100
[17:13:34] [Client thread/INFO] [STDOUT]: [com.layue13.clashweave.client.ViewPreservingCorrections$Preserved:processPacket:140]: CW_VIEW packet=1 marker=0 protected=false yawDelta=31.184967 pitchDelta=0.0 requestedYawDelta=31.184967 requestedPitchDelta=0.0 nano=37230621212600
[17:13:37] [Client thread/INFO] [STDOUT]: [com.layue13.clashweave.client.ViewPreservingCorrections$Preserved:processPacket:140]: CW_VIEW packet=1 marker=0 protected=false yawDelta=71.22475 pitchDelta=0.0 requestedYawDelta=71.22475 requestedPitchDelta=0.0 nano=37233371340200
[17:13:39] [Client thread/INFO] [STDOUT]: [com.layue13.clashweave.client.ViewPreservingCorrections$Preserved:processPacket:140]: CW_VIEW packet=1 marker=0 protected=false yawDelta=37.59175 pitchDelta=0.0 requestedYawDelta=37.59175 requestedPitchDelta=0.0 nano=37234822022100
[17:13:39] [Client thread/INFO] [STDOUT]: [com.layue13.clashweave.client.ViewPreservingCorrections$Preserved:processPacket:140]: CW_VIEW packet=1 marker=0 protected=false yawDelta=31.184967 pitchDelta=0.0 requestedYawDelta=31.184967 requestedPitchDelta=0.0 nano=37235621751300
[17:13:42] [Client thread/INFO] [STDOUT]: [com.layue13.clashweave.client.ViewPreservingCorrections$Preserved:processPacket:140]: CW_VIEW packet=1 marker=0 protected=false yawDelta=86.41042 pitchDelta=0.0 requestedYawDelta=86.41042 requestedPitchDelta=0.0 nano=37238271533400
[17:13:44] [Client thread/INFO] [STDOUT]: [com.layue13.clashweave.client.ViewPreservingCorrections$Preserved:processPacket:140]: CW_VIEW packet=1 marker=0 protected=false yawDelta=37.59175 pitchDelta=0.0 requestedYawDelta=37.59175 requestedPitchDelta=0.0 nano=37239821608000
[17:13:44] [Client thread/INFO] [STDOUT]: [com.layue13.clashweave.client.ViewPreservingCorrections$Preserved:processPacket:140]: CW_VIEW packet=1 marker=0 protected=false yawDelta=31.184967 pitchDelta=0.0 requestedYawDelta=31.184967 requestedPitchDelta=0.0 nano=37240621687300
[17:13:47] [Client thread/INFO] [STDOUT]: [com.layue13.clashweave.client.ViewPreservingCorrections$Preserved:processPacket:140]: CW_VIEW packet=1 marker=0 protected=false yawDelta=74.38029 pitchDelta=0.0 requestedYawDelta=74.38029 requestedPitchDelta=0.0 nano=37243471295400
[17:13:49] [Client thread/INFO] [STDOUT]: [com.layue13.clashweave.client.ViewPreservingCorrections$Preserved:processPacket:140]: CW_VIEW packet=1 marker=0 protected=false yawDelta=37.59175 pitchDelta=0.0 requestedYawDelta=37.59175 requestedPitchDelta=0.0 nano=37244821484100
[17:13:49] [Client thread/INFO] [STDOUT]: [com.layue13.clashweave.client.ViewPreservingCorrections$Preserved:processPacket:140]: CW_VIEW packet=1 marker=0 protected=false yawDelta=31.184967 pitchDelta=0.0 requestedYawDelta=31.184967 requestedPitchDelta=0.0 nano=37245621961000
[17:13:52] [Client thread/INFO] [STDOUT]: [com.layue13.clashweave.client.ViewPreservingCorrections$Preserved:processPacket:140]: CW_VIEW packet=1 marker=0 protected=false yawDelta=70.26342 pitchDelta=0.0 requestedYawDelta=70.26342 requestedPitchDelta=0.0 nano=37248222478800
[17:13:54] [Client thread/INFO] [STDOUT]: [com.layue13.clashweave.client.ViewPreservingCorrections$Preserved:processPacket:140]: CW_VIEW packet=1 marker=0 protected=false yawDelta=37.59175 pitchDelta=0.0 requestedYawDelta=37.59175 requestedPitchDelta=0.0 nano=37249822153000
[17:13:54] [Client thread/INFO] [STDOUT]: [com.layue13.clashweave.client.ViewPreservingCorrections$Preserved:processPacket:140]: CW_VIEW packet=1 marker=0 protected=false yawDelta=31.184967 pitchDelta=0.0 requestedYawDelta=31.184967 requestedPitchDelta=0.0 nano=37250622276600
