# Log excerpt; complete raw log retained locally under build/p0/runs.
# Original lines: 733
# Marker counts: {'ERROR': 3, 'CW_RENDER': 1, 'Exception': 2, 'P0_AUDIO': 4, 'CW_VIEW': 3, 'CW_ENGAGEMENT': 2, 'P0_LOCK_PHASE': 8, 'P0_LOCK_CAMERA': 291, 'CW_LOCK_MARKER': 1, 'CW_LOCK_FOLLOW': 271, 'P0_LOCAL_AUDIO': 3, 'CW_LOCAL_SWING': 3, 'P0_LOCK_ATTACK': 1, 'CW_ALIGN': 3, 'CW_PRESENT': 10, 'CW_FEEDBACK': 3, 'CW_FRAME': 3, 'P0_LOCK_MOUSE': 2, 'P0_LOCK_F': 2}
[07:54:54] [main/ERROR] [FML]: The binary patch set is missing. Either you are in a development environment, or things are not going to work!
[07:54:54] [main/ERROR] [FML]: FML appears to be missing any signature data. This is not a good thing
This is just a prompt for computer specs to be printed. THIS IS NOT A ERROR
[07:54:58] [Client thread/INFO] [STDOUT]: [com.layue13.clashweave.client.KatanaRendering:load:35]: CW_RENDER models loaded units=block blade=+Y sheath=downwardBipedY angle=45.0
[07:54:58] [Forge Version Check/INFO] [STDERR]: [java.lang.Throwable$WrappedPrintStream:println:749]: com.google.gson.JsonSyntaxException: java.lang.IllegalStateException: Expected BEGIN_OBJECT but was STRING at line 1 column 1
[07:54:58] [Forge Version Check/INFO] [STDERR]: [java.lang.Throwable$WrappedPrintStream:println:749]: Caused by: java.lang.IllegalStateException: Expected BEGIN_OBJECT but was STRING at line 1 column 1
[07:54:58] [Client thread/INFO] [STDOUT]: [com.layue13.clashweave.validation.ClientReplay:<init>:69]: P0_AUDIO initial loader settled
[07:55:04] [Client thread/INFO] [STDOUT]: [com.layue13.clashweave.client.ViewPreservingCorrections$Preserved:processPacket:140]: CW_VIEW packet=1 marker=0 protected=false yawDelta=180.0 pitchDelta=0.0 requestedYawDelta=180.0 requestedPitchDelta=0.0 nano=90119682419000
[07:55:04] [Client thread/INFO] [STDOUT]: [com.layue13.clashweave.client.ViewPreservingCorrections$Preserved:processPacket:140]: CW_VIEW packet=1 marker=0 protected=false yawDelta=0.0 pitchDelta=0.0 requestedYawDelta=0.0 requestedPitchDelta=0.0 nano=90120590484700
[07:55:05] [Client thread/INFO] [STDOUT]: [com.layue13.clashweave.client.ViewPreservingCorrections$Preserved:processPacket:140]: CW_VIEW packet=1 marker=0 protected=false yawDelta=0.0 pitchDelta=0.0 requestedYawDelta=0.0 requestedPitchDelta=0.0 nano=90120956699300
[07:55:05] [Client thread/INFO] [STDOUT]: [com.layue13.clashweave.client.ClientProxy:apply:251]: CW_ENGAGEMENT player=P0A engaged=false revision=1 tick=197 receive=90120980911500
[07:55:16] [Client thread/INFO] [STDOUT]: [com.layue13.clashweave.validation.LockSupportReplay:phase:49]: P0_LOCK_PHASE name=WAIT serial=0 angle=0.0 assist=true target=80162 tick=442 receivedNano=90131881971300
[07:55:16] [Client thread/INFO]: [CHAT] P0_LOCK_PHASE name=WAIT serial=0 angle=0.0 assist=true target=80162 tick=442
[07:55:16] [Client thread/INFO] [STDOUT]: [com.layue13.clashweave.validation.LockSupportReplay:tick:85]: P0_LOCK_CAMERA phase=WAIT elapsed=1 nano=90131883045900 yaw=0.0 view=0
[07:55:16] [Client thread/INFO] [STDOUT]: [com.layue13.clashweave.client.ClientProxy:apply:251]: CW_ENGAGEMENT player=P0A engaged=true revision=3 tick=444 receive=90131928979500
[07:55:16] [Client thread/INFO] [STDOUT]: [com.layue13.clashweave.validation.LockSupportReplay:tick:85]: P0_LOCK_CAMERA phase=WAIT elapsed=2 nano=90131929215800 yaw=0.0 view=0
[07:55:16] [Client thread/INFO] [STDOUT]: [com.layue13.clashweave.validation.LockSupportReplay:tick:85]: P0_LOCK_CAMERA phase=WAIT elapsed=3 nano=90131978924500 yaw=0.0 view=0
[07:55:16] [Client thread/INFO] [STDOUT]: [com.layue13.clashweave.validation.LockSupportReplay:tick:85]: P0_LOCK_CAMERA phase=WAIT elapsed=4 nano=90132029046900 yaw=0.0 view=0
[07:55:16] [Client thread/INFO] [STDOUT]: [com.layue13.clashweave.validation.LockSupportReplay:tick:85]: P0_LOCK_CAMERA phase=WAIT elapsed=5 nano=90132078690600 yaw=0.0 view=0
[07:55:16] [Client thread/INFO] [STDOUT]: [com.layue13.clashweave.validation.LockSupportReplay:tick:85]: P0_LOCK_CAMERA phase=WAIT elapsed=6 nano=90132128621500 yaw=0.0 view=0
[07:55:16] [Client thread/INFO] [STDOUT]: [com.layue13.clashweave.validation.LockSupportReplay:tick:85]: P0_LOCK_CAMERA phase=WAIT elapsed=7 nano=90132178665300 yaw=0.0 view=0
[07:55:16] [Client thread/INFO] [STDOUT]: [com.layue13.clashweave.validation.LockSupportReplay:tick:85]: P0_LOCK_CAMERA phase=WAIT elapsed=8 nano=90132228969500 yaw=0.0 view=0
[07:55:16] [Client thread/INFO] [STDOUT]: [com.layue13.clashweave.validation.LockSupportReplay:tick:85]: P0_LOCK_CAMERA phase=WAIT elapsed=9 nano=90132278693900 yaw=0.0 view=0
[07:55:16] [Client thread/INFO] [STDOUT]: [com.layue13.clashweave.validation.LockSupportReplay:tick:85]: P0_LOCK_CAMERA phase=WAIT elapsed=10 nano=90132329065900 yaw=0.0 view=0
[07:55:16] [Client thread/INFO] [STDOUT]: [com.layue13.clashweave.validation.LockSupportReplay:tick:85]: P0_LOCK_CAMERA phase=WAIT elapsed=11 nano=90132378981700 yaw=0.0 view=0
[07:55:16] [Client thread/INFO] [STDOUT]: [com.layue13.clashweave.validation.LockSupportReplay:tick:85]: P0_LOCK_CAMERA phase=WAIT elapsed=12 nano=90132429027600 yaw=0.0 view=0
[07:55:17] [Client thread/INFO] [STDOUT]: [com.layue13.clashweave.client.LockCamera:tick:136]: CW_LOCK_MARKER target=80162 nano=90132879064100
[07:55:17] [Client thread/INFO] [STDOUT]: [com.layue13.clashweave.client.LockCamera:tick:174]: CW_LOCK_FOLLOW mode=WEAK reason=WEAK target=80162 nano=90132879064100 dt=0.0504405 before=0.0 after=0.0 pitchBefore=0.0 pitchAfter=0.0 offset=0.0 instance=0 committed=0.0
[07:55:17] [Client thread/INFO] [STDOUT]: [com.layue13.clashweave.client.LockCamera:tick:174]: CW_LOCK_FOLLOW mode=WEAK reason=WEAK target=80162 nano=90132929323400 dt=0.0502593 before=0.0 after=0.0 pitchBefore=0.0 pitchAfter=0.0 offset=0.0 instance=0 committed=0.0
[07:55:17] [Client thread/INFO] [STDOUT]: [com.layue13.clashweave.client.LockCamera:tick:174]: CW_LOCK_FOLLOW mode=WEAK reason=WEAK target=80162 nano=90132978670000 dt=0.0493466 before=0.0 after=0.0 pitchBefore=0.0 pitchAfter=0.0 offset=0.0 instance=0 committed=0.0
[07:55:17] [Client thread/INFO] [STDOUT]: [com.layue13.clashweave.client.LockCamera:tick:174]: CW_LOCK_FOLLOW mode=WEAK reason=WEAK target=80162 nano=90133029488500 dt=0.0508185 before=0.0 after=0.0 pitchBefore=0.0 pitchAfter=0.0 offset=0.0 instance=0 committed=0.0
[07:55:17] [Client thread/INFO] [STDOUT]: [com.layue13.clashweave.client.LockCamera:tick:174]: CW_LOCK_FOLLOW mode=WEAK reason=WEAK target=80162 nano=90133095998500 dt=0.06651 before=0.0 after=0.0 pitchBefore=0.0 pitchAfter=0.0 offset=0.0 instance=0 committed=0.0
[07:55:17] [Client thread/INFO] [STDOUT]: [com.layue13.clashweave.client.LockCamera:tick:174]: CW_LOCK_FOLLOW mode=WEAK reason=WEAK target=80162 nano=90133145821100 dt=0.0498226 before=0.0 after=0.0 pitchBefore=0.0 pitchAfter=0.0 offset=0.0 instance=0 committed=0.0
[07:55:17] [Client thread/INFO] [STDOUT]: [com.layue13.clashweave.validation.LockSupportReplay:phase:49]: P0_LOCK_PHASE name=AIM serial=39 angle=30.0 assist=true target=80162 tick=468 receivedNano=90133195521100
[07:55:17] [Client thread/INFO]: [CHAT] P0_LOCK_PHASE name=AIM serial=39 angle=30.0 assist=true target=80162 tick=468
[07:55:17] [Client thread/INFO] [STDOUT]: [com.layue13.clashweave.client.LockCamera:tick:174]: CW_LOCK_FOLLOW mode=OFF reason=OFF target=80162 nano=90133196303100 dt=0.050482 before=0.0 after=0.0 pitchBefore=0.0 pitchAfter=0.0 offset=0.0 instance=0 committed=0.0
[07:55:17] [Client thread/INFO] [STDOUT]: [com.layue13.clashweave.client.LockCamera:tick:174]: CW_LOCK_FOLLOW mode=OFF reason=OFF target=80162 nano=90133246138900 dt=0.0498358 before=0.0 after=0.0 pitchBefore=0.0 pitchAfter=0.0 offset=0.0 instance=0 committed=0.0
[07:55:17] [Client thread/INFO] [STDOUT]: [com.layue13.clashweave.client.LockCamera:tick:174]: CW_LOCK_FOLLOW mode=OFF reason=OFF target=80162 nano=90133295596500 dt=0.0494576 before=0.0 after=0.0 pitchBefore=0.0 pitchAfter=0.0 offset=0.0 instance=0 committed=0.0
[07:55:17] [Client thread/INFO] [STDOUT]: [com.layue13.clashweave.client.LockCamera:tick:174]: CW_LOCK_FOLLOW mode=OFF reason=OFF target=80162 nano=90133345875900 dt=0.0502794 before=0.0 after=0.0 pitchBefore=0.0 pitchAfter=0.0 offset=0.0 instance=0 committed=0.0
[07:55:17] [Client thread/INFO] [STDOUT]: [com.layue13.clashweave.client.LockCamera:tick:174]: CW_LOCK_FOLLOW mode=OFF reason=OFF target=80162 nano=90133395514200 dt=0.0496383 before=0.0 after=0.0 pitchBefore=0.0 pitchAfter=0.0 offset=0.0 instance=0 committed=0.0
[07:55:17] [Client thread/INFO] [STDOUT]: [com.layue13.clashweave.client.LockCamera:tick:174]: CW_LOCK_FOLLOW mode=OFF reason=OFF target=80162 nano=90133445600300 dt=0.0500861 before=0.0 after=0.0 pitchBefore=0.0 pitchAfter=0.0 offset=0.0 instance=0 committed=0.0
[07:55:17] [Client thread/INFO] [STDOUT]: [com.layue13.clashweave.validation.ClientReplay:audio:418]: P0_LOCAL_AUDIO nano=90133546836100
[07:55:17] [Client thread/INFO] [STDOUT]: [com.layue13.clashweave.client.ClientProxy:send:166]: CW_LOCAL_SWING seq=25 press=90133546480900 feedback=90133551425600
[07:55:17] [Client thread/INFO] [STDOUT]: [com.layue13.clashweave.validation.LockSupportReplay:tick:68]: P0_LOCK_ATTACK phase=AIM serial=39 seq=25 yaw=0.0 nano=90133551797500
[07:55:17] [Client thread/INFO] [STDOUT]: [com.layue13.clashweave.client.ClientProxy:apply:265]: CW_ALIGN player=P0A seq=25 predicted=0 authoritative=0 sameAction=true
[07:55:17] [Client thread/INFO] [STDOUT]: [com.layue13.clashweave.client.ClientProxy:tick:194]: CW_PRESENT id=1 kind=DRAW actor=0 owner=0
[07:55:17] [Client thread/INFO] [STDOUT]: [com.layue13.clashweave.client.ClientProxy:tick:194]: CW_PRESENT id=2 kind=SWING actor=0 owner=0
[07:55:18] [Client thread/INFO] [STDOUT]: [com.layue13.clashweave.client.ClientProxy:apply:310]: CW_FEEDBACK player=P0A result=HIT frozen=90133822845000 receive=90133850095400 corrections=0
[07:55:18] [Client thread/INFO] [STDOUT]: [com.layue13.clashweave.validation.ClientReplay:audio:419]: P0_AUDIO source=random.successful_hit frozen=90133822845000 nano=90133850544400
[07:55:18] [Client thread/INFO] [STDOUT]: [com.layue13.clashweave.client.ClientProxy:tick:194]: CW_PRESENT id=3 kind=HIT actor=0 owner=0
[07:55:18] [Client thread/INFO] [STDOUT]: [com.layue13.clashweave.client.ClientProxy:tick:194]: CW_PRESENT id=4 kind=HURT actor=80162 owner=0
[07:55:18] [Client thread/INFO] [STDOUT]: [com.layue13.clashweave.client.ClientProxy:hud:381]: CW_FRAME frozen=90133822845000 frame=90133854701100
[07:55:18] [Client thread/INFO] [STDOUT]: [com.layue13.clashweave.validation.LockSupportReplay:phase:49]: P0_LOCK_PHASE name=WEAK serial=0 angle=0.0 assist=true target=80162 tick=492 receivedNano=90134395400000
[07:55:18] [Client thread/INFO]: [CHAT] P0_LOCK_PHASE name=WEAK serial=0 angle=0.0 assist=true target=80162 tick=492
[07:55:20] [Client thread/INFO] [STDOUT]: [com.layue13.clashweave.validation.LockSupportReplay:tick:76]: P0_LOCK_MOUSE phase=WEAK rawDx=33 gateDx=33 delta=4.95 nano=90135846077700
[07:55:24] [Client thread/INFO] [STDOUT]: [com.layue13.clashweave.validation.LockSupportReplay:phase:49]: P0_LOCK_PHASE name=STRONG serial=0 angle=0.0 assist=true target=80162 tick=612 receivedNano=90140411329900
[07:55:24] [Client thread/INFO]: [CHAT] P0_LOCK_PHASE name=STRONG serial=0 angle=0.0 assist=true target=80162 tick=612
[07:55:25] [Client thread/INFO] [STDOUT]: [com.layue13.clashweave.validation.ClientReplay:audio:418]: P0_LOCAL_AUDIO nano=90141612065200
[07:55:25] [Client thread/INFO] [STDOUT]: [com.layue13.clashweave.client.ClientProxy:send:166]: CW_LOCAL_SWING seq=27 press=90141611916900 feedback=90141612287100
[07:55:26] [Client thread/INFO] [STDOUT]: [com.layue13.clashweave.client.ClientProxy:apply:265]: CW_ALIGN player=P0A seq=27 predicted=0 authoritative=0 sameAction=true
[07:55:26] [Client thread/INFO] [STDOUT]: [com.layue13.clashweave.client.ClientProxy:tick:194]: CW_PRESENT id=5 kind=SWING actor=0 owner=0
[07:55:26] [Client thread/INFO] [STDOUT]: [com.layue13.clashweave.client.ClientProxy:apply:310]: CW_FEEDBACK player=P0A result=HIT frozen=90141823790600 receive=90141862416800 corrections=0
[07:55:26] [Client thread/INFO] [STDOUT]: [com.layue13.clashweave.validation.ClientReplay:audio:419]: P0_AUDIO source=random.successful_hit frozen=90141823790600 nano=90141862652500
[07:55:26] [Client thread/INFO] [STDOUT]: [com.layue13.clashweave.client.ClientProxy:tick:194]: CW_PRESENT id=6 kind=HIT actor=0 owner=0
[07:55:26] [Client thread/INFO] [STDOUT]: [com.layue13.clashweave.client.ClientProxy:tick:194]: CW_PRESENT id=7 kind=HURT actor=80162 owner=0
[07:55:26] [Client thread/INFO] [STDOUT]: [com.layue13.clashweave.validation.LockSupportReplay:tick:76]: P0_LOCK_MOUSE phase=STRONG rawDx=33 gateDx=0 delta=4.95 nano=90141863369700
[07:55:26] [Client thread/INFO] [STDOUT]: [com.layue13.clashweave.client.ClientProxy:hud:381]: CW_FRAME frozen=90141823790600 frame=90141863986900
[07:55:27] [Client thread/INFO] [STDOUT]: [com.layue13.clashweave.validation.ClientReplay:audio:418]: P0_LOCAL_AUDIO nano=90143612575500
[07:55:27] [Client thread/INFO] [STDOUT]: [com.layue13.clashweave.client.ClientProxy:send:166]: CW_LOCAL_SWING seq=29 press=90143612435300 feedback=90143612782400
[07:55:28] [Client thread/INFO] [STDOUT]: [com.layue13.clashweave.client.ClientProxy:apply:265]: CW_ALIGN player=P0A seq=29 predicted=0 authoritative=0 sameAction=true
[07:55:28] [Client thread/INFO] [STDOUT]: [com.layue13.clashweave.client.ClientProxy:tick:194]: CW_PRESENT id=8 kind=SWING actor=0 owner=0
[07:55:28] [Client thread/INFO] [STDOUT]: [com.layue13.clashweave.client.ClientProxy:apply:310]: CW_FEEDBACK player=P0A result=HIT frozen=90143819324700 receive=90143861566700 corrections=0
[07:55:28] [Client thread/INFO] [STDOUT]: [com.layue13.clashweave.validation.ClientReplay:audio:419]: P0_AUDIO source=random.successful_hit frozen=90143819324700 nano=90143861807200
[07:55:28] [Client thread/INFO] [STDOUT]: [com.layue13.clashweave.client.ClientProxy:tick:194]: CW_PRESENT id=9 kind=HIT actor=0 owner=0
[07:55:28] [Client thread/INFO] [STDOUT]: [com.layue13.clashweave.client.ClientProxy:tick:194]: CW_PRESENT id=10 kind=HURT actor=80162 owner=0
[07:55:28] [Client thread/INFO] [STDOUT]: [com.layue13.clashweave.client.ClientProxy:hud:381]: CW_FRAME frozen=90143819324700 frame=90143862804000
[07:55:29] [Client thread/INFO] [STDOUT]: [com.layue13.clashweave.validation.LockSupportReplay:tick:83]: P0_LOCK_F5 nano=90145112192900
[07:55:29] [Client thread/INFO] [STDOUT]: [com.layue13.clashweave.validation.LockSupportReplay:tick:84]: P0_LOCK_F5 nano=90145611931900
