# Log excerpt; complete raw log retained locally under build/p0/runs.
# Original lines: 5520
# Marker counts: {'Exception': 171, 'ERROR': 2, 'P0_NETWORK': 3, ' CW INPUT': 41, ' CW ACK': 16, 'P0_COMPOSITION_PHASE': 2, ' CW ENGAGEMENT': 1, ' CW LOCK': 2, 'P0_PERF': 2, ' CW FACING': 1, ' CW START': 1, ' CW AIM': 1, 'CW_EVENT': 2}
[Loaded java.lang.Exception from C:\Program Files\Zulu\zulu-8\jre\lib\rt.jar]
[Loaded java.lang.RuntimeException from C:\Program Files\Zulu\zulu-8\jre\lib\rt.jar]
[Loaded java.lang.ReflectiveOperationException from C:\Program Files\Zulu\zulu-8\jre\lib\rt.jar]
[Loaded java.lang.ClassNotFoundException from C:\Program Files\Zulu\zulu-8\jre\lib\rt.jar]
[Loaded java.lang.ClassCastException from C:\Program Files\Zulu\zulu-8\jre\lib\rt.jar]
[Loaded java.lang.ArrayStoreException from C:\Program Files\Zulu\zulu-8\jre\lib\rt.jar]
[Loaded java.lang.IllegalMonitorStateException from C:\Program Files\Zulu\zulu-8\jre\lib\rt.jar]
[Loaded java.lang.Thread$UncaughtExceptionHandler from C:\Program Files\Zulu\zulu-8\jre\lib\rt.jar]
[Loaded java.lang.NullPointerException from C:\Program Files\Zulu\zulu-8\jre\lib\rt.jar]
[Loaded java.lang.ArithmeticException from C:\Program Files\Zulu\zulu-8\jre\lib\rt.jar]
[Loaded java.lang.InterruptedException from C:\Program Files\Zulu\zulu-8\jre\lib\rt.jar]
[Loaded java.security.PrivilegedExceptionAction from C:\Program Files\Zulu\zulu-8\jre\lib\rt.jar]
[08:51:36] [main/ERROR] [FML]: The binary patch set is missing. Either you are in a development environment, or things are not going to work!
[08:51:37] [main/ERROR] [FML]: FML appears to be missing any signature data. This is not a good thing
[08:51:56] [Server thread/INFO] [STDOUT]: [com.layue13.clashweave.validation.NetworkScenario:login:44]: P0_NETWORK login=P0A
[08:51:57] [Server thread/INFO] [STDOUT]: [com.layue13.clashweave.forge.CombatServer:trace:828]: CW INPUT player=P0A seq=1 kind=-2 target=-1 origin=0 stamp=221 effectiveStamp=221 receivedTick=241 consumedTick=242 arrival=93532630824900 gate=STALE
[08:51:57] [Server thread/INFO] [STDOUT]: [com.layue13.clashweave.forge.CombatServer:trace:828]: CW ACK player=P0A seq=1 result=REJECT:STALE
[08:51:57] [Server thread/INFO] [STDOUT]: [com.layue13.clashweave.forge.CombatServer:trace:828]: CW INPUT player=P0A seq=2 kind=-2 target=-1 origin=0 stamp=222 effectiveStamp=222 receivedTick=241 consumedTick=242 arrival=93532630942700 gate=STALE
[08:51:57] [Server thread/INFO] [STDOUT]: [com.layue13.clashweave.forge.CombatServer:trace:828]: CW ACK player=P0A seq=2 result=REJECT:STALE
[08:51:57] [Server thread/INFO] [STDOUT]: [com.layue13.clashweave.forge.CombatServer:trace:828]: CW INPUT player=P0A seq=3 kind=-2 target=-1 origin=0 stamp=223 effectiveStamp=223 receivedTick=241 consumedTick=242 arrival=93532630966700 gate=STALE
[08:51:57] [Server thread/INFO] [STDOUT]: [com.layue13.clashweave.forge.CombatServer:trace:828]: CW ACK player=P0A seq=3 result=REJECT:STALE
[08:51:57] [Server thread/INFO] [STDOUT]: [com.layue13.clashweave.forge.CombatServer:trace:828]: CW INPUT player=P0A seq=4 kind=-2 target=-1 origin=0 stamp=224 effectiveStamp=224 receivedTick=241 consumedTick=242 arrival=93532630980500 gate=STALE
[08:51:57] [Server thread/INFO] [STDOUT]: [com.layue13.clashweave.forge.CombatServer:trace:828]: CW ACK player=P0A seq=4 result=REJECT:STALE
[08:51:57] [Server thread/INFO] [STDOUT]: [com.layue13.clashweave.forge.CombatServer:trace:828]: CW INPUT player=P0A seq=5 kind=-2 target=-1 origin=0 stamp=225 effectiveStamp=225 receivedTick=241 consumedTick=242 arrival=93532630991900 gate=STALE
[08:51:57] [Server thread/INFO] [STDOUT]: [com.layue13.clashweave.forge.CombatServer:trace:828]: CW ACK player=P0A seq=5 result=REJECT:STALE
[08:51:57] [Server thread/INFO] [STDOUT]: [com.layue13.clashweave.forge.CombatServer:trace:828]: CW INPUT player=P0A seq=6 kind=-2 target=-1 origin=0 stamp=226 effectiveStamp=226 receivedTick=241 consumedTick=242 arrival=93532631011700 gate=STALE
[08:51:57] [Server thread/INFO] [STDOUT]: [com.layue13.clashweave.forge.CombatServer:trace:828]: CW ACK player=P0A seq=6 result=REJECT:STALE
[08:51:57] [Server thread/INFO] [STDOUT]: [com.layue13.clashweave.forge.CombatServer:trace:828]: CW INPUT player=P0A seq=7 kind=-2 target=-1 origin=0 stamp=227 effectiveStamp=227 receivedTick=241 consumedTick=242 arrival=93532631126700 gate=STALE
[08:51:57] [Server thread/INFO] [STDOUT]: [com.layue13.clashweave.forge.CombatServer:trace:828]: CW ACK player=P0A seq=7 result=REJECT:STALE
[08:51:57] [Server thread/INFO] [STDOUT]: [com.layue13.clashweave.forge.CombatServer:trace:828]: CW INPUT player=P0A seq=8 kind=-2 target=-1 origin=0 stamp=228 effectiveStamp=228 receivedTick=241 consumedTick=242 arrival=93532631150900 gate=STALE
[08:51:57] [Server thread/INFO] [STDOUT]: [com.layue13.clashweave.forge.CombatServer:trace:828]: CW ACK player=P0A seq=8 result=REJECT:STALE
[08:51:57] [Server thread/INFO] [STDOUT]: [com.layue13.clashweave.forge.CombatServer:trace:828]: CW INPUT player=P0A seq=9 kind=-2 target=-1 origin=0 stamp=229 effectiveStamp=229 receivedTick=241 consumedTick=242 arrival=93532631163900 gate=STALE
[08:51:57] [Server thread/INFO] [STDOUT]: [com.layue13.clashweave.forge.CombatServer:trace:828]: CW ACK player=P0A seq=9 result=REJECT:STALE
[08:51:57] [Server thread/INFO] [STDOUT]: [com.layue13.clashweave.forge.CombatServer:trace:828]: CW INPUT player=P0A seq=10 kind=-2 target=-1 origin=0 stamp=230 effectiveStamp=230 receivedTick=241 consumedTick=242 arrival=93532631174900 gate=STALE
[08:51:57] [Server thread/INFO] [STDOUT]: [com.layue13.clashweave.forge.CombatServer:trace:828]: CW ACK player=P0A seq=10 result=REJECT:STALE
[08:51:57] [Server thread/INFO] [STDOUT]: [com.layue13.clashweave.forge.CombatServer:trace:828]: CW INPUT player=P0A seq=11 kind=-2 target=-1 origin=0 stamp=231 effectiveStamp=231 receivedTick=241 consumedTick=242 arrival=93532631187100 gate=STALE
[08:51:57] [Server thread/INFO] [STDOUT]: [com.layue13.clashweave.forge.CombatServer:trace:828]: CW ACK player=P0A seq=11 result=REJECT:STALE
[08:51:57] [Server thread/INFO] [STDOUT]: [com.layue13.clashweave.forge.CombatServer:trace:828]: CW INPUT player=P0A seq=12 kind=-2 target=-1 origin=0 stamp=232 effectiveStamp=232 receivedTick=241 consumedTick=242 arrival=93532631195900 gate=STALE
[08:51:57] [Server thread/INFO] [STDOUT]: [com.layue13.clashweave.forge.CombatServer:trace:828]: CW ACK player=P0A seq=12 result=REJECT:STALE
[08:52:07] [Server thread/INFO] [STDOUT]: [com.layue13.clashweave.validation.NetworkScenario:login:44]: P0_NETWORK login=P0B
[08:52:08] [Server thread/INFO] [STDOUT]: [com.layue13.clashweave.validation.CompositionScenario:phase:14]: P0_COMPOSITION_PHASE name=WAIT target=84626 tick=475
[08:52:08] [Server thread/INFO] [STDOUT]: [com.layue13.clashweave.forge.CombatServer:trace:828]: CW ENGAGEMENT player=P0A engaged=true revision=3 tick=476 sent=93544331153100
[08:52:09] [Server thread/INFO] [STDOUT]: [com.layue13.clashweave.forge.CombatServer:trace:828]: CW LOCK_TARGET player=P0A target=84626 hint=-1
[08:52:09] [Server thread/INFO] [STDOUT]: [com.layue13.clashweave.validation.CompositionScenario:phase:14]: P0_COMPOSITION_PHASE name=FIRST target=84626 tick=497
[08:52:12] [Server thread/INFO] [STDOUT]: [com.layue13.clashweave.validation.NetworkScenario:tick:105]: P0_PERF samples=100 meanNanos=164972 maxNanos=2579300
[08:52:12] [Server thread/INFO] [STDOUT]: [com.layue13.clashweave.forge.CombatServer:trace:828]: CW FACING player=P0A seq=35 requested=8.0 known=8.0 chosen=8.0 accepted=true reason=OK
[08:52:12] [Server thread/INFO] [STDOUT]: [com.layue13.clashweave.forge.CombatServer:trace:828]: CW START player=P0A id=1 action=iai tick=549
[08:52:12] [Server thread/INFO] [STDOUT]: [com.layue13.clashweave.forge.CombatServer:trace:828]: CW LOCK_AIM player=P0A id=1 target=84626 enabled=true before=8.0 after=0.0 correction=8.0 targetYaw=0.0 pitchCorrection=0
[08:52:12] [Server thread/INFO] [STDOUT]: [com.layue13.clashweave.forge.CombatServer:trace:828]: CW AIM player=P0A id=1 requested=8.0 requestedPitch=8.64455 selectedPitch=8.64455 beforePitchDelta=8.64455 afterPitchDelta=0.0 baseline=8.0 selected=0.0 beforeDelta=0.0 afterDelta=8.0 accepted=true
[08:52:12] [Server thread/INFO] [STDOUT]: [com.layue13.clashweave.forge.SemanticDispatcher:publish:33]: CW_EVENT id=1 kind=DRAW actor=0 target=-1 instance=1 tick=549
[08:52:12] [Server thread/INFO] [STDOUT]: [com.layue13.clashweave.forge.SemanticDispatcher:publish:33]: CW_EVENT id=2 kind=SWING actor=0 target=-1 instance=1 tick=549
[08:52:17] [Server thread/INFO] [STDOUT]: [com.layue13.clashweave.validation.NetworkScenario:tick:105]: P0_PERF samples=200 meanNanos=153648 maxNanos=5306600
[08:52:19] [Server thread/INFO] [STDOUT]: [com.layue13.clashweave.validation.CompositionScenario:tick:26]: P0_NETWORK COMPLETE
