# Log excerpt; complete raw log retained locally under build/p0/runs.
# Original lines: 5516
# Marker counts: {'Exception': 171, 'ERROR': 2, 'P0_NETWORK': 3, ' CW INPUT': 9, 'P0_COMPOSITION_PHASE': 7, ' CW ENGAGEMENT': 1, ' CW LOCK': 6, ' CW ACK': 7, 'P0_PERF': 12, ' CW FACING': 1, ' CW START': 1, ' CW AIM': 1, 'CW_EVENT': 2}
[Loaded java.lang.Exception from C:\Program Files\Zulu\zulu-8\jre\lib\rt.jar]
[Loaded java.lang.RuntimeException from C:\Program Files\Zulu\zulu-8\jre\lib\rt.jar]
[Loaded java.lang.ReflectiveOperationException from C:\Program Files\Zulu\zulu-8\jre\lib\rt.jar]
[Loaded java.lang.ClassNotFoundException from C:\Program Files\Zulu\zulu-8\jre\lib\rt.jar]
[Loaded java.lang.ClassCastException from C:\Program Files\Zulu\zulu-8\jre\lib\rt.jar]
[Loaded java.lang.ArrayStoreException from C:\Program Files\Zulu\zulu-8\jre\lib\rt.jar]
[Loaded java.lang.IllegalMonitorStateException from C:\Program Files\Zulu\zulu-8\jre\lib\rt.jar]
[Loaded java.lang.Thread$UncaughtExceptionHandler from C:\Program Files\Zulu\zulu-8\jre\lib\rt.jar]
[Loaded java.lang.NullPointerException from C:\Program Files\Zulu\zulu-8\jre\lib\rt.jar]
[Loaded java.lang.ArithmeticException from C:\Program Files\Zulu\zulu-8\jre\lib\rt.jar]
[Loaded java.lang.InterruptedException from C:\Program Files\Zulu\zulu-8\jre\lib\rt.jar]
[Loaded java.security.PrivilegedExceptionAction from C:\Program Files\Zulu\zulu-8\jre\lib\rt.jar]
[08:42:27] [main/ERROR] [FML]: The binary patch set is missing. Either you are in a development environment, or things are not going to work!
[08:42:27] [main/ERROR] [FML]: FML appears to be missing any signature data. This is not a good thing
[08:42:47] [Server thread/INFO] [STDOUT]: [com.layue13.clashweave.validation.NetworkScenario:login:44]: P0_NETWORK login=P0A
[08:42:48] [Server thread/INFO] [STDOUT]: [com.layue13.clashweave.forge.CombatServer:trace:871]: CW INPUT player=P0A seq=1 kind=-2 target=-1 origin=0 stamp=239 effectiveStamp=239 receivedTick=239 consumedTick=240 arrival=92983711314600 gate=OK
[08:42:59] [Server thread/INFO] [STDOUT]: [com.layue13.clashweave.validation.NetworkScenario:login:44]: P0_NETWORK login=P0B
[08:42:59] [Server thread/INFO] [STDOUT]: [com.layue13.clashweave.forge.CombatServer:trace:871]: CW INPUT player=P0B seq=1 kind=-2 target=-1 origin=0 stamp=496 effectiveStamp=496 receivedTick=496 consumedTick=497 arrival=92995274091900 gate=OK
[08:43:00] [Server thread/INFO] [STDOUT]: [com.layue13.clashweave.validation.CompositionScenario:phase:14]: P0_COMPOSITION_PHASE name=WAIT target=93266 tick=524
[08:43:01] [Server thread/INFO] [STDOUT]: [com.layue13.clashweave.forge.CombatServer:trace:871]: CW ENGAGEMENT player=P0A engaged=true revision=3 tick=525 sent=92996674382100
[08:43:01] [Server thread/INFO] [STDOUT]: [com.layue13.clashweave.forge.CombatServer:trace:871]: CW INPUT player=P0A seq=2 kind=5 target=-1 origin=0 stamp=543 effectiveStamp=543 receivedTick=543 consumedTick=544 arrival=92997612948400 gate=OK
[08:43:01] [Server thread/INFO] [STDOUT]: [com.layue13.clashweave.forge.CombatServer:trace:871]: CW LOCK_TARGET player=P0A target=93266 hint=-1
[08:43:01] [Server thread/INFO] [STDOUT]: [com.layue13.clashweave.forge.CombatServer:trace:871]: CW ACK player=P0A seq=2 result=LOCK
[08:43:01] [Server thread/INFO] [STDOUT]: [com.layue13.clashweave.validation.CompositionScenario:phase:14]: P0_COMPOSITION_PHASE name=STILL target=93266 tick=544
[08:43:04] [Server thread/INFO] [STDOUT]: [com.layue13.clashweave.validation.NetworkScenario:tick:105]: P0_PERF samples=100 meanNanos=131571 maxNanos=1831400
[08:43:09] [Server thread/INFO] [STDOUT]: [com.layue13.clashweave.validation.NetworkScenario:tick:105]: P0_PERF samples=200 meanNanos=103072 maxNanos=1831400
[08:43:11] [Server thread/INFO] [STDOUT]: [com.layue13.clashweave.validation.CompositionScenario:phase:14]: P0_COMPOSITION_PHASE name=ORBIT target=93266 tick=744
[08:43:14] [Server thread/INFO] [STDOUT]: [com.layue13.clashweave.validation.NetworkScenario:tick:105]: P0_PERF samples=300 meanNanos=88420 maxNanos=1831400
[08:43:19] [Server thread/INFO] [STDOUT]: [com.layue13.clashweave.validation.NetworkScenario:tick:105]: P0_PERF samples=400 meanNanos=82237 maxNanos=1831400
[08:43:21] [Server thread/INFO] [STDOUT]: [com.layue13.clashweave.validation.CompositionScenario:phase:14]: P0_COMPOSITION_PHASE name=JITTER target=93266 tick=944
[08:43:24] [Server thread/INFO] [STDOUT]: [com.layue13.clashweave.validation.NetworkScenario:tick:105]: P0_PERF samples=500 meanNanos=77002 maxNanos=1831400
[08:43:29] [Server thread/INFO] [STDOUT]: [com.layue13.clashweave.validation.NetworkScenario:tick:105]: P0_PERF samples=600 meanNanos=77238 maxNanos=1978000
[08:43:31] [Server thread/INFO] [STDOUT]: [com.layue13.clashweave.validation.CompositionScenario:phase:14]: P0_COMPOSITION_PHASE name=JUMP target=93266 tick=1144
[08:43:34] [Server thread/INFO] [STDOUT]: [com.layue13.clashweave.validation.NetworkScenario:tick:105]: P0_PERF samples=700 meanNanos=74426 maxNanos=1978000
[08:43:39] [Server thread/INFO] [STDOUT]: [com.layue13.clashweave.validation.NetworkScenario:tick:105]: P0_PERF samples=800 meanNanos=71661 maxNanos=1978000
[08:43:41] [Server thread/INFO] [STDOUT]: [com.layue13.clashweave.validation.CompositionScenario:phase:14]: P0_COMPOSITION_PHASE name=MOUSE target=93266 tick=1344
[08:43:44] [Server thread/INFO] [STDOUT]: [com.layue13.clashweave.validation.NetworkScenario:tick:105]: P0_PERF samples=900 meanNanos=68905 maxNanos=1978000
[08:43:49] [Server thread/INFO] [STDOUT]: [com.layue13.clashweave.validation.NetworkScenario:tick:105]: P0_PERF samples=1000 meanNanos=67425 maxNanos=1978000
[08:43:50] [Server thread/INFO] [STDOUT]: [com.layue13.clashweave.forge.CombatServer:trace:871]: CW INPUT player=P0A seq=3 kind=10 target=1 origin=0 stamp=1513 effectiveStamp=1513 receivedTick=1513 consumedTick=1514 arrival=93046119204100 gate=OK
[08:43:50] [Server thread/INFO] [STDOUT]: [com.layue13.clashweave.forge.CombatServer:trace:871]: CW LOCK_SWITCH player=P0A direction=1 selected=390639
[08:43:50] [Server thread/INFO] [STDOUT]: [com.layue13.clashweave.forge.CombatServer:trace:871]: CW ACK player=P0A seq=3 result=LOCK_SWITCH
[08:43:50] [Server thread/INFO] [STDOUT]: [com.layue13.clashweave.forge.CombatServer:trace:871]: CW INPUT player=P0A seq=4 kind=10 target=1 origin=0 stamp=1517 effectiveStamp=1517 receivedTick=1517 consumedTick=1518 arrival=93046317329100 gate=OK
[08:43:50] [Server thread/INFO] [STDOUT]: [com.layue13.clashweave.forge.CombatServer:trace:871]: CW LOCK_SWITCH player=P0A direction=1 selected=-1
[08:43:50] [Server thread/INFO] [STDOUT]: [com.layue13.clashweave.forge.CombatServer:trace:871]: CW ACK player=P0A seq=4 result=REJECT:LOCK_SWITCH
[08:43:50] [Server thread/INFO] [STDOUT]: [com.layue13.clashweave.forge.CombatServer:trace:871]: CW INPUT player=P0A seq=5 kind=10 target=1 origin=0 stamp=1518 effectiveStamp=1518 receivedTick=1518 consumedTick=1519 arrival=93046362950300 gate=OK
[08:43:50] [Server thread/INFO] [STDOUT]: [com.layue13.clashweave.forge.CombatServer:trace:871]: CW LOCK_SWITCH player=P0A direction=1 selected=-1
[08:43:50] [Server thread/INFO] [STDOUT]: [com.layue13.clashweave.forge.CombatServer:trace:871]: CW ACK player=P0A seq=5 result=REJECT:LOCK_SWITCH
[08:43:51] [Server thread/INFO] [STDOUT]: [com.layue13.clashweave.forge.CombatServer:trace:871]: CW INPUT player=P0A seq=6 kind=10 target=1 origin=0 stamp=1533 effectiveStamp=1533 receivedTick=1533 consumedTick=1534 arrival=93047118794900 gate=OK
[08:43:51] [Server thread/INFO] [STDOUT]: [com.layue13.clashweave.forge.CombatServer:trace:871]: CW LOCK_SWITCH player=P0A direction=1 selected=-1
[08:43:51] [Server thread/INFO] [STDOUT]: [com.layue13.clashweave.forge.CombatServer:trace:871]: CW ACK player=P0A seq=6 result=REJECT:LOCK_SWITCH
[08:43:51] [Server thread/INFO] [STDOUT]: [com.layue13.clashweave.validation.CompositionScenario:phase:14]: P0_COMPOSITION_PHASE name=FIRST target=93266 tick=1544
[08:43:54] [Server thread/INFO] [STDOUT]: [com.layue13.clashweave.forge.CombatServer:trace:871]: CW INPUT player=P0A seq=7 kind=0 target=-1 origin=0 stamp=1593 effectiveStamp=1593 receivedTick=1593 consumedTick=1594 arrival=93050112275400 gate=OK
[08:43:54] [Server thread/INFO] [STDOUT]: [com.layue13.clashweave.forge.CombatServer:trace:871]: CW FACING player=P0A seq=7 requested=37.966743 known=37.966743 chosen=37.966743 accepted=true reason=OK
[08:43:54] [Server thread/INFO] [STDOUT]: [com.layue13.clashweave.forge.CombatServer:trace:871]: CW START player=P0A id=1 action=iai tick=1594
[08:43:54] [Server thread/INFO] [STDOUT]: [com.layue13.clashweave.forge.CombatServer:trace:871]: CW LOCK_AIM player=P0A id=1 target=390639 enabled=true before=37.966743 after=30.0 correction=7.966743469238281 targetYaw=29.999999999999996 pitchCorrection=0
[08:43:54] [Server thread/INFO] [STDOUT]: [com.layue13.clashweave.forge.CombatServer:trace:871]: CW AIM player=P0A id=1 requested=37.966743 requestedPitch=8.643903 selectedPitch=8.643903 beforePitchDelta=8.643903 afterPitchDelta=0.0 baseline=37.966743 selected=30.0 beforeDelta=0.0 afterDelta=7.966743469238281 accepted=true
[08:43:54] [Server thread/INFO] [STDOUT]: [com.layue13.clashweave.forge.SemanticDispatcher:publish:33]: CW_EVENT id=1 kind=DRAW actor=0 target=-1 instance=1 tick=1594
[08:43:54] [Server thread/INFO] [STDOUT]: [com.layue13.clashweave.forge.SemanticDispatcher:publish:33]: CW_EVENT id=2 kind=SWING actor=0 target=-1 instance=1 tick=1594
[08:43:54] [Server thread/INFO] [STDOUT]: [com.layue13.clashweave.forge.CombatServer:trace:871]: CW ACK player=P0A seq=7 result=START
[08:43:54] [Server thread/INFO] [STDOUT]: [com.layue13.clashweave.validation.NetworkScenario:tick:105]: P0_PERF samples=1100 meanNanos=74761 maxNanos=5486000
[08:43:54] [Server thread/INFO] [STDOUT]: [com.layue13.clashweave.forge.CombatServer:trace:871]: CW INPUT player=P0A seq=8 kind=-1 target=1 origin=1 stamp=1594 effectiveStamp=1594 receivedTick=1594 consumedTick=1595 arrival=93050173383000 gate=OK
[08:43:54] [Server thread/INFO] [STDOUT]: [com.layue13.clashweave.forge.CombatServer:trace:871]: CW ACK player=P0A seq=8 result=MOVE_READY
[08:43:59] [Server thread/INFO] [STDOUT]: [com.layue13.clashweave.validation.NetworkScenario:tick:105]: P0_PERF samples=1200 meanNanos=74449 maxNanos=5486000
[08:44:01] [Server thread/INFO] [STDOUT]: [com.layue13.clashweave.validation.CompositionScenario:tick:26]: P0_NETWORK COMPLETE
