[04:24:01] [Netty Client IO #0/INFO] [STDOUT]: [com.layue13.clashweave.experiment.s3b.Experiment:log:22]: CW3 WIRE side=CLIENT kind=1 id=0 wall=1791545041144 thread=Netty Client IO #0 observed=0
[04:24:01] [Client thread/INFO] [STDOUT]: [com.layue13.clashweave.experiment.s3b.Experiment:log:22]: CW3 CLIENT_PLAN id=0 anchor=373 stamp=383 receiveWall=1791545041182 consumeWall=1791545041232 local=263 dueLocal=273 dueWall=1791545041643 clientWorld=373
[04:24:01] [Client thread/INFO] [STDOUT]: [com.layue13.clashweave.experiment.s3b.Experiment:log:22]: CW3 SEND id=0 intendedStamp=383 stamp=383 sendWall=1791545041749 dueWall=1791545041643 local=273 clientWorld=384 legacy=true
[04:24:01] [Netty Client IO #0/INFO] [STDOUT]: [com.layue13.clashweave.experiment.s3b.Experiment:log:22]: CW3 WIRE side=CLIENT kind=1 id=1 wall=1791545041991 thread=Netty Client IO #0 observed=0
[04:24:02] [Client thread/INFO] [STDOUT]: [com.layue13.clashweave.experiment.s3b.Experiment:log:22]: CW3 CLIENT_PLAN id=1 anchor=390 stamp=400 receiveWall=1791545041999 consumeWall=1791545042049 local=279 dueLocal=289 dueWall=1791545042490 clientWorld=390
[04:24:02] [Client thread/INFO] [STDOUT]: [com.layue13.clashweave.experiment.s3b.Experiment:log:22]: CW3 SEND id=1 intendedStamp=400 stamp=400 sendWall=1791545042549 dueWall=1791545042490 local=289 clientWorld=400 legacy=true
[04:24:02] [Netty Client IO #0/INFO] [STDOUT]: [com.layue13.clashweave.experiment.s3b.Experiment:log:22]: CW3 WIRE side=CLIENT kind=1 id=2 wall=1791545042850 thread=Netty Client IO #0 observed=0
[04:24:02] [Client thread/INFO] [STDOUT]: [com.layue13.clashweave.experiment.s3b.Experiment:log:22]: CW3 CLIENT_PLAN id=2 anchor=407 stamp=417 receiveWall=1791545042899 consumeWall=1791545042949 local=297 dueLocal=307 dueWall=1791545043350 clientWorld=408
[04:24:03] [Client thread/INFO] [STDOUT]: [com.layue13.clashweave.experiment.s3b.Experiment:log:22]: CW3 SEND id=2 intendedStamp=417 stamp=417 sendWall=1791545043466 dueWall=1791545043350 local=307 clientWorld=418 legacy=true
[04:24:03] [Netty Client IO #0/INFO] [STDOUT]: [com.layue13.clashweave.experiment.s3b.Experiment:log:22]: CW3 WIRE side=CLIENT kind=1 id=3 wall=1791545043700 thread=Netty Client IO #0 observed=0
[04:24:03] [Client thread/INFO] [STDOUT]: [com.layue13.clashweave.experiment.s3b.Experiment:log:22]: CW3 CLIENT_PLAN id=3 anchor=424 stamp=434 receiveWall=1791545043716 consumeWall=1791545043765 local=313 dueLocal=323 dueWall=1791545044200 clientWorld=424
[04:24:04] [Client thread/INFO] [STDOUT]: [com.layue13.clashweave.experiment.s3b.Experiment:log:22]: CW3 SEND id=3 intendedStamp=434 stamp=434 sendWall=1791545044266 dueWall=1791545044200 local=323 clientWorld=434 legacy=true
[04:24:04] [Netty Client IO #0/INFO] [STDOUT]: [com.layue13.clashweave.experiment.s3b.Experiment:log:22]: CW3 WIRE side=CLIENT kind=1 id=4 wall=1791545044551 thread=Netty Client IO #0 observed=0
[04:24:04] [Client thread/INFO] [STDOUT]: [com.layue13.clashweave.experiment.s3b.Experiment:log:22]: CW3 CLIENT_PLAN id=4 anchor=441 stamp=451 receiveWall=1791545044566 consumeWall=1791545044616 local=330 dueLocal=340 dueWall=1791545045050 clientWorld=441
[04:24:05] [Client thread/INFO] [STDOUT]: [com.layue13.clashweave.experiment.s3b.Experiment:log:22]: CW3 SEND id=4 intendedStamp=451 stamp=451 sendWall=1791545045117 dueWall=1791545045050 local=340 clientWorld=451 legacy=true
[04:24:05] [Netty Client IO #0/INFO] [STDOUT]: [com.layue13.clashweave.experiment.s3b.Experiment:log:22]: CW3 WIRE side=CLIENT kind=1 id=5 wall=1791545045399 thread=Netty Client IO #0 observed=0
[04:24:05] [Client thread/INFO] [STDOUT]: [com.layue13.clashweave.experiment.s3b.Experiment:log:22]: CW3 CLIENT_PLAN id=5 anchor=458 stamp=468 receiveWall=1791545045416 consumeWall=1791545045465 local=347 dueLocal=357 dueWall=1791545045899 clientWorld=458
[04:24:05] [Client thread/INFO] [STDOUT]: [com.layue13.clashweave.experiment.s3b.Experiment:log:22]: CW3 SEND id=5 intendedStamp=468 stamp=468 sendWall=1791545045966 dueWall=1791545045899 local=357 clientWorld=468 legacy=true
[04:24:06] [Netty Client IO #0/INFO] [STDOUT]: [com.layue13.clashweave.experiment.s3b.Experiment:log:22]: CW3 WIRE side=CLIENT kind=1 id=6 wall=1791545046248 thread=Netty Client IO #0 observed=0
[04:24:06] [Client thread/INFO] [STDOUT]: [com.layue13.clashweave.experiment.s3b.Experiment:log:22]: CW3 CLIENT_PLAN id=6 anchor=475 stamp=485 receiveWall=1791545046266 consumeWall=1791545046315 local=364 dueLocal=374 dueWall=1791545046748 clientWorld=475
[04:24:06] [Client thread/INFO] [STDOUT]: [com.layue13.clashweave.experiment.s3b.Experiment:log:22]: CW3 SEND id=6 intendedStamp=485 stamp=485 sendWall=1791545046816 dueWall=1791545046748 local=374 clientWorld=485 legacy=true
[04:24:07] [Netty Client IO #0/INFO] [STDOUT]: [com.layue13.clashweave.experiment.s3b.Experiment:log:22]: CW3 WIRE side=CLIENT kind=1 id=7 wall=1791545047099 thread=Netty Client IO #0 observed=0
[04:24:07] [Client thread/INFO] [STDOUT]: [com.layue13.clashweave.experiment.s3b.Experiment:log:22]: CW3 CLIENT_PLAN id=7 anchor=492 stamp=502 receiveWall=1791545047133 consumeWall=1791545047183 local=381 dueLocal=391 dueWall=1791545047599 clientWorld=492
[04:24:07] [Client thread/INFO] [STDOUT]: [com.layue13.clashweave.experiment.s3b.Experiment:log:22]: CW3 SEND id=7 intendedStamp=502 stamp=502 sendWall=1791545047683 dueWall=1791545047599 local=391 clientWorld=502 legacy=true
[04:24:07] [Netty Client IO #0/INFO] [STDOUT]: [com.layue13.clashweave.experiment.s3b.Experiment:log:22]: CW3 WIRE side=CLIENT kind=1 id=8 wall=1791545047945 thread=Netty Client IO #0 observed=0
[04:24:08] [Client thread/INFO] [STDOUT]: [com.layue13.clashweave.experiment.s3b.Experiment:log:22]: CW3 CLIENT_PLAN id=8 anchor=509 stamp=519 receiveWall=1791545047982 consumeWall=1791545048033 local=398 dueLocal=408 dueWall=1791545048445 clientWorld=509
[04:24:08] [Client thread/INFO] [STDOUT]: [com.layue13.clashweave.experiment.s3b.Experiment:log:22]: CW3 SEND id=8 intendedStamp=519 stamp=519 sendWall=1791545048533 dueWall=1791545048445 local=408 clientWorld=519 legacy=true
[04:24:08] [Netty Client IO #0/INFO] [STDOUT]: [com.layue13.clashweave.experiment.s3b.Experiment:log:22]: CW3 WIRE side=CLIENT kind=1 id=9 wall=1791545048801 thread=Netty Client IO #0 observed=0
[04:24:08] [Client thread/INFO] [STDOUT]: [com.layue13.clashweave.experiment.s3b.Experiment:log:22]: CW3 CLIENT_PLAN id=9 anchor=526 stamp=536 receiveWall=1791545048833 consumeWall=1791545048883 local=415 dueLocal=425 dueWall=1791545049301 clientWorld=526
[04:24:09] [Client thread/INFO] [STDOUT]: [com.layue13.clashweave.experiment.s3b.Experiment:log:22]: CW3 SEND id=9 intendedStamp=536 stamp=536 sendWall=1791545049383 dueWall=1791545049301 local=425 clientWorld=536 legacy=true
[04:24:09] [Netty Client IO #0/INFO] [STDOUT]: [com.layue13.clashweave.experiment.s3b.Experiment:log:22]: CW3 WIRE side=CLIENT kind=1 id=10 wall=1791545049648 thread=Netty Client IO #0 observed=0
[04:24:09] [Client thread/INFO] [STDOUT]: [com.layue13.clashweave.experiment.s3b.Experiment:log:22]: CW3 CLIENT_PLAN id=10 anchor=543 stamp=553 receiveWall=1791545049683 consumeWall=1791545049732 local=432 dueLocal=442 dueWall=1791545050148 clientWorld=543
[04:24:10] [Client thread/INFO] [STDOUT]: [com.layue13.clashweave.experiment.s3b.Experiment:log:22]: CW3 SEND id=10 intendedStamp=553 stamp=553 sendWall=1791545050233 dueWall=1791545050148 local=442 clientWorld=553 legacy=true
[04:24:10] [Netty Client IO #0/INFO] [STDOUT]: [com.layue13.clashweave.experiment.s3b.Experiment:log:22]: CW3 WIRE side=CLIENT kind=1 id=11 wall=1791545050495 thread=Netty Client IO #0 observed=0
[04:24:10] [Client thread/INFO] [STDOUT]: [com.layue13.clashweave.experiment.s3b.Experiment:log:22]: CW3 CLIENT_PLAN id=11 anchor=560 stamp=570 receiveWall=1791545050533 consumeWall=1791545050583 local=449 dueLocal=459 dueWall=1791545050995 clientWorld=560
[04:24:11] [Client thread/INFO] [STDOUT]: [com.layue13.clashweave.experiment.s3b.Experiment:log:22]: CW3 SEND id=11 intendedStamp=570 stamp=570 sendWall=1791545051083 dueWall=1791545050995 local=459 clientWorld=570 legacy=true
[04:24:11] [Netty Client IO #0/INFO] [STDOUT]: [com.layue13.clashweave.experiment.s3b.Experiment:log:22]: CW3 WIRE side=CLIENT kind=1 id=12 wall=1791545051348 thread=Netty Client IO #0 observed=0
[04:24:11] [Client thread/INFO] [STDOUT]: [com.layue13.clashweave.experiment.s3b.Experiment:log:22]: CW3 CLIENT_PLAN id=12 anchor=577 stamp=587 receiveWall=1791545051383 consumeWall=1791545051433 local=466 dueLocal=476 dueWall=1791545051847 clientWorld=577
[04:24:11] [Client thread/INFO] [STDOUT]: [com.layue13.clashweave.experiment.s3b.Experiment:log:22]: CW3 SEND id=12 intendedStamp=587 stamp=587 sendWall=1791545051933 dueWall=1791545051847 local=476 clientWorld=587 legacy=true
[04:24:12] [Netty Client IO #0/INFO] [STDOUT]: [com.layue13.clashweave.experiment.s3b.Experiment:log:22]: CW3 WIRE side=CLIENT kind=1 id=13 wall=1791545052196 thread=Netty Client IO #0 observed=0
[04:24:12] [Client thread/INFO] [STDOUT]: [com.layue13.clashweave.experiment.s3b.Experiment:log:22]: CW3 CLIENT_PLAN id=13 anchor=594 stamp=604 receiveWall=1791545052233 consumeWall=1791545052283 local=483 dueLocal=493 dueWall=1791545052696 clientWorld=594
[04:24:12] [Client thread/INFO] [STDOUT]: [com.layue13.clashweave.experiment.s3b.Experiment:log:22]: CW3 SEND id=13 intendedStamp=604 stamp=604 sendWall=1791545052782 dueWall=1791545052696 local=493 clientWorld=604 legacy=true
[04:24:13] [Netty Client IO #0/INFO] [STDOUT]: [com.layue13.clashweave.experiment.s3b.Experiment:log:22]: CW3 WIRE side=CLIENT kind=1 id=14 wall=1791545053046 thread=Netty Client IO #0 observed=0
[04:24:13] [Client thread/INFO] [STDOUT]: [com.layue13.clashweave.experiment.s3b.Experiment:log:22]: CW3 CLIENT_PLAN id=14 anchor=611 stamp=621 receiveWall=1791545053082 consumeWall=1791545053133 local=500 dueLocal=510 dueWall=1791545053546 clientWorld=611
[04:24:13] [Client thread/INFO] [STDOUT]: [com.layue13.clashweave.experiment.s3b.Experiment:log:22]: CW3 SEND id=14 intendedStamp=621 stamp=621 sendWall=1791545053633 dueWall=1791545053546 local=510 clientWorld=621 legacy=true
[04:24:13] [Netty Client IO #0/INFO] [STDOUT]: [com.layue13.clashweave.experiment.s3b.Experiment:log:22]: CW3 WIRE side=CLIENT kind=1 id=15 wall=1791545053894 thread=Netty Client IO #0 observed=0
[04:24:13] [Client thread/INFO] [STDOUT]: [com.layue13.clashweave.experiment.s3b.Experiment:log:22]: CW3 CLIENT_PLAN id=15 anchor=628 stamp=638 receiveWall=1791545053933 consumeWall=1791545053983 local=517 dueLocal=527 dueWall=1791545054394 clientWorld=628
[04:24:14] [Client thread/INFO] [STDOUT]: [com.layue13.clashweave.experiment.s3b.Experiment:log:22]: CW3 SEND id=15 intendedStamp=638 stamp=638 sendWall=1791545054483 dueWall=1791545054394 local=527 clientWorld=638 legacy=true
[04:24:14] [Netty Client IO #0/INFO] [STDOUT]: [com.layue13.clashweave.experiment.s3b.Experiment:log:22]: CW3 WIRE side=CLIENT kind=1 id=16 wall=1791545054744 thread=Netty Client IO #0 observed=0
[04:24:14] [Client thread/INFO] [STDOUT]: [com.layue13.clashweave.experiment.s3b.Experiment:log:22]: CW3 CLIENT_PLAN id=16 anchor=645 stamp=655 receiveWall=1791545054783 consumeWall=1791545054833 local=534 dueLocal=544 dueWall=1791545055244 clientWorld=645
[04:24:15] [Client thread/INFO] [STDOUT]: [com.layue13.clashweave.experiment.s3b.Experiment:log:22]: CW3 SEND id=16 intendedStamp=655 stamp=655 sendWall=1791545055333 dueWall=1791545055244 local=544 clientWorld=655 legacy=true
[04:24:15] [Netty Client IO #0/INFO] [STDOUT]: [com.layue13.clashweave.experiment.s3b.Experiment:log:22]: CW3 WIRE side=CLIENT kind=1 id=17 wall=1791545055596 thread=Netty Client IO #0 observed=0
[04:24:15] [Client thread/INFO] [STDOUT]: [com.layue13.clashweave.experiment.s3b.Experiment:log:22]: CW3 CLIENT_PLAN id=17 anchor=662 stamp=672 receiveWall=1791545055632 consumeWall=1791545055683 local=551 dueLocal=561 dueWall=1791545056096 clientWorld=662
[04:24:16] [Client thread/INFO] [STDOUT]: [com.layue13.clashweave.experiment.s3b.Experiment:log:22]: CW3 SEND id=17 intendedStamp=672 stamp=672 sendWall=1791545056183 dueWall=1791545056096 local=561 clientWorld=672 legacy=true
[04:24:16] [Netty Client IO #0/INFO] [STDOUT]: [com.layue13.clashweave.experiment.s3b.Experiment:log:22]: CW3 WIRE side=CLIENT kind=1 id=18 wall=1791545056443 thread=Netty Client IO #0 observed=0
[04:24:16] [Client thread/INFO] [STDOUT]: [com.layue13.clashweave.experiment.s3b.Experiment:log:22]: CW3 CLIENT_PLAN id=18 anchor=679 stamp=689 receiveWall=1791545056483 consumeWall=1791545056532 local=568 dueLocal=578 dueWall=1791545056943 clientWorld=679
[04:24:17] [Client thread/INFO] [STDOUT]: [com.layue13.clashweave.experiment.s3b.Experiment:log:22]: CW3 SEND id=18 intendedStamp=689 stamp=689 sendWall=1791545057032 dueWall=1791545056943 local=578 clientWorld=689 legacy=true
[04:24:17] [Netty Client IO #0/INFO] [STDOUT]: [com.layue13.clashweave.experiment.s3b.Experiment:log:22]: CW3 WIRE side=CLIENT kind=1 id=19 wall=1791545057290 thread=Netty Client IO #0 observed=0
[04:24:17] [Client thread/INFO] [STDOUT]: [com.layue13.clashweave.experiment.s3b.Experiment:log:22]: CW3 CLIENT_PLAN id=19 anchor=696 stamp=706 receiveWall=1791545057333 consumeWall=1791545057383 local=585 dueLocal=595 dueWall=1791545057790 clientWorld=696
[04:24:17] [Client thread/INFO] [STDOUT]: [com.layue13.clashweave.experiment.s3b.Experiment:log:22]: CW3 SEND id=19 intendedStamp=706 stamp=706 sendWall=1791545057883 dueWall=1791545057790 local=595 clientWorld=706 legacy=true
[04:24:18] [Netty Client IO #0/INFO] [STDOUT]: [com.layue13.clashweave.experiment.s3b.Experiment:log:22]: CW3 WIRE side=CLIENT kind=1 id=20 wall=1791545058138 thread=Netty Client IO #0 observed=0
[04:24:18] [Client thread/INFO] [STDOUT]: [com.layue13.clashweave.experiment.s3b.Experiment:log:22]: CW3 CLIENT_PLAN id=20 anchor=713 stamp=725 receiveWall=1791545058183 consumeWall=1791545058233 local=602 dueLocal=614 dueWall=1791545058738 clientWorld=713
[04:24:18] [Client thread/INFO] [STDOUT]: [com.layue13.clashweave.experiment.s3b.Experiment:log:22]: CW3 SEND id=20 intendedStamp=725 stamp=726 sendWall=1791545058783 dueWall=1791545058738 local=613 clientWorld=724 legacy=false
[04:24:19] [Netty Client IO #0/INFO] [STDOUT]: [com.layue13.clashweave.experiment.s3b.Experiment:log:22]: CW3 WIRE side=CLIENT kind=1 id=21 wall=1791545059095 thread=Netty Client IO #0 observed=0
[04:24:19] [Client thread/INFO] [STDOUT]: [com.layue13.clashweave.experiment.s3b.Experiment:log:22]: CW3 CLIENT_PLAN id=21 anchor=732 stamp=744 receiveWall=1791545059133 consumeWall=1791545059183 local=621 dueLocal=633 dueWall=1791545059695 clientWorld=732
[04:24:19] [Client thread/INFO] [STDOUT]: [com.layue13.clashweave.experiment.s3b.Experiment:log:22]: CW3 SEND id=21 intendedStamp=744 stamp=745 sendWall=1791545059733 dueWall=1791545059695 local=632 clientWorld=743 legacy=false
[04:24:20] [Netty Client IO #0/INFO] [STDOUT]: [com.layue13.clashweave.experiment.s3b.Experiment:log:22]: CW3 WIRE side=CLIENT kind=1 id=22 wall=1791545060041 thread=Netty Client IO #0 observed=0
[04:24:20] [Client thread/INFO] [STDOUT]: [com.layue13.clashweave.experiment.s3b.Experiment:log:22]: CW3 CLIENT_PLAN id=22 anchor=751 stamp=763 receiveWall=1791545060083 consumeWall=1791545060133 local=640 dueLocal=652 dueWall=1791545060641 clientWorld=751
[04:24:20] [Client thread/INFO] [STDOUT]: [com.layue13.clashweave.experiment.s3b.Experiment:log:22]: CW3 SEND id=22 intendedStamp=763 stamp=764 sendWall=1791545060683 dueWall=1791545060641 local=651 clientWorld=762 legacy=false
[04:24:20] [Netty Client IO #0/INFO] [STDOUT]: [com.layue13.clashweave.experiment.s3b.Experiment:log:22]: CW3 WIRE side=CLIENT kind=1 id=23 wall=1791545060990 thread=Netty Client IO #0 observed=0
[04:24:21] [Client thread/INFO] [STDOUT]: [com.layue13.clashweave.experiment.s3b.Experiment:log:22]: CW3 CLIENT_PLAN id=23 anchor=770 stamp=782 receiveWall=1791545061033 consumeWall=1791545061083 local=659 dueLocal=671 dueWall=1791545061590 clientWorld=770
[04:24:21] [Client thread/INFO] [STDOUT]: [com.layue13.clashweave.experiment.s3b.Experiment:log:22]: CW3 SEND id=23 intendedStamp=782 stamp=783 sendWall=1791545061632 dueWall=1791545061590 local=670 clientWorld=781 legacy=false
[04:24:21] [Netty Client IO #0/INFO] [STDOUT]: [com.layue13.clashweave.experiment.s3b.Experiment:log:22]: CW3 WIRE side=CLIENT kind=1 id=24 wall=1791545061949 thread=Netty Client IO #0 observed=0
[04:24:22] [Client thread/INFO] [STDOUT]: [com.layue13.clashweave.experiment.s3b.Experiment:log:22]: CW3 CLIENT_PLAN id=24 anchor=789 stamp=801 receiveWall=1791545061982 consumeWall=1791545062033 local=678 dueLocal=690 dueWall=1791545062549 clientWorld=789
[04:24:22] [Client thread/INFO] [STDOUT]: [com.layue13.clashweave.experiment.s3b.Experiment:log:22]: CW3 SEND id=24 intendedStamp=801 stamp=802 sendWall=1791545062583 dueWall=1791545062549 local=689 clientWorld=800 legacy=false
[04:24:22] [Netty Client IO #0/INFO] [STDOUT]: [com.layue13.clashweave.experiment.s3b.Experiment:log:22]: CW3 WIRE side=CLIENT kind=1 id=25 wall=1791545062898 thread=Netty Client IO #0 observed=0
[04:24:22] [Client thread/INFO] [STDOUT]: [com.layue13.clashweave.experiment.s3b.Experiment:log:22]: CW3 CLIENT_PLAN id=25 anchor=808 stamp=820 receiveWall=1791545062932 consumeWall=1791545062983 local=697 dueLocal=709 dueWall=1791545063498 clientWorld=808
[04:24:23] [Client thread/INFO] [STDOUT]: [com.layue13.clashweave.experiment.s3b.Experiment:log:22]: CW3 SEND id=25 intendedStamp=820 stamp=821 sendWall=1791545063533 dueWall=1791545063498 local=708 clientWorld=819 legacy=false
[04:24:23] [Netty Client IO #0/INFO] [STDOUT]: [com.layue13.clashweave.experiment.s3b.Experiment:log:22]: CW3 WIRE side=CLIENT kind=1 id=26 wall=1791545063844 thread=Netty Client IO #0 observed=0
[04:24:23] [Client thread/INFO] [STDOUT]: [com.layue13.clashweave.experiment.s3b.Experiment:log:22]: CW3 CLIENT_PLAN id=26 anchor=827 stamp=839 receiveWall=1791545063883 consumeWall=1791545063933 local=716 dueLocal=728 dueWall=1791545064444 clientWorld=827
[04:24:24] [Client thread/INFO] [STDOUT]: [com.layue13.clashweave.experiment.s3b.Experiment:log:22]: CW3 SEND id=26 intendedStamp=839 stamp=840 sendWall=1791545064483 dueWall=1791545064444 local=727 clientWorld=838 legacy=false
[04:24:24] [Netty Client IO #0/INFO] [STDOUT]: [com.layue13.clashweave.experiment.s3b.Experiment:log:22]: CW3 WIRE side=CLIENT kind=1 id=27 wall=1791545064788 thread=Netty Client IO #0 observed=0
[04:24:24] [Client thread/INFO] [STDOUT]: [com.layue13.clashweave.experiment.s3b.Experiment:log:22]: CW3 CLIENT_PLAN id=27 anchor=846 stamp=858 receiveWall=1791545064833 consumeWall=1791545064883 local=735 dueLocal=747 dueWall=1791545065388 clientWorld=846
[04:24:25] [Client thread/INFO] [STDOUT]: [com.layue13.clashweave.experiment.s3b.Experiment:log:22]: CW3 SEND id=27 intendedStamp=858 stamp=859 sendWall=1791545065433 dueWall=1791545065388 local=746 clientWorld=857 legacy=false
[04:24:25] [Netty Client IO #0/INFO] [STDOUT]: [com.layue13.clashweave.experiment.s3b.Experiment:log:22]: CW3 WIRE side=CLIENT kind=1 id=28 wall=1791545065748 thread=Netty Client IO #0 observed=0
[04:24:25] [Client thread/INFO] [STDOUT]: [com.layue13.clashweave.experiment.s3b.Experiment:log:22]: CW3 CLIENT_PLAN id=28 anchor=865 stamp=877 receiveWall=1791545065783 consumeWall=1791545065833 local=754 dueLocal=766 dueWall=1791545066348 clientWorld=865
[04:24:26] [Client thread/INFO] [STDOUT]: [com.layue13.clashweave.experiment.s3b.Experiment:log:22]: CW3 SEND id=28 intendedStamp=877 stamp=878 sendWall=1791545066383 dueWall=1791545066348 local=765 clientWorld=876 legacy=false
[04:24:26] [Netty Client IO #0/INFO] [STDOUT]: [com.layue13.clashweave.experiment.s3b.Experiment:log:22]: CW3 WIRE side=CLIENT kind=1 id=29 wall=1791545066690 thread=Netty Client IO #0 observed=0
[04:24:26] [Client thread/INFO] [STDOUT]: [com.layue13.clashweave.experiment.s3b.Experiment:log:22]: CW3 CLIENT_PLAN id=29 anchor=884 stamp=896 receiveWall=1791545066733 consumeWall=1791545066783 local=773 dueLocal=785 dueWall=1791545067290 clientWorld=884
[04:24:27] [Client thread/INFO] [STDOUT]: [com.layue13.clashweave.experiment.s3b.Experiment:log:22]: CW3 SEND id=29 intendedStamp=896 stamp=897 sendWall=1791545067333 dueWall=1791545067290 local=784 clientWorld=895 legacy=false
[04:24:27] [Netty Client IO #0/INFO] [STDOUT]: [com.layue13.clashweave.experiment.s3b.Experiment:log:22]: CW3 WIRE side=CLIENT kind=1 id=30 wall=1791545067669 thread=Netty Client IO #0 observed=0
[04:24:27] [Client thread/INFO] [STDOUT]: [com.layue13.clashweave.experiment.s3b.Experiment:log:22]: CW3 CLIENT_PLAN id=30 anchor=903 stamp=914 receiveWall=1791545067772 consumeWall=1791545067772 local=792 dueLocal=803 dueWall=1791545068218 clientWorld=903
[04:24:28] [Client thread/INFO] [STDOUT]: [com.layue13.clashweave.experiment.s3b.Experiment:log:22]: CW3 SEND id=30 intendedStamp=914 stamp=914 sendWall=1791545068239 dueWall=1791545068218 local=802 clientWorld=913 legacy=false
[04:24:28] [Netty Client IO #0/INFO] [STDOUT]: [com.layue13.clashweave.experiment.s3b.Experiment:log:22]: CW3 WIRE side=CLIENT kind=1 id=31 wall=1791545068591 thread=Netty Client IO #0 observed=0
[04:24:28] [Client thread/INFO] [STDOUT]: [com.layue13.clashweave.experiment.s3b.Experiment:log:22]: CW3 CLIENT_PLAN id=31 anchor=922 stamp=933 receiveWall=1791545068640 consumeWall=1791545068689 local=811 dueLocal=822 dueWall=1791545069141 clientWorld=922
[04:24:29] [Client thread/INFO] [STDOUT]: [com.layue13.clashweave.experiment.s3b.Experiment:log:22]: CW3 SEND id=31 intendedStamp=933 stamp=934 sendWall=1791545069189 dueWall=1791545069141 local=821 clientWorld=932 legacy=false
[04:24:29] [Netty Client IO #0/INFO] [STDOUT]: [com.layue13.clashweave.experiment.s3b.Experiment:log:22]: CW3 WIRE side=CLIENT kind=1 id=32 wall=1791545069547 thread=Netty Client IO #0 observed=0
[04:24:29] [Client thread/INFO] [STDOUT]: [com.layue13.clashweave.experiment.s3b.Experiment:log:22]: CW3 CLIENT_PLAN id=32 anchor=941 stamp=952 receiveWall=1791545069589 consumeWall=1791545069639 local=830 dueLocal=841 dueWall=1791545070097 clientWorld=941
[04:24:30] [Client thread/INFO] [STDOUT]: [com.layue13.clashweave.experiment.s3b.Experiment:log:22]: CW3 SEND id=32 intendedStamp=952 stamp=953 sendWall=1791545070139 dueWall=1791545070097 local=840 clientWorld=951 legacy=false
[04:24:30] [Netty Client IO #0/INFO] [STDOUT]: [com.layue13.clashweave.experiment.s3b.Experiment:log:22]: CW3 WIRE side=CLIENT kind=1 id=33 wall=1791545070490 thread=Netty Client IO #0 observed=0
[04:24:30] [Client thread/INFO] [STDOUT]: [com.layue13.clashweave.experiment.s3b.Experiment:log:22]: CW3 CLIENT_PLAN id=33 anchor=960 stamp=971 receiveWall=1791545070539 consumeWall=1791545070589 local=849 dueLocal=860 dueWall=1791545071040 clientWorld=960
[04:24:31] [Client thread/INFO] [STDOUT]: [com.layue13.clashweave.experiment.s3b.Experiment:log:22]: CW3 SEND id=33 intendedStamp=971 stamp=972 sendWall=1791545071089 dueWall=1791545071040 local=859 clientWorld=970 legacy=false
[04:24:31] [Netty Client IO #0/INFO] [STDOUT]: [com.layue13.clashweave.experiment.s3b.Experiment:log:22]: CW3 WIRE side=CLIENT kind=1 id=34 wall=1791545071451 thread=Netty Client IO #0 observed=0
[04:24:31] [Client thread/INFO] [STDOUT]: [com.layue13.clashweave.experiment.s3b.Experiment:log:22]: CW3 CLIENT_PLAN id=34 anchor=979 stamp=990 receiveWall=1791545071489 consumeWall=1791545071539 local=868 dueLocal=879 dueWall=1791545072001 clientWorld=979
[04:24:32] [Client thread/INFO] [STDOUT]: [com.layue13.clashweave.experiment.s3b.Experiment:log:22]: CW3 SEND id=34 intendedStamp=990 stamp=991 sendWall=1791545072039 dueWall=1791545072001 local=878 clientWorld=989 legacy=false
[04:24:32] [Netty Client IO #0/INFO] [STDOUT]: [com.layue13.clashweave.experiment.s3b.Experiment:log:22]: CW3 WIRE side=CLIENT kind=1 id=35 wall=1791545072392 thread=Netty Client IO #0 observed=0
[04:24:32] [Client thread/INFO] [STDOUT]: [com.layue13.clashweave.experiment.s3b.Experiment:log:22]: CW3 CLIENT_PLAN id=35 anchor=998 stamp=1009 receiveWall=1791545072439 consumeWall=1791545072489 local=887 dueLocal=898 dueWall=1791545072942 clientWorld=998
[04:24:32] [Client thread/INFO] [STDOUT]: [com.layue13.clashweave.experiment.s3b.Experiment:log:22]: CW3 SEND id=35 intendedStamp=1009 stamp=1010 sendWall=1791545072989 dueWall=1791545072942 local=897 clientWorld=1008 legacy=false
[04:24:33] [Netty Client IO #0/INFO] [STDOUT]: [com.layue13.clashweave.experiment.s3b.Experiment:log:22]: CW3 WIRE side=CLIENT kind=1 id=36 wall=1791545073351 thread=Netty Client IO #0 observed=0
[04:24:33] [Client thread/INFO] [STDOUT]: [com.layue13.clashweave.experiment.s3b.Experiment:log:22]: CW3 CLIENT_PLAN id=36 anchor=1017 stamp=1028 receiveWall=1791545073389 consumeWall=1791545073439 local=906 dueLocal=917 dueWall=1791545073900 clientWorld=1017
[04:24:33] [Client thread/INFO] [STDOUT]: [com.layue13.clashweave.experiment.s3b.Experiment:log:22]: CW3 SEND id=36 intendedStamp=1028 stamp=1029 sendWall=1791545073939 dueWall=1791545073900 local=916 clientWorld=1027 legacy=false
[04:24:34] [Netty Client IO #0/INFO] [STDOUT]: [com.layue13.clashweave.experiment.s3b.Experiment:log:22]: CW3 WIRE side=CLIENT kind=1 id=37 wall=1791545074295 thread=Netty Client IO #0 observed=0
[04:24:34] [Client thread/INFO] [STDOUT]: [com.layue13.clashweave.experiment.s3b.Experiment:log:22]: CW3 CLIENT_PLAN id=37 anchor=1036 stamp=1047 receiveWall=1791545074339 consumeWall=1791545074389 local=925 dueLocal=936 dueWall=1791545074844 clientWorld=1036
[04:24:34] [Client thread/INFO] [STDOUT]: [com.layue13.clashweave.experiment.s3b.Experiment:log:22]: CW3 SEND id=37 intendedStamp=1047 stamp=1048 sendWall=1791545074889 dueWall=1791545074844 local=935 clientWorld=1046 legacy=false
[04:24:35] [Netty Client IO #0/INFO] [STDOUT]: [com.layue13.clashweave.experiment.s3b.Experiment:log:22]: CW3 WIRE side=CLIENT kind=1 id=38 wall=1791545075251 thread=Netty Client IO #0 observed=0
[04:24:35] [Client thread/INFO] [STDOUT]: [com.layue13.clashweave.experiment.s3b.Experiment:log:22]: CW3 CLIENT_PLAN id=38 anchor=1055 stamp=1066 receiveWall=1791545075289 consumeWall=1791545075339 local=944 dueLocal=955 dueWall=1791545075800 clientWorld=1055
[04:24:35] [Client thread/INFO] [STDOUT]: [com.layue13.clashweave.experiment.s3b.Experiment:log:22]: CW3 SEND id=38 intendedStamp=1066 stamp=1067 sendWall=1791545075839 dueWall=1791545075800 local=954 clientWorld=1065 legacy=false
[04:24:36] [Netty Client IO #0/INFO] [STDOUT]: [com.layue13.clashweave.experiment.s3b.Experiment:log:22]: CW3 WIRE side=CLIENT kind=1 id=39 wall=1791545076188 thread=Netty Client IO #0 observed=0
[04:24:36] [Client thread/INFO] [STDOUT]: [com.layue13.clashweave.experiment.s3b.Experiment:log:22]: CW3 CLIENT_PLAN id=39 anchor=1074 stamp=1085 receiveWall=1791545076238 consumeWall=1791545076289 local=963 dueLocal=974 dueWall=1791545076738 clientWorld=1074
[04:24:36] [Client thread/INFO] [STDOUT]: [com.layue13.clashweave.experiment.s3b.Experiment:log:22]: CW3 SEND id=39 intendedStamp=1085 stamp=1085 sendWall=1791545076739 dueWall=1791545076738 local=972 clientWorld=1083 legacy=false
[04:24:37] [Netty Client IO #0/INFO] [STDOUT]: [com.layue13.clashweave.experiment.s3b.Experiment:log:22]: CW3 WIRE side=CLIENT kind=1 id=40 wall=1791545077153 thread=Netty Client IO #0 observed=0
[04:24:37] [Client thread/INFO] [STDOUT]: [com.layue13.clashweave.experiment.s3b.Experiment:log:22]: CW3 CLIENT_PLAN id=40 anchor=1093 stamp=1103 receiveWall=1791545077189 consumeWall=1791545077238 local=982 dueLocal=992 dueWall=1791545077653 clientWorld=1093
[04:24:37] [Client thread/INFO] [STDOUT]: [com.layue13.clashweave.experiment.s3b.Experiment:log:22]: CW3 SEND id=40 intendedStamp=1103 stamp=1104 sendWall=1791545077689 dueWall=1791545077653 local=991 clientWorld=1102 legacy=false
[04:24:38] [Netty Client IO #0/INFO] [STDOUT]: [com.layue13.clashweave.experiment.s3b.Experiment:log:22]: CW3 WIRE side=CLIENT kind=1 id=41 wall=1791545078089 thread=Netty Client IO #0 observed=0
[04:24:38] [Client thread/INFO] [STDOUT]: [com.layue13.clashweave.experiment.s3b.Experiment:log:22]: CW3 CLIENT_PLAN id=41 anchor=1112 stamp=1122 receiveWall=1791545078139 consumeWall=1791545078189 local=1001 dueLocal=1011 dueWall=1791545078588 clientWorld=1112
[04:24:38] [Client thread/INFO] [STDOUT]: [com.layue13.clashweave.experiment.s3b.Experiment:log:22]: CW3 SEND id=41 intendedStamp=1122 stamp=1122 sendWall=1791545078588 dueWall=1791545078588 local=1009 clientWorld=1120 legacy=false
[04:24:39] [Netty Client IO #0/INFO] [STDOUT]: [com.layue13.clashweave.experiment.s3b.Experiment:log:22]: CW3 WIRE side=CLIENT kind=1 id=42 wall=1791545079040 thread=Netty Client IO #0 observed=0
[04:24:39] [Client thread/INFO] [STDOUT]: [com.layue13.clashweave.experiment.s3b.Experiment:log:22]: CW3 CLIENT_PLAN id=42 anchor=1131 stamp=1141 receiveWall=1791545079089 consumeWall=1791545079139 local=1020 dueLocal=1030 dueWall=1791545079539 clientWorld=1131
[04:24:39] [Client thread/INFO] [STDOUT]: [com.layue13.clashweave.experiment.s3b.Experiment:log:22]: CW3 SEND id=42 intendedStamp=1141 stamp=1141 sendWall=1791545079539 dueWall=1791545079539 local=1028 clientWorld=1139 legacy=false
[04:24:39] [Netty Client IO #0/INFO] [STDOUT]: [com.layue13.clashweave.experiment.s3b.Experiment:log:22]: CW3 WIRE side=CLIENT kind=1 id=43 wall=1791545079990 thread=Netty Client IO #0 observed=0
[04:24:40] [Client thread/INFO] [STDOUT]: [com.layue13.clashweave.experiment.s3b.Experiment:log:22]: CW3 CLIENT_PLAN id=43 anchor=1150 stamp=1160 receiveWall=1791545080039 consumeWall=1791545080089 local=1039 dueLocal=1049 dueWall=1791545080490 clientWorld=1150
[04:24:40] [Client thread/INFO] [STDOUT]: [com.layue13.clashweave.experiment.s3b.Experiment:log:22]: CW3 SEND id=43 intendedStamp=1160 stamp=1161 sendWall=1791545080539 dueWall=1791545080490 local=1048 clientWorld=1159 legacy=false
[04:24:40] [Netty Client IO #0/INFO] [STDOUT]: [com.layue13.clashweave.experiment.s3b.Experiment:log:22]: CW3 WIRE side=CLIENT kind=1 id=44 wall=1791545080948 thread=Netty Client IO #0 observed=0
[04:24:41] [Client thread/INFO] [STDOUT]: [com.layue13.clashweave.experiment.s3b.Experiment:log:22]: CW3 CLIENT_PLAN id=44 anchor=1169 stamp=1179 receiveWall=1791545080989 consumeWall=1791545081039 local=1058 dueLocal=1068 dueWall=1791545081448 clientWorld=1169
[04:24:41] [Client thread/INFO] [STDOUT]: [com.layue13.clashweave.experiment.s3b.Experiment:log:22]: CW3 SEND id=44 intendedStamp=1179 stamp=1180 sendWall=1791545081489 dueWall=1791545081448 local=1067 clientWorld=1178 legacy=false
[04:24:41] [Netty Client IO #0/INFO] [STDOUT]: [com.layue13.clashweave.experiment.s3b.Experiment:log:22]: CW3 WIRE side=CLIENT kind=1 id=45 wall=1791545081893 thread=Netty Client IO #0 observed=0
[04:24:41] [Client thread/INFO] [STDOUT]: [com.layue13.clashweave.experiment.s3b.Experiment:log:22]: CW3 CLIENT_PLAN id=45 anchor=1188 stamp=1198 receiveWall=1791545081939 consumeWall=1791545081989 local=1077 dueLocal=1087 dueWall=1791545082393 clientWorld=1188
[04:24:42] [Client thread/INFO] [STDOUT]: [com.layue13.clashweave.experiment.s3b.Experiment:log:22]: CW3 SEND id=45 intendedStamp=1198 stamp=1199 sendWall=1791545082439 dueWall=1791545082393 local=1086 clientWorld=1197 legacy=false
[04:24:42] [Netty Client IO #0/INFO] [STDOUT]: [com.layue13.clashweave.experiment.s3b.Experiment:log:22]: CW3 WIRE side=CLIENT kind=1 id=46 wall=1791545082841 thread=Netty Client IO #0 observed=0
[04:24:42] [Client thread/INFO] [STDOUT]: [com.layue13.clashweave.experiment.s3b.Experiment:log:22]: CW3 CLIENT_PLAN id=46 anchor=1207 stamp=1217 receiveWall=1791545082889 consumeWall=1791545082939 local=1096 dueLocal=1106 dueWall=1791545083341 clientWorld=1207
[04:24:43] [Client thread/INFO] [STDOUT]: [com.layue13.clashweave.experiment.s3b.Experiment:log:22]: CW3 SEND id=46 intendedStamp=1217 stamp=1218 sendWall=1791545083388 dueWall=1791545083341 local=1105 clientWorld=1216 legacy=false
[04:24:43] [Netty Client IO #0/INFO] [STDOUT]: [com.layue13.clashweave.experiment.s3b.Experiment:log:22]: CW3 WIRE side=CLIENT kind=1 id=47 wall=1791545083800 thread=Netty Client IO #0 observed=0
[04:24:43] [Client thread/INFO] [STDOUT]: [com.layue13.clashweave.experiment.s3b.Experiment:log:22]: CW3 CLIENT_PLAN id=47 anchor=1226 stamp=1236 receiveWall=1791545083839 consumeWall=1791545083889 local=1115 dueLocal=1125 dueWall=1791545084300 clientWorld=1226
[04:24:44] [Client thread/INFO] [STDOUT]: [com.layue13.clashweave.experiment.s3b.Experiment:log:22]: CW3 SEND id=47 intendedStamp=1236 stamp=1237 sendWall=1791545084339 dueWall=1791545084300 local=1124 clientWorld=1235 legacy=false
[04:24:44] [Netty Client IO #0/INFO] [STDOUT]: [com.layue13.clashweave.experiment.s3b.Experiment:log:22]: CW3 WIRE side=CLIENT kind=1 id=48 wall=1791545084743 thread=Netty Client IO #0 observed=0
[04:24:44] [Client thread/INFO] [STDOUT]: [com.layue13.clashweave.experiment.s3b.Experiment:log:22]: CW3 CLIENT_PLAN id=48 anchor=1245 stamp=1255 receiveWall=1791545084789 consumeWall=1791545084839 local=1134 dueLocal=1144 dueWall=1791545085243 clientWorld=1245
[04:24:45] [Client thread/INFO] [STDOUT]: [com.layue13.clashweave.experiment.s3b.Experiment:log:22]: CW3 SEND id=48 intendedStamp=1255 stamp=1256 sendWall=1791545085289 dueWall=1791545085243 local=1143 clientWorld=1254 legacy=false
[04:24:45] [Netty Client IO #0/INFO] [STDOUT]: [com.layue13.clashweave.experiment.s3b.Experiment:log:22]: CW3 WIRE side=CLIENT kind=1 id=49 wall=1791545085700 thread=Netty Client IO #0 observed=0
[04:24:45] [Client thread/INFO] [STDOUT]: [com.layue13.clashweave.experiment.s3b.Experiment:log:22]: CW3 CLIENT_PLAN id=49 anchor=1264 stamp=1274 receiveWall=1791545085739 consumeWall=1791545085788 local=1153 dueLocal=1163 dueWall=1791545086200 clientWorld=1264
[04:24:46] [Client thread/INFO] [STDOUT]: [com.layue13.clashweave.experiment.s3b.Experiment:log:22]: CW3 SEND id=49 intendedStamp=1274 stamp=1275 sendWall=1791545086238 dueWall=1791545086200 local=1162 clientWorld=1273 legacy=false
[04:24:46] [Netty Client IO #0/INFO] [STDOUT]: [com.layue13.clashweave.experiment.s3b.Experiment:log:22]: CW3 WIRE side=CLIENT kind=1 id=50 wall=1791545086641 thread=Netty Client IO #0 observed=0
[04:24:46] [Client thread/INFO] [STDOUT]: [com.layue13.clashweave.experiment.s3b.Experiment:log:22]: CW3 CLIENT_PLAN id=50 anchor=1283 stamp=1292 receiveWall=1791545086689 consumeWall=1791545086739 local=1172 dueLocal=1181 dueWall=1791545087091 clientWorld=1283
[04:24:47] [Client thread/INFO] [STDOUT]: [com.layue13.clashweave.experiment.s3b.Experiment:log:22]: CW3 SEND id=50 intendedStamp=1292 stamp=1293 sendWall=1791545087138 dueWall=1791545087091 local=1180 clientWorld=1291 legacy=false
[04:24:47] [Netty Client IO #0/INFO] [STDOUT]: [com.layue13.clashweave.experiment.s3b.Experiment:log:22]: CW3 WIRE side=CLIENT kind=1 id=51 wall=1791545087594 thread=Netty Client IO #0 observed=0
[04:24:47] [Client thread/INFO] [STDOUT]: [com.layue13.clashweave.experiment.s3b.Experiment:log:22]: CW3 CLIENT_PLAN id=51 anchor=1302 stamp=1311 receiveWall=1791545087639 consumeWall=1791545087689 local=1191 dueLocal=1200 dueWall=1791545088044 clientWorld=1302
[04:24:48] [Client thread/INFO] [STDOUT]: [com.layue13.clashweave.experiment.s3b.Experiment:log:22]: CW3 SEND id=51 intendedStamp=1311 stamp=1312 sendWall=1791545088089 dueWall=1791545088044 local=1199 clientWorld=1310 legacy=false
[04:24:48] [Netty Client IO #0/INFO] [STDOUT]: [com.layue13.clashweave.experiment.s3b.Experiment:log:22]: CW3 WIRE side=CLIENT kind=1 id=52 wall=1791545088541 thread=Netty Client IO #0 observed=0
[04:24:48] [Client thread/INFO] [STDOUT]: [com.layue13.clashweave.experiment.s3b.Experiment:log:22]: CW3 CLIENT_PLAN id=52 anchor=1321 stamp=1330 receiveWall=1791545088589 consumeWall=1791545088638 local=1210 dueLocal=1219 dueWall=1791545088991 clientWorld=1321
[04:24:49] [Client thread/INFO] [STDOUT]: [com.layue13.clashweave.experiment.s3b.Experiment:log:22]: CW3 SEND id=52 intendedStamp=1330 stamp=1331 sendWall=1791545089038 dueWall=1791545088991 local=1218 clientWorld=1329 legacy=false
[04:24:49] [Netty Client IO #0/INFO] [STDOUT]: [com.layue13.clashweave.experiment.s3b.Experiment:log:22]: CW3 WIRE side=CLIENT kind=1 id=53 wall=1791545089501 thread=Netty Client IO #0 observed=0
[04:24:49] [Client thread/INFO] [STDOUT]: [com.layue13.clashweave.experiment.s3b.Experiment:log:22]: CW3 CLIENT_PLAN id=53 anchor=1340 stamp=1349 receiveWall=1791545089539 consumeWall=1791545089594 local=1229 dueLocal=1238 dueWall=1791545089951 clientWorld=1340
[04:24:49] [Client thread/INFO] [STDOUT]: [com.layue13.clashweave.experiment.s3b.Experiment:log:22]: CW3 SEND id=53 intendedStamp=1349 stamp=1350 sendWall=1791545089989 dueWall=1791545089951 local=1237 clientWorld=1348 legacy=false
[04:24:50] [Netty Client IO #0/INFO] [STDOUT]: [com.layue13.clashweave.experiment.s3b.Experiment:log:22]: CW3 WIRE side=CLIENT kind=1 id=54 wall=1791545090445 thread=Netty Client IO #0 observed=0
[04:24:50] [Client thread/INFO] [STDOUT]: [com.layue13.clashweave.experiment.s3b.Experiment:log:22]: CW3 CLIENT_PLAN id=54 anchor=1359 stamp=1368 receiveWall=1791545090492 consumeWall=1791545090540 local=1248 dueLocal=1257 dueWall=1791545090895 clientWorld=1359
[04:24:50] [Client thread/INFO] [STDOUT]: [com.layue13.clashweave.experiment.s3b.Experiment:log:22]: CW3 SEND id=54 intendedStamp=1368 stamp=1369 sendWall=1791545090939 dueWall=1791545090895 local=1256 clientWorld=1367 legacy=false
[04:24:51] [Netty Client IO #0/INFO] [STDOUT]: [com.layue13.clashweave.experiment.s3b.Experiment:log:22]: CW3 WIRE side=CLIENT kind=1 id=55 wall=1791545091393 thread=Netty Client IO #0 observed=0
[04:24:51] [Client thread/INFO] [STDOUT]: [com.layue13.clashweave.experiment.s3b.Experiment:log:22]: CW3 CLIENT_PLAN id=55 anchor=1378 stamp=1387 receiveWall=1791545091441 consumeWall=1791545091488 local=1267 dueLocal=1276 dueWall=1791545091843 clientWorld=1378
[04:24:51] [Client thread/INFO] [STDOUT]: [com.layue13.clashweave.experiment.s3b.Experiment:log:22]: CW3 SEND id=55 intendedStamp=1387 stamp=1388 sendWall=1791545091889 dueWall=1791545091843 local=1275 clientWorld=1386 legacy=false
[04:24:52] [Netty Client IO #0/INFO] [STDOUT]: [com.layue13.clashweave.experiment.s3b.Experiment:log:22]: CW3 WIRE side=CLIENT kind=1 id=56 wall=1791545092342 thread=Netty Client IO #0 observed=0
[04:24:52] [Client thread/INFO] [STDOUT]: [com.layue13.clashweave.experiment.s3b.Experiment:log:22]: CW3 CLIENT_PLAN id=56 anchor=1397 stamp=1406 receiveWall=1791545092390 consumeWall=1791545092439 local=1286 dueLocal=1295 dueWall=1791545092792 clientWorld=1397
[04:24:52] [Client thread/INFO] [STDOUT]: [com.layue13.clashweave.experiment.s3b.Experiment:log:22]: CW3 SEND id=56 intendedStamp=1406 stamp=1407 sendWall=1791545092839 dueWall=1791545092792 local=1294 clientWorld=1405 legacy=false
[04:24:53] [Netty Client IO #0/INFO] [STDOUT]: [com.layue13.clashweave.experiment.s3b.Experiment:log:22]: CW3 WIRE side=CLIENT kind=1 id=57 wall=1791545093294 thread=Netty Client IO #0 observed=0
[04:24:53] [Client thread/INFO] [STDOUT]: [com.layue13.clashweave.experiment.s3b.Experiment:log:22]: CW3 CLIENT_PLAN id=57 anchor=1416 stamp=1425 receiveWall=1791545093341 consumeWall=1791545093389 local=1305 dueLocal=1314 dueWall=1791545093743 clientWorld=1416
[04:24:53] [Client thread/INFO] [STDOUT]: [com.layue13.clashweave.experiment.s3b.Experiment:log:22]: CW3 SEND id=57 intendedStamp=1425 stamp=1426 sendWall=1791545093789 dueWall=1791545093743 local=1313 clientWorld=1424 legacy=false
[04:24:54] [Netty Client IO #0/INFO] [STDOUT]: [com.layue13.clashweave.experiment.s3b.Experiment:log:22]: CW3 WIRE side=CLIENT kind=1 id=58 wall=1791545094244 thread=Netty Client IO #0 observed=0
[04:24:54] [Client thread/INFO] [STDOUT]: [com.layue13.clashweave.experiment.s3b.Experiment:log:22]: CW3 CLIENT_PLAN id=58 anchor=1435 stamp=1444 receiveWall=1791545094292 consumeWall=1791545094340 local=1324 dueLocal=1333 dueWall=1791545094694 clientWorld=1435
[04:24:54] [Client thread/INFO] [STDOUT]: [com.layue13.clashweave.experiment.s3b.Experiment:log:22]: CW3 SEND id=58 intendedStamp=1444 stamp=1445 sendWall=1791545094739 dueWall=1791545094694 local=1332 clientWorld=1443 legacy=false
[04:24:55] [Netty Client IO #0/INFO] [STDOUT]: [com.layue13.clashweave.experiment.s3b.Experiment:log:22]: CW3 WIRE side=CLIENT kind=1 id=59 wall=1791545095193 thread=Netty Client IO #0 observed=0
[04:24:55] [Client thread/INFO] [STDOUT]: [com.layue13.clashweave.experiment.s3b.Experiment:log:22]: CW3 CLIENT_PLAN id=59 anchor=1454 stamp=1463 receiveWall=1791545095240 consumeWall=1791545095288 local=1343 dueLocal=1352 dueWall=1791545095642 clientWorld=1454
[04:24:55] [Client thread/INFO] [STDOUT]: [com.layue13.clashweave.experiment.s3b.Experiment:log:22]: CW3 SEND id=59 intendedStamp=1463 stamp=1464 sendWall=1791545095689 dueWall=1791545095642 local=1351 clientWorld=1462 legacy=false
[04:24:56] [Netty Client IO #0/INFO] [STDOUT]: [com.layue13.clashweave.experiment.s3b.Experiment:log:22]: CW3 WIRE side=CLIENT kind=1 id=60 wall=1791545096151 thread=Netty Client IO #0 observed=0
[04:24:56] [Client thread/INFO] [STDOUT]: [com.layue13.clashweave.experiment.s3b.Experiment:log:22]: CW3 CLIENT_PLAN id=60 anchor=1473 stamp=1481 receiveWall=1791545096189 consumeWall=1791545096239 local=1362 dueLocal=1370 dueWall=1791545096551 clientWorld=1473
[04:24:56] [Client thread/INFO] [STDOUT]: [com.layue13.clashweave.experiment.s3b.Experiment:log:22]: CW3 SEND id=60 intendedStamp=1481 stamp=1482 sendWall=1791545096592 dueWall=1791545096551 local=1369 clientWorld=1480 legacy=false
[04:24:57] [Netty Client IO #0/INFO] [STDOUT]: [com.layue13.clashweave.experiment.s3b.Experiment:log:22]: CW3 WIRE side=CLIENT kind=1 id=61 wall=1791545097099 thread=Netty Client IO #0 observed=0
[04:24:57] [Client thread/INFO] [STDOUT]: [com.layue13.clashweave.experiment.s3b.Experiment:log:22]: CW3 CLIENT_PLAN id=61 anchor=1492 stamp=1500 receiveWall=1791545097139 consumeWall=1791545097195 local=1381 dueLocal=1389 dueWall=1791545097499 clientWorld=1492
[04:24:57] [Client thread/INFO] [STDOUT]: [com.layue13.clashweave.experiment.s3b.Experiment:log:22]: CW3 SEND id=61 intendedStamp=1500 stamp=1501 sendWall=1791545097540 dueWall=1791545097499 local=1388 clientWorld=1499 legacy=false
[04:24:58] [Netty Client IO #0/INFO] [STDOUT]: [com.layue13.clashweave.experiment.s3b.Experiment:log:22]: CW3 WIRE side=CLIENT kind=1 id=62 wall=1791545098046 thread=Netty Client IO #0 observed=0
[04:24:58] [Client thread/INFO] [STDOUT]: [com.layue13.clashweave.experiment.s3b.Experiment:log:22]: CW3 CLIENT_PLAN id=62 anchor=1511 stamp=1519 receiveWall=1791545098094 consumeWall=1791545098141 local=1400 dueLocal=1408 dueWall=1791545098446 clientWorld=1511
[04:24:58] [Client thread/INFO] [STDOUT]: [com.layue13.clashweave.experiment.s3b.Experiment:log:22]: CW3 SEND id=62 intendedStamp=1519 stamp=1520 sendWall=1791545098489 dueWall=1791545098446 local=1407 clientWorld=1518 legacy=false
[04:24:59] [Netty Client IO #0/INFO] [STDOUT]: [com.layue13.clashweave.experiment.s3b.Experiment:log:22]: CW3 WIRE side=CLIENT kind=1 id=63 wall=1791545099000 thread=Netty Client IO #0 observed=0
[04:24:59] [Client thread/INFO] [STDOUT]: [com.layue13.clashweave.experiment.s3b.Experiment:log:22]: CW3 CLIENT_PLAN id=63 anchor=1530 stamp=1538 receiveWall=1791545099039 consumeWall=1791545099089 local=1419 dueLocal=1427 dueWall=1791545099400 clientWorld=1530
[04:24:59] [Client thread/INFO] [STDOUT]: [com.layue13.clashweave.experiment.s3b.Experiment:log:22]: CW3 SEND id=63 intendedStamp=1538 stamp=1539 sendWall=1791545099439 dueWall=1791545099400 local=1426 clientWorld=1537 legacy=false
[04:24:59] [Netty Client IO #0/INFO] [STDOUT]: [com.layue13.clashweave.experiment.s3b.Experiment:log:22]: CW3 WIRE side=CLIENT kind=1 id=64 wall=1791545099938 thread=Netty Client IO #0 observed=0
[04:24:59] [Client thread/INFO] [STDOUT]: [com.layue13.clashweave.experiment.s3b.Experiment:log:22]: CW3 CLIENT_PLAN id=64 anchor=1549 stamp=1557 receiveWall=1791545099940 consumeWall=1791545099989 local=1437 dueLocal=1445 dueWall=1791545100338 clientWorld=1548
[04:25:00] [Client thread/INFO] [STDOUT]: [com.layue13.clashweave.experiment.s3b.Experiment:log:22]: CW3 SEND id=64 intendedStamp=1557 stamp=1557 sendWall=1791545100339 dueWall=1791545100338 local=1444 clientWorld=1555 legacy=false
[04:25:00] [Netty Client IO #0/INFO] [STDOUT]: [com.layue13.clashweave.experiment.s3b.Experiment:log:22]: CW3 WIRE side=CLIENT kind=1 id=65 wall=1791545100902 thread=Netty Client IO #0 observed=0
[04:25:00] [Client thread/INFO] [STDOUT]: [com.layue13.clashweave.experiment.s3b.Experiment:log:22]: CW3 CLIENT_PLAN id=65 anchor=1568 stamp=1576 receiveWall=1791545100938 consumeWall=1791545100989 local=1457 dueLocal=1465 dueWall=1791545101302 clientWorld=1568
[04:25:01] [Client thread/INFO] [STDOUT]: [com.layue13.clashweave.experiment.s3b.Experiment:log:22]: CW3 SEND id=65 intendedStamp=1576 stamp=1577 sendWall=1791545101343 dueWall=1791545101302 local=1464 clientWorld=1575 legacy=false
[04:25:01] [Netty Client IO #0/INFO] [STDOUT]: [com.layue13.clashweave.experiment.s3b.Experiment:log:22]: CW3 WIRE side=CLIENT kind=1 id=66 wall=1791545101847 thread=Netty Client IO #0 observed=0
[04:25:01] [Client thread/INFO] [STDOUT]: [com.layue13.clashweave.experiment.s3b.Experiment:log:22]: CW3 CLIENT_PLAN id=66 anchor=1587 stamp=1595 receiveWall=1791545101894 consumeWall=1791545101942 local=1476 dueLocal=1484 dueWall=1791545102247 clientWorld=1587
[04:25:02] [Client thread/INFO] [STDOUT]: [com.layue13.clashweave.experiment.s3b.Experiment:log:22]: CW3 SEND id=66 intendedStamp=1595 stamp=1596 sendWall=1791545102289 dueWall=1791545102247 local=1483 clientWorld=1594 legacy=false
[04:25:02] [Netty Client IO #0/INFO] [STDOUT]: [com.layue13.clashweave.experiment.s3b.Experiment:log:22]: CW3 WIRE side=CLIENT kind=1 id=67 wall=1791545102798 thread=Netty Client IO #0 observed=0
[04:25:02] [Client thread/INFO] [STDOUT]: [com.layue13.clashweave.experiment.s3b.Experiment:log:22]: CW3 CLIENT_PLAN id=67 anchor=1606 stamp=1614 receiveWall=1791545102838 consumeWall=1791545102892 local=1495 dueLocal=1503 dueWall=1791545103198 clientWorld=1607
[04:25:03] [Client thread/INFO] [STDOUT]: [com.layue13.clashweave.experiment.s3b.Experiment:log:22]: CW3 SEND id=67 intendedStamp=1614 stamp=1615 sendWall=1791545103240 dueWall=1791545103198 local=1502 clientWorld=1614 legacy=false
[04:25:03] [Netty Client IO #0/INFO] [STDOUT]: [com.layue13.clashweave.experiment.s3b.Experiment:log:22]: CW3 WIRE side=CLIENT kind=1 id=68 wall=1791545103743 thread=Netty Client IO #0 observed=0
[04:25:03] [Client thread/INFO] [STDOUT]: [com.layue13.clashweave.experiment.s3b.Experiment:log:22]: CW3 CLIENT_PLAN id=68 anchor=1625 stamp=1633 receiveWall=1791545103790 consumeWall=1791545103838 local=1514 dueLocal=1522 dueWall=1791545104143 clientWorld=1625
[04:25:04] [Client thread/INFO] [STDOUT]: [com.layue13.clashweave.experiment.s3b.Experiment:log:22]: CW3 SEND id=68 intendedStamp=1633 stamp=1634 sendWall=1791545104189 dueWall=1791545104143 local=1521 clientWorld=1632 legacy=false
[04:25:04] [Netty Client IO #0/INFO] [STDOUT]: [com.layue13.clashweave.experiment.s3b.Experiment:log:22]: CW3 WIRE side=CLIENT kind=1 id=69 wall=1791545104701 thread=Netty Client IO #0 observed=0
[04:25:04] [Client thread/INFO] [STDOUT]: [com.layue13.clashweave.experiment.s3b.Experiment:log:22]: CW3 CLIENT_PLAN id=69 anchor=1644 stamp=1652 receiveWall=1791545104738 consumeWall=1791545104789 local=1533 dueLocal=1541 dueWall=1791545105101 clientWorld=1644
[04:25:05] [Client thread/INFO] [STDOUT]: [com.layue13.clashweave.experiment.s3b.Experiment:log:22]: CW3 SEND id=69 intendedStamp=1652 stamp=1653 sendWall=1791545105145 dueWall=1791545105101 local=1540 clientWorld=1651 legacy=false
[04:25:05] [Netty Client IO #0/INFO] [STDOUT]: [com.layue13.clashweave.experiment.s3b.Experiment:log:22]: CW3 WIRE side=CLIENT kind=1 id=70 wall=1791545105648 thread=Netty Client IO #0 observed=0
[04:25:05] [Client thread/INFO] [STDOUT]: [com.layue13.clashweave.experiment.s3b.Experiment:log:22]: CW3 CLIENT_PLAN id=70 anchor=1663 stamp=1675 receiveWall=1791545105689 consumeWall=1791545105742 local=1552 dueLocal=1564 dueWall=1791545106248 clientWorld=1663
[04:25:06] [Client thread/INFO] [STDOUT]: [com.layue13.clashweave.experiment.s3b.Experiment:log:22]: CW3 SEND id=70 intendedStamp=1675 stamp=1676 sendWall=1791545106292 dueWall=1791545106248 local=1563 clientWorld=1674 legacy=false
[04:25:06] [Netty Client IO #0/INFO] [STDOUT]: [com.layue13.clashweave.experiment.s3b.Experiment:log:22]: CW3 WIRE side=CLIENT kind=1 id=71 wall=1791545106638 thread=Netty Client IO #0 observed=0
[04:25:06] [Client thread/INFO] [STDOUT]: [com.layue13.clashweave.experiment.s3b.Experiment:log:22]: CW3 CLIENT_PLAN id=71 anchor=1683 stamp=1695 receiveWall=1791545106639 consumeWall=1791545106690 local=1571 dueLocal=1583 dueWall=1791545107238 clientWorld=1682
[04:25:07] [Client thread/INFO] [STDOUT]: [com.layue13.clashweave.experiment.s3b.Experiment:log:22]: CW3 SEND id=71 intendedStamp=1695 stamp=1695 sendWall=1791545107239 dueWall=1791545107238 local=1582 clientWorld=1693 legacy=false
[04:25:07] [Netty Client IO #0/INFO] [STDOUT]: [com.layue13.clashweave.experiment.s3b.Experiment:log:22]: CW3 WIRE side=CLIENT kind=1 id=72 wall=1791545107641 thread=Netty Client IO #0 observed=0
[04:25:07] [Client thread/INFO] [STDOUT]: [com.layue13.clashweave.experiment.s3b.Experiment:log:22]: CW3 CLIENT_PLAN id=72 anchor=1703 stamp=1715 receiveWall=1791545107689 consumeWall=1791545107738 local=1592 dueLocal=1604 dueWall=1791545108241 clientWorld=1703
[04:25:08] [Client thread/INFO] [STDOUT]: [com.layue13.clashweave.experiment.s3b.Experiment:log:22]: CW3 SEND id=72 intendedStamp=1715 stamp=1716 sendWall=1791545108288 dueWall=1791545108241 local=1603 clientWorld=1714 legacy=false
[04:25:08] [Netty Client IO #0/INFO] [STDOUT]: [com.layue13.clashweave.experiment.s3b.Experiment:log:22]: CW3 WIRE side=CLIENT kind=1 id=73 wall=1791545108646 thread=Netty Client IO #0 observed=0
[04:25:08] [Client thread/INFO] [STDOUT]: [com.layue13.clashweave.experiment.s3b.Experiment:log:22]: CW3 CLIENT_PLAN id=73 anchor=1723 stamp=1735 receiveWall=1791545108691 consumeWall=1791545108738 local=1612 dueLocal=1624 dueWall=1791545109245 clientWorld=1723
[04:25:09] [Client thread/INFO] [STDOUT]: [com.layue13.clashweave.experiment.s3b.Experiment:log:22]: CW3 SEND id=73 intendedStamp=1735 stamp=1736 sendWall=1791545109288 dueWall=1791545109245 local=1623 clientWorld=1734 legacy=false
[04:25:09] [Netty Client IO #0/INFO] [STDOUT]: [com.layue13.clashweave.experiment.s3b.Experiment:log:22]: CW3 WIRE side=CLIENT kind=1 id=74 wall=1791545109645 thread=Netty Client IO #0 observed=0
[04:25:09] [Client thread/INFO] [STDOUT]: [com.layue13.clashweave.experiment.s3b.Experiment:log:22]: CW3 CLIENT_PLAN id=74 anchor=1743 stamp=1755 receiveWall=1791545109692 consumeWall=1791545109739 local=1632 dueLocal=1644 dueWall=1791545110245 clientWorld=1743
[04:25:10] [Client thread/INFO] [STDOUT]: [com.layue13.clashweave.experiment.s3b.Experiment:log:22]: CW3 SEND id=74 intendedStamp=1755 stamp=1756 sendWall=1791545110289 dueWall=1791545110245 local=1643 clientWorld=1754 legacy=false
[04:25:10] [Netty Client IO #0/INFO] [STDOUT]: [com.layue13.clashweave.experiment.s3b.Experiment:log:22]: CW3 WIRE side=CLIENT kind=1 id=75 wall=1791545110645 thread=Netty Client IO #0 observed=0
[04:25:10] [Client thread/INFO] [STDOUT]: [com.layue13.clashweave.experiment.s3b.Experiment:log:22]: CW3 CLIENT_PLAN id=75 anchor=1763 stamp=1775 receiveWall=1791545110691 consumeWall=1791545110739 local=1652 dueLocal=1664 dueWall=1791545111245 clientWorld=1763
[04:25:11] [Client thread/INFO] [STDOUT]: [com.layue13.clashweave.experiment.s3b.Experiment:log:22]: CW3 SEND id=75 intendedStamp=1775 stamp=1776 sendWall=1791545111291 dueWall=1791545111245 local=1663 clientWorld=1774 legacy=false
[04:25:11] [Netty Client IO #0/INFO] [STDOUT]: [com.layue13.clashweave.experiment.s3b.Experiment:log:22]: CW3 WIRE side=CLIENT kind=1 id=76 wall=1791545111652 thread=Netty Client IO #0 observed=0
[04:25:11] [Client thread/INFO] [STDOUT]: [com.layue13.clashweave.experiment.s3b.Experiment:log:22]: CW3 CLIENT_PLAN id=76 anchor=1783 stamp=1795 receiveWall=1791545111690 consumeWall=1791545111739 local=1672 dueLocal=1684 dueWall=1791545112252 clientWorld=1783
[04:25:12] [Client thread/INFO] [STDOUT]: [com.layue13.clashweave.experiment.s3b.Experiment:log:22]: CW3 SEND id=76 intendedStamp=1795 stamp=1796 sendWall=1791545112289 dueWall=1791545112252 local=1683 clientWorld=1794 legacy=false
[04:25:12] [Netty Client IO #0/INFO] [STDOUT]: [com.layue13.clashweave.experiment.s3b.Experiment:log:22]: CW3 WIRE side=CLIENT kind=1 id=77 wall=1791545112642 thread=Netty Client IO #0 observed=0
[04:25:12] [Client thread/INFO] [STDOUT]: [com.layue13.clashweave.experiment.s3b.Experiment:log:22]: CW3 CLIENT_PLAN id=77 anchor=1803 stamp=1815 receiveWall=1791545112689 consumeWall=1791545112738 local=1692 dueLocal=1704 dueWall=1791545113242 clientWorld=1803
[04:25:13] [Client thread/INFO] [STDOUT]: [com.layue13.clashweave.experiment.s3b.Experiment:log:22]: CW3 SEND id=77 intendedStamp=1815 stamp=1816 sendWall=1791545113290 dueWall=1791545113242 local=1703 clientWorld=1814 legacy=false
[04:25:13] [Netty Client IO #0/INFO] [STDOUT]: [com.layue13.clashweave.experiment.s3b.Experiment:log:22]: CW3 WIRE side=CLIENT kind=1 id=78 wall=1791545113645 thread=Netty Client IO #0 observed=0
[04:25:13] [Client thread/INFO] [STDOUT]: [com.layue13.clashweave.experiment.s3b.Experiment:log:22]: CW3 CLIENT_PLAN id=78 anchor=1823 stamp=1835 receiveWall=1791545113691 consumeWall=1791545113739 local=1712 dueLocal=1724 dueWall=1791545114245 clientWorld=1824
[04:25:14] [Client thread/INFO] [STDOUT]: [com.layue13.clashweave.experiment.s3b.Experiment:log:22]: CW3 SEND id=78 intendedStamp=1835 stamp=1836 sendWall=1791545114290 dueWall=1791545114245 local=1723 clientWorld=1835 legacy=false
[04:25:14] [Netty Client IO #0/INFO] [STDOUT]: [com.layue13.clashweave.experiment.s3b.Experiment:log:22]: CW3 WIRE side=CLIENT kind=1 id=79 wall=1791545114651 thread=Netty Client IO #0 observed=0
[04:25:14] [Client thread/INFO] [STDOUT]: [com.layue13.clashweave.experiment.s3b.Experiment:log:22]: CW3 CLIENT_PLAN id=79 anchor=1843 stamp=1855 receiveWall=1791545114689 consumeWall=1791545114743 local=1732 dueLocal=1744 dueWall=1791545115251 clientWorld=1843
[04:25:15] [Client thread/INFO] [STDOUT]: [com.layue13.clashweave.experiment.s3b.Experiment:log:22]: CW3 SEND id=79 intendedStamp=1855 stamp=1856 sendWall=1791545115291 dueWall=1791545115251 local=1743 clientWorld=1854 legacy=false
[04:25:15] [Netty Client IO #0/INFO] [STDOUT]: [com.layue13.clashweave.experiment.s3b.Experiment:log:22]: CW3 WIRE side=CLIENT kind=1 id=80 wall=1791545115651 thread=Netty Client IO #0 observed=0
[04:25:15] [Client thread/INFO] [STDOUT]: [com.layue13.clashweave.experiment.s3b.Experiment:log:22]: CW3 CLIENT_PLAN id=80 anchor=1863 stamp=1874 receiveWall=1791545115689 consumeWall=1791545115744 local=1752 dueLocal=1763 dueWall=1791545116201 clientWorld=1863
[04:25:16] [Client thread/INFO] [STDOUT]: [com.layue13.clashweave.experiment.s3b.Experiment:log:22]: CW3 SEND id=80 intendedStamp=1874 stamp=1875 sendWall=1791545116244 dueWall=1791545116201 local=1762 clientWorld=1873 legacy=false
[04:25:16] [Netty Client IO #0/INFO] [STDOUT]: [com.layue13.clashweave.experiment.s3b.Experiment:log:22]: CW3 WIRE side=CLIENT kind=1 id=81 wall=1791545116652 thread=Netty Client IO #0 observed=0
[04:25:16] [Client thread/INFO] [STDOUT]: [com.layue13.clashweave.experiment.s3b.Experiment:log:22]: CW3 CLIENT_PLAN id=81 anchor=1883 stamp=1894 receiveWall=1791545116688 consumeWall=1791545116739 local=1772 dueLocal=1783 dueWall=1791545117202 clientWorld=1883
[04:25:17] [Client thread/INFO] [STDOUT]: [com.layue13.clashweave.experiment.s3b.Experiment:log:22]: CW3 SEND id=81 intendedStamp=1894 stamp=1895 sendWall=1791545117239 dueWall=1791545117202 local=1782 clientWorld=1893 legacy=false
[04:25:17] [Netty Client IO #0/INFO] [STDOUT]: [com.layue13.clashweave.experiment.s3b.Experiment:log:22]: CW3 WIRE side=CLIENT kind=1 id=82 wall=1791545117645 thread=Netty Client IO #0 observed=0
[04:25:17] [Client thread/INFO] [STDOUT]: [com.layue13.clashweave.experiment.s3b.Experiment:log:22]: CW3 CLIENT_PLAN id=82 anchor=1903 stamp=1914 receiveWall=1791545117692 consumeWall=1791545117739 local=1792 dueLocal=1803 dueWall=1791545118195 clientWorld=1903
[04:25:18] [Client thread/INFO] [STDOUT]: [com.layue13.clashweave.experiment.s3b.Experiment:log:22]: CW3 SEND id=82 intendedStamp=1914 stamp=1915 sendWall=1791545118240 dueWall=1791545118195 local=1802 clientWorld=1913 legacy=false
[04:25:18] [Netty Client IO #0/INFO] [STDOUT]: [com.layue13.clashweave.experiment.s3b.Experiment:log:22]: CW3 WIRE side=CLIENT kind=1 id=83 wall=1791545118650 thread=Netty Client IO #0 observed=0
[04:25:18] [Client thread/INFO] [STDOUT]: [com.layue13.clashweave.experiment.s3b.Experiment:log:22]: CW3 CLIENT_PLAN id=83 anchor=1923 stamp=1934 receiveWall=1791545118689 consumeWall=1791545118743 local=1812 dueLocal=1823 dueWall=1791545119200 clientWorld=1923
[04:25:19] [Client thread/INFO] [STDOUT]: [com.layue13.clashweave.experiment.s3b.Experiment:log:22]: CW3 SEND id=83 intendedStamp=1934 stamp=1935 sendWall=1791545119244 dueWall=1791545119200 local=1822 clientWorld=1933 legacy=false
[04:25:19] [Netty Client IO #0/INFO] [STDOUT]: [com.layue13.clashweave.experiment.s3b.Experiment:log:22]: CW3 WIRE side=CLIENT kind=1 id=84 wall=1791545119651 thread=Netty Client IO #0 observed=0
[04:25:19] [Client thread/INFO] [STDOUT]: [com.layue13.clashweave.experiment.s3b.Experiment:log:22]: CW3 CLIENT_PLAN id=84 anchor=1943 stamp=1954 receiveWall=1791545119689 consumeWall=1791545119739 local=1832 dueLocal=1843 dueWall=1791545120201 clientWorld=1943
[04:25:20] [Client thread/INFO] [STDOUT]: [com.layue13.clashweave.experiment.s3b.Experiment:log:22]: CW3 SEND id=84 intendedStamp=1954 stamp=1955 sendWall=1791545120244 dueWall=1791545120201 local=1842 clientWorld=1953 legacy=false
[04:25:20] [Netty Client IO #0/INFO] [STDOUT]: [com.layue13.clashweave.experiment.s3b.Experiment:log:22]: CW3 WIRE side=CLIENT kind=1 id=85 wall=1791545120650 thread=Netty Client IO #0 observed=0
[04:25:20] [Client thread/INFO] [STDOUT]: [com.layue13.clashweave.experiment.s3b.Experiment:log:22]: CW3 CLIENT_PLAN id=85 anchor=1963 stamp=1974 receiveWall=1791545120689 consumeWall=1791545120743 local=1852 dueLocal=1863 dueWall=1791545121200 clientWorld=1963
[04:25:21] [Client thread/INFO] [STDOUT]: [com.layue13.clashweave.experiment.s3b.Experiment:log:22]: CW3 SEND id=85 intendedStamp=1974 stamp=1975 sendWall=1791545121244 dueWall=1791545121200 local=1862 clientWorld=1973 legacy=false
[04:25:21] [Netty Client IO #0/INFO] [STDOUT]: [com.layue13.clashweave.experiment.s3b.Experiment:log:22]: CW3 WIRE side=CLIENT kind=1 id=86 wall=1791545121638 thread=Netty Client IO #0 observed=0
[04:25:21] [Client thread/INFO] [STDOUT]: [com.layue13.clashweave.experiment.s3b.Experiment:log:22]: CW3 CLIENT_PLAN id=86 anchor=1983 stamp=1994 receiveWall=1791545121689 consumeWall=1791545121738 local=1872 dueLocal=1883 dueWall=1791545122188 clientWorld=1983
[04:25:22] [Client thread/INFO] [STDOUT]: [com.layue13.clashweave.experiment.s3b.Experiment:log:22]: CW3 SEND id=86 intendedStamp=1994 stamp=1994 sendWall=1791545122189 dueWall=1791545122188 local=1881 clientWorld=1992 legacy=false
[04:25:22] [Netty Client IO #0/INFO] [STDOUT]: [com.layue13.clashweave.experiment.s3b.Experiment:log:22]: CW3 WIRE side=CLIENT kind=1 id=87 wall=1791545122645 thread=Netty Client IO #0 observed=0
[04:25:22] [Client thread/INFO] [STDOUT]: [com.layue13.clashweave.experiment.s3b.Experiment:log:22]: CW3 CLIENT_PLAN id=87 anchor=2003 stamp=2014 receiveWall=1791545122693 consumeWall=1791545122741 local=1892 dueLocal=1903 dueWall=1791545123195 clientWorld=2003
[04:25:23] [Client thread/INFO] [STDOUT]: [com.layue13.clashweave.experiment.s3b.Experiment:log:22]: CW3 SEND id=87 intendedStamp=2014 stamp=2015 sendWall=1791545123242 dueWall=1791545123195 local=1902 clientWorld=2013 legacy=false
[04:25:23] [Netty Client IO #0/INFO] [STDOUT]: [com.layue13.clashweave.experiment.s3b.Experiment:log:22]: CW3 WIRE side=CLIENT kind=1 id=88 wall=1791545123652 thread=Netty Client IO #0 observed=0
[04:25:23] [Client thread/INFO] [STDOUT]: [com.layue13.clashweave.experiment.s3b.Experiment:log:22]: CW3 CLIENT_PLAN id=88 anchor=2023 stamp=2034 receiveWall=1791545123690 consumeWall=1791545123740 local=1912 dueLocal=1923 dueWall=1791545124202 clientWorld=2023
[04:25:24] [Client thread/INFO] [STDOUT]: [com.layue13.clashweave.experiment.s3b.Experiment:log:22]: CW3 SEND id=88 intendedStamp=2034 stamp=2035 sendWall=1791545124239 dueWall=1791545124202 local=1922 clientWorld=2033 legacy=false
[04:25:24] [Netty Client IO #0/INFO] [STDOUT]: [com.layue13.clashweave.experiment.s3b.Experiment:log:22]: CW3 WIRE side=CLIENT kind=1 id=89 wall=1791545124641 thread=Netty Client IO #0 observed=0
[04:25:24] [Client thread/INFO] [STDOUT]: [com.layue13.clashweave.experiment.s3b.Experiment:log:22]: CW3 CLIENT_PLAN id=89 anchor=2043 stamp=2054 receiveWall=1791545124688 consumeWall=1791545124739 local=1932 dueLocal=1943 dueWall=1791545125191 clientWorld=2043
[04:25:25] [Client thread/INFO] [STDOUT]: [com.layue13.clashweave.experiment.s3b.Experiment:log:22]: CW3 SEND id=89 intendedStamp=2054 stamp=2054 sendWall=1791545125193 dueWall=1791545125191 local=1941 clientWorld=2052 legacy=false
[04:25:25] [Netty Client IO #0/INFO] [STDOUT]: [com.layue13.clashweave.experiment.s3b.Experiment:log:22]: CW3 WIRE side=CLIENT kind=1 id=90 wall=1791545125649 thread=Netty Client IO #0 observed=0
[04:25:25] [Client thread/INFO] [STDOUT]: [com.layue13.clashweave.experiment.s3b.Experiment:log:22]: CW3 CLIENT_PLAN id=90 anchor=2063 stamp=2073 receiveWall=1791545125689 consumeWall=1791545125739 local=1952 dueLocal=1962 dueWall=1791545126149 clientWorld=2063
[04:25:26] [Client thread/INFO] [STDOUT]: [com.layue13.clashweave.experiment.s3b.Experiment:log:22]: CW3 SEND id=90 intendedStamp=2073 stamp=2074 sendWall=1791545126189 dueWall=1791545126149 local=1961 clientWorld=2072 legacy=false
[04:25:26] [Netty Client IO #0/INFO] [STDOUT]: [com.layue13.clashweave.experiment.s3b.Experiment:log:22]: CW3 WIRE side=CLIENT kind=1 id=91 wall=1791545126653 thread=Netty Client IO #0 observed=0
[04:25:26] [Client thread/INFO] [STDOUT]: [com.layue13.clashweave.experiment.s3b.Experiment:log:22]: CW3 CLIENT_PLAN id=91 anchor=2083 stamp=2093 receiveWall=1791545126690 consumeWall=1791545126739 local=1972 dueLocal=1982 dueWall=1791545127153 clientWorld=2083
[04:25:27] [Client thread/INFO] [STDOUT]: [com.layue13.clashweave.experiment.s3b.Experiment:log:22]: CW3 SEND id=91 intendedStamp=2093 stamp=2094 sendWall=1791545127188 dueWall=1791545127153 local=1981 clientWorld=2092 legacy=false
[04:25:27] [Netty Client IO #0/INFO] [STDOUT]: [com.layue13.clashweave.experiment.s3b.Experiment:log:22]: CW3 WIRE side=CLIENT kind=1 id=92 wall=1791545127648 thread=Netty Client IO #0 observed=0
[04:25:27] [Client thread/INFO] [STDOUT]: [com.layue13.clashweave.experiment.s3b.Experiment:log:22]: CW3 CLIENT_PLAN id=92 anchor=2103 stamp=2113 receiveWall=1791545127689 consumeWall=1791545127744 local=1992 dueLocal=2002 dueWall=1791545128148 clientWorld=2103
[04:25:28] [Client thread/INFO] [STDOUT]: [com.layue13.clashweave.experiment.s3b.Experiment:log:22]: CW3 SEND id=92 intendedStamp=2113 stamp=2114 sendWall=1791545128188 dueWall=1791545128148 local=2001 clientWorld=2112 legacy=false
[04:25:28] [Netty Client IO #0/INFO] [STDOUT]: [com.layue13.clashweave.experiment.s3b.Experiment:log:22]: CW3 WIRE side=CLIENT kind=1 id=93 wall=1791545128640 thread=Netty Client IO #0 observed=0
[04:25:28] [Client thread/INFO] [STDOUT]: [com.layue13.clashweave.experiment.s3b.Experiment:log:22]: CW3 CLIENT_PLAN id=93 anchor=2123 stamp=2133 receiveWall=1791545128689 consumeWall=1791545128739 local=2012 dueLocal=2022 dueWall=1791545129140 clientWorld=2123
[04:25:29] [Client thread/INFO] [STDOUT]: [com.layue13.clashweave.experiment.s3b.Experiment:log:22]: CW3 SEND id=93 intendedStamp=2133 stamp=2133 sendWall=1791545129142 dueWall=1791545129140 local=2020 clientWorld=2131 legacy=false
[04:25:29] [Netty Client IO #0/INFO] [STDOUT]: [com.layue13.clashweave.experiment.s3b.Experiment:log:22]: CW3 WIRE side=CLIENT kind=1 id=94 wall=1791545129641 thread=Netty Client IO #0 observed=0
[04:25:29] [Client thread/INFO] [STDOUT]: [com.layue13.clashweave.experiment.s3b.Experiment:log:22]: CW3 CLIENT_PLAN id=94 anchor=2143 stamp=2153 receiveWall=1791545129689 consumeWall=1791545129739 local=2032 dueLocal=2042 dueWall=1791545130141 clientWorld=2143
[04:25:30] [Client thread/INFO] [STDOUT]: [com.layue13.clashweave.experiment.s3b.Experiment:log:22]: CW3 SEND id=94 intendedStamp=2153 stamp=2153 sendWall=1791545130141 dueWall=1791545130141 local=2040 clientWorld=2151 legacy=false
[04:25:30] [Netty Client IO #0/INFO] [STDOUT]: [com.layue13.clashweave.experiment.s3b.Experiment:log:22]: CW3 WIRE side=CLIENT kind=1 id=95 wall=1791545130641 thread=Netty Client IO #0 observed=0
[04:25:30] [Client thread/INFO] [STDOUT]: [com.layue13.clashweave.experiment.s3b.Experiment:log:22]: CW3 CLIENT_PLAN id=95 anchor=2163 stamp=2173 receiveWall=1791545130689 consumeWall=1791545130739 local=2052 dueLocal=2062 dueWall=1791545131141 clientWorld=2163
[04:25:31] [Client thread/INFO] [STDOUT]: [com.layue13.clashweave.experiment.s3b.Experiment:log:22]: CW3 SEND id=95 intendedStamp=2173 stamp=2174 sendWall=1791545131188 dueWall=1791545131141 local=2061 clientWorld=2172 legacy=false
[04:25:31] [Netty Client IO #0/INFO] [STDOUT]: [com.layue13.clashweave.experiment.s3b.Experiment:log:22]: CW3 WIRE side=CLIENT kind=1 id=96 wall=1791545131640 thread=Netty Client IO #0 observed=0
[04:25:31] [Client thread/INFO] [STDOUT]: [com.layue13.clashweave.experiment.s3b.Experiment:log:22]: CW3 CLIENT_PLAN id=96 anchor=2183 stamp=2193 receiveWall=1791545131689 consumeWall=1791545131739 local=2072 dueLocal=2082 dueWall=1791545132140 clientWorld=2183
[04:25:32] [Client thread/INFO] [STDOUT]: [com.layue13.clashweave.experiment.s3b.Experiment:log:22]: CW3 SEND id=96 intendedStamp=2193 stamp=2194 sendWall=1791545132189 dueWall=1791545132140 local=2081 clientWorld=2192 legacy=false
[04:25:32] [Netty Client IO #0/INFO] [STDOUT]: [com.layue13.clashweave.experiment.s3b.Experiment:log:22]: CW3 WIRE side=CLIENT kind=1 id=97 wall=1791545132641 thread=Netty Client IO #0 observed=0
[04:25:32] [Client thread/INFO] [STDOUT]: [com.layue13.clashweave.experiment.s3b.Experiment:log:22]: CW3 CLIENT_PLAN id=97 anchor=2203 stamp=2213 receiveWall=1791545132689 consumeWall=1791545132739 local=2092 dueLocal=2102 dueWall=1791545133141 clientWorld=2203
[04:25:33] [Client thread/INFO] [STDOUT]: [com.layue13.clashweave.experiment.s3b.Experiment:log:22]: CW3 SEND id=97 intendedStamp=2213 stamp=2214 sendWall=1791545133188 dueWall=1791545133141 local=2101 clientWorld=2212 legacy=false
[04:25:33] [Netty Client IO #0/INFO] [STDOUT]: [com.layue13.clashweave.experiment.s3b.Experiment:log:22]: CW3 WIRE side=CLIENT kind=1 id=98 wall=1791545133640 thread=Netty Client IO #0 observed=0
[04:25:33] [Client thread/INFO] [STDOUT]: [com.layue13.clashweave.experiment.s3b.Experiment:log:22]: CW3 CLIENT_PLAN id=98 anchor=2223 stamp=2233 receiveWall=1791545133689 consumeWall=1791545133739 local=2112 dueLocal=2122 dueWall=1791545134140 clientWorld=2223
[04:25:34] [Client thread/INFO] [STDOUT]: [com.layue13.clashweave.experiment.s3b.Experiment:log:22]: CW3 SEND id=98 intendedStamp=2233 stamp=2234 sendWall=1791545134188 dueWall=1791545134140 local=2121 clientWorld=2232 legacy=false
[04:25:34] [Netty Client IO #0/INFO] [STDOUT]: [com.layue13.clashweave.experiment.s3b.Experiment:log:22]: CW3 WIRE side=CLIENT kind=1 id=99 wall=1791545134641 thread=Netty Client IO #0 observed=0
[04:25:34] [Client thread/INFO] [STDOUT]: [com.layue13.clashweave.experiment.s3b.Experiment:log:22]: CW3 CLIENT_PLAN id=99 anchor=2243 stamp=2253 receiveWall=1791545134689 consumeWall=1791545134739 local=2132 dueLocal=2142 dueWall=1791545135140 clientWorld=2243
[04:25:35] [Client thread/INFO] [STDOUT]: [com.layue13.clashweave.experiment.s3b.Experiment:log:22]: CW3 SEND id=99 intendedStamp=2253 stamp=2253 sendWall=1791545135142 dueWall=1791545135140 local=2140 clientWorld=2251 legacy=false
[04:25:35] [Netty Client IO #0/INFO] [STDOUT]: [com.layue13.clashweave.experiment.s3b.Experiment:log:22]: CW3 WIRE side=CLIENT kind=1 id=100 wall=1791545135644 thread=Netty Client IO #0 observed=0
[04:25:35] [Client thread/INFO] [STDOUT]: [com.layue13.clashweave.experiment.s3b.Experiment:log:22]: CW3 CLIENT_PLAN id=100 anchor=2263 stamp=2272 receiveWall=1791545135692 consumeWall=1791545135739 local=2152 dueLocal=2161 dueWall=1791545136094 clientWorld=2264
[04:25:36] [Client thread/INFO] [STDOUT]: [com.layue13.clashweave.experiment.s3b.Experiment:log:22]: CW3 SEND id=100 intendedStamp=2272 stamp=2273 sendWall=1791545136144 dueWall=1791545136094 local=2160 clientWorld=2272 legacy=false
[04:25:36] [Netty Client IO #0/INFO] [STDOUT]: [com.layue13.clashweave.experiment.s3b.Experiment:log:22]: CW3 WIRE side=CLIENT kind=1 id=101 wall=1791545136646 thread=Netty Client IO #0 observed=0
[04:25:36] [Client thread/INFO] [STDOUT]: [com.layue13.clashweave.experiment.s3b.Experiment:log:22]: CW3 CLIENT_PLAN id=101 anchor=2283 stamp=2292 receiveWall=1791545136693 consumeWall=1791545136740 local=2172 dueLocal=2181 dueWall=1791545137095 clientWorld=2283
[04:25:37] [Client thread/INFO] [STDOUT]: [com.layue13.clashweave.experiment.s3b.Experiment:log:22]: CW3 SEND id=101 intendedStamp=2292 stamp=2293 sendWall=1791545137144 dueWall=1791545137095 local=2180 clientWorld=2291 legacy=false
[04:25:37] [Netty Client IO #0/INFO] [STDOUT]: [com.layue13.clashweave.experiment.s3b.Experiment:log:22]: CW3 WIRE side=CLIENT kind=1 id=102 wall=1791545137643 thread=Netty Client IO #0 observed=0
[04:25:37] [Client thread/INFO] [STDOUT]: [com.layue13.clashweave.experiment.s3b.Experiment:log:22]: CW3 CLIENT_PLAN id=102 anchor=2303 stamp=2312 receiveWall=1791545137690 consumeWall=1791545137739 local=2192 dueLocal=2201 dueWall=1791545138093 clientWorld=2303
[04:25:38] [Client thread/INFO] [STDOUT]: [com.layue13.clashweave.experiment.s3b.Experiment:log:22]: CW3 SEND id=102 intendedStamp=2312 stamp=2313 sendWall=1791545138143 dueWall=1791545138093 local=2200 clientWorld=2311 legacy=false
[04:25:38] [Netty Client IO #0/INFO] [STDOUT]: [com.layue13.clashweave.experiment.s3b.Experiment:log:22]: CW3 WIRE side=CLIENT kind=1 id=103 wall=1791545138642 thread=Netty Client IO #0 observed=0
[04:25:38] [Client thread/INFO] [STDOUT]: [com.layue13.clashweave.experiment.s3b.Experiment:log:22]: CW3 CLIENT_PLAN id=103 anchor=2323 stamp=2332 receiveWall=1791545138689 consumeWall=1791545138739 local=2212 dueLocal=2221 dueWall=1791545139092 clientWorld=2323
[04:25:39] [Client thread/INFO] [STDOUT]: [com.layue13.clashweave.experiment.s3b.Experiment:log:22]: CW3 SEND id=103 intendedStamp=2332 stamp=2332 sendWall=1791545139093 dueWall=1791545139092 local=2219 clientWorld=2330 legacy=false
[04:25:39] [Netty Client IO #0/INFO] [STDOUT]: [com.layue13.clashweave.experiment.s3b.Experiment:log:22]: CW3 WIRE side=CLIENT kind=1 id=104 wall=1791545139641 thread=Netty Client IO #0 observed=0
[04:25:39] [Client thread/INFO] [STDOUT]: [com.layue13.clashweave.experiment.s3b.Experiment:log:22]: CW3 CLIENT_PLAN id=104 anchor=2343 stamp=2352 receiveWall=1791545139689 consumeWall=1791545139738 local=2232 dueLocal=2241 dueWall=1791545140091 clientWorld=2343
[04:25:40] [Client thread/INFO] [STDOUT]: [com.layue13.clashweave.experiment.s3b.Experiment:log:22]: CW3 SEND id=104 intendedStamp=2352 stamp=2352 sendWall=1791545140092 dueWall=1791545140091 local=2239 clientWorld=2350 legacy=false
[04:25:40] [Netty Client IO #0/INFO] [STDOUT]: [com.layue13.clashweave.experiment.s3b.Experiment:log:22]: CW3 WIRE side=CLIENT kind=1 id=105 wall=1791545140646 thread=Netty Client IO #0 observed=0
[04:25:40] [Client thread/INFO] [STDOUT]: [com.layue13.clashweave.experiment.s3b.Experiment:log:22]: CW3 CLIENT_PLAN id=105 anchor=2363 stamp=2372 receiveWall=1791545140693 consumeWall=1791545140740 local=2252 dueLocal=2261 dueWall=1791545141096 clientWorld=2363
[04:25:41] [Client thread/INFO] [STDOUT]: [com.layue13.clashweave.experiment.s3b.Experiment:log:22]: CW3 SEND id=105 intendedStamp=2372 stamp=2373 sendWall=1791545141138 dueWall=1791545141096 local=2260 clientWorld=2371 legacy=false
[04:25:41] [Netty Client IO #0/INFO] [STDOUT]: [com.layue13.clashweave.experiment.s3b.Experiment:log:22]: CW3 WIRE side=CLIENT kind=1 id=106 wall=1791545141652 thread=Netty Client IO #0 observed=0
[04:25:41] [Client thread/INFO] [STDOUT]: [com.layue13.clashweave.experiment.s3b.Experiment:log:22]: CW3 CLIENT_PLAN id=106 anchor=2383 stamp=2392 receiveWall=1791545141689 consumeWall=1791545141739 local=2272 dueLocal=2281 dueWall=1791545142102 clientWorld=2383
[04:25:42] [Client thread/INFO] [STDOUT]: [com.layue13.clashweave.experiment.s3b.Experiment:log:22]: CW3 SEND id=106 intendedStamp=2392 stamp=2393 sendWall=1791545142142 dueWall=1791545142102 local=2280 clientWorld=2391 legacy=false
[04:25:42] [Netty Client IO #0/INFO] [STDOUT]: [com.layue13.clashweave.experiment.s3b.Experiment:log:22]: CW3 WIRE side=CLIENT kind=1 id=107 wall=1791545142648 thread=Netty Client IO #0 observed=0
[04:25:42] [Client thread/INFO] [STDOUT]: [com.layue13.clashweave.experiment.s3b.Experiment:log:22]: CW3 CLIENT_PLAN id=107 anchor=2403 stamp=2412 receiveWall=1791545142689 consumeWall=1791545142744 local=2292 dueLocal=2301 dueWall=1791545143098 clientWorld=2403
[04:25:43] [Client thread/INFO] [STDOUT]: [com.layue13.clashweave.experiment.s3b.Experiment:log:22]: CW3 SEND id=107 intendedStamp=2412 stamp=2413 sendWall=1791545143140 dueWall=1791545143098 local=2300 clientWorld=2411 legacy=false
[04:25:43] [Netty Client IO #0/INFO] [STDOUT]: [com.layue13.clashweave.experiment.s3b.Experiment:log:22]: CW3 WIRE side=CLIENT kind=1 id=108 wall=1791545143640 thread=Netty Client IO #0 observed=0
[04:25:43] [Client thread/INFO] [STDOUT]: [com.layue13.clashweave.experiment.s3b.Experiment:log:22]: CW3 CLIENT_PLAN id=108 anchor=2423 stamp=2432 receiveWall=1791545143689 consumeWall=1791545143738 local=2312 dueLocal=2321 dueWall=1791545144089 clientWorld=2423
[04:25:44] [Client thread/INFO] [STDOUT]: [com.layue13.clashweave.experiment.s3b.Experiment:log:22]: CW3 SEND id=108 intendedStamp=2432 stamp=2432 sendWall=1791545144090 dueWall=1791545144089 local=2319 clientWorld=2430 legacy=false
[04:25:44] [Netty Client IO #0/INFO] [STDOUT]: [com.layue13.clashweave.experiment.s3b.Experiment:log:22]: CW3 WIRE side=CLIENT kind=1 id=109 wall=1791545144648 thread=Netty Client IO #0 observed=0
[04:25:44] [Client thread/INFO] [STDOUT]: [com.layue13.clashweave.experiment.s3b.Experiment:log:22]: CW3 CLIENT_PLAN id=109 anchor=2443 stamp=2452 receiveWall=1791545144688 consumeWall=1791545144741 local=2332 dueLocal=2341 dueWall=1791545145098 clientWorld=2443
[04:25:45] [Client thread/INFO] [STDOUT]: [com.layue13.clashweave.experiment.s3b.Experiment:log:22]: CW3 SEND id=109 intendedStamp=2452 stamp=2453 sendWall=1791545145139 dueWall=1791545145098 local=2340 clientWorld=2451 legacy=false
[04:25:45] [Netty Client IO #0/INFO] [STDOUT]: [com.layue13.clashweave.experiment.s3b.Experiment:log:22]: CW3 WIRE side=CLIENT kind=1 id=110 wall=1791545145646 thread=Netty Client IO #0 observed=0
[04:25:45] [Client thread/INFO] [STDOUT]: [com.layue13.clashweave.experiment.s3b.Experiment:log:22]: CW3 CLIENT_PLAN id=110 anchor=2463 stamp=2471 receiveWall=1791545145692 consumeWall=1791545145739 local=2352 dueLocal=2360 dueWall=1791545146045 clientWorld=2464
[04:25:46] [Client thread/INFO] [STDOUT]: [com.layue13.clashweave.experiment.s3b.Experiment:log:22]: CW3 SEND id=110 intendedStamp=2471 stamp=2472 sendWall=1791545146089 dueWall=1791545146045 local=2359 clientWorld=2471 legacy=false
[04:25:46] [Netty Client IO #0/INFO] [STDOUT]: [com.layue13.clashweave.experiment.s3b.Experiment:log:22]: CW3 WIRE side=CLIENT kind=1 id=111 wall=1791545146649 thread=Netty Client IO #0 observed=0
[04:25:46] [Client thread/INFO] [STDOUT]: [com.layue13.clashweave.experiment.s3b.Experiment:log:22]: CW3 CLIENT_PLAN id=111 anchor=2483 stamp=2491 receiveWall=1791545146688 consumeWall=1791545146742 local=2372 dueLocal=2380 dueWall=1791545147048 clientWorld=2483
[04:25:47] [Client thread/INFO] [STDOUT]: [com.layue13.clashweave.experiment.s3b.Experiment:log:22]: CW3 SEND id=111 intendedStamp=2491 stamp=2492 sendWall=1791545147089 dueWall=1791545147048 local=2379 clientWorld=2490 legacy=false
[04:25:47] [Netty Client IO #0/INFO] [STDOUT]: [com.layue13.clashweave.experiment.s3b.Experiment:log:22]: CW3 WIRE side=CLIENT kind=1 id=112 wall=1791545147653 thread=Netty Client IO #0 observed=0
[04:25:47] [Client thread/INFO] [STDOUT]: [com.layue13.clashweave.experiment.s3b.Experiment:log:22]: CW3 CLIENT_PLAN id=112 anchor=2503 stamp=2511 receiveWall=1791545147689 consumeWall=1791545147739 local=2392 dueLocal=2400 dueWall=1791545148053 clientWorld=2503
[04:25:48] [Client thread/INFO] [STDOUT]: [com.layue13.clashweave.experiment.s3b.Experiment:log:22]: CW3 SEND id=112 intendedStamp=2511 stamp=2512 sendWall=1791545148092 dueWall=1791545148053 local=2399 clientWorld=2510 legacy=false
[04:25:48] [Netty Client IO #0/INFO] [STDOUT]: [com.layue13.clashweave.experiment.s3b.Experiment:log:22]: CW3 WIRE side=CLIENT kind=1 id=113 wall=1791545148641 thread=Netty Client IO #0 observed=0
[04:25:48] [Client thread/INFO] [STDOUT]: [com.layue13.clashweave.experiment.s3b.Experiment:log:22]: CW3 CLIENT_PLAN id=113 anchor=2523 stamp=2531 receiveWall=1791545148689 consumeWall=1791545148740 local=2412 dueLocal=2420 dueWall=1791545149040 clientWorld=2523
[04:25:49] [Client thread/INFO] [STDOUT]: [com.layue13.clashweave.experiment.s3b.Experiment:log:22]: CW3 SEND id=113 intendedStamp=2531 stamp=2532 sendWall=1791545149088 dueWall=1791545149040 local=2419 clientWorld=2530 legacy=false
[04:25:49] [Netty Client IO #0/INFO] [STDOUT]: [com.layue13.clashweave.experiment.s3b.Experiment:log:22]: CW3 WIRE side=CLIENT kind=1 id=114 wall=1791545149644 thread=Netty Client IO #0 observed=0
[04:25:49] [Client thread/INFO] [STDOUT]: [com.layue13.clashweave.experiment.s3b.Experiment:log:22]: CW3 CLIENT_PLAN id=114 anchor=2543 stamp=2551 receiveWall=1791545149693 consumeWall=1791545149741 local=2432 dueLocal=2440 dueWall=1791545150044 clientWorld=2543
[04:25:50] [Client thread/INFO] [STDOUT]: [com.layue13.clashweave.experiment.s3b.Experiment:log:22]: CW3 SEND id=114 intendedStamp=2551 stamp=2552 sendWall=1791545150089 dueWall=1791545150044 local=2439 clientWorld=2550 legacy=false
[04:25:50] [Netty Client IO #0/INFO] [STDOUT]: [com.layue13.clashweave.experiment.s3b.Experiment:log:22]: CW3 WIRE side=CLIENT kind=1 id=115 wall=1791545150640 thread=Netty Client IO #0 observed=0
[04:25:50] [Client thread/INFO] [STDOUT]: [com.layue13.clashweave.experiment.s3b.Experiment:log:22]: CW3 CLIENT_PLAN id=115 anchor=2563 stamp=2571 receiveWall=1791545150688 consumeWall=1791545150739 local=2452 dueLocal=2460 dueWall=1791545151040 clientWorld=2563
[04:25:51] [Client thread/INFO] [STDOUT]: [com.layue13.clashweave.experiment.s3b.Experiment:log:22]: CW3 SEND id=115 intendedStamp=2571 stamp=2572 sendWall=1791545151089 dueWall=1791545151040 local=2459 clientWorld=2570 legacy=false
[04:25:51] [Netty Client IO #0/INFO] [STDOUT]: [com.layue13.clashweave.experiment.s3b.Experiment:log:22]: CW3 WIRE side=CLIENT kind=1 id=116 wall=1791545151642 thread=Netty Client IO #0 observed=0
[04:25:51] [Client thread/INFO] [STDOUT]: [com.layue13.clashweave.experiment.s3b.Experiment:log:22]: CW3 CLIENT_PLAN id=116 anchor=2583 stamp=2591 receiveWall=1791545151688 consumeWall=1791545151739 local=2472 dueLocal=2480 dueWall=1791545152042 clientWorld=2583
[04:25:52] [Client thread/INFO] [STDOUT]: [com.layue13.clashweave.experiment.s3b.Experiment:log:22]: CW3 SEND id=116 intendedStamp=2591 stamp=2592 sendWall=1791545152094 dueWall=1791545152042 local=2479 clientWorld=2590 legacy=false
[04:25:52] [Netty Client IO #0/INFO] [STDOUT]: [com.layue13.clashweave.experiment.s3b.Experiment:log:22]: CW3 WIRE side=CLIENT kind=1 id=117 wall=1791545152641 thread=Netty Client IO #0 observed=0
[04:25:52] [Client thread/INFO] [STDOUT]: [com.layue13.clashweave.experiment.s3b.Experiment:log:22]: CW3 CLIENT_PLAN id=117 anchor=2603 stamp=2611 receiveWall=1791545152689 consumeWall=1791545152739 local=2492 dueLocal=2500 dueWall=1791545153040 clientWorld=2603
[04:25:53] [Client thread/INFO] [STDOUT]: [com.layue13.clashweave.experiment.s3b.Experiment:log:22]: CW3 SEND id=117 intendedStamp=2611 stamp=2612 sendWall=1791545153092 dueWall=1791545153040 local=2499 clientWorld=2610 legacy=false
[04:25:53] [Netty Client IO #0/INFO] [STDOUT]: [com.layue13.clashweave.experiment.s3b.Experiment:log:22]: CW3 WIRE side=CLIENT kind=1 id=118 wall=1791545153639 thread=Netty Client IO #0 observed=0
[04:25:53] [Client thread/INFO] [STDOUT]: [com.layue13.clashweave.experiment.s3b.Experiment:log:22]: CW3 CLIENT_PLAN id=118 anchor=2623 stamp=2631 receiveWall=1791545153689 consumeWall=1791545153739 local=2512 dueLocal=2520 dueWall=1791545154038 clientWorld=2623
[04:25:54] [Client thread/INFO] [STDOUT]: [com.layue13.clashweave.experiment.s3b.Experiment:log:22]: CW3 SEND id=118 intendedStamp=2631 stamp=2631 sendWall=1791545154039 dueWall=1791545154038 local=2518 clientWorld=2629 legacy=false
[04:25:54] [Netty Client IO #0/INFO] [STDOUT]: [com.layue13.clashweave.experiment.s3b.Experiment:log:22]: CW3 WIRE side=CLIENT kind=1 id=119 wall=1791545154639 thread=Netty Client IO #0 observed=0
[04:25:54] [Client thread/INFO] [STDOUT]: [com.layue13.clashweave.experiment.s3b.Experiment:log:22]: CW3 CLIENT_PLAN id=119 anchor=2643 stamp=2651 receiveWall=1791545154689 consumeWall=1791545154739 local=2532 dueLocal=2540 dueWall=1791545155039 clientWorld=2643
[04:25:55] [Client thread/INFO] [STDOUT]: [com.layue13.clashweave.experiment.s3b.Experiment:log:22]: CW3 SEND id=119 intendedStamp=2651 stamp=2651 sendWall=1791545155039 dueWall=1791545155039 local=2538 clientWorld=2649 legacy=false
