# Log excerpt; complete raw log retained locally under build/p0/runs.
# Original lines: 5804
# Marker counts: {'Exception': 171, 'ERROR': 2, 'P0_NETWORK': 2, ' CW INPUT': 100, ' CW ACK': 73, 'P0_PREP': 40, ' CW FACING': 20, ' CW START': 20, ' CW AIM': 20, 'CW_EVENT': 22, ' CW ENGAGEMENT': 1, 'P0_MOVEMENT': 42, 'P0_PERF': 5, ' CW MOVE': 2}
[Loaded java.lang.Exception from C:\Program Files\Zulu\zulu-8\jre\lib\rt.jar]
[Loaded java.lang.RuntimeException from C:\Program Files\Zulu\zulu-8\jre\lib\rt.jar]
[Loaded java.lang.ReflectiveOperationException from C:\Program Files\Zulu\zulu-8\jre\lib\rt.jar]
[Loaded java.lang.ClassNotFoundException from C:\Program Files\Zulu\zulu-8\jre\lib\rt.jar]
[Loaded java.lang.ClassCastException from C:\Program Files\Zulu\zulu-8\jre\lib\rt.jar]
[Loaded java.lang.ArrayStoreException from C:\Program Files\Zulu\zulu-8\jre\lib\rt.jar]
[Loaded java.lang.IllegalMonitorStateException from C:\Program Files\Zulu\zulu-8\jre\lib\rt.jar]
[Loaded java.lang.Thread$UncaughtExceptionHandler from C:\Program Files\Zulu\zulu-8\jre\lib\rt.jar]
[Loaded java.lang.NullPointerException from C:\Program Files\Zulu\zulu-8\jre\lib\rt.jar]
[Loaded java.lang.ArithmeticException from C:\Program Files\Zulu\zulu-8\jre\lib\rt.jar]
[Loaded java.lang.InterruptedException from C:\Program Files\Zulu\zulu-8\jre\lib\rt.jar]
[Loaded java.security.PrivilegedExceptionAction from C:\Program Files\Zulu\zulu-8\jre\lib\rt.jar]
[17:18:05] [main/ERROR] [FML]: The binary patch set is missing. Either you are in a development environment, or things are not going to work!
[17:18:05] [main/ERROR] [FML]: FML appears to be missing any signature data. This is not a good thing
[17:18:23] [Server thread/INFO] [STDOUT]: [com.layue13.clashweave.validation.NetworkScenario:login:44]: P0_NETWORK login=P0A
[17:18:23] [Server thread/INFO] [STDOUT]: [com.layue13.clashweave.forge.CombatServer:trace:786]: CW INPUT player=P0A seq=1 kind=-2 target=-1 origin=0 stamp=202 receivedTick=231 consumedTick=232 arrival=37519522659000 gate=STALE
[17:18:23] [Server thread/INFO] [STDOUT]: [com.layue13.clashweave.forge.CombatServer:trace:786]: CW ACK player=P0A seq=1 result=REJECT:STALE
[17:18:23] [Server thread/INFO] [STDOUT]: [com.layue13.clashweave.forge.CombatServer:trace:786]: CW INPUT player=P0A seq=2 kind=-2 target=-1 origin=0 stamp=203 receivedTick=231 consumedTick=232 arrival=37519522730200 gate=STALE
[17:18:23] [Server thread/INFO] [STDOUT]: [com.layue13.clashweave.forge.CombatServer:trace:786]: CW ACK player=P0A seq=2 result=REJECT:STALE
[17:18:23] [Server thread/INFO] [STDOUT]: [com.layue13.clashweave.forge.CombatServer:trace:786]: CW INPUT player=P0A seq=3 kind=-2 target=-1 origin=0 stamp=204 receivedTick=231 consumedTick=232 arrival=37519522747700 gate=STALE
[17:18:23] [Server thread/INFO] [STDOUT]: [com.layue13.clashweave.forge.CombatServer:trace:786]: CW ACK player=P0A seq=3 result=REJECT:STALE
[17:18:23] [Server thread/INFO] [STDOUT]: [com.layue13.clashweave.forge.CombatServer:trace:786]: CW INPUT player=P0A seq=4 kind=-2 target=-1 origin=0 stamp=205 receivedTick=231 consumedTick=232 arrival=37519522760100 gate=STALE
[17:18:23] [Server thread/INFO] [STDOUT]: [com.layue13.clashweave.forge.CombatServer:trace:786]: CW ACK player=P0A seq=4 result=REJECT:STALE
[17:18:23] [Server thread/INFO] [STDOUT]: [com.layue13.clashweave.forge.CombatServer:trace:786]: CW INPUT player=P0A seq=5 kind=-2 target=-1 origin=0 stamp=206 receivedTick=231 consumedTick=232 arrival=37519522779200 gate=STALE
[17:18:23] [Server thread/INFO] [STDOUT]: [com.layue13.clashweave.forge.CombatServer:trace:786]: CW ACK player=P0A seq=5 result=REJECT:STALE
[17:18:23] [Server thread/INFO] [STDOUT]: [com.layue13.clashweave.forge.CombatServer:trace:786]: CW INPUT player=P0A seq=6 kind=-2 target=-1 origin=0 stamp=207 receivedTick=231 consumedTick=232 arrival=37519522792700 gate=STALE
[17:18:23] [Server thread/INFO] [STDOUT]: [com.layue13.clashweave.forge.CombatServer:trace:786]: CW ACK player=P0A seq=6 result=REJECT:STALE
[17:18:23] [Server thread/INFO] [STDOUT]: [com.layue13.clashweave.forge.CombatServer:trace:786]: CW INPUT player=P0A seq=7 kind=-2 target=-1 origin=0 stamp=208 receivedTick=231 consumedTick=232 arrival=37519522803900 gate=STALE
[17:18:23] [Server thread/INFO] [STDOUT]: [com.layue13.clashweave.forge.CombatServer:trace:786]: CW ACK player=P0A seq=7 result=REJECT:STALE
[17:18:23] [Server thread/INFO] [STDOUT]: [com.layue13.clashweave.forge.CombatServer:trace:786]: CW INPUT player=P0A seq=8 kind=-2 target=-1 origin=0 stamp=209 receivedTick=231 consumedTick=232 arrival=37519522814200 gate=STALE
[17:18:23] [Server thread/INFO] [STDOUT]: [com.layue13.clashweave.forge.CombatServer:trace:786]: CW ACK player=P0A seq=8 result=REJECT:STALE
[17:18:23] [Server thread/INFO] [STDOUT]: [com.layue13.clashweave.forge.CombatServer:trace:786]: CW INPUT player=P0A seq=9 kind=-2 target=-1 origin=0 stamp=210 receivedTick=231 consumedTick=232 arrival=37519522825100 gate=STALE
[17:18:23] [Server thread/INFO] [STDOUT]: [com.layue13.clashweave.forge.CombatServer:trace:786]: CW ACK player=P0A seq=9 result=REJECT:STALE
[17:18:23] [Server thread/INFO] [STDOUT]: [com.layue13.clashweave.forge.CombatServer:trace:786]: CW INPUT player=P0A seq=10 kind=-2 target=-1 origin=0 stamp=211 receivedTick=231 consumedTick=232 arrival=37519522835700 gate=STALE
[17:18:23] [Server thread/INFO] [STDOUT]: [com.layue13.clashweave.forge.CombatServer:trace:786]: CW ACK player=P0A seq=10 result=REJECT:STALE
[17:18:23] [Server thread/INFO] [STDOUT]: [com.layue13.clashweave.forge.CombatServer:trace:786]: CW INPUT player=P0A seq=11 kind=-2 target=-1 origin=0 stamp=212 receivedTick=231 consumedTick=232 arrival=37519522847500 gate=STALE
[17:18:23] [Server thread/INFO] [STDOUT]: [com.layue13.clashweave.forge.CombatServer:trace:786]: CW ACK player=P0A seq=11 result=REJECT:STALE
[17:18:23] [Server thread/INFO] [STDOUT]: [com.layue13.clashweave.forge.CombatServer:trace:786]: CW INPUT player=P0A seq=12 kind=-2 target=-1 origin=0 stamp=213 receivedTick=231 consumedTick=232 arrival=37519522857700 gate=STALE
[17:18:23] [Server thread/INFO] [STDOUT]: [com.layue13.clashweave.forge.CombatServer:trace:786]: CW ACK player=P0A seq=12 result=REJECT:STALE
[17:18:33] [Server thread/INFO] [STDOUT]: [com.layue13.clashweave.validation.NetworkScenario:login:44]: P0_NETWORK login=P0B
[17:18:33] [Server thread/INFO] [STDOUT]: [com.layue13.clashweave.validation.NetworkScenario:tick:98]: P0_PREP player=P0A afterInstance=0
[17:18:33] [Server thread/INFO] [STDOUT]: [com.layue13.clashweave.validation.NetworkScenario:tick:98]: P0_PREP player=P0B afterInstance=0
[17:18:34] [Server thread/INFO] [STDOUT]: [com.layue13.clashweave.forge.CombatServer:trace:786]: CW FACING player=P0A seq=56 requested=0.0 known=0.0 chosen=0.0 accepted=true reason=OK
[17:18:34] [Server thread/INFO] [STDOUT]: [com.layue13.clashweave.forge.CombatServer:trace:786]: CW START player=P0A id=1 action=iai tick=435
[17:18:34] [Server thread/INFO] [STDOUT]: [com.layue13.clashweave.forge.CombatServer:trace:786]: CW AIM player=P0A id=1 requested=0.0 requestedPitch=0.0 selectedPitch=0.0 beforePitchDelta=0.0 afterPitchDelta=0.0 baseline=0.0 selected=0.0 beforeDelta=0.0 afterDelta=0.0 accepted=true
[17:18:34] [Server thread/INFO] [STDOUT]: [com.layue13.clashweave.forge.SemanticDispatcher:publish:33]: CW_EVENT id=1 kind=DRAW actor=0 target=-1 instance=1 tick=435
[17:18:34] [Server thread/INFO] [STDOUT]: [com.layue13.clashweave.forge.SemanticDispatcher:publish:33]: CW_EVENT id=2 kind=SWING actor=0 target=-1 instance=1 tick=435
[17:18:34] [Server thread/INFO] [STDOUT]: [com.layue13.clashweave.forge.CombatServer:trace:786]: CW ENGAGEMENT player=P0A engaged=true revision=3 tick=435 sent=37529672269200
[17:18:34] [Server thread/INFO] [STDOUT]: [com.layue13.clashweave.validation.MovementScenario:tick:50]: P0_MOVEMENT start=1 instance=1 corrections=0 tick=435
[17:18:34] [Server thread/INFO] [STDOUT]: [com.layue13.clashweave.validation.NetworkScenario:tick:98]: P0_PREP player=P0A afterInstance=1
[17:18:34] [Server thread/INFO] [STDOUT]: [com.layue13.clashweave.validation.NetworkScenario:tick:98]: P0_PREP player=P0B afterInstance=1
[17:18:35] [Server thread/INFO] [STDOUT]: [com.layue13.clashweave.forge.CombatServer:trace:786]: CW FACING player=P0A seq=58 requested=0.0 known=0.0 chosen=0.0 accepted=true reason=OK
[17:18:35] [Server thread/INFO] [STDOUT]: [com.layue13.clashweave.forge.CombatServer:trace:786]: CW START player=P0A id=2 action=light_1 tick=461
[17:18:35] [Server thread/INFO] [STDOUT]: [com.layue13.clashweave.forge.CombatServer:trace:786]: CW AIM player=P0A id=2 requested=0.0 requestedPitch=0.0 selectedPitch=0.0 beforePitchDelta=0.0 afterPitchDelta=0.0 baseline=0.0 selected=0.0 beforeDelta=0.0 afterDelta=0.0 accepted=true
[17:18:35] [Server thread/INFO] [STDOUT]: [com.layue13.clashweave.forge.SemanticDispatcher:publish:33]: CW_EVENT id=3 kind=SWING actor=0 target=-1 instance=2 tick=461
[17:18:35] [Server thread/INFO] [STDOUT]: [com.layue13.clashweave.validation.MovementScenario:tick:33]: P0_MOVEMENT finish=1 maxRise=0.0 corrections=0
[17:18:35] [Server thread/INFO] [STDOUT]: [com.layue13.clashweave.validation.MovementScenario:tick:50]: P0_MOVEMENT start=2 instance=2 corrections=0 tick=461
[17:18:35] [Server thread/INFO] [STDOUT]: [com.layue13.clashweave.validation.NetworkScenario:tick:98]: P0_PREP player=P0A afterInstance=2
[17:18:35] [Server thread/INFO] [STDOUT]: [com.layue13.clashweave.validation.NetworkScenario:tick:98]: P0_PREP player=P0B afterInstance=2
[17:18:36] [Server thread/INFO] [STDOUT]: [com.layue13.clashweave.forge.CombatServer:trace:786]: CW FACING player=P0A seq=60 requested=0.0 known=0.0 chosen=0.0 accepted=true reason=OK
[17:18:36] [Server thread/INFO] [STDOUT]: [com.layue13.clashweave.forge.CombatServer:trace:786]: CW START player=P0A id=3 action=light_1 tick=486
[17:18:36] [Server thread/INFO] [STDOUT]: [com.layue13.clashweave.forge.CombatServer:trace:786]: CW AIM player=P0A id=3 requested=0.0 requestedPitch=0.0 selectedPitch=0.0 beforePitchDelta=0.0 afterPitchDelta=0.0 baseline=0.0 selected=0.0 beforeDelta=0.0 afterDelta=0.0 accepted=true
[17:18:36] [Server thread/INFO] [STDOUT]: [com.layue13.clashweave.forge.SemanticDispatcher:publish:33]: CW_EVENT id=4 kind=SWING actor=0 target=-1 instance=3 tick=486
[17:18:36] [Server thread/INFO] [STDOUT]: [com.layue13.clashweave.validation.MovementScenario:tick:33]: P0_MOVEMENT finish=2 maxRise=0.0 corrections=0
[17:18:36] [Server thread/INFO] [STDOUT]: [com.layue13.clashweave.validation.MovementScenario:tick:50]: P0_MOVEMENT start=3 instance=3 corrections=0 tick=486
[17:18:37] [Server thread/INFO] [STDOUT]: [com.layue13.clashweave.validation.NetworkScenario:tick:98]: P0_PREP player=P0A afterInstance=3
[17:18:37] [Server thread/INFO] [STDOUT]: [com.layue13.clashweave.validation.NetworkScenario:tick:98]: P0_PREP player=P0B afterInstance=3
[17:18:37] [Server thread/INFO] [STDOUT]: [com.layue13.clashweave.forge.CombatServer:trace:786]: CW FACING player=P0A seq=62 requested=0.0 known=0.0 chosen=0.0 accepted=true reason=OK
[17:18:37] [Server thread/INFO] [STDOUT]: [com.layue13.clashweave.forge.CombatServer:trace:786]: CW START player=P0A id=4 action=light_1 tick=511
[17:18:37] [Server thread/INFO] [STDOUT]: [com.layue13.clashweave.forge.CombatServer:trace:786]: CW AIM player=P0A id=4 requested=0.0 requestedPitch=0.0 selectedPitch=0.0 beforePitchDelta=0.0 afterPitchDelta=0.0 baseline=0.0 selected=0.0 beforeDelta=0.0 afterDelta=0.0 accepted=true
[17:18:37] [Server thread/INFO] [STDOUT]: [com.layue13.clashweave.forge.SemanticDispatcher:publish:33]: CW_EVENT id=5 kind=SWING actor=0 target=-1 instance=4 tick=511
[17:18:37] [Server thread/INFO] [STDOUT]: [com.layue13.clashweave.validation.MovementScenario:tick:33]: P0_MOVEMENT finish=3 maxRise=0.0 corrections=0
[17:18:37] [Server thread/INFO] [STDOUT]: [com.layue13.clashweave.validation.MovementScenario:tick:50]: P0_MOVEMENT start=4 instance=4 corrections=0 tick=511
[17:18:37] [Server thread/INFO] [STDOUT]: [com.layue13.clashweave.forge.SemanticDispatcher:publish:33]: CW_EVENT id=6 kind=HURT actor=0 target=-1 instance=0 tick=512
[17:18:38] [Server thread/INFO] [STDOUT]: [com.layue13.clashweave.validation.NetworkScenario:tick:105]: P0_PERF samples=100 meanNanos=252908 maxNanos=5550000
[17:18:38] [Server thread/INFO] [STDOUT]: [com.layue13.clashweave.validation.NetworkScenario:tick:98]: P0_PREP player=P0A afterInstance=4
[17:18:38] [Server thread/INFO] [STDOUT]: [com.layue13.clashweave.validation.NetworkScenario:tick:98]: P0_PREP player=P0B afterInstance=4
[17:18:39] [Server thread/INFO] [STDOUT]: [com.layue13.clashweave.forge.CombatServer:trace:786]: CW FACING player=P0A seq=64 requested=0.0 known=0.0 chosen=0.0 accepted=true reason=OK
[17:18:39] [Server thread/INFO] [STDOUT]: [com.layue13.clashweave.forge.CombatServer:trace:786]: CW START player=P0A id=5 action=light_1 tick=536
[17:18:39] [Server thread/INFO] [STDOUT]: [com.layue13.clashweave.forge.CombatServer:trace:786]: CW AIM player=P0A id=5 requested=0.0 requestedPitch=0.0 selectedPitch=0.0 beforePitchDelta=0.0 afterPitchDelta=0.0 baseline=0.0 selected=0.0 beforeDelta=0.0 afterDelta=0.0 accepted=true
[17:18:39] [Server thread/INFO] [STDOUT]: [com.layue13.clashweave.forge.SemanticDispatcher:publish:33]: CW_EVENT id=7 kind=SWING actor=0 target=-1 instance=5 tick=536
[17:18:39] [Server thread/INFO] [STDOUT]: [com.layue13.clashweave.validation.MovementScenario:tick:33]: P0_MOVEMENT finish=4 maxRise=0.9645524914033814 corrections=0
[17:18:39] [Server thread/INFO] [STDOUT]: [com.layue13.clashweave.validation.MovementScenario:tick:50]: P0_MOVEMENT start=5 instance=5 corrections=0 tick=536
[17:18:39] [Server thread/INFO] [STDOUT]: [com.layue13.clashweave.validation.NetworkScenario:tick:98]: P0_PREP player=P0A afterInstance=5
[17:18:39] [Server thread/INFO] [STDOUT]: [com.layue13.clashweave.validation.NetworkScenario:tick:98]: P0_PREP player=P0B afterInstance=5
[17:18:40] [Server thread/INFO] [STDOUT]: [com.layue13.clashweave.forge.CombatServer:trace:786]: CW FACING player=P0A seq=66 requested=0.0 known=0.0 chosen=0.0 accepted=true reason=OK
[17:18:40] [Server thread/INFO] [STDOUT]: [com.layue13.clashweave.forge.CombatServer:trace:786]: CW START player=P0A id=6 action=light_1 tick=561
[17:18:40] [Server thread/INFO] [STDOUT]: [com.layue13.clashweave.forge.CombatServer:trace:786]: CW AIM player=P0A id=6 requested=0.0 requestedPitch=0.0 selectedPitch=0.0 beforePitchDelta=0.0 afterPitchDelta=0.0 baseline=0.0 selected=0.0 beforeDelta=0.0 afterDelta=0.0 accepted=true
[17:18:40] [Server thread/INFO] [STDOUT]: [com.layue13.clashweave.forge.SemanticDispatcher:publish:33]: CW_EVENT id=8 kind=SWING actor=0 target=-1 instance=6 tick=561
[17:18:40] [Server thread/INFO] [STDOUT]: [com.layue13.clashweave.validation.MovementScenario:tick:33]: P0_MOVEMENT finish=5 maxRise=0.0 corrections=0
[17:18:40] [Server thread/INFO] [STDOUT]: [com.layue13.clashweave.validation.MovementScenario:tick:50]: P0_MOVEMENT start=6 instance=6 corrections=0 tick=561
[17:18:41] [Server thread/INFO] [STDOUT]: [com.layue13.clashweave.forge.CombatServer:trace:786]: CW FACING player=P0A seq=68 requested=0.0 known=0.0 chosen=0.0 accepted=true reason=OK
[17:18:41] [Server thread/INFO] [STDOUT]: [com.layue13.clashweave.forge.CombatServer:trace:786]: CW START player=P0A id=7 action=light_1 tick=586
[17:18:41] [Server thread/INFO] [STDOUT]: [com.layue13.clashweave.forge.CombatServer:trace:786]: CW AIM player=P0A id=7 requested=0.0 requestedPitch=0.0 selectedPitch=0.0 beforePitchDelta=0.0 afterPitchDelta=0.0 baseline=0.0 selected=0.0 beforeDelta=0.0 afterDelta=0.0 accepted=true
[17:18:41] [Server thread/INFO] [STDOUT]: [com.layue13.clashweave.forge.SemanticDispatcher:publish:33]: CW_EVENT id=9 kind=SWING actor=0 target=-1 instance=7 tick=586
[17:18:41] [Server thread/INFO] [STDOUT]: [com.layue13.clashweave.validation.MovementScenario:tick:33]: P0_MOVEMENT finish=6 maxRise=0.0 corrections=0
[17:18:41] [Server thread/INFO] [STDOUT]: [com.layue13.clashweave.forge.CombatServer:trace:786]: CW MOVE_CORRECT player=P0A tick=592 nano=37537519897100 corrections=1
[17:18:41] [Server thread/INFO] [STDOUT]: [com.layue13.clashweave.validation.MovementScenario:tick:61]: P0_MOVEMENT corrected=1 start=7 tick=592
[17:18:42] [Server thread/INFO] [STDOUT]: [com.layue13.clashweave.forge.CombatServer:trace:786]: CW FACING player=P0A seq=70 requested=0.0 known=0.0 chosen=0.0 accepted=true reason=OK
[17:18:42] [Server thread/INFO] [STDOUT]: [com.layue13.clashweave.forge.CombatServer:trace:786]: CW START player=P0A id=8 action=light_1 tick=611
[17:18:42] [Server thread/INFO] [STDOUT]: [com.layue13.clashweave.forge.CombatServer:trace:786]: CW AIM player=P0A id=8 requested=0.0 requestedPitch=0.0 selectedPitch=0.0 beforePitchDelta=0.0 afterPitchDelta=0.0 baseline=0.0 selected=0.0 beforeDelta=0.0 afterDelta=0.0 accepted=true
[17:18:42] [Server thread/INFO] [STDOUT]: [com.layue13.clashweave.forge.SemanticDispatcher:publish:33]: CW_EVENT id=10 kind=SWING actor=0 target=-1 instance=8 tick=611
[17:18:43] [Server thread/INFO] [STDOUT]: [com.layue13.clashweave.forge.CombatServer:trace:786]: CW MOVE_CORRECT player=P0A tick=617 nano=37538767267400 corrections=2
[17:18:43] [Server thread/INFO] [STDOUT]: [com.layue13.clashweave.validation.MovementScenario:tick:61]: P0_MOVEMENT corrected=2 start=8 tick=617
[17:18:43] [Server thread/INFO] [STDOUT]: [com.layue13.clashweave.validation.NetworkScenario:tick:105]: P0_PERF samples=200 meanNanos=198078 maxNanos=5550000
[17:18:44] [Server thread/INFO] [STDOUT]: [com.layue13.clashweave.forge.CombatServer:trace:786]: CW FACING player=P0A seq=72 requested=0.0 known=0.0 chosen=0.0 accepted=true reason=OK
[17:18:44] [Server thread/INFO] [STDOUT]: [com.layue13.clashweave.forge.CombatServer:trace:786]: CW START player=P0A id=9 action=light_1 tick=636
[17:18:44] [Server thread/INFO] [STDOUT]: [com.layue13.clashweave.forge.CombatServer:trace:786]: CW AIM player=P0A id=9 requested=0.0 requestedPitch=0.0 selectedPitch=0.0 beforePitchDelta=0.0 afterPitchDelta=0.0 baseline=0.0 selected=0.0 beforeDelta=0.0 afterDelta=0.0 accepted=true
[17:18:44] [Server thread/INFO] [STDOUT]: [com.layue13.clashweave.forge.SemanticDispatcher:publish:33]: CW_EVENT id=11 kind=SWING actor=0 target=-1 instance=9 tick=636
[17:18:45] [Server thread/INFO] [STDOUT]: [com.layue13.clashweave.forge.CombatServer:trace:786]: CW FACING player=P0A seq=74 requested=0.0 known=0.0 chosen=0.0 accepted=true reason=OK
[17:18:45] [Server thread/INFO] [STDOUT]: [com.layue13.clashweave.forge.CombatServer:trace:786]: CW START player=P0A id=10 action=light_1 tick=661
[17:18:45] [Server thread/INFO] [STDOUT]: [com.layue13.clashweave.forge.CombatServer:trace:786]: CW AIM player=P0A id=10 requested=0.0 requestedPitch=0.0 selectedPitch=0.0 beforePitchDelta=0.0 afterPitchDelta=0.0 baseline=0.0 selected=0.0 beforeDelta=0.0 afterDelta=0.0 accepted=true
[17:18:45] [Server thread/INFO] [STDOUT]: [com.layue13.clashweave.forge.SemanticDispatcher:publish:33]: CW_EVENT id=12 kind=SWING actor=0 target=-1 instance=10 tick=661
[17:18:46] [Server thread/INFO] [STDOUT]: [com.layue13.clashweave.forge.CombatServer:trace:786]: CW FACING player=P0A seq=76 requested=0.0 known=0.0 chosen=0.0 accepted=true reason=OK
[17:18:46] [Server thread/INFO] [STDOUT]: [com.layue13.clashweave.forge.CombatServer:trace:786]: CW START player=P0A id=11 action=light_1 tick=686
[17:18:46] [Server thread/INFO] [STDOUT]: [com.layue13.clashweave.forge.CombatServer:trace:786]: CW AIM player=P0A id=11 requested=0.0 requestedPitch=0.0 selectedPitch=0.0 beforePitchDelta=0.0 afterPitchDelta=0.0 baseline=0.0 selected=0.0 beforeDelta=0.0 afterDelta=0.0 accepted=true
[17:18:47] [Server thread/INFO] [STDOUT]: [com.layue13.clashweave.forge.CombatServer:trace:786]: CW FACING player=P0A seq=78 requested=0.0 known=0.0 chosen=0.0 accepted=true reason=OK
[17:18:47] [Server thread/INFO] [STDOUT]: [com.layue13.clashweave.forge.CombatServer:trace:786]: CW START player=P0A id=12 action=light_1 tick=711
[17:18:47] [Server thread/INFO] [STDOUT]: [com.layue13.clashweave.forge.CombatServer:trace:786]: CW AIM player=P0A id=12 requested=0.0 requestedPitch=0.0 selectedPitch=0.0 beforePitchDelta=0.0 afterPitchDelta=0.0 baseline=0.0 selected=0.0 beforeDelta=0.0 afterDelta=0.0 accepted=true
[17:18:48] [Server thread/INFO] [STDOUT]: [com.layue13.clashweave.validation.NetworkScenario:tick:105]: P0_PERF samples=300 meanNanos=177904 maxNanos=5550000
[17:18:53] [Server thread/INFO] [STDOUT]: [com.layue13.clashweave.validation.NetworkScenario:tick:105]: P0_PERF samples=400 meanNanos=166053 maxNanos=5550000
[17:18:58] [Server thread/INFO] [STDOUT]: [com.layue13.clashweave.validation.NetworkScenario:tick:105]: P0_PERF samples=500 meanNanos=157062 maxNanos=5550000
[17:18:58] [Server thread/INFO] [STDOUT]: [com.layue13.clashweave.validation.MovementScenario:tick:65]: P0_MOVEMENT COMPLETE starts=20 corrections=2
