# Log excerpt; complete raw log retained locally under build/p0/runs.
# Original lines: 6451
# Marker counts: {'Exception': 171, 'ERROR': 2, 'P0_NETWORK': 3, ' CW INPUT': 166, ' CW ACK': 142, 'P0_LOCK_PHASE': 72, ' CW ENGAGEMENT': 3, ' CW LOCK': 69, 'P0_LOCK_READY': 1, 'P0_PERF': 22, ' CW FACING': 64, ' CW START': 64, ' CW AIM': 64, 'CW_EVENT': 191, ' CW FREEZE': 63, ' CW COMMIT': 63, 'P0_LOCK_SUPPORT': 1}
[Loaded java.lang.Exception from C:\Program Files\Zulu\zulu-8\jre\lib\rt.jar]
[Loaded java.lang.RuntimeException from C:\Program Files\Zulu\zulu-8\jre\lib\rt.jar]
[Loaded java.lang.ReflectiveOperationException from C:\Program Files\Zulu\zulu-8\jre\lib\rt.jar]
[Loaded java.lang.ClassNotFoundException from C:\Program Files\Zulu\zulu-8\jre\lib\rt.jar]
[Loaded java.lang.ClassCastException from C:\Program Files\Zulu\zulu-8\jre\lib\rt.jar]
[Loaded java.lang.ArrayStoreException from C:\Program Files\Zulu\zulu-8\jre\lib\rt.jar]
[Loaded java.lang.IllegalMonitorStateException from C:\Program Files\Zulu\zulu-8\jre\lib\rt.jar]
[Loaded java.lang.Thread$UncaughtExceptionHandler from C:\Program Files\Zulu\zulu-8\jre\lib\rt.jar]
[Loaded java.lang.NullPointerException from C:\Program Files\Zulu\zulu-8\jre\lib\rt.jar]
[Loaded java.lang.ArithmeticException from C:\Program Files\Zulu\zulu-8\jre\lib\rt.jar]
[Loaded java.lang.InterruptedException from C:\Program Files\Zulu\zulu-8\jre\lib\rt.jar]
[Loaded java.security.PrivilegedExceptionAction from C:\Program Files\Zulu\zulu-8\jre\lib\rt.jar]
[07:41:48] [main/ERROR] [FML]: The binary patch set is missing. Either you are in a development environment, or things are not going to work!
[07:41:48] [main/ERROR] [FML]: FML appears to be missing any signature data. This is not a good thing
[07:42:08] [Server thread/INFO] [STDOUT]: [com.layue13.clashweave.validation.NetworkScenario:login:44]: P0_NETWORK login=P0A
[07:42:08] [Server thread/INFO] [STDOUT]: [com.layue13.clashweave.forge.CombatServer:trace:828]: CW INPUT player=P0A seq=1 kind=-2 target=-1 origin=0 stamp=219 effectiveStamp=219 receivedTick=234 consumedTick=235 arrival=89344225828100 gate=STALE
[07:42:08] [Server thread/INFO] [STDOUT]: [com.layue13.clashweave.forge.CombatServer:trace:828]: CW ACK player=P0A seq=1 result=REJECT:STALE
[07:42:08] [Server thread/INFO] [STDOUT]: [com.layue13.clashweave.forge.CombatServer:trace:828]: CW INPUT player=P0A seq=2 kind=-2 target=-1 origin=0 stamp=220 effectiveStamp=220 receivedTick=236 consumedTick=237 arrival=89344321672700 gate=STALE
[07:42:08] [Server thread/INFO] [STDOUT]: [com.layue13.clashweave.forge.CombatServer:trace:828]: CW ACK player=P0A seq=2 result=REJECT:STALE
[07:42:08] [Server thread/INFO] [STDOUT]: [com.layue13.clashweave.forge.CombatServer:trace:828]: CW INPUT player=P0A seq=3 kind=-2 target=-1 origin=0 stamp=221 effectiveStamp=221 receivedTick=236 consumedTick=237 arrival=89344321712600 gate=STALE
[07:42:08] [Server thread/INFO] [STDOUT]: [com.layue13.clashweave.forge.CombatServer:trace:828]: CW ACK player=P0A seq=3 result=REJECT:STALE
[07:42:08] [Server thread/INFO] [STDOUT]: [com.layue13.clashweave.forge.CombatServer:trace:828]: CW INPUT player=P0A seq=4 kind=-2 target=-1 origin=0 stamp=222 effectiveStamp=222 receivedTick=236 consumedTick=237 arrival=89344321727700 gate=STALE
[07:42:08] [Server thread/INFO] [STDOUT]: [com.layue13.clashweave.forge.CombatServer:trace:828]: CW ACK player=P0A seq=4 result=REJECT:STALE
[07:42:08] [Server thread/INFO] [STDOUT]: [com.layue13.clashweave.forge.CombatServer:trace:828]: CW INPUT player=P0A seq=5 kind=-2 target=-1 origin=0 stamp=223 effectiveStamp=223 receivedTick=236 consumedTick=237 arrival=89344321741300 gate=STALE
[07:42:08] [Server thread/INFO] [STDOUT]: [com.layue13.clashweave.forge.CombatServer:trace:828]: CW ACK player=P0A seq=5 result=REJECT:STALE
[07:42:08] [Server thread/INFO] [STDOUT]: [com.layue13.clashweave.forge.CombatServer:trace:828]: CW INPUT player=P0A seq=6 kind=-2 target=-1 origin=0 stamp=224 effectiveStamp=224 receivedTick=236 consumedTick=237 arrival=89344321752900 gate=STALE
[07:42:08] [Server thread/INFO] [STDOUT]: [com.layue13.clashweave.forge.CombatServer:trace:828]: CW ACK player=P0A seq=6 result=REJECT:STALE
[07:42:08] [Server thread/INFO] [STDOUT]: [com.layue13.clashweave.forge.CombatServer:trace:828]: CW INPUT player=P0A seq=7 kind=-2 target=-1 origin=0 stamp=225 effectiveStamp=225 receivedTick=236 consumedTick=237 arrival=89344321763300 gate=STALE
[07:42:08] [Server thread/INFO] [STDOUT]: [com.layue13.clashweave.forge.CombatServer:trace:828]: CW ACK player=P0A seq=7 result=REJECT:STALE
[07:42:08] [Server thread/INFO] [STDOUT]: [com.layue13.clashweave.forge.CombatServer:trace:828]: CW INPUT player=P0A seq=8 kind=-2 target=-1 origin=0 stamp=226 effectiveStamp=226 receivedTick=236 consumedTick=237 arrival=89344321774400 gate=STALE
[07:42:08] [Server thread/INFO] [STDOUT]: [com.layue13.clashweave.forge.CombatServer:trace:828]: CW ACK player=P0A seq=8 result=REJECT:STALE
[07:42:08] [Server thread/INFO] [STDOUT]: [com.layue13.clashweave.forge.CombatServer:trace:828]: CW INPUT player=P0A seq=9 kind=-2 target=-1 origin=0 stamp=227 effectiveStamp=227 receivedTick=236 consumedTick=237 arrival=89344321784600 gate=STALE
[07:42:08] [Server thread/INFO] [STDOUT]: [com.layue13.clashweave.forge.CombatServer:trace:828]: CW ACK player=P0A seq=9 result=REJECT:STALE
[07:42:08] [Server thread/INFO] [STDOUT]: [com.layue13.clashweave.forge.CombatServer:trace:828]: CW INPUT player=P0A seq=10 kind=-2 target=-1 origin=0 stamp=228 effectiveStamp=228 receivedTick=236 consumedTick=237 arrival=89344321794900 gate=OK
[07:42:08] [Server thread/INFO] [STDOUT]: [com.layue13.clashweave.forge.CombatServer:trace:828]: CW INPUT player=P0A seq=11 kind=-2 target=-1 origin=0 stamp=229 effectiveStamp=229 receivedTick=236 consumedTick=237 arrival=89344321829600 gate=OK
[07:42:08] [Server thread/INFO] [STDOUT]: [com.layue13.clashweave.forge.CombatServer:trace:828]: CW INPUT player=P0A seq=12 kind=-2 target=-1 origin=0 stamp=230 effectiveStamp=230 receivedTick=236 consumedTick=237 arrival=89344321843500 gate=OK
[07:42:19] [Server thread/INFO] [STDOUT]: [com.layue13.clashweave.validation.NetworkScenario:login:44]: P0_NETWORK login=P0B
[07:42:20] [Server thread/INFO] [STDOUT]: [com.layue13.clashweave.validation.LockSupportScenario:phase:32]: P0_LOCK_PHASE name=WAIT serial=0 angle=0.0 assist=true target=83030 tick=474
[07:42:20] [Server thread/INFO] [STDOUT]: [com.layue13.clashweave.forge.CombatServer:trace:828]: CW ENGAGEMENT player=P0A engaged=true revision=3 tick=476 sent=89356242972200
[07:42:21] [Server thread/INFO] [STDOUT]: [com.layue13.clashweave.forge.CombatServer:trace:828]: CW LOCK_TARGET player=P0A target=83030 hint=-1
[07:42:21] [Server thread/INFO] [STDOUT]: [com.layue13.clashweave.forge.CombatServer:trace:828]: CW ACK player=P0A seq=28 result=LOCK
[07:42:21] [Server thread/INFO] [STDOUT]: [com.layue13.clashweave.validation.LockSupportScenario:tick:47]: P0_LOCK_READY actualInputAccepted=true
[07:42:23] [Server thread/INFO] [STDOUT]: [com.layue13.clashweave.validation.LockSupportScenario:phase:32]: P0_LOCK_PHASE name=MARK_LOCK serial=0 angle=0.0 assist=true target=83030 tick=537
[07:42:24] [Server thread/INFO] [STDOUT]: [com.layue13.clashweave.validation.NetworkScenario:tick:105]: P0_PERF samples=100 meanNanos=190138 maxNanos=2028400
[07:42:25] [Server thread/INFO] [STDOUT]: [com.layue13.clashweave.validation.LockSupportScenario:phase:32]: P0_LOCK_PHASE name=MARK_UNLOCK serial=0 angle=0.0 assist=true target=83030 tick=577
[07:42:25] [Server thread/INFO] [STDOUT]: [com.layue13.clashweave.forge.CombatServer:trace:828]: CW LOCK_TARGET player=P0A target=-1 hint=-1
[07:42:25] [Server thread/INFO] [STDOUT]: [com.layue13.clashweave.forge.CombatServer:trace:828]: CW ACK player=P0A seq=29 result=UNLOCK
[07:42:27] [Server thread/INFO] [STDOUT]: [com.layue13.clashweave.validation.LockSupportScenario:phase:32]: P0_LOCK_PHASE name=MARK_DEAD serial=0 angle=0.0 assist=true target=83030 tick=617
[07:42:28] [Server thread/INFO] [STDOUT]: [com.layue13.clashweave.forge.CombatServer:trace:828]: CW ENGAGEMENT player=P0A engaged=false revision=4 tick=640 sent=89364442598500
[07:42:29] [Server thread/INFO] [STDOUT]: [com.layue13.clashweave.validation.NetworkScenario:tick:105]: P0_PERF samples=200 meanNanos=155548 maxNanos=2028400
[07:42:29] [Server thread/INFO] [STDOUT]: [com.layue13.clashweave.validation.LockSupportScenario:phase:32]: P0_LOCK_PHASE name=MARK_RELOCK serial=0 angle=0.0 assist=true target=149559 tick=657
[07:42:29] [Server thread/INFO] [STDOUT]: [com.layue13.clashweave.forge.CombatServer:trace:828]: CW LOCK_TARGET player=P0A target=149559 hint=-1
[07:42:29] [Server thread/INFO] [STDOUT]: [com.layue13.clashweave.forge.CombatServer:trace:828]: CW ACK player=P0A seq=30 result=LOCK
[07:42:29] [Server thread/INFO] [STDOUT]: [com.layue13.clashweave.forge.CombatServer:trace:828]: CW ENGAGEMENT player=P0A engaged=true revision=5 tick=661 sent=89365495178200
[07:42:31] [Server thread/INFO] [STDOUT]: [com.layue13.clashweave.validation.LockSupportScenario:phase:32]: P0_LOCK_PHASE name=MARK_RANGE serial=0 angle=0.0 assist=true target=149559 tick=697
[07:42:33] [Server thread/INFO] [STDOUT]: [com.layue13.clashweave.validation.LockSupportScenario:phase:32]: P0_LOCK_PHASE name=AIM_READY serial=0 angle=0.0 assist=true target=149559 tick=727
[07:42:33] [Server thread/INFO] [STDOUT]: [com.layue13.clashweave.forge.CombatServer:trace:828]: CW LOCK_TARGET player=P0A target=149559 hint=-1
[07:42:33] [Server thread/INFO] [STDOUT]: [com.layue13.clashweave.forge.CombatServer:trace:828]: CW FACING player=P0A seq=32 requested=0.0 known=0.0 chosen=0.0 accepted=true reason=OK
[07:42:33] [Server thread/INFO] [STDOUT]: [com.layue13.clashweave.forge.CombatServer:trace:828]: CW START player=P0A id=1 action=iai tick=738
[07:42:33] [Server thread/INFO] [STDOUT]: [com.layue13.clashweave.forge.CombatServer:trace:828]: CW LOCK_AIM player=P0A id=1 target=149559 enabled=true before=0.0 after=0.0 correction=0.0 targetYaw=0.0 pitchCorrection=0
[07:42:33] [Server thread/INFO] [STDOUT]: [com.layue13.clashweave.forge.CombatServer:trace:828]: CW AIM player=P0A id=1 requested=0.0 requestedPitch=0.0 selectedPitch=0.0 beforePitchDelta=0.0 afterPitchDelta=0.0 baseline=0.0 selected=0.0 beforeDelta=0.0 afterDelta=0.0 accepted=true
[07:42:33] [Server thread/INFO] [STDOUT]: [com.layue13.clashweave.forge.SemanticDispatcher:publish:33]: CW_EVENT id=1 kind=DRAW actor=0 target=-1 instance=1 tick=738
[07:42:33] [Server thread/INFO] [STDOUT]: [com.layue13.clashweave.forge.SemanticDispatcher:publish:33]: CW_EVENT id=2 kind=SWING actor=0 target=-1 instance=1 tick=738
[07:42:33] [Server thread/INFO] [STDOUT]: [com.layue13.clashweave.forge.CombatServer:trace:828]: CW FREEZE player=P0A targetPlayer=false target=149559 id=1 hitTick=743 frozen=89369594495600
[07:42:33] [Server thread/INFO] [STDOUT]: [com.layue13.clashweave.forge.SemanticDispatcher:publish:33]: CW_EVENT id=3 kind=HIT actor=0 target=149559 instance=1 tick=743
[07:42:33] [Server thread/INFO] [STDOUT]: [com.layue13.clashweave.forge.SemanticDispatcher:publish:33]: CW_EVENT id=4 kind=HURT actor=149559 target=0 instance=1 tick=743
[07:42:33] [Server thread/INFO] [STDOUT]: [com.layue13.clashweave.forge.CombatServer:trace:828]: CW COMMIT player=P0A targetPlayer=false target=149559 id=1 hitTick=743 commitTick=743 frozen=89369594495600 cutoff=89369594817600 guard=0 damage=5.0 hit=true hp=3990.4 facing=false
[07:42:34] [Server thread/INFO] [STDOUT]: [com.layue13.clashweave.validation.NetworkScenario:tick:105]: P0_PERF samples=300 meanNanos=169464 maxNanos=5839800
[07:42:34] [Server thread/INFO] [STDOUT]: [com.layue13.clashweave.validation.LockSupportScenario:phase:32]: P0_LOCK_PHASE name=AIM serial=0 angle=10.0 assist=false target=149559 tick=757
[07:42:35] [Server thread/INFO] [STDOUT]: [com.layue13.clashweave.forge.CombatServer:trace:828]: CW FACING player=P0A seq=34 requested=0.0 known=0.0 chosen=0.0 accepted=true reason=OK
[07:42:35] [Server thread/INFO] [STDOUT]: [com.layue13.clashweave.forge.CombatServer:trace:828]: CW START player=P0A id=2 action=light_1 tick=768
[07:42:35] [Server thread/INFO] [STDOUT]: [com.layue13.clashweave.forge.CombatServer:trace:828]: CW LOCK_AIM player=P0A id=2 target=149559 enabled=false before=0.0 after=0.0 correction=0.0 targetYaw=10.0 pitchCorrection=0
[07:42:35] [Server thread/INFO] [STDOUT]: [com.layue13.clashweave.forge.CombatServer:trace:828]: CW AIM player=P0A id=2 requested=0.0 requestedPitch=0.0 selectedPitch=0.0 beforePitchDelta=0.0 afterPitchDelta=0.0 baseline=0.0 selected=0.0 beforeDelta=0.0 afterDelta=0.0 accepted=true
[07:42:35] [Server thread/INFO] [STDOUT]: [com.layue13.clashweave.forge.SemanticDispatcher:publish:33]: CW_EVENT id=5 kind=SWING actor=0 target=-1 instance=2 tick=768
[07:42:35] [Server thread/INFO] [STDOUT]: [com.layue13.clashweave.forge.CombatServer:trace:828]: CW FREEZE player=P0A targetPlayer=false target=149559 id=2 hitTick=772 frozen=89371049736200
[07:42:35] [Server thread/INFO] [STDOUT]: [com.layue13.clashweave.forge.SemanticDispatcher:publish:33]: CW_EVENT id=6 kind=HIT actor=0 target=149559 instance=2 tick=772
[07:42:35] [Server thread/INFO] [STDOUT]: [com.layue13.clashweave.forge.SemanticDispatcher:publish:33]: CW_EVENT id=7 kind=HURT actor=149559 target=0 instance=2 tick=772
[07:42:35] [Server thread/INFO] [STDOUT]: [com.layue13.clashweave.forge.CombatServer:trace:828]: CW COMMIT player=P0A targetPlayer=false target=149559 id=2 hitTick=772 commitTick=772 frozen=89371049736200 cutoff=89371049999100 guard=0 damage=3.0 hit=true hp=3986.64 facing=false
[07:42:35] [Server thread/INFO] [STDOUT]: [com.layue13.clashweave.validation.LockSupportScenario:phase:32]: P0_LOCK_PHASE name=AIM serial=1 angle=10.0 assist=true target=149559 tick=781
[07:42:36] [Server thread/INFO] [STDOUT]: [com.layue13.clashweave.forge.CombatServer:trace:828]: CW FACING player=P0A seq=36 requested=0.0 known=0.0 chosen=0.0 accepted=true reason=OK
[07:42:36] [Server thread/INFO] [STDOUT]: [com.layue13.clashweave.forge.CombatServer:trace:828]: CW START player=P0A id=3 action=light_1 tick=792
[07:42:36] [Server thread/INFO] [STDOUT]: [com.layue13.clashweave.forge.CombatServer:trace:828]: CW LOCK_AIM player=P0A id=3 target=149559 enabled=true before=0.0 after=10.0 correction=10.0 targetYaw=9.999999999999998 pitchCorrection=0
[07:42:36] [Server thread/INFO] [STDOUT]: [com.layue13.clashweave.forge.CombatServer:trace:828]: CW AIM player=P0A id=3 requested=0.0 requestedPitch=0.0 selectedPitch=0.0 beforePitchDelta=0.0 afterPitchDelta=0.0 baseline=0.0 selected=10.0 beforeDelta=0.0 afterDelta=10.0 accepted=true
[07:42:36] [Server thread/INFO] [STDOUT]: [com.layue13.clashweave.forge.SemanticDispatcher:publish:33]: CW_EVENT id=8 kind=SWING actor=0 target=-1 instance=3 tick=792
[07:42:36] [Server thread/INFO] [STDOUT]: [com.layue13.clashweave.forge.CombatServer:trace:828]: CW FREEZE player=P0A targetPlayer=false target=149559 id=3 hitTick=796 frozen=89372252936500
[07:42:36] [Server thread/INFO] [STDOUT]: [com.layue13.clashweave.forge.SemanticDispatcher:publish:33]: CW_EVENT id=9 kind=HIT actor=0 target=149559 instance=3 tick=796
[07:42:36] [Server thread/INFO] [STDOUT]: [com.layue13.clashweave.forge.SemanticDispatcher:publish:33]: CW_EVENT id=10 kind=HURT actor=149559 target=0 instance=3 tick=796
[07:42:36] [Server thread/INFO] [STDOUT]: [com.layue13.clashweave.forge.CombatServer:trace:828]: CW COMMIT player=P0A targetPlayer=false target=149559 id=3 hitTick=796 commitTick=796 frozen=89372252936500 cutoff=89372253228100 guard=0 damage=3.0 hit=true hp=3981.88 facing=false
[07:42:37] [Server thread/INFO] [STDOUT]: [com.layue13.clashweave.validation.LockSupportScenario:phase:32]: P0_LOCK_PHASE name=AIM serial=2 angle=30.0 assist=false target=149559 tick=805
[07:42:37] [Server thread/INFO] [STDOUT]: [com.layue13.clashweave.forge.CombatServer:trace:828]: CW FACING player=P0A seq=38 requested=0.0 known=0.0 chosen=0.0 accepted=true reason=OK
[07:42:37] [Server thread/INFO] [STDOUT]: [com.layue13.clashweave.forge.CombatServer:trace:828]: CW START player=P0A id=4 action=light_1 tick=816
[07:42:37] [Server thread/INFO] [STDOUT]: [com.layue13.clashweave.forge.CombatServer:trace:828]: CW LOCK_AIM player=P0A id=4 target=149559 enabled=false before=0.0 after=0.0 correction=0.0 targetYaw=29.999999999999993 pitchCorrection=0
[07:42:37] [Server thread/INFO] [STDOUT]: [com.layue13.clashweave.forge.CombatServer:trace:828]: CW AIM player=P0A id=4 requested=0.0 requestedPitch=0.0 selectedPitch=0.0 beforePitchDelta=0.0 afterPitchDelta=0.0 baseline=0.0 selected=0.0 beforeDelta=0.0 afterDelta=0.0 accepted=true
[07:42:37] [Server thread/INFO] [STDOUT]: [com.layue13.clashweave.forge.SemanticDispatcher:publish:33]: CW_EVENT id=11 kind=SWING actor=0 target=-1 instance=4 tick=816
[07:42:37] [Server thread/INFO] [STDOUT]: [com.layue13.clashweave.forge.CombatServer:trace:828]: CW FREEZE player=P0A targetPlayer=false target=149559 id=4 hitTick=821 frozen=89373500199900
[07:42:37] [Server thread/INFO] [STDOUT]: [com.layue13.clashweave.forge.SemanticDispatcher:publish:33]: CW_EVENT id=12 kind=HIT actor=0 target=149559 instance=4 tick=821
[07:42:37] [Server thread/INFO] [STDOUT]: [com.layue13.clashweave.forge.CombatServer:trace:828]: CW COMMIT player=P0A targetPlayer=false target=149559 id=4 hitTick=821 commitTick=821 frozen=89373500199900 cutoff=89373500416200 guard=0 damage=3.0 hit=true hp=3977.1199 facing=false
[07:42:38] [Server thread/INFO] [STDOUT]: [com.layue13.clashweave.validation.LockSupportScenario:phase:32]: P0_LOCK_PHASE name=AIM serial=3 angle=30.0 assist=true target=149559 tick=829
[07:42:38] [Server thread/INFO] [STDOUT]: [com.layue13.clashweave.forge.CombatServer:trace:828]: CW FACING player=P0A seq=40 requested=0.0 known=0.0 chosen=0.0 accepted=true reason=OK
[07:42:38] [Server thread/INFO] [STDOUT]: [com.layue13.clashweave.forge.CombatServer:trace:828]: CW START player=P0A id=5 action=light_1 tick=840
[07:42:38] [Server thread/INFO] [STDOUT]: [com.layue13.clashweave.forge.CombatServer:trace:828]: CW LOCK_AIM player=P0A id=5 target=149559 enabled=true before=0.0 after=15.0 correction=15.0 targetYaw=29.999999999999993 pitchCorrection=0
[07:42:38] [Server thread/INFO] [STDOUT]: [com.layue13.clashweave.forge.CombatServer:trace:828]: CW AIM player=P0A id=5 requested=0.0 requestedPitch=0.0 selectedPitch=0.0 beforePitchDelta=0.0 afterPitchDelta=0.0 baseline=0.0 selected=15.0 beforeDelta=0.0 afterDelta=15.0 accepted=true
[07:42:39] [Server thread/INFO] [STDOUT]: [com.layue13.clashweave.forge.CombatServer:trace:828]: CW FREEZE player=P0A targetPlayer=false target=149559 id=5 hitTick=844 frozen=89374643212900
[07:42:39] [Server thread/INFO] [STDOUT]: [com.layue13.clashweave.forge.CombatServer:trace:828]: CW COMMIT player=P0A targetPlayer=false target=149559 id=5 hitTick=844 commitTick=844 frozen=89374643212900 cutoff=89374643504600 guard=0 damage=3.0 hit=true hp=3973.3599 facing=false
[07:42:39] [Server thread/INFO] [STDOUT]: [com.layue13.clashweave.validation.NetworkScenario:tick:105]: P0_PERF samples=400 meanNanos=273280 maxNanos=39285100
[07:42:39] [Server thread/INFO] [STDOUT]: [com.layue13.clashweave.validation.LockSupportScenario:phase:32]: P0_LOCK_PHASE name=AIM serial=4 angle=60.0 assist=false target=149559 tick=853
[07:42:40] [Server thread/INFO] [STDOUT]: [com.layue13.clashweave.forge.CombatServer:trace:828]: CW FACING player=P0A seq=42 requested=0.0 known=0.0 chosen=0.0 accepted=true reason=OK
[07:42:40] [Server thread/INFO] [STDOUT]: [com.layue13.clashweave.forge.CombatServer:trace:828]: CW START player=P0A id=6 action=light_1 tick=864
[07:42:40] [Server thread/INFO] [STDOUT]: [com.layue13.clashweave.forge.CombatServer:trace:828]: CW LOCK_AIM player=P0A id=6 target=149559 enabled=false before=0.0 after=0.0 correction=0.0 targetYaw=59.99999999999999 pitchCorrection=0
[07:42:40] [Server thread/INFO] [STDOUT]: [com.layue13.clashweave.forge.CombatServer:trace:828]: CW AIM player=P0A id=6 requested=0.0 requestedPitch=0.0 selectedPitch=0.0 beforePitchDelta=0.0 afterPitchDelta=0.0 baseline=0.0 selected=0.0 beforeDelta=0.0 afterDelta=0.0 accepted=true
[07:42:40] [Server thread/INFO] [STDOUT]: [com.layue13.clashweave.forge.CombatServer:trace:828]: CW FREEZE player=P0A targetPlayer=false target=149559 id=6 hitTick=869 frozen=89375888577300
[07:42:40] [Server thread/INFO] [STDOUT]: [com.layue13.clashweave.forge.CombatServer:trace:828]: CW COMMIT player=P0A targetPlayer=false target=149559 id=6 hitTick=869 commitTick=869 frozen=89375888577300 cutoff=89375889390900 guard=0 damage=3.0 hit=true hp=3968.5999 facing=false
[07:42:41] [Server thread/INFO] [STDOUT]: [com.layue13.clashweave.forge.CombatServer:trace:828]: CW FACING player=P0A seq=44 requested=0.0 known=0.0 chosen=0.0 accepted=true reason=OK
[07:42:41] [Server thread/INFO] [STDOUT]: [com.layue13.clashweave.forge.CombatServer:trace:828]: CW START player=P0A id=7 action=light_1 tick=888
[07:42:41] [Server thread/INFO] [STDOUT]: [com.layue13.clashweave.forge.CombatServer:trace:828]: CW LOCK_AIM player=P0A id=7 target=149559 enabled=true before=0.0 after=0.0 correction=0.0 targetYaw=59.99999999999999 pitchCorrection=0
[07:42:41] [Server thread/INFO] [STDOUT]: [com.layue13.clashweave.forge.CombatServer:trace:828]: CW AIM player=P0A id=7 requested=0.0 requestedPitch=0.0 selectedPitch=0.0 beforePitchDelta=0.0 afterPitchDelta=0.0 baseline=0.0 selected=0.0 beforeDelta=0.0 afterDelta=0.0 accepted=true
[07:42:41] [Server thread/INFO] [STDOUT]: [com.layue13.clashweave.forge.CombatServer:trace:828]: CW FREEZE player=P0A targetPlayer=false target=149559 id=7 hitTick=893 frozen=89377092605700
[07:42:41] [Server thread/INFO] [STDOUT]: [com.layue13.clashweave.forge.CombatServer:trace:828]: CW COMMIT player=P0A targetPlayer=false target=149559 id=7 hitTick=893 commitTick=893 frozen=89377092605700 cutoff=89377092901300 guard=0 damage=3.0 hit=true hp=3964.8398 facing=false
[07:42:42] [Server thread/INFO] [STDOUT]: [com.layue13.clashweave.forge.CombatServer:trace:828]: CW FACING player=P0A seq=46 requested=0.0 known=0.0 chosen=0.0 accepted=true reason=OK
[07:42:42] [Server thread/INFO] [STDOUT]: [com.layue13.clashweave.forge.CombatServer:trace:828]: CW START player=P0A id=8 action=light_1 tick=913
[07:42:42] [Server thread/INFO] [STDOUT]: [com.layue13.clashweave.forge.CombatServer:trace:828]: CW LOCK_AIM player=P0A id=8 target=149559 enabled=false before=0.0 after=0.0 correction=0.0 targetYaw=9.999999999999998 pitchCorrection=0
[07:42:42] [Server thread/INFO] [STDOUT]: [com.layue13.clashweave.forge.CombatServer:trace:828]: CW AIM player=P0A id=8 requested=0.0 requestedPitch=0.0 selectedPitch=0.0 beforePitchDelta=0.0 afterPitchDelta=0.0 baseline=0.0 selected=0.0 beforeDelta=0.0 afterDelta=0.0 accepted=true
[07:42:42] [Server thread/INFO] [STDOUT]: [com.layue13.clashweave.forge.CombatServer:trace:828]: CW FREEZE player=P0A targetPlayer=false target=149559 id=8 hitTick=917 frozen=89378305271400
[07:42:42] [Server thread/INFO] [STDOUT]: [com.layue13.clashweave.forge.CombatServer:trace:828]: CW COMMIT player=P0A targetPlayer=false target=149559 id=8 hitTick=917 commitTick=917 frozen=89378305271400 cutoff=89378305550600 guard=0 damage=3.0 hit=true hp=3960.0798 facing=false
[07:42:43] [Server thread/INFO] [STDOUT]: [com.layue13.clashweave.forge.CombatServer:trace:828]: CW FACING player=P0A seq=48 requested=0.0 known=0.0 chosen=0.0 accepted=true reason=OK
[07:42:43] [Server thread/INFO] [STDOUT]: [com.layue13.clashweave.forge.CombatServer:trace:828]: CW START player=P0A id=9 action=light_1 tick=936
[07:42:43] [Server thread/INFO] [STDOUT]: [com.layue13.clashweave.forge.CombatServer:trace:828]: CW AIM player=P0A id=9 requested=0.0 requestedPitch=0.0 selectedPitch=0.0 beforePitchDelta=0.0 afterPitchDelta=0.0 baseline=0.0 selected=10.0 beforeDelta=0.0 afterDelta=10.0 accepted=true
[07:42:43] [Server thread/INFO] [STDOUT]: [com.layue13.clashweave.forge.CombatServer:trace:828]: CW FREEZE player=P0A targetPlayer=false target=149559 id=9 hitTick=940 frozen=89379439734100
[07:42:43] [Server thread/INFO] [STDOUT]: [com.layue13.clashweave.forge.CombatServer:trace:828]: CW COMMIT player=P0A targetPlayer=false target=149559 id=9 hitTick=940 commitTick=940 frozen=89379439734100 cutoff=89379439997000 guard=0 damage=3.0 hit=true hp=3956.2397 facing=false
[07:42:44] [Server thread/INFO] [STDOUT]: [com.layue13.clashweave.validation.NetworkScenario:tick:105]: P0_PERF samples=500 meanNanos=262895 maxNanos=39285100
[07:42:44] [Server thread/INFO] [STDOUT]: [com.layue13.clashweave.forge.CombatServer:trace:828]: CW FACING player=P0A seq=50 requested=0.0 known=0.0 chosen=0.0 accepted=true reason=OK
[07:42:44] [Server thread/INFO] [STDOUT]: [com.layue13.clashweave.forge.CombatServer:trace:828]: CW START player=P0A id=10 action=light_1 tick=960
[07:42:44] [Server thread/INFO] [STDOUT]: [com.layue13.clashweave.forge.CombatServer:trace:828]: CW AIM player=P0A id=10 requested=0.0 requestedPitch=0.0 selectedPitch=0.0 beforePitchDelta=0.0 afterPitchDelta=0.0 baseline=0.0 selected=0.0 beforeDelta=0.0 afterDelta=0.0 accepted=true
[07:42:45] [Server thread/INFO] [STDOUT]: [com.layue13.clashweave.forge.CombatServer:trace:828]: CW FREEZE player=P0A targetPlayer=false target=149559 id=10 hitTick=965 frozen=89380699375000
[07:42:45] [Server thread/INFO] [STDOUT]: [com.layue13.clashweave.forge.CombatServer:trace:828]: CW COMMIT player=P0A targetPlayer=false target=149559 id=10 hitTick=965 commitTick=965 frozen=89380699375000 cutoff=89380699655600 guard=0 damage=3.0 hit=true hp=3952.3997 facing=false
[07:42:46] [Server thread/INFO] [STDOUT]: [com.layue13.clashweave.forge.CombatServer:trace:828]: CW FACING player=P0A seq=52 requested=0.0 known=0.0 chosen=0.0 accepted=true reason=OK
[07:42:46] [Server thread/INFO] [STDOUT]: [com.layue13.clashweave.forge.CombatServer:trace:828]: CW START player=P0A id=11 action=light_1 tick=984
[07:42:46] [Server thread/INFO] [STDOUT]: [com.layue13.clashweave.forge.CombatServer:trace:828]: CW AIM player=P0A id=11 requested=0.0 requestedPitch=0.0 selectedPitch=0.0 beforePitchDelta=0.0 afterPitchDelta=0.0 baseline=0.0 selected=15.0 beforeDelta=0.0 afterDelta=15.0 accepted=true
[07:42:46] [Server thread/INFO] [STDOUT]: [com.layue13.clashweave.forge.CombatServer:trace:828]: CW FREEZE player=P0A targetPlayer=false target=149559 id=11 hitTick=988 frozen=89381837485000
[07:42:46] [Server thread/INFO] [STDOUT]: [com.layue13.clashweave.forge.CombatServer:trace:828]: CW COMMIT player=P0A targetPlayer=false target=149559 id=11 hitTick=988 commitTick=988 frozen=89381837485000 cutoff=89381837765400 guard=0 damage=3.0 hit=true hp=3947.6396 facing=false
[07:42:47] [Server thread/INFO] [STDOUT]: [com.layue13.clashweave.forge.CombatServer:trace:828]: CW FACING player=P0A seq=54 requested=0.0 known=0.0 chosen=0.0 accepted=true reason=OK
[07:42:47] [Server thread/INFO] [STDOUT]: [com.layue13.clashweave.forge.CombatServer:trace:828]: CW START player=P0A id=12 action=light_1 tick=1008
[07:42:47] [Server thread/INFO] [STDOUT]: [com.layue13.clashweave.forge.CombatServer:trace:828]: CW AIM player=P0A id=12 requested=0.0 requestedPitch=0.0 selectedPitch=0.0 beforePitchDelta=0.0 afterPitchDelta=0.0 baseline=0.0 selected=0.0 beforeDelta=0.0 afterDelta=0.0 accepted=true
[07:42:47] [Server thread/INFO] [STDOUT]: [com.layue13.clashweave.forge.CombatServer:trace:828]: CW FREEZE player=P0A targetPlayer=false target=149559 id=12 hitTick=1013 frozen=89383094020200
[07:42:47] [Server thread/INFO] [STDOUT]: [com.layue13.clashweave.forge.CombatServer:trace:828]: CW COMMIT player=P0A targetPlayer=false target=149559 id=12 hitTick=1013 commitTick=1013 frozen=89383094020200 cutoff=89383094277400 guard=0 damage=3.0 hit=true hp=3943.7996 facing=false
[07:42:49] [Server thread/INFO] [STDOUT]: [com.layue13.clashweave.validation.NetworkScenario:tick:105]: P0_PERF samples=600 meanNanos=252602 maxNanos=39285100
[07:42:54] [Server thread/INFO] [STDOUT]: [com.layue13.clashweave.validation.NetworkScenario:tick:105]: P0_PERF samples=700 meanNanos=263780 maxNanos=39285100
[07:42:59] [Server thread/INFO] [STDOUT]: [com.layue13.clashweave.validation.NetworkScenario:tick:105]: P0_PERF samples=800 meanNanos=324333 maxNanos=39285100
[07:43:04] [Server thread/INFO] [STDOUT]: [com.layue13.clashweave.validation.NetworkScenario:tick:105]: P0_PERF samples=900 meanNanos=465790 maxNanos=139839800
[07:43:09] [Server thread/INFO] [STDOUT]: [com.layue13.clashweave.validation.NetworkScenario:tick:105]: P0_PERF samples=1000 meanNanos=445526 maxNanos=139839800
[07:43:14] [Server thread/INFO] [STDOUT]: [com.layue13.clashweave.validation.NetworkScenario:tick:105]: P0_PERF samples=1100 meanNanos=426906 maxNanos=139839800
[07:43:19] [Server thread/INFO] [STDOUT]: [com.layue13.clashweave.validation.NetworkScenario:tick:105]: P0_PERF samples=1200 meanNanos=409446 maxNanos=139839800
[07:44:13] [Server thread/INFO] [STDOUT]: [com.layue13.clashweave.validation.LockSupportScenario:tick:72]: P0_LOCK_SUPPORT COMPLETE
[07:44:13] [Server thread/INFO] [STDOUT]: [com.layue13.clashweave.validation.LockSupportScenario:tick:72]: P0_NETWORK COMPLETE
