# Log excerpt; complete raw log retained locally under build/p0/runs.
# Original lines: 600
# Marker counts: {'ERROR': 3, 'CW_RENDER': 1, 'Exception': 2, 'P0_AUDIO': 37, 'CW_VIEW': 45, 'CW_ENGAGEMENT': 1, 'P0_APPEARANCE': 2, 'P0_REPLAY': 29, 'P0_CAPTURE': 8, 'P0_LOCAL_AUDIO': 24, 'CW_LOCAL_SWING': 24, 'P0_REQUEST': 65, 'CW_ALIGN': 35, 'CW_PRESENT': 131, 'CW_FEEDBACK': 37, 'CW_FRAME': 37, 'P0_LATE_WIRE': 1, 'P0_PENDING': 1}
[07:59:11] [main/ERROR] [FML]: The binary patch set is missing. Either you are in a development environment, or things are not going to work!
[07:59:11] [main/ERROR] [FML]: FML appears to be missing any signature data. This is not a good thing
This is just a prompt for computer specs to be printed. THIS IS NOT A ERROR
[07:59:15] [Client thread/INFO] [STDOUT]: [com.layue13.clashweave.client.KatanaRendering:load:35]: CW_RENDER models loaded units=block blade=+Y sheath=downwardBipedY angle=45.0
[07:59:15] [Forge Version Check/INFO] [STDERR]: [java.lang.Throwable$WrappedPrintStream:println:749]: com.google.gson.JsonSyntaxException: java.lang.IllegalStateException: Expected BEGIN_OBJECT but was STRING at line 1 column 1
[07:59:15] [Forge Version Check/INFO] [STDERR]: [java.lang.Throwable$WrappedPrintStream:println:749]: Caused by: java.lang.IllegalStateException: Expected BEGIN_OBJECT but was STRING at line 1 column 1
[07:59:15] [Client thread/INFO] [STDOUT]: [com.layue13.clashweave.validation.ClientReplay:<init>:69]: P0_AUDIO initial loader settled
[07:59:21] [Client thread/INFO] [STDOUT]: [com.layue13.clashweave.client.ViewPreservingCorrections$Preserved:processPacket:140]: CW_VIEW packet=1 marker=0 protected=false yawDelta=180.0 pitchDelta=0.0 requestedYawDelta=180.0 requestedPitchDelta=0.0 nano=90377105027000
[07:59:21] [Client thread/INFO] [STDOUT]: [com.layue13.clashweave.client.ViewPreservingCorrections$Preserved:processPacket:140]: CW_VIEW packet=1 marker=0 protected=false yawDelta=0.0 pitchDelta=0.0 requestedYawDelta=0.0 requestedPitchDelta=0.0 nano=90377562604300
[07:59:21] [Client thread/INFO] [STDOUT]: [com.layue13.clashweave.client.ViewPreservingCorrections$Preserved:processPacket:140]: CW_VIEW packet=1 marker=0 protected=false yawDelta=0.0 pitchDelta=0.0 requestedYawDelta=0.0 requestedPitchDelta=0.0 nano=90377562904700
[07:59:21] [Client thread/INFO] [STDOUT]: [com.layue13.clashweave.client.ViewPreservingCorrections$Preserved:processPacket:140]: CW_VIEW packet=1 marker=0 protected=false yawDelta=0.0 pitchDelta=0.0 requestedYawDelta=0.0 requestedPitchDelta=0.0 nano=90377563108700
[07:59:21] [Client thread/INFO] [STDOUT]: [com.layue13.clashweave.client.ViewPreservingCorrections$Preserved:processPacket:140]: CW_VIEW packet=1 marker=0 protected=false yawDelta=0.0 pitchDelta=0.0 requestedYawDelta=0.0 requestedPitchDelta=0.0 nano=90377563318600
[07:59:21] [Client thread/INFO] [STDOUT]: [com.layue13.clashweave.client.ViewPreservingCorrections$Preserved:processPacket:140]: CW_VIEW packet=1 marker=0 protected=false yawDelta=0.0 pitchDelta=0.0 requestedYawDelta=0.0 requestedPitchDelta=0.0 nano=90377563499500
[07:59:21] [Client thread/INFO] [STDOUT]: [com.layue13.clashweave.client.ViewPreservingCorrections$Preserved:processPacket:140]: CW_VIEW packet=1 marker=0 protected=false yawDelta=0.0 pitchDelta=0.0 requestedYawDelta=0.0 requestedPitchDelta=0.0 nano=90377563670200
[07:59:21] [Client thread/INFO] [STDOUT]: [com.layue13.clashweave.client.ViewPreservingCorrections$Preserved:processPacket:140]: CW_VIEW packet=1 marker=0 protected=false yawDelta=0.0 pitchDelta=0.0 requestedYawDelta=0.0 requestedPitchDelta=0.0 nano=90377563885100
[07:59:21] [Client thread/INFO] [STDOUT]: [com.layue13.clashweave.client.ViewPreservingCorrections$Preserved:processPacket:140]: CW_VIEW packet=1 marker=0 protected=false yawDelta=0.0 pitchDelta=0.0 requestedYawDelta=0.0 requestedPitchDelta=0.0 nano=90377564059200
[07:59:21] [Client thread/INFO] [STDOUT]: [com.layue13.clashweave.client.ViewPreservingCorrections$Preserved:processPacket:140]: CW_VIEW packet=1 marker=0 protected=false yawDelta=0.0 pitchDelta=0.0 requestedYawDelta=0.0 requestedPitchDelta=0.0 nano=90377564240300
[07:59:21] [Client thread/INFO] [STDOUT]: [com.layue13.clashweave.client.ViewPreservingCorrections$Preserved:processPacket:140]: CW_VIEW packet=1 marker=0 protected=false yawDelta=0.0 pitchDelta=0.0 requestedYawDelta=0.0 requestedPitchDelta=0.0 nano=90377564408200
[07:59:21] [Client thread/INFO] [STDOUT]: [com.layue13.clashweave.client.ViewPreservingCorrections$Preserved:processPacket:140]: CW_VIEW packet=1 marker=0 protected=false yawDelta=0.0 pitchDelta=0.0 requestedYawDelta=0.0 requestedPitchDelta=0.0 nano=90377564595100
[07:59:22] [Client thread/INFO] [STDOUT]: [com.layue13.clashweave.client.ClientProxy:apply:251]: CW_ENGAGEMENT player=P0A engaged=true revision=2 tick=215 receive=90377825437600
[07:59:22] [Client thread/INFO] [STDOUT]: [com.layue13.clashweave.validation.ClientReplay:tick:97]: P0_APPEARANCE entity=0 skin=clashweave:katana effects=clashweave:default animations=clashweave:katana style=katana
[07:59:24] [Client thread/INFO] [STDOUT]: [com.layue13.clashweave.validation.ClientReplay:tick:257]: P0_REPLAY tick=40 action= progress=2.479999999991378E-4 feedback=
[07:59:24] [Client thread/INFO] [STDOUT]: [com.layue13.clashweave.validation.ClientReplay:frame:405]: P0_CAPTURE sheathed-0 instance=0 progress=1.713258311717766 nano=90380017852800
[07:59:24] [Client thread/INFO] [STDOUT]: [com.layue13.clashweave.validation.ClientReplay:frame:405]: P0_CAPTURE sheathed-2 instance=0 progress=1.5825100000000134 nano=90380102848600
[07:59:26] [Client thread/INFO] [STDOUT]: [com.layue13.clashweave.validation.ClientReplay:audio:418]: P0_LOCAL_AUDIO nano=90381953352300
[07:59:26] [Client thread/INFO] [STDOUT]: [com.layue13.clashweave.client.ClientProxy:send:166]: CW_LOCAL_SWING seq=2 press=90381953142400 feedback=90381955597700
[07:59:26] [Client thread/INFO] [STDOUT]: [com.layue13.clashweave.validation.ClientReplay:request:320]: P0_REQUEST intent=LIGHT yaw=0.0 pitch=0.0 nano=90381955881100
[07:59:26] [Client thread/INFO] [STDOUT]: [com.layue13.clashweave.validation.ClientReplay:tick:257]: P0_REPLAY tick=80 action= progress=3.3600000000433283E-4 feedback=
[07:59:26] [Client thread/INFO] [STDOUT]: [com.layue13.clashweave.client.ClientProxy:apply:265]: CW_ALIGN player=P0A seq=2 predicted=0 authoritative=0 sameAction=true
[07:59:26] [Client thread/INFO] [STDOUT]: [com.layue13.clashweave.client.ClientProxy:tick:194]: CW_PRESENT id=1 kind=DRAW actor=0 owner=0
[07:59:26] [Client thread/INFO] [STDOUT]: [com.layue13.clashweave.client.ClientProxy:tick:194]: CW_PRESENT id=2 kind=SWING actor=0 owner=0
[07:59:26] [Client thread/INFO] [STDOUT]: [com.layue13.clashweave.validation.ClientReplay:frame:405]: P0_CAPTURE draw-0 instance=1 progress=2.5241459999999734 nano=90382130144600
[07:59:26] [Client thread/INFO] [STDOUT]: [com.layue13.clashweave.validation.ClientReplay:frame:405]: P0_CAPTURE draw-2 instance=1 progress=4.708278000000007 nano=90382216702300
[07:59:26] [Client thread/INFO] [STDOUT]: [com.layue13.clashweave.client.ClientProxy:apply:310]: CW_FEEDBACK player=P0A result=HIT frozen=90382262902800 receive=90382316517200 corrections=0
[07:59:26] [Client thread/INFO] [STDOUT]: [com.layue13.clashweave.validation.ClientReplay:audio:419]: P0_AUDIO source=random.successful_hit frozen=90382262902800 nano=90382316849900
[07:59:26] [Client thread/INFO] [STDOUT]: [com.layue13.clashweave.client.ClientProxy:tick:194]: CW_PRESENT id=3 kind=HIT actor=0 owner=0
[07:59:26] [Client thread/INFO] [STDOUT]: [com.layue13.clashweave.client.ClientProxy:tick:194]: CW_PRESENT id=4 kind=HURT actor=1 owner=0
[07:59:26] [Client thread/INFO] [STDOUT]: [com.layue13.clashweave.validation.ClientReplay:request:320]: P0_REQUEST intent=LIGHT yaw=0.0 pitch=0.0 nano=90382319800800
[07:59:26] [Client thread/INFO] [STDOUT]: [com.layue13.clashweave.client.ClientProxy:hud:381]: CW_FRAME frozen=90382262902800 frame=90382329998900
[07:59:26] [Client thread/INFO] [STDOUT]: [com.layue13.clashweave.client.ClientProxy:tick:194]: CW_PRESENT id=5 kind=SWING actor=0 owner=0
[07:59:27] [Client thread/INFO] [STDOUT]: [com.layue13.clashweave.client.ClientProxy:apply:310]: CW_FEEDBACK player=P0A result=HIT frozen=90382620985800 receive=90382666628000 corrections=0
[07:59:27] [Client thread/INFO] [STDOUT]: [com.layue13.clashweave.validation.ClientReplay:audio:419]: P0_AUDIO source=random.successful_hit frozen=90382620985800 nano=90382666969400
[07:59:27] [Client thread/INFO] [STDOUT]: [com.layue13.clashweave.client.ClientProxy:tick:194]: CW_PRESENT id=6 kind=HIT actor=0 owner=0
[07:59:27] [Client thread/INFO] [STDOUT]: [com.layue13.clashweave.client.ClientProxy:tick:194]: CW_PRESENT id=7 kind=HURT actor=1 owner=0
[07:59:27] [Client thread/INFO] [STDOUT]: [com.layue13.clashweave.validation.ClientReplay:request:320]: P0_REQUEST intent=LIGHT yaw=0.0 pitch=0.0 nano=90382667612100
[07:59:27] [Client thread/INFO] [STDOUT]: [com.layue13.clashweave.client.ClientProxy:hud:381]: CW_FRAME frozen=90382620985800 frame=90382668274700
[07:59:27] [Client thread/INFO] [STDOUT]: [com.layue13.clashweave.client.ClientProxy:tick:194]: CW_PRESENT id=8 kind=SWING actor=0 owner=0
[07:59:27] [Client thread/INFO] [STDOUT]: [com.layue13.clashweave.validation.ClientReplay:request:320]: P0_REQUEST intent=LIGHT yaw=0.0 pitch=0.0 nano=90382916731900
[07:59:27] [Client thread/INFO] [STDOUT]: [com.layue13.clashweave.validation.ClientReplay:tick:192]: P0_LATE_WIRE seq=9 origin=1
[07:59:28] [Client thread/INFO] [STDOUT]: [com.layue13.clashweave.validation.ClientReplay:tick:257]: P0_REPLAY tick=120 action= progress=2.2400000000288856E-4 feedback=ORIGIN_CHANGED
[07:59:28] [Client thread/INFO] [STDOUT]: [com.layue13.clashweave.validation.ClientReplay:audio:418]: P0_LOCAL_AUDIO nano=90384250568700
[07:59:28] [Client thread/INFO] [STDOUT]: [com.layue13.clashweave.client.ClientProxy:send:166]: CW_LOCAL_SWING seq=10 press=90384250422500 feedback=90384251554300
[07:59:28] [Client thread/INFO] [STDOUT]: [com.layue13.clashweave.validation.ClientReplay:request:320]: P0_REQUEST intent=LIGHT yaw=0.0 pitch=0.0 nano=90384251734700
[07:59:28] [Client thread/INFO] [STDOUT]: [com.layue13.clashweave.client.ClientProxy:apply:265]: CW_ALIGN player=P0A seq=10 predicted=0 authoritative=0 sameAction=true
[07:59:28] [Client thread/INFO] [STDOUT]: [com.layue13.clashweave.client.ClientProxy:tick:194]: CW_PRESENT id=9 kind=SWING actor=0 owner=0
[07:59:28] [Client thread/INFO] [STDOUT]: [com.layue13.clashweave.validation.ClientReplay:request:320]: P0_REQUEST intent=HEAVY yaw=0.0 pitch=0.0 nano=90384550528200
[07:59:29] [Client thread/INFO] [STDOUT]: [com.layue13.clashweave.validation.ClientReplay:audio:418]: P0_LOCAL_AUDIO nano=90385517120400
[07:59:29] [Client thread/INFO] [STDOUT]: [com.layue13.clashweave.client.ClientProxy:send:166]: CW_LOCAL_SWING seq=13 press=90385516972900 feedback=90385517428800
[07:59:29] [Client thread/INFO] [STDOUT]: [com.layue13.clashweave.validation.ClientReplay:request:320]: P0_REQUEST intent=HEAVY yaw=0.0 pitch=0.0 nano=90385517614000
[07:59:29] [Client thread/INFO] [STDOUT]: [com.layue13.clashweave.client.ClientProxy:apply:265]: CW_ALIGN player=P0A seq=13 predicted=0 authoritative=0 sameAction=true
[07:59:29] [Client thread/INFO] [STDOUT]: [com.layue13.clashweave.client.ClientProxy:tick:194]: CW_PRESENT id=10 kind=SWING actor=0 owner=0
[07:59:30] [Client thread/INFO] [STDOUT]: [com.layue13.clashweave.validation.ClientReplay:tick:257]: P0_REPLAY tick=160 action=heavy progress=8.996289999999988 feedback=MOVE_READY
[07:59:31] [Client thread/INFO] [STDOUT]: [com.layue13.clashweave.validation.ClientReplay:request:320]: P0_REQUEST intent=SHEATHE yaw=0.0 pitch=0.0 nano=90386783346200
[07:59:31] [Client thread/INFO] [STDOUT]: [com.layue13.clashweave.client.ClientProxy:apply:265]: CW_ALIGN player=P0A seq=15 predicted=0 authoritative=0 sameAction=true
[07:59:31] [Client thread/INFO] [STDOUT]: [com.layue13.clashweave.validation.ClientReplay:frame:405]: P0_CAPTURE sheathe-0 instance=6 progress=3.490005999999994 nano=90387007634600
[07:59:31] [Client thread/INFO] [STDOUT]: [com.layue13.clashweave.validation.ClientReplay:frame:405]: P0_CAPTURE sheathe-2 instance=6 progress=4.236325071528142 nano=90387102355500
[07:59:31] [Client thread/INFO] [STDOUT]: [com.layue13.clashweave.client.ClientProxy:tick:194]: CW_PRESENT id=11 kind=SHEATHE actor=0 owner=0
[07:59:32] [Client thread/INFO] [STDOUT]: [com.layue13.clashweave.client.ViewPreservingCorrections$Preserved:processPacket:140]: CW_VIEW packet=1 marker=0 protected=false yawDelta=-40.0 pitchDelta=0.0 requestedYawDelta=-40.0 requestedPitchDelta=0.0 nano=90387988409100
[07:59:32] [Client thread/INFO] [STDOUT]: [com.layue13.clashweave.validation.ClientReplay:tick:97]: P0_APPEARANCE entity=70286 skin=clashweave:katana effects=clashweave:default animations=clashweave:katana style=katana
[07:59:32] [Client thread/INFO] [STDOUT]: [com.layue13.clashweave.validation.ClientReplay:audio:418]: P0_LOCAL_AUDIO nano=90388037699800
[07:59:32] [Client thread/INFO] [STDOUT]: [com.layue13.clashweave.client.ClientProxy:send:166]: CW_LOCAL_SWING seq=17 press=90388037494100 feedback=90388037964800
[07:59:32] [Client thread/INFO] [STDOUT]: [com.layue13.clashweave.validation.ClientReplay:request:320]: P0_REQUEST intent=LIGHT yaw=0.0 pitch=0.0 nano=90388039053900
[07:59:32] [Client thread/INFO] [STDOUT]: [com.layue13.clashweave.validation.ClientReplay:tick:257]: P0_REPLAY tick=200 action= progress=0.00805800000000545 feedback=MOVE_READY
[07:59:32] [Client thread/INFO] [STDOUT]: [com.layue13.clashweave.client.ClientProxy:apply:265]: CW_ALIGN player=P0A seq=17 predicted=0 authoritative=0 sameAction=true
[07:59:32] [Client thread/INFO] [STDOUT]: [com.layue13.clashweave.client.ClientProxy:tick:194]: CW_PRESENT id=12 kind=DRAW actor=0 owner=0
[07:59:32] [Client thread/INFO] [STDOUT]: [com.layue13.clashweave.validation.ClientReplay:request:320]: P0_REQUEST intent=LIGHT yaw=0.0 pitch=0.0 nano=90388387430500
[07:59:32] [Client thread/INFO] [STDOUT]: [com.layue13.clashweave.client.ClientProxy:apply:310]: CW_FEEDBACK player=P0A result=IMMUNE frozen=90388316710500 receive=90388487811800 corrections=0
[07:59:32] [Client thread/INFO] [STDOUT]: [com.layue13.clashweave.client.ClientProxy:hud:381]: CW_FRAME frozen=90388316710500 frame=90388488406100
[07:59:33] [Client thread/INFO] [STDOUT]: [com.layue13.clashweave.validation.ClientReplay:audio:418]: P0_LOCAL_AUDIO nano=90389303105200
[07:59:33] [Client thread/INFO] [STDOUT]: [com.layue13.clashweave.client.ClientProxy:send:166]: CW_LOCAL_SWING seq=20 press=90389302987700 feedback=90389303424100
[07:59:33] [Client thread/INFO] [STDOUT]: [com.layue13.clashweave.validation.ClientReplay:request:320]: P0_REQUEST intent=HEAVY yaw=0.0 pitch=0.0 nano=90389303625400
[07:59:33] [Client thread/INFO] [STDOUT]: [com.layue13.clashweave.client.ClientProxy:apply:265]: CW_ALIGN player=P0A seq=20 predicted=0 authoritative=0 sameAction=true
[07:59:34] [Client thread/INFO] [STDOUT]: [com.layue13.clashweave.validation.ClientReplay:frame:405]: P0_CAPTURE swing-0 instance=8 progress=7.478365999999994 nano=90389727185000
[07:59:34] [Client thread/INFO] [STDOUT]: [com.layue13.clashweave.client.ClientProxy:apply:310]: CW_FEEDBACK player=P0A result=PARRY frozen=90389566469100 receive=90389728161200 corrections=0
[07:59:34] [Client thread/INFO] [STDOUT]: [com.layue13.clashweave.validation.ClientReplay:audio:419]: P0_AUDIO source=random.anvil_land frozen=90389566469100 nano=90389728523100
[07:59:34] [Client thread/INFO] [STDOUT]: [com.layue13.clashweave.client.ClientProxy:hud:381]: CW_FRAME frozen=90389566469100 frame=90389732866100
[07:59:34] [Client thread/INFO] [STDOUT]: [com.layue13.clashweave.validation.ClientReplay:frame:405]: P0_CAPTURE swing-2 instance=8 progress=9.957885999999974 nano=90389826346000
[07:59:34] [Client thread/INFO] [STDOUT]: [com.layue13.clashweave.validation.ClientReplay:tick:257]: P0_REPLAY tick=240 action=heavy progress=14.000963776730373 feedback=PARRY
[07:59:34] [Client thread/INFO] [STDOUT]: [com.layue13.clashweave.client.ViewPreservingCorrections$Preserved:processPacket:140]: CW_VIEW packet=1 marker=0 protected=false yawDelta=-40.0 pitchDelta=0.0 requestedYawDelta=-40.0 requestedPitchDelta=0.0 nano=90390193691100
[07:59:34] [Client thread/INFO] [STDOUT]: [com.layue13.clashweave.validation.ClientReplay:request:320]: P0_REQUEST intent=SHEATHE yaw=0.0 pitch=0.0 nano=90390544763800
[07:59:34] [Client thread/INFO] [STDOUT]: [com.layue13.clashweave.client.ClientProxy:apply:265]: CW_ALIGN player=P0A seq=22 predicted=0 authoritative=0 sameAction=true
[07:59:36] [Client thread/INFO] [STDOUT]: [com.layue13.clashweave.validation.ClientReplay:audio:418]: P0_LOCAL_AUDIO nano=90391811733500
[07:59:36] [Client thread/INFO] [STDOUT]: [com.layue13.clashweave.client.ClientProxy:send:166]: CW_LOCAL_SWING seq=24 press=90391811622100 feedback=90391812031300
[07:59:36] [Client thread/INFO] [STDOUT]: [com.layue13.clashweave.client.ClientProxy:apply:265]: CW_ALIGN player=P0A seq=24 predicted=0 authoritative=0 sameAction=true
[07:59:36] [Client thread/INFO] [STDOUT]: [com.layue13.clashweave.validation.ClientReplay:tick:257]: P0_REPLAY tick=280 action=iai progress=4.98609399999998 feedback=MOVE_READY
[07:59:36] [Client thread/INFO] [STDOUT]: [com.layue13.clashweave.client.ClientProxy:apply:310]: CW_FEEDBACK player=P0A result=PARRY frozen=90392072706500 receive=90392261078600 corrections=0
[07:59:36] [Client thread/INFO] [STDOUT]: [com.layue13.clashweave.validation.ClientReplay:audio:419]: P0_AUDIO source=random.anvil_land frozen=90392072706500 nano=90392261370900
[07:59:36] [Client thread/INFO] [STDOUT]: [com.layue13.clashweave.client.ClientProxy:hud:381]: CW_FRAME frozen=90392072706500 frame=90392261943300
[07:59:37] [Client thread/INFO] [STDOUT]: [com.layue13.clashweave.client.ClientProxy:apply:310]: CW_FEEDBACK player=P0A result=PARRY frozen=90392520210600 receive=90392711237600 corrections=0
[07:59:37] [Client thread/INFO] [STDOUT]: [com.layue13.clashweave.validation.ClientReplay:audio:419]: P0_AUDIO source=random.anvil_land frozen=90392520210600 nano=90392711546300
[07:59:37] [Client thread/INFO] [STDOUT]: [com.layue13.clashweave.client.ClientProxy:hud:381]: CW_FRAME frozen=90392520210600 frame=90392712172700
[07:59:38] [Client thread/INFO] [STDOUT]: [com.layue13.clashweave.validation.ClientReplay:tick:257]: P0_REPLAY tick=320 action= progress=4.062619836986414E-5 feedback=MOVE_READY
[07:59:38] [Client thread/INFO] [STDOUT]: [com.layue13.clashweave.validation.ClientReplay:audio:418]: P0_LOCAL_AUDIO nano=90394311935700
[07:59:38] [Client thread/INFO] [STDOUT]: [com.layue13.clashweave.client.ClientProxy:send:166]: CW_LOCAL_SWING seq=30 press=90394311799500 feedback=90394312205200
[07:59:38] [Client thread/INFO] [STDOUT]: [com.layue13.clashweave.client.ClientProxy:apply:265]: CW_ALIGN player=P0A seq=30 predicted=0 authoritative=0 sameAction=true
[07:59:39] [Client thread/INFO] [STDOUT]: [com.layue13.clashweave.client.ClientProxy:apply:310]: CW_FEEDBACK player=P0A result=PARRY frozen=90394572424500 receive=90394811078900 corrections=0
[07:59:39] [Client thread/INFO] [STDOUT]: [com.layue13.clashweave.validation.ClientReplay:audio:419]: P0_AUDIO source=random.anvil_land frozen=90394572424500 nano=90394811392800
[07:59:39] [Client thread/INFO] [STDOUT]: [com.layue13.clashweave.client.ClientProxy:hud:381]: CW_FRAME frozen=90394572424500 frame=90394812000200
[07:59:39] [Client thread/INFO] [STDOUT]: [com.layue13.clashweave.client.ClientProxy:apply:265]: CW_ALIGN player=P0A seq=32 predicted=0 authoritative=0 sameAction=true
[07:59:40] [Client thread/INFO] [STDOUT]: [com.layue13.clashweave.validation.ClientReplay:tick:257]: P0_REPLAY tick=360 action= progress=7.400000004054164E-5 feedback=MOVE_READY
[07:59:41] [Client thread/INFO] [STDOUT]: [com.layue13.clashweave.validation.ClientReplay:audio:418]: P0_LOCAL_AUDIO nano=90396811460000
[07:59:41] [Client thread/INFO] [STDOUT]: [com.layue13.clashweave.client.ClientProxy:send:166]: CW_LOCAL_SWING seq=34 press=90396811321200 feedback=90396811756200
[07:59:41] [Client thread/INFO] [STDOUT]: [com.layue13.clashweave.client.ClientProxy:apply:265]: CW_ALIGN player=P0A seq=34 predicted=0 authoritative=0 sameAction=true
[07:59:41] [Client thread/INFO] [STDOUT]: [com.layue13.clashweave.client.ClientProxy:apply:310]: CW_FEEDBACK player=P0A result=PARRY frozen=90397071442500 receive=90397311904900 corrections=0
[07:59:41] [Client thread/INFO] [STDOUT]: [com.layue13.clashweave.validation.ClientReplay:audio:419]: P0_AUDIO source=random.anvil_land frozen=90397071442500 nano=90397312264600
[07:59:41] [Client thread/INFO] [STDOUT]: [com.layue13.clashweave.client.ClientProxy:hud:381]: CW_FRAME frozen=90397071442500 frame=90397313046700
[07:59:42] [Client thread/INFO] [STDOUT]: [com.layue13.clashweave.client.ClientProxy:apply:310]: CW_FEEDBACK player=P0A result=PARRY frozen=90397514260100 receive=90397710946900 corrections=0
[07:59:42] [Client thread/INFO] [STDOUT]: [com.layue13.clashweave.validation.ClientReplay:audio:419]: P0_AUDIO source=random.anvil_land frozen=90397514260100 nano=90397711296500
[07:59:42] [Client thread/INFO] [STDOUT]: [com.layue13.clashweave.client.ClientProxy:hud:381]: CW_FRAME frozen=90397514260100 frame=90397712021200
[07:59:42] [Client thread/INFO] [STDOUT]: [com.layue13.clashweave.client.ClientProxy:apply:310]: CW_FEEDBACK player=P0A result=BLOCK frozen=90397868360700 receive=90398063226800 corrections=0
[07:59:42] [Client thread/INFO] [STDOUT]: [com.layue13.clashweave.validation.ClientReplay:audio:419]: P0_AUDIO source=random.anvil_land frozen=90397868360700 nano=90398063511700
[07:59:42] [Client thread/INFO] [STDOUT]: [com.layue13.clashweave.validation.ClientReplay:tick:257]: P0_REPLAY tick=400 action=light_2 progress=6.00756024432178 feedback=BLOCK
[07:59:42] [Client thread/INFO] [STDOUT]: [com.layue13.clashweave.client.ClientProxy:hud:381]: CW_FRAME frozen=90397868360700 frame=90398064662400
[07:59:43] [Client thread/INFO] [STDOUT]: [com.layue13.clashweave.validation.ClientReplay:audio:418]: P0_LOCAL_AUDIO nano=90399311144300
[07:59:43] [Client thread/INFO] [STDOUT]: [com.layue13.clashweave.client.ClientProxy:send:166]: CW_LOCAL_SWING seq=42 press=90399311011100 feedback=90399311444100
[07:59:43] [Client thread/INFO] [STDOUT]: [com.layue13.clashweave.client.ClientProxy:apply:265]: CW_ALIGN player=P0A seq=42 predicted=0 authoritative=0 sameAction=true
[07:59:44] [Client thread/INFO] [STDOUT]: [com.layue13.clashweave.client.ClientProxy:apply:310]: CW_FEEDBACK player=P0A result=PARRY frozen=90399569010900 receive=90399761617500 corrections=0
[07:59:44] [Client thread/INFO] [STDOUT]: [com.layue13.clashweave.validation.ClientReplay:audio:419]: P0_AUDIO source=random.anvil_land frozen=90399569010900 nano=90399761940400
[07:59:44] [Client thread/INFO] [STDOUT]: [com.layue13.clashweave.client.ClientProxy:hud:381]: CW_FRAME frozen=90399569010900 frame=90399762554100
[07:59:44] [Client thread/INFO] [STDOUT]: [com.layue13.clashweave.validation.ClientReplay:tick:257]: P0_REPLAY tick=440 action=heavy progress=14.000101074160739 feedback=PARRY
[07:59:46] [Client thread/INFO] [STDOUT]: [com.layue13.clashweave.validation.ClientReplay:audio:418]: P0_LOCAL_AUDIO nano=90401811012300
[07:59:46] [Client thread/INFO] [STDOUT]: [com.layue13.clashweave.client.ClientProxy:send:166]: CW_LOCAL_SWING seq=46 press=90401810878100 feedback=90401811295600
[07:59:46] [Client thread/INFO] [STDOUT]: [com.layue13.clashweave.validation.ClientReplay:tick:257]: P0_REPLAY tick=480 action=iai progress=4.001912599746788 feedback=MOVE_READY
[07:59:46] [Client thread/INFO] [STDOUT]: [com.layue13.clashweave.client.ClientProxy:apply:310]: CW_FEEDBACK player=P0A result=PARRY frozen=90402068453500 receive=90402260851500 corrections=0
[07:59:46] [Client thread/INFO] [STDOUT]: [com.layue13.clashweave.validation.ClientReplay:audio:419]: P0_AUDIO source=random.anvil_land frozen=90402068453500 nano=90402261103100
[07:59:46] [Client thread/INFO] [STDOUT]: [com.layue13.clashweave.client.ClientProxy:hud:381]: CW_FRAME frozen=90402068453500 frame=90402261640600
[07:59:48] [Client thread/INFO] [STDOUT]: [com.layue13.clashweave.validation.ClientReplay:audio:418]: P0_LOCAL_AUDIO nano=90404311727700
[07:59:48] [Client thread/INFO] [STDOUT]: [com.layue13.clashweave.client.ClientProxy:send:166]: CW_LOCAL_SWING seq=52 press=90404311592800 feedback=90404311975000
[07:59:48] [Client thread/INFO] [STDOUT]: [com.layue13.clashweave.validation.ClientReplay:tick:195]: P0_PENDING engaged=true
[07:59:51] [Client thread/INFO] [STDOUT]: [com.layue13.clashweave.validation.ClientReplay:audio:418]: P0_LOCAL_AUDIO nano=90406811534900
[07:59:51] [Client thread/INFO] [STDOUT]: [com.layue13.clashweave.client.ClientProxy:send:166]: CW_LOCAL_SWING seq=56 press=90406811392000 feedback=90406811854400
