# Log excerpt; complete raw log retained locally under build/p0/runs.
# Original lines: 292
# Marker counts: {'ERROR': 3, 'CW_RENDER': 1, 'Exception': 2, 'P0_AUDIO': 1, 'CW_VIEW': 27, 'CW_ENGAGEMENT': 2, 'P0_APPEARANCE': 2, 'P0_LOCAL_AUDIO': 20, 'CW_LOCAL_SWING': 20, 'P0_REQUEST': 20, 'P0_MOVEMENT': 33, 'CW_ALIGN': 20, 'CW_PRESENT': 22, 'CW_CORRECTION_MARK': 2}
[17:18:13] [main/ERROR] [FML]: The binary patch set is missing. Either you are in a development environment, or things are not going to work!
[17:18:13] [main/ERROR] [FML]: FML appears to be missing any signature data. This is not a good thing
This is just a prompt for computer specs to be printed. THIS IS NOT A ERROR
[17:18:16] [Client thread/INFO] [STDOUT]: [com.layue13.clashweave.client.KatanaRendering:load:35]: CW_RENDER models loaded units=block blade=+Y sheath=downwardBipedY angle=45.0
[17:18:17] [Forge Version Check/INFO] [STDERR]: [java.lang.Throwable$WrappedPrintStream:println:749]: com.google.gson.JsonSyntaxException: java.lang.IllegalStateException: Expected BEGIN_OBJECT but was STRING at line 1 column 1
[17:18:17] [Forge Version Check/INFO] [STDERR]: [java.lang.Throwable$WrappedPrintStream:println:749]: Caused by: java.lang.IllegalStateException: Expected BEGIN_OBJECT but was STRING at line 1 column 1
[17:18:17] [Client thread/INFO] [STDOUT]: [com.layue13.clashweave.validation.ClientReplay:<init>:69]: P0_AUDIO initial loader settled
[17:18:23] [Client thread/INFO] [STDOUT]: [com.layue13.clashweave.client.ViewPreservingCorrections$Preserved:processPacket:140]: CW_VIEW packet=1 marker=0 protected=false yawDelta=0.0 pitchDelta=0.0 requestedYawDelta=0.0 requestedPitchDelta=0.0 nano=37519015430800
[17:18:23] [Client thread/INFO] [STDOUT]: [com.layue13.clashweave.client.ViewPreservingCorrections$Preserved:processPacket:140]: CW_VIEW packet=1 marker=0 protected=false yawDelta=0.0 pitchDelta=0.0 requestedYawDelta=0.0 requestedPitchDelta=0.0 nano=37519384696700
[17:18:23] [Client thread/INFO] [STDOUT]: [com.layue13.clashweave.client.ClientProxy:apply:246]: CW_ENGAGEMENT player=P0A engaged=false revision=1 tick=202 receive=37519438973300
[17:18:23] [Client thread/INFO] [STDOUT]: [com.layue13.clashweave.validation.ClientReplay:tick:96]: P0_APPEARANCE entity=0 skin=clashweave:katana effects=clashweave:default animations=clashweave:katana style=katana
[17:18:33] [Client thread/INFO] [STDOUT]: [com.layue13.clashweave.client.ViewPreservingCorrections$Preserved:processPacket:140]: CW_VIEW packet=1 marker=0 protected=false yawDelta=0.0 pitchDelta=0.0 requestedYawDelta=0.0 requestedPitchDelta=0.0 nano=37528959758000
[17:18:33] [Client thread/INFO] [STDOUT]: [com.layue13.clashweave.validation.ClientReplay:tick:96]: P0_APPEARANCE entity=66781 skin=clashweave:katana effects=clashweave:default animations=clashweave:katana style=katana
[17:18:33] [Client thread/INFO] [STDOUT]: [com.layue13.clashweave.validation.ClientReplay:audio:417]: P0_LOCAL_AUDIO nano=37529609754800
[17:18:33] [Client thread/INFO] [STDOUT]: [com.layue13.clashweave.client.ClientProxy:send:163]: CW_LOCAL_SWING seq=56 press=37529609447200 feedback=37529613878600
[17:18:33] [Client thread/INFO] [STDOUT]: [com.layue13.clashweave.validation.ClientReplay:request:319]: P0_REQUEST intent=LIGHT yaw=0.0 pitch=0.0 nano=37529614122700
[17:18:33] [Client thread/INFO] [STDOUT]: [com.layue13.clashweave.validation.ClientReplay:movement:396]: P0_MOVEMENT clientCase=0 x=0.0 y=65.62000000476837 z=0.0 corrections=0
[17:18:34] [Client thread/INFO] [STDOUT]: [com.layue13.clashweave.client.ClientProxy:apply:260]: CW_ALIGN player=P0A seq=56 predicted=0 authoritative=0 sameAction=true
[17:18:34] [Client thread/INFO] [STDOUT]: [com.layue13.clashweave.client.ClientProxy:apply:246]: CW_ENGAGEMENT player=P0A engaged=true revision=3 tick=435 receive=37529760768700
[17:18:34] [Client thread/INFO] [STDOUT]: [com.layue13.clashweave.client.ClientProxy:tick:190]: CW_PRESENT id=1 kind=DRAW actor=0 owner=0
[17:18:34] [Client thread/INFO] [STDOUT]: [com.layue13.clashweave.client.ClientProxy:tick:190]: CW_PRESENT id=2 kind=SWING actor=0 owner=0
[17:18:34] [Client thread/INFO] [STDOUT]: [com.layue13.clashweave.client.ViewPreservingCorrections$Preserved:processPacket:140]: CW_VIEW packet=1 marker=0 protected=false yawDelta=0.0 pitchDelta=0.0 requestedYawDelta=0.0 requestedPitchDelta=0.0 nano=37530608536700
[17:18:35] [Client thread/INFO] [STDOUT]: [com.layue13.clashweave.client.ViewPreservingCorrections$Preserved:processPacket:140]: CW_VIEW packet=1 marker=0 protected=false yawDelta=0.0 pitchDelta=0.0 requestedYawDelta=0.0 requestedPitchDelta=0.0 nano=37530708596100
[17:18:35] [Client thread/INFO] [STDOUT]: [com.layue13.clashweave.validation.ClientReplay:audio:417]: P0_LOCAL_AUDIO nano=37530876320500
[17:18:35] [Client thread/INFO] [STDOUT]: [com.layue13.clashweave.client.ClientProxy:send:163]: CW_LOCAL_SWING seq=58 press=37530876197500 feedback=37530877272900
[17:18:35] [Client thread/INFO] [STDOUT]: [com.layue13.clashweave.validation.ClientReplay:request:319]: P0_REQUEST intent=LIGHT yaw=0.0 pitch=0.0 nano=37530877494400
[17:18:35] [Client thread/INFO] [STDOUT]: [com.layue13.clashweave.validation.ClientReplay:movement:396]: P0_MOVEMENT clientCase=1 x=0.0 y=65.62000000476837 z=0.0 corrections=0
[17:18:35] [Client thread/INFO] [STDOUT]: [com.layue13.clashweave.client.ClientProxy:apply:260]: CW_ALIGN player=P0A seq=58 predicted=0 authoritative=0 sameAction=true
[17:18:35] [Client thread/INFO] [STDOUT]: [com.layue13.clashweave.client.ClientProxy:tick:190]: CW_PRESENT id=3 kind=SWING actor=0 owner=0
[17:18:36] [Client thread/INFO] [STDOUT]: [com.layue13.clashweave.client.ViewPreservingCorrections$Preserved:processPacket:140]: CW_VIEW packet=1 marker=0 protected=false yawDelta=0.0 pitchDelta=0.0 requestedYawDelta=0.0 requestedPitchDelta=0.0 nano=37531675296600
[17:18:36] [Client thread/INFO] [STDOUT]: [com.layue13.clashweave.validation.ClientReplay:audio:417]: P0_LOCAL_AUDIO nano=37532125901400
[17:18:36] [Client thread/INFO] [STDOUT]: [com.layue13.clashweave.client.ClientProxy:send:163]: CW_LOCAL_SWING seq=60 press=37532125757600 feedback=37532126879000
[17:18:36] [Client thread/INFO] [STDOUT]: [com.layue13.clashweave.validation.ClientReplay:request:319]: P0_REQUEST intent=LIGHT yaw=0.0 pitch=0.0 nano=37532127089900
[17:18:36] [Client thread/INFO] [STDOUT]: [com.layue13.clashweave.validation.ClientReplay:movement:396]: P0_MOVEMENT clientCase=2 x=-0.24922792423074103 y=65.62000000476837 z=0.0 corrections=0
[17:18:36] [Client thread/INFO] [STDOUT]: [com.layue13.clashweave.client.ClientProxy:apply:260]: CW_ALIGN player=P0A seq=60 predicted=0 authoritative=0 sameAction=true
[17:18:36] [Client thread/INFO] [STDOUT]: [com.layue13.clashweave.client.ClientProxy:tick:190]: CW_PRESENT id=4 kind=SWING actor=0 owner=0
[17:18:37] [Client thread/INFO] [STDOUT]: [com.layue13.clashweave.client.ViewPreservingCorrections$Preserved:processPacket:140]: CW_VIEW packet=1 marker=0 protected=false yawDelta=0.0 pitchDelta=0.0 requestedYawDelta=0.0 requestedPitchDelta=0.0 nano=37532925797100
[17:18:37] [Client thread/INFO] [STDOUT]: [com.layue13.clashweave.validation.ClientReplay:audio:417]: P0_LOCAL_AUDIO nano=37533375556400
[17:18:37] [Client thread/INFO] [STDOUT]: [com.layue13.clashweave.client.ClientProxy:send:163]: CW_LOCAL_SWING seq=62 press=37533375413800 feedback=37533376517700
[17:18:37] [Client thread/INFO] [STDOUT]: [com.layue13.clashweave.validation.ClientReplay:request:319]: P0_REQUEST intent=LIGHT yaw=0.0 pitch=0.0 nano=37533376722500
[17:18:37] [Client thread/INFO] [STDOUT]: [com.layue13.clashweave.validation.ClientReplay:movement:396]: P0_MOVEMENT clientCase=3 x=0.0 y=65.62000000476837 z=0.24922792423074103 corrections=0
[17:18:37] [Client thread/INFO] [STDOUT]: [com.layue13.clashweave.client.ClientProxy:apply:260]: CW_ALIGN player=P0A seq=62 predicted=0 authoritative=0 sameAction=true
[17:18:37] [Client thread/INFO] [STDOUT]: [com.layue13.clashweave.client.ClientProxy:tick:190]: CW_PRESENT id=5 kind=SWING actor=0 owner=0
[17:18:37] [Client thread/INFO] [STDOUT]: [com.layue13.clashweave.client.ClientProxy:tick:190]: CW_PRESENT id=6 kind=HURT actor=0 owner=0
[17:18:38] [Client thread/INFO] [STDOUT]: [com.layue13.clashweave.client.ViewPreservingCorrections$Preserved:processPacket:140]: CW_VIEW packet=1 marker=0 protected=false yawDelta=0.0 pitchDelta=0.0 requestedYawDelta=0.0 requestedPitchDelta=0.0 nano=37534175479500
[17:18:38] [Client thread/INFO] [STDOUT]: [com.layue13.clashweave.validation.ClientReplay:audio:417]: P0_LOCAL_AUDIO nano=37534626154800
[17:18:38] [Client thread/INFO] [STDOUT]: [com.layue13.clashweave.client.ClientProxy:send:163]: CW_LOCAL_SWING seq=64 press=37534626016500 feedback=37534627177500
[17:18:38] [Client thread/INFO] [STDOUT]: [com.layue13.clashweave.validation.ClientReplay:request:319]: P0_REQUEST intent=LIGHT yaw=0.0 pitch=0.0 nano=37534627374300
[17:18:38] [Client thread/INFO] [STDOUT]: [com.layue13.clashweave.validation.ClientReplay:movement:396]: P0_MOVEMENT clientCase=4 x=0.0 y=65.62000000476837 z=0.0 corrections=0
[17:18:39] [Client thread/INFO] [STDOUT]: [com.layue13.clashweave.client.ClientProxy:apply:260]: CW_ALIGN player=P0A seq=64 predicted=0 authoritative=0 sameAction=true
[17:18:39] [Client thread/INFO] [STDOUT]: [com.layue13.clashweave.client.ClientProxy:tick:190]: CW_PRESENT id=7 kind=SWING actor=0 owner=0
[17:18:39] [Client thread/INFO] [STDOUT]: [com.layue13.clashweave.client.ViewPreservingCorrections$Preserved:processPacket:140]: CW_VIEW packet=1 marker=0 protected=false yawDelta=0.0 pitchDelta=0.0 requestedYawDelta=0.0 requestedPitchDelta=0.0 nano=37535425446700
[17:18:40] [Client thread/INFO] [STDOUT]: [com.layue13.clashweave.validation.ClientReplay:audio:417]: P0_LOCAL_AUDIO nano=37535875664300
[17:18:40] [Client thread/INFO] [STDOUT]: [com.layue13.clashweave.client.ClientProxy:send:163]: CW_LOCAL_SWING seq=66 press=37535875528700 feedback=37535876646900
[17:18:40] [Client thread/INFO] [STDOUT]: [com.layue13.clashweave.validation.ClientReplay:request:319]: P0_REQUEST intent=LIGHT yaw=0.0 pitch=0.0 nano=37535876853100
[17:18:40] [Client thread/INFO] [STDOUT]: [com.layue13.clashweave.validation.ClientReplay:movement:396]: P0_MOVEMENT clientCase=5 x=0.0 y=65.62000000476837 z=0.0 corrections=0
[17:18:40] [Client thread/INFO] [STDOUT]: [com.layue13.clashweave.client.ClientProxy:apply:260]: CW_ALIGN player=P0A seq=66 predicted=0 authoritative=0 sameAction=true
[17:18:40] [Client thread/INFO] [STDOUT]: [com.layue13.clashweave.client.ClientProxy:tick:190]: CW_PRESENT id=8 kind=SWING actor=0 owner=0
[17:18:41] [Client thread/INFO] [STDOUT]: [com.layue13.clashweave.client.ViewPreservingCorrections$Preserved:processPacket:140]: CW_VIEW packet=1 marker=0 protected=false yawDelta=0.0 pitchDelta=0.0 requestedYawDelta=0.0 requestedPitchDelta=0.0 nano=37536691049700
[17:18:41] [Client thread/INFO] [STDOUT]: [com.layue13.clashweave.validation.ClientReplay:audio:417]: P0_LOCAL_AUDIO nano=37537142140400
[17:18:41] [Client thread/INFO] [STDOUT]: [com.layue13.clashweave.client.ClientProxy:send:163]: CW_LOCAL_SWING seq=68 press=37537141973200 feedback=37537142427300
[17:18:41] [Client thread/INFO] [STDOUT]: [com.layue13.clashweave.validation.ClientReplay:request:319]: P0_REQUEST intent=LIGHT yaw=0.0 pitch=0.0 nano=37537142589700
[17:18:41] [Client thread/INFO] [STDOUT]: [com.layue13.clashweave.validation.ClientReplay:movement:396]: P0_MOVEMENT clientCase=6 x=0.0 y=65.62000000476837 z=0.0 corrections=0
[17:18:41] [Client thread/INFO] [STDOUT]: [com.layue13.clashweave.client.ClientProxy:apply:260]: CW_ALIGN player=P0A seq=68 predicted=0 authoritative=0 sameAction=true
[17:18:41] [Client thread/INFO] [STDOUT]: [com.layue13.clashweave.client.ClientProxy:tick:190]: CW_PRESENT id=9 kind=SWING actor=0 owner=0
[17:18:41] [Client thread/INFO] [STDOUT]: [com.layue13.clashweave.validation.ClientReplay:movement:384]: P0_MOVEMENT inject=horizontal5 nano=37537441409400
[17:18:41] [Netty Client IO #0/INFO] [STDOUT]: [com.layue13.clashweave.client.ViewPreservingCorrections$1:channelRead:70]: CW_CORRECTION_MARK sequence=1 accepted=true thread=Netty Client IO #0 nano=37537570390000
[17:18:41] [Client thread/INFO] [STDOUT]: [com.layue13.clashweave.client.ViewPreservingCorrections$Preserved:processPacket:140]: CW_VIEW packet=1 marker=1 protected=true yawDelta=0.0 pitchDelta=0.0 requestedYawDelta=-0.315 requestedPitchDelta=0.18 nano=37537591337500
[17:18:42] [Client thread/INFO] [STDOUT]: [com.layue13.clashweave.client.ViewPreservingCorrections$Preserved:processPacket:140]: CW_VIEW packet=1 marker=0 protected=false yawDelta=-0.525 pitchDelta=0.3 requestedYawDelta=-0.525 requestedPitchDelta=0.3 nano=37537691354200
[17:18:42] [Client thread/INFO] [STDOUT]: [com.layue13.clashweave.client.ViewPreservingCorrections$Preserved:processPacket:140]: CW_VIEW packet=1 marker=0 protected=false yawDelta=-0.525 pitchDelta=0.3 requestedYawDelta=-0.525 requestedPitchDelta=0.3 nano=37537942247000
[17:18:42] [Client thread/INFO] [STDOUT]: [com.layue13.clashweave.validation.ClientReplay:audio:417]: P0_LOCAL_AUDIO nano=37538392316200
[17:18:42] [Client thread/INFO] [STDOUT]: [com.layue13.clashweave.client.ClientProxy:send:163]: CW_LOCAL_SWING seq=70 press=37538392186600 feedback=37538393297900
[17:18:42] [Client thread/INFO] [STDOUT]: [com.layue13.clashweave.validation.ClientReplay:request:319]: P0_REQUEST intent=LIGHT yaw=0.0 pitch=0.0 nano=37538393497600
[17:18:42] [Client thread/INFO] [STDOUT]: [com.layue13.clashweave.validation.ClientReplay:movement:396]: P0_MOVEMENT clientCase=7 x=0.0 y=65.62000000476837 z=0.0 corrections=1
[17:18:42] [Client thread/INFO] [STDOUT]: [com.layue13.clashweave.client.ClientProxy:apply:260]: CW_ALIGN player=P0A seq=70 predicted=0 authoritative=0 sameAction=true
[17:18:42] [Client thread/INFO] [STDOUT]: [com.layue13.clashweave.client.ClientProxy:tick:190]: CW_PRESENT id=10 kind=SWING actor=0 owner=0
[17:18:43] [Client thread/INFO] [STDOUT]: [com.layue13.clashweave.validation.ClientReplay:movement:389]: P0_MOVEMENT inject=vertical5 nano=37538691513900
[17:18:43] [Netty Client IO #0/INFO] [STDOUT]: [com.layue13.clashweave.client.ViewPreservingCorrections$1:channelRead:70]: CW_CORRECTION_MARK sequence=2 accepted=true thread=Netty Client IO #0 nano=37538817612500
[17:18:43] [Client thread/INFO] [STDOUT]: [com.layue13.clashweave.client.ViewPreservingCorrections$Preserved:processPacket:140]: CW_VIEW packet=1 marker=2 protected=true yawDelta=0.0 pitchDelta=0.0 requestedYawDelta=-0.315 requestedPitchDelta=0.18 nano=37538842275500
[17:18:43] [Client thread/INFO] [STDOUT]: [com.layue13.clashweave.client.ViewPreservingCorrections$Preserved:processPacket:140]: CW_VIEW packet=1 marker=0 protected=false yawDelta=-1.0500001 pitchDelta=0.6 requestedYawDelta=-1.0500001 requestedPitchDelta=0.6 nano=37539191476500
[17:18:44] [Client thread/INFO] [STDOUT]: [com.layue13.clashweave.validation.ClientReplay:audio:417]: P0_LOCAL_AUDIO nano=37539641757700
[17:18:44] [Client thread/INFO] [STDOUT]: [com.layue13.clashweave.client.ClientProxy:send:163]: CW_LOCAL_SWING seq=72 press=37539641619300 feedback=37539642050600
[17:18:44] [Client thread/INFO] [STDOUT]: [com.layue13.clashweave.validation.ClientReplay:request:319]: P0_REQUEST intent=LIGHT yaw=0.0 pitch=0.0 nano=37539642227800
[17:18:44] [Client thread/INFO] [STDOUT]: [com.layue13.clashweave.validation.ClientReplay:movement:396]: P0_MOVEMENT clientCase=8 x=0.0 y=65.62000000476837 z=0.0 corrections=2
[17:18:44] [Client thread/INFO] [STDOUT]: [com.layue13.clashweave.client.ClientProxy:apply:260]: CW_ALIGN player=P0A seq=72 predicted=0 authoritative=0 sameAction=true
[17:18:44] [Client thread/INFO] [STDOUT]: [com.layue13.clashweave.client.ClientProxy:tick:190]: CW_PRESENT id=11 kind=SWING actor=0 owner=0
[17:18:44] [Client thread/INFO] [STDOUT]: [com.layue13.clashweave.validation.ClientReplay:movement:393]: P0_MOVEMENT inject=wall3 nano=37539942235700
[17:18:45] [Client thread/INFO] [STDOUT]: [com.layue13.clashweave.validation.ClientReplay:audio:417]: P0_LOCAL_AUDIO nano=37540892504300
[17:18:45] [Client thread/INFO] [STDOUT]: [com.layue13.clashweave.client.ClientProxy:send:163]: CW_LOCAL_SWING seq=74 press=37540892351100 feedback=37540893493400
[17:18:45] [Client thread/INFO] [STDOUT]: [com.layue13.clashweave.validation.ClientReplay:request:319]: P0_REQUEST intent=LIGHT yaw=0.0 pitch=0.0 nano=37540893677900
[17:18:45] [Client thread/INFO] [STDOUT]: [com.layue13.clashweave.client.ClientProxy:apply:260]: CW_ALIGN player=P0A seq=74 predicted=0 authoritative=0 sameAction=true
[17:18:45] [Client thread/INFO] [STDOUT]: [com.layue13.clashweave.client.ClientProxy:tick:190]: CW_PRESENT id=12 kind=SWING actor=0 owner=0
[17:18:46] [Client thread/INFO] [STDOUT]: [com.layue13.clashweave.validation.ClientReplay:audio:417]: P0_LOCAL_AUDIO nano=37542142342600
[17:18:46] [Client thread/INFO] [STDOUT]: [com.layue13.clashweave.client.ClientProxy:send:163]: CW_LOCAL_SWING seq=76 press=37542142193700 feedback=37542142655200
[17:18:46] [Client thread/INFO] [STDOUT]: [com.layue13.clashweave.validation.ClientReplay:request:319]: P0_REQUEST intent=LIGHT yaw=0.0 pitch=0.0 nano=37542142859700
[17:18:46] [Client thread/INFO] [STDOUT]: [com.layue13.clashweave.client.ClientProxy:apply:260]: CW_ALIGN player=P0A seq=76 predicted=0 authoritative=0 sameAction=true
[17:18:47] [Client thread/INFO] [STDOUT]: [com.layue13.clashweave.validation.ClientReplay:audio:417]: P0_LOCAL_AUDIO nano=37543391927800
[17:18:47] [Client thread/INFO] [STDOUT]: [com.layue13.clashweave.client.ClientProxy:send:163]: CW_LOCAL_SWING seq=78 press=37543391781600 feedback=37543392956500
[17:18:47] [Client thread/INFO] [STDOUT]: [com.layue13.clashweave.validation.ClientReplay:request:319]: P0_REQUEST intent=LIGHT yaw=0.0 pitch=0.0 nano=37543393173700
[17:18:47] [Client thread/INFO] [STDOUT]: [com.layue13.clashweave.client.ClientProxy:apply:260]: CW_ALIGN player=P0A seq=78 predicted=0 authoritative=0 sameAction=true
