[19:33:34] [Client thread/INFO] [STDOUT]: [com.layue13.clashweave.probe.ProbeServer:log:53]: CWPROBE S4_IMPORT loader=AdvancedModelLoader format=OBJ texture=PNG units=blocks up=Y origin=grip
[19:34:26] [Client thread/INFO] [STDOUT]: [com.layue13.clashweave.probe.ProbeServer:log:53]: CWPROBE S3_SCHEDULE trial=0 lead=0.0 localDue=1024 calibratedOneWayTicks=2.0
[19:34:27] [Client thread/INFO] [STDOUT]: [com.layue13.clashweave.probe.ProbeServer:log:53]: CWPROBE S3_SEND trial=0 stamp=1137 local=1024
[19:34:27] [Netty Client IO #0/INFO] [STDOUT]: [com.layue13.clashweave.probe.ProbeServer:log:53]: CWPROBE S2_VELOCITY_RECEIVED x=0.4 y=0.36075
[19:34:27] [Client thread/INFO] [STDOUT]: [com.layue13.clashweave.probe.ProbeServer:log:53]: CWPROBE S3_SCHEDULE trial=1 lead=1.0 localDue=1054 calibratedOneWayTicks=2.0
[19:34:28] [Client thread/INFO] [STDOUT]: [com.layue13.clashweave.probe.ProbeServer:log:53]: CWPROBE S3_SEND trial=1 stamp=1166 local=1054
[19:34:28] [Netty Client IO #0/INFO] [STDOUT]: [com.layue13.clashweave.probe.ProbeServer:log:53]: CWPROBE S2_VELOCITY_RECEIVED x=0.4 y=0.36075
[19:34:29] [Client thread/INFO] [STDOUT]: [com.layue13.clashweave.probe.ProbeServer:log:53]: CWPROBE S3_SCHEDULE trial=2 lead=2.0 localDue=1082 calibratedOneWayTicks=2.0
[19:34:29] [Client thread/INFO] [STDOUT]: [com.layue13.clashweave.probe.ProbeServer:log:53]: CWPROBE S3_SEND trial=2 stamp=1195 local=1082
[19:34:30] [Netty Client IO #0/INFO] [STDOUT]: [com.layue13.clashweave.probe.ProbeServer:log:53]: CWPROBE S2_VELOCITY_RECEIVED x=0.399875 y=0.36075
[19:34:30] [Client thread/INFO] [STDOUT]: [com.layue13.clashweave.probe.ProbeServer:log:53]: CWPROBE S3_SCHEDULE trial=3 lead=3.0 localDue=1112 calibratedOneWayTicks=2.0
[19:34:31] [Client thread/INFO] [STDOUT]: [com.layue13.clashweave.probe.ProbeServer:log:53]: CWPROBE S3_SEND trial=3 stamp=1224 local=1112
[19:34:31] [Netty Client IO #0/INFO] [STDOUT]: [com.layue13.clashweave.probe.ProbeServer:log:53]: CWPROBE S2_VELOCITY_RECEIVED x=0.4 y=0.36075
[19:34:32] [Client thread/INFO] [STDOUT]: [com.layue13.clashweave.probe.ProbeServer:log:53]: CWPROBE S3_SCHEDULE trial=4 lead=4.0 localDue=1141 calibratedOneWayTicks=2.0
[19:34:32] [Client thread/INFO] [STDOUT]: [com.layue13.clashweave.probe.ProbeServer:log:53]: CWPROBE S3_SEND trial=4 stamp=1253 local=1141
[19:34:33] [Netty Client IO #0/INFO] [STDOUT]: [com.layue13.clashweave.probe.ProbeServer:log:53]: CWPROBE S2_VELOCITY_RECEIVED x=0.4 y=0.36075
[19:34:33] [Client thread/INFO] [STDOUT]: [com.layue13.clashweave.probe.ProbeServer:log:53]: CWPROBE S3_SCHEDULE trial=5 lead=0.0 localDue=1175 calibratedOneWayTicks=2.0
[19:34:34] [Client thread/INFO] [STDOUT]: [com.layue13.clashweave.probe.ProbeServer:log:53]: CWPROBE S3_SEND trial=5 stamp=1287 local=1175
[19:34:34] [Netty Client IO #0/INFO] [STDOUT]: [com.layue13.clashweave.probe.ProbeServer:log:53]: CWPROBE S2_VELOCITY_RECEIVED x=0.399875 y=0.36075
[19:34:35] [Client thread/INFO] [STDOUT]: [com.layue13.clashweave.probe.ProbeServer:log:53]: CWPROBE S3_SCHEDULE trial=6 lead=1.0 localDue=1204 calibratedOneWayTicks=2.0
[19:34:36] [Client thread/INFO] [STDOUT]: [com.layue13.clashweave.probe.ProbeServer:log:53]: CWPROBE S3_SEND trial=6 stamp=1316 local=1204
[19:34:36] [Netty Client IO #0/INFO] [STDOUT]: [com.layue13.clashweave.probe.ProbeServer:log:53]: CWPROBE S2_VELOCITY_RECEIVED x=0.4 y=0.36075
[19:34:36] [Client thread/INFO] [STDOUT]: [com.layue13.clashweave.probe.ProbeServer:log:53]: CWPROBE S3_SCHEDULE trial=7 lead=2.0 localDue=1232 calibratedOneWayTicks=2.0
[19:34:37] [Client thread/INFO] [STDOUT]: [com.layue13.clashweave.probe.ProbeServer:log:53]: CWPROBE S3_SEND trial=7 stamp=1345 local=1232
[19:34:37] [Netty Client IO #0/INFO] [STDOUT]: [com.layue13.clashweave.probe.ProbeServer:log:53]: CWPROBE S2_VELOCITY_RECEIVED x=0.4 y=-0.22475
[19:34:38] [Client thread/INFO] [STDOUT]: [com.layue13.clashweave.probe.ProbeServer:log:53]: CWPROBE S3_SCHEDULE trial=8 lead=3.0 localDue=1262 calibratedOneWayTicks=2.0
[19:34:38] [Client thread/INFO] [STDOUT]: [com.layue13.clashweave.probe.ProbeServer:log:53]: CWPROBE S3_SEND trial=8 stamp=1374 local=1262
[19:34:39] [Netty Client IO #0/INFO] [STDOUT]: [com.layue13.clashweave.probe.ProbeServer:log:53]: CWPROBE S2_VELOCITY_RECEIVED x=0.41175 y=-0.552125
[19:34:39] [Client thread/INFO] [STDOUT]: [com.layue13.clashweave.probe.ProbeServer:log:53]: CWPROBE S3_SCHEDULE trial=9 lead=4.0 localDue=1290 calibratedOneWayTicks=2.0
[19:34:39] [Netty Client IO #0/INFO] [STDOUT]: [com.layue13.clashweave.probe.ProbeServer:log:53]: CWPROBE S2_VELOCITY_RECEIVED x=0.1 y=-0.078375
[19:34:40] [Client thread/INFO] [STDOUT]: [com.layue13.clashweave.probe.ProbeServer:log:53]: CWPROBE S3_SEND trial=9 stamp=1403 local=1290
[19:34:41] [Client thread/INFO] [STDOUT]: [com.layue13.clashweave.probe.ProbeServer:log:53]: CWPROBE S3_SCHEDULE trial=10 lead=0.0 localDue=1325 calibratedOneWayTicks=2.0
[19:34:42] [Client thread/INFO] [STDOUT]: [com.layue13.clashweave.probe.ProbeServer:log:53]: CWPROBE S3_SEND trial=10 stamp=1437 local=1325
[19:34:42] [Netty Client IO #0/INFO] [STDOUT]: [com.layue13.clashweave.probe.ProbeServer:log:53]: CWPROBE S2_VELOCITY_RECEIVED x=0.399875 y=0.36075
[19:34:42] [Client thread/INFO] [STDOUT]: [com.layue13.clashweave.probe.ProbeServer:log:53]: CWPROBE S3_SCHEDULE trial=11 lead=1.0 localDue=1354 calibratedOneWayTicks=2.0
[19:34:43] [Client thread/INFO] [STDOUT]: [com.layue13.clashweave.probe.ProbeServer:log:53]: CWPROBE S3_SEND trial=11 stamp=1466 local=1354
[19:34:43] [Netty Client IO #0/INFO] [STDOUT]: [com.layue13.clashweave.probe.ProbeServer:log:53]: CWPROBE S2_VELOCITY_RECEIVED x=0.399875 y=0.36075
[19:34:44] [Client thread/INFO] [STDOUT]: [com.layue13.clashweave.probe.ProbeServer:log:53]: CWPROBE S3_SCHEDULE trial=12 lead=2.0 localDue=1382 calibratedOneWayTicks=2.0
[19:34:44] [Client thread/INFO] [STDOUT]: [com.layue13.clashweave.probe.ProbeServer:log:53]: CWPROBE S3_SEND trial=12 stamp=1495 local=1382
[19:34:45] [Netty Client IO #0/INFO] [STDOUT]: [com.layue13.clashweave.probe.ProbeServer:log:53]: CWPROBE S2_VELOCITY_RECEIVED x=0.4 y=0.36075
[19:34:45] [Client thread/INFO] [STDOUT]: [com.layue13.clashweave.probe.ProbeServer:log:53]: CWPROBE S3_SCHEDULE trial=13 lead=3.0 localDue=1411 calibratedOneWayTicks=2.0
[19:34:46] [Client thread/INFO] [STDOUT]: [com.layue13.clashweave.probe.ProbeServer:log:53]: CWPROBE S3_SEND trial=13 stamp=1524 local=1411
[19:34:46] [Netty Client IO #0/INFO] [STDOUT]: [com.layue13.clashweave.probe.ProbeServer:log:53]: CWPROBE S2_VELOCITY_RECEIVED x=0.4 y=0.36075
[19:34:47] [Client thread/INFO] [STDOUT]: [com.layue13.clashweave.probe.ProbeServer:log:53]: CWPROBE S3_SCHEDULE trial=14 lead=4.0 localDue=1441 calibratedOneWayTicks=2.0
[19:34:47] [Client thread/INFO] [STDOUT]: [com.layue13.clashweave.probe.ProbeServer:log:53]: CWPROBE S3_SEND trial=14 stamp=1553 local=1441
[19:34:48] [Netty Client IO #0/INFO] [STDOUT]: [com.layue13.clashweave.probe.ProbeServer:log:53]: CWPROBE S2_VELOCITY_RECEIVED x=0.399875 y=0.36075
[19:34:48] [Client thread/INFO] [STDOUT]: [com.layue13.clashweave.probe.ProbeServer:log:53]: CWPROBE S3_SCHEDULE trial=15 lead=0.0 localDue=1475 calibratedOneWayTicks=2.0
[19:34:49] [Client thread/INFO] [STDOUT]: [com.layue13.clashweave.probe.ProbeServer:log:53]: CWPROBE S3_SEND trial=15 stamp=1587 local=1475
[19:34:49] [Netty Client IO #0/INFO] [STDOUT]: [com.layue13.clashweave.probe.ProbeServer:log:53]: CWPROBE S2_VELOCITY_RECEIVED x=0.399875 y=0.36075
[19:34:50] [Client thread/INFO] [STDOUT]: [com.layue13.clashweave.probe.ProbeServer:log:53]: CWPROBE S3_SCHEDULE trial=16 lead=1.0 localDue=1503 calibratedOneWayTicks=2.0
[19:34:50] [Client thread/INFO] [STDOUT]: [com.layue13.clashweave.probe.ProbeServer:log:53]: CWPROBE S3_SEND trial=16 stamp=1616 local=1503
[19:34:51] [Netty Client IO #0/INFO] [STDOUT]: [com.layue13.clashweave.probe.ProbeServer:log:53]: CWPROBE S2_VELOCITY_RECEIVED x=0.4 y=0.36075
[19:34:51] [Client thread/INFO] [STDOUT]: [com.layue13.clashweave.probe.ProbeServer:log:53]: CWPROBE S3_SCHEDULE trial=17 lead=2.0 localDue=1533 calibratedOneWayTicks=2.0
[19:34:52] [Client thread/INFO] [STDOUT]: [com.layue13.clashweave.probe.ProbeServer:log:53]: CWPROBE S3_SEND trial=17 stamp=1645 local=1533
[19:34:52] [Netty Client IO #0/INFO] [STDOUT]: [com.layue13.clashweave.probe.ProbeServer:log:53]: CWPROBE S2_VELOCITY_RECEIVED x=0.4 y=0.36075
[19:34:53] [Client thread/INFO] [STDOUT]: [com.layue13.clashweave.probe.ProbeServer:log:53]: CWPROBE S3_SCHEDULE trial=18 lead=3.0 localDue=1562 calibratedOneWayTicks=2.0
[19:34:53] [Client thread/INFO] [STDOUT]: [com.layue13.clashweave.probe.ProbeServer:log:53]: CWPROBE S3_SEND trial=18 stamp=1674 local=1562
[19:34:54] [Netty Client IO #0/INFO] [STDOUT]: [com.layue13.clashweave.probe.ProbeServer:log:53]: CWPROBE S2_VELOCITY_RECEIVED x=0.4 y=0.36075
[19:34:54] [Client thread/INFO] [STDOUT]: [com.layue13.clashweave.probe.ProbeServer:log:53]: CWPROBE S3_SCHEDULE trial=19 lead=4.0 localDue=1590 calibratedOneWayTicks=2.0
[19:34:55] [Client thread/INFO] [STDOUT]: [com.layue13.clashweave.probe.ProbeServer:log:53]: CWPROBE S3_SEND trial=19 stamp=1703 local=1590
[19:34:56] [Client thread/INFO] [STDOUT]: [com.layue13.clashweave.probe.ProbeServer:log:53]: CWPROBE S4_START entity=24 instance=1724 localStart=1613
