[19:33:30] [Server thread/INFO] [STDOUT]: [com.layue13.clashweave.probe.ProbeServer:log:53]: CWPROBE S1_START interval=7 unspawnedEntities=true actualVanillaMethods=true
[19:33:30] [Server thread/INFO] [STDOUT]: [com.layue13.clashweave.probe.ProbeServer:log:53]: CWPROBE S1_SEGMENT tick=0 vanilla=true naive=true isolated=true duplicate=false hp=98.0,98.0,98.0
[19:33:30] [Server thread/INFO] [STDOUT]: [com.layue13.clashweave.probe.ProbeServer:log:53]: CWPROBE S1_SEGMENT tick=7 vanilla=false naive=true isolated=true duplicate=false hp=98.0,96.0,96.0
[19:33:30] [Server thread/INFO] [STDOUT]: [com.layue13.clashweave.probe.ProbeServer:log:53]: CWPROBE S1_OTHER tick=8 equalVanillaControl=false naive=true isolated=false hp=96.0,92.0,94.0
[19:33:30] [Server thread/INFO] [STDOUT]: [com.layue13.clashweave.probe.ProbeServer:log:53]: CWPROBE S1_STRONGER control=true isolated=true hp=94.0,92.0
[19:33:30] [Server thread/INFO] [STDOUT]: [com.layue13.clashweave.probe.ProbeServer:log:53]: CWPROBE S1_CANCEL accepted=false hp=100.0 timer=13
[19:33:30] [Server thread/INFO] [STDOUT]: [com.layue13.clashweave.probe.ProbeServer:log:53]: CWPROBE S1_SEGMENT tick=14 vanilla=true naive=true isolated=true duplicate=false hp=96.0,94.0,94.0
[19:33:30] [Server thread/INFO] [STDOUT]: [com.layue13.clashweave.probe.ProbeServer:log:53]: CWPROBE S1_SUMMARY vanillaHp=96.0 naiveHp=94.0 isolatedHp=94.0
[19:33:37] [Server thread/INFO] [STDOUT]: [com.layue13.clashweave.probe.ProbeServer:log:53]: CWPROBE LOGIN name=ProbeB side=DEDICATED_OR_INTEGRATED
[19:33:45] [Server thread/INFO] [STDOUT]: [com.layue13.clashweave.probe.ProbeServer:log:53]: CWPROBE LOGIN name=ProbeA side=DEDICATED_OR_INTEGRATED
[19:33:50] [Server thread/INFO] [STDOUT]: [com.layue13.clashweave.probe.ProbeServer:log:53]: CWPROBE S2_START name=ProbeA lane=open speed=0.4000000059604645 id=414
[19:33:51] [Server thread/INFO] [STDOUT]: [com.layue13.clashweave.probe.ProbeServer:log:53]: CWPROBE S2_SAMPLE name=ProbeA sample=1 valid=true x=0.9000000059604645 z=0.5
[19:33:51] [Server thread/INFO] [STDOUT]: [com.layue13.clashweave.probe.ProbeServer:log:53]: CWPROBE S2_SAMPLE name=ProbeA sample=2 valid=true x=1.300000011920929 z=0.5
[19:33:51] [Server thread/INFO] [STDOUT]: [com.layue13.clashweave.probe.ProbeServer:log:53]: CWPROBE S2_SAMPLE name=ProbeA sample=3 valid=true x=1.7000000178813934 z=0.5
[19:33:51] [Server thread/INFO] [STDOUT]: [com.layue13.clashweave.probe.ProbeServer:log:53]: CWPROBE S2_SAMPLE name=ProbeA sample=4 valid=true x=2.100000023841858 z=0.5
[19:33:51] [Server thread/INFO] [STDOUT]: [com.layue13.clashweave.probe.ProbeServer:log:53]: CWPROBE S2_SAMPLE name=ProbeA sample=5 valid=true x=2.5000000298023224 z=0.5
[19:33:52] [Server thread/INFO] [STDOUT]: [com.layue13.clashweave.probe.ProbeServer:log:53]: CWPROBE S2_END name=ProbeA lane=open speed=0.4000000059604645 valid=5 rejects=0 dx=2.0000000298023224 x=2.5000000298023224 expectedX=2.5000000298023224
[19:33:53] [Server thread/INFO] [STDOUT]: [com.layue13.clashweave.probe.ProbeServer:log:53]: CWPROBE S5_WORLD_FIXTURES peacefulDoor=true engagedDoor=false noToggle=true peacefulChest=true engagedChest=false configClosed=true villagerInteract=false protectedLoss=0.0 unprotectedLoss=2.0 leftBlocked=true passed=true
[19:33:53] [Server thread/INFO] [STDOUT]: [com.layue13.clashweave.probe.ProbeServer:log:53]: CWPROBE S2_START name=ProbeA lane=wall speed=0.800000011920929 id=471
[19:33:54] [Server thread/INFO] [STDOUT]: [com.layue13.clashweave.probe.ProbeServer:log:53]: CWPROBE S2_SAMPLE name=ProbeA sample=1 valid=true x=1.300000011920929 z=4.5
[19:33:54] [Server thread/INFO] [STDOUT]: [com.layue13.clashweave.probe.ProbeServer:log:53]: CWPROBE S2_SAMPLE name=ProbeA sample=2 valid=true x=2.100000023841858 z=4.5
[19:33:54] [Server thread/INFO] [STDOUT]: [com.layue13.clashweave.probe.ProbeServer:log:53]: CWPROBE S2_SAMPLE name=ProbeA sample=3 valid=true x=2.699999988079071 z=4.5
[19:33:54] [Server thread/INFO] [STDOUT]: [com.layue13.clashweave.probe.ProbeServer:log:53]: CWPROBE S2_SAMPLE name=ProbeA sample=4 valid=true x=2.699999988079071 z=4.5
[19:33:54] [Server thread/INFO] [STDOUT]: [com.layue13.clashweave.probe.ProbeServer:log:53]: CWPROBE S2_SAMPLE name=ProbeA sample=5 valid=true x=2.699999988079071 z=4.5
[19:33:55] [Server thread/INFO] [STDOUT]: [com.layue13.clashweave.probe.ProbeServer:log:53]: CWPROBE S2_END name=ProbeA lane=wall speed=0.800000011920929 valid=5 rejects=0 dx=2.199999988079071 x=2.699999988079071 expectedX=2.699999988079071
[19:33:56] [Server thread/INFO] [STDOUT]: [com.layue13.clashweave.probe.ProbeServer:log:53]: CWPROBE S2_START name=ProbeA lane=invalid speed=0.4000000059604645 id=527
[19:33:57] [Server thread/INFO] [STDOUT]: [com.layue13.clashweave.probe.ProbeServer:log:53]: CWPROBE S2_SAMPLE name=ProbeA sample=1 valid=false x=5.5 z=0.5
[19:33:57] [Server thread/INFO] [STDOUT]: [com.layue13.clashweave.probe.ProbeServer:log:53]: CWPROBE S2_SAMPLE name=ProbeA sample=2 valid=false x=5.9000000059604645 z=0.5
[19:33:57] [Server thread/INFO] [STDOUT]: [com.layue13.clashweave.probe.ProbeServer:log:53]: CWPROBE S2_SAMPLE name=ProbeA sample=3 valid=false x=6.300000011920929 z=0.5
[19:33:57] [Server thread/INFO] [STDOUT]: [com.layue13.clashweave.probe.ProbeServer:log:53]: CWPROBE S2_SAMPLE name=ProbeA sample=4 valid=false x=6.700000017881393 z=0.5
[19:33:57] [Server thread/INFO] [STDOUT]: [com.layue13.clashweave.probe.ProbeServer:log:53]: CWPROBE S2_SAMPLE name=ProbeA sample=5 valid=false x=7.100000023841858 z=0.5
[19:33:58] [Server thread/INFO] [STDOUT]: [com.layue13.clashweave.probe.ProbeServer:log:53]: CWPROBE S2_END name=ProbeA lane=invalid speed=0.4000000059604645 valid=0 rejects=5 dx=0.0 x=0.5 expectedX=0.5
[19:33:59] [Server thread/INFO] [STDOUT]: [com.layue13.clashweave.probe.ProbeServer:log:53]: CWPROBE S2_START name=ProbeA lane=open speed=0.800000011920929 id=583
[19:33:59] [Server thread/INFO] [STDOUT]: [com.layue13.clashweave.probe.ProbeServer:log:53]: CWPROBE S2_SAMPLE name=ProbeA sample=1 valid=true x=1.300000011920929 z=0.5
[19:33:59] [Server thread/INFO] [STDOUT]: [com.layue13.clashweave.probe.ProbeServer:log:53]: CWPROBE S2_SAMPLE name=ProbeA sample=2 valid=true x=2.100000023841858 z=0.5
[19:33:59] [Server thread/INFO] [STDOUT]: [com.layue13.clashweave.probe.ProbeServer:log:53]: CWPROBE S2_SAMPLE name=ProbeA sample=3 valid=true x=2.900000035762787 z=0.5
[19:34:00] [Server thread/INFO] [STDOUT]: [com.layue13.clashweave.probe.ProbeServer:log:53]: CWPROBE S2_SAMPLE name=ProbeA sample=4 valid=true x=3.700000047683716 z=0.5
[19:34:00] [Server thread/INFO] [STDOUT]: [com.layue13.clashweave.probe.ProbeServer:log:53]: CWPROBE S2_SAMPLE name=ProbeA sample=5 valid=true x=4.500000059604645 z=0.5
[19:34:01] [Server thread/INFO] [STDOUT]: [com.layue13.clashweave.probe.ProbeServer:log:53]: CWPROBE S2_END name=ProbeA lane=open speed=0.800000011920929 valid=5 rejects=0 dx=4.000000059604645 x=4.500000059604645 expectedX=4.500000059604645
[19:34:02] [Server thread/INFO] [STDOUT]: [com.layue13.clashweave.probe.ProbeServer:log:53]: CWPROBE S2_START name=ProbeA lane=wall speed=0.4000000059604645 id=638
[19:34:02] [Server thread/INFO] [STDOUT]: [com.layue13.clashweave.probe.ProbeServer:log:53]: CWPROBE S2_SAMPLE name=ProbeA sample=1 valid=true x=0.9000000059604645 z=4.5
[19:34:02] [Server thread/INFO] [STDOUT]: [com.layue13.clashweave.probe.ProbeServer:log:53]: CWPROBE S2_SAMPLE name=ProbeA sample=2 valid=true x=1.300000011920929 z=4.5
[19:34:02] [Server thread/INFO] [STDOUT]: [com.layue13.clashweave.probe.ProbeServer:log:53]: CWPROBE S2_SAMPLE name=ProbeA sample=3 valid=true x=1.7000000178813934 z=4.5
[19:34:02] [Server thread/INFO] [STDOUT]: [com.layue13.clashweave.probe.ProbeServer:log:53]: CWPROBE S2_SAMPLE name=ProbeA sample=4 valid=true x=2.100000023841858 z=4.5
[19:34:02] [Server thread/INFO] [STDOUT]: [com.layue13.clashweave.probe.ProbeServer:log:53]: CWPROBE S2_SAMPLE name=ProbeA sample=5 valid=true x=2.5000000298023224 z=4.5
[19:34:04] [Server thread/INFO] [STDOUT]: [com.layue13.clashweave.probe.ProbeServer:log:53]: CWPROBE S2_END name=ProbeA lane=wall speed=0.4000000059604645 valid=5 rejects=0 dx=2.0000000298023224 x=2.5000000298023224 expectedX=2.5000000298023224
[19:34:04] [Server thread/INFO] [STDOUT]: [com.layue13.clashweave.probe.ProbeServer:log:53]: CWPROBE S2_START name=ProbeA lane=invalid speed=0.800000011920929 id=693
[19:34:05] [Server thread/INFO] [STDOUT]: [com.layue13.clashweave.probe.ProbeServer:log:53]: CWPROBE S2_SAMPLE name=ProbeA sample=1 valid=false x=5.5 z=0.5
[19:34:05] [Server thread/INFO] [STDOUT]: [com.layue13.clashweave.probe.ProbeServer:log:53]: CWPROBE S2_SAMPLE name=ProbeA sample=2 valid=false x=6.300000011920929 z=0.5
[19:34:05] [Server thread/INFO] [STDOUT]: [com.layue13.clashweave.probe.ProbeServer:log:53]: CWPROBE S2_SAMPLE name=ProbeA sample=3 valid=false x=7.100000023841858 z=0.5
[19:34:05] [Server thread/INFO] [STDOUT]: [com.layue13.clashweave.probe.ProbeServer:log:53]: CWPROBE S2_SAMPLE name=ProbeA sample=4 valid=false x=7.900000035762787 z=0.5
[19:34:05] [Server thread/INFO] [STDOUT]: [com.layue13.clashweave.probe.ProbeServer:log:53]: CWPROBE S2_SAMPLE name=ProbeA sample=5 valid=false x=8.700000047683716 z=0.5
[19:34:06] [Server thread/INFO] [STDOUT]: [com.layue13.clashweave.probe.ProbeServer:log:53]: CWPROBE S2_END name=ProbeA lane=invalid speed=0.800000011920929 valid=0 rejects=5 dx=0.0 x=0.5 expectedX=0.5
[19:34:07] [Server thread/INFO] [STDOUT]: [com.layue13.clashweave.probe.ProbeServer:log:53]: CWPROBE S2_START name=ProbeA lane=open speed=0.4000000059604645 id=749
[19:34:08] [Server thread/INFO] [STDOUT]: [com.layue13.clashweave.probe.ProbeServer:log:53]: CWPROBE S2_SAMPLE name=ProbeA sample=1 valid=true x=0.9000000059604645 z=0.5
[19:34:08] [Server thread/INFO] [STDOUT]: [com.layue13.clashweave.probe.ProbeServer:log:53]: CWPROBE S2_SAMPLE name=ProbeA sample=2 valid=true x=1.300000011920929 z=0.5
[19:34:08] [Server thread/INFO] [STDOUT]: [com.layue13.clashweave.probe.ProbeServer:log:53]: CWPROBE S2_SAMPLE name=ProbeA sample=3 valid=true x=1.7000000178813934 z=0.5
[19:34:08] [Server thread/INFO] [STDOUT]: [com.layue13.clashweave.probe.ProbeServer:log:53]: CWPROBE S2_SAMPLE name=ProbeA sample=4 valid=true x=2.100000023841858 z=0.5
[19:34:08] [Server thread/INFO] [STDOUT]: [com.layue13.clashweave.probe.ProbeServer:log:53]: CWPROBE S2_SAMPLE name=ProbeA sample=5 valid=true x=2.5000000298023224 z=0.5
[19:34:09] [Server thread/INFO] [STDOUT]: [com.layue13.clashweave.probe.ProbeServer:log:53]: CWPROBE S2_END name=ProbeA lane=open speed=0.4000000059604645 valid=5 rejects=0 dx=2.0000000298023224 x=2.5000000298023224 expectedX=2.5000000298023224
[19:34:10] [Server thread/INFO] [STDOUT]: [com.layue13.clashweave.probe.ProbeServer:log:53]: CWPROBE S2_START name=ProbeA lane=wall speed=0.800000011920929 id=805
[19:34:10] [Server thread/INFO] [STDOUT]: [com.layue13.clashweave.probe.ProbeServer:log:53]: CWPROBE S2_SAMPLE name=ProbeA sample=1 valid=true x=1.300000011920929 z=4.5
[19:34:11] [Server thread/INFO] [STDOUT]: [com.layue13.clashweave.probe.ProbeServer:log:53]: CWPROBE S2_SAMPLE name=ProbeA sample=2 valid=true x=2.100000023841858 z=4.5
[19:34:11] [Server thread/INFO] [STDOUT]: [com.layue13.clashweave.probe.ProbeServer:log:53]: CWPROBE S2_SAMPLE name=ProbeA sample=3 valid=true x=2.699999988079071 z=4.5
[19:34:11] [Server thread/INFO] [STDOUT]: [com.layue13.clashweave.probe.ProbeServer:log:53]: CWPROBE S2_SAMPLE name=ProbeA sample=4 valid=true x=2.699999988079071 z=4.5
[19:34:11] [Server thread/INFO] [STDOUT]: [com.layue13.clashweave.probe.ProbeServer:log:53]: CWPROBE S2_SAMPLE name=ProbeA sample=5 valid=true x=2.699999988079071 z=4.5
[19:34:12] [Server thread/INFO] [STDOUT]: [com.layue13.clashweave.probe.ProbeServer:log:53]: CWPROBE S2_END name=ProbeA lane=wall speed=0.800000011920929 valid=5 rejects=0 dx=2.199999988079071 x=2.699999988079071 expectedX=2.699999988079071
[19:34:13] [Server thread/INFO] [STDOUT]: [com.layue13.clashweave.probe.ProbeServer:log:53]: CWPROBE S2_START name=ProbeA lane=invalid speed=0.4000000059604645 id=861
[19:34:13] [Server thread/INFO] [STDOUT]: [com.layue13.clashweave.probe.ProbeServer:log:53]: CWPROBE S2_SAMPLE name=ProbeA sample=1 valid=false x=5.5 z=0.5
[19:34:13] [Server thread/INFO] [STDOUT]: [com.layue13.clashweave.probe.ProbeServer:log:53]: CWPROBE S2_SAMPLE name=ProbeA sample=2 valid=false x=5.9000000059604645 z=0.5
[19:34:13] [Server thread/INFO] [STDOUT]: [com.layue13.clashweave.probe.ProbeServer:log:53]: CWPROBE S2_SAMPLE name=ProbeA sample=3 valid=false x=6.300000011920929 z=0.5
[19:34:13] [Server thread/INFO] [STDOUT]: [com.layue13.clashweave.probe.ProbeServer:log:53]: CWPROBE S2_SAMPLE name=ProbeA sample=4 valid=false x=6.700000017881393 z=0.5
[19:34:13] [Server thread/INFO] [STDOUT]: [com.layue13.clashweave.probe.ProbeServer:log:53]: CWPROBE S2_SAMPLE name=ProbeA sample=5 valid=false x=7.100000023841858 z=0.5
[19:34:15] [Server thread/INFO] [STDOUT]: [com.layue13.clashweave.probe.ProbeServer:log:53]: CWPROBE S2_END name=ProbeA lane=invalid speed=0.4000000059604645 valid=0 rejects=5 dx=0.0 x=0.5 expectedX=0.5
[19:34:16] [Server thread/INFO] [STDOUT]: [com.layue13.clashweave.probe.ProbeServer:log:53]: CWPROBE S2_START name=ProbeA lane=open speed=0.800000011920929 id=919
[19:34:16] [Server thread/INFO] [STDOUT]: [com.layue13.clashweave.probe.ProbeServer:log:53]: CWPROBE S2_SAMPLE name=ProbeA sample=1 valid=true x=1.300000011920929 z=0.5
[19:34:16] [Server thread/INFO] [STDOUT]: [com.layue13.clashweave.probe.ProbeServer:log:53]: CWPROBE S2_SAMPLE name=ProbeA sample=2 valid=true x=2.100000023841858 z=0.5
[19:34:16] [Server thread/INFO] [STDOUT]: [com.layue13.clashweave.probe.ProbeServer:log:53]: CWPROBE S2_SAMPLE name=ProbeA sample=3 valid=true x=2.900000035762787 z=0.5
[19:34:16] [Server thread/INFO] [STDOUT]: [com.layue13.clashweave.probe.ProbeServer:log:53]: CWPROBE S2_SAMPLE name=ProbeA sample=4 valid=true x=3.700000047683716 z=0.5
[19:34:16] [Server thread/INFO] [STDOUT]: [com.layue13.clashweave.probe.ProbeServer:log:53]: CWPROBE S2_SAMPLE name=ProbeA sample=5 valid=true x=4.500000059604645 z=0.5
[19:34:18] [Server thread/INFO] [STDOUT]: [com.layue13.clashweave.probe.ProbeServer:log:53]: CWPROBE S2_END name=ProbeA lane=open speed=0.800000011920929 valid=5 rejects=0 dx=4.000000059604645 x=4.500000059604645 expectedX=4.500000059604645
[19:34:18] [Server thread/INFO] [STDOUT]: [com.layue13.clashweave.probe.ProbeServer:log:53]: CWPROBE S2_START name=ProbeA lane=wall speed=0.4000000059604645 id=975
[19:34:19] [Server thread/INFO] [STDOUT]: [com.layue13.clashweave.probe.ProbeServer:log:53]: CWPROBE S2_SAMPLE name=ProbeA sample=1 valid=true x=0.9000000059604645 z=4.5
[19:34:19] [Server thread/INFO] [STDOUT]: [com.layue13.clashweave.probe.ProbeServer:log:53]: CWPROBE S2_SAMPLE name=ProbeA sample=2 valid=true x=1.300000011920929 z=4.5
[19:34:19] [Server thread/INFO] [STDOUT]: [com.layue13.clashweave.probe.ProbeServer:log:53]: CWPROBE S2_SAMPLE name=ProbeA sample=3 valid=true x=1.7000000178813934 z=4.5
[19:34:19] [Server thread/INFO] [STDOUT]: [com.layue13.clashweave.probe.ProbeServer:log:53]: CWPROBE S2_SAMPLE name=ProbeA sample=4 valid=true x=2.100000023841858 z=4.5
[19:34:19] [Server thread/INFO] [STDOUT]: [com.layue13.clashweave.probe.ProbeServer:log:53]: CWPROBE S2_SAMPLE name=ProbeA sample=5 valid=true x=2.5000000298023224 z=4.5
[19:34:20] [Server thread/INFO] [STDOUT]: [com.layue13.clashweave.probe.ProbeServer:log:53]: CWPROBE S2_END name=ProbeA lane=wall speed=0.4000000059604645 valid=5 rejects=0 dx=2.0000000298023224 x=2.5000000298023224 expectedX=2.5000000298023224
[19:34:21] [Server thread/INFO] [STDOUT]: [com.layue13.clashweave.probe.ProbeServer:log:53]: CWPROBE S2_START name=ProbeA lane=invalid speed=0.800000011920929 id=1031
[19:34:22] [Server thread/INFO] [STDOUT]: [com.layue13.clashweave.probe.ProbeServer:log:53]: CWPROBE S2_SAMPLE name=ProbeA sample=1 valid=false x=5.5 z=0.5
[19:34:22] [Server thread/INFO] [STDOUT]: [com.layue13.clashweave.probe.ProbeServer:log:53]: CWPROBE S2_SAMPLE name=ProbeA sample=2 valid=false x=6.300000011920929 z=0.5
[19:34:22] [Server thread/INFO] [STDOUT]: [com.layue13.clashweave.probe.ProbeServer:log:53]: CWPROBE S2_SAMPLE name=ProbeA sample=3 valid=false x=7.100000023841858 z=0.5
[19:34:22] [Server thread/INFO] [STDOUT]: [com.layue13.clashweave.probe.ProbeServer:log:53]: CWPROBE S2_SAMPLE name=ProbeA sample=4 valid=false x=7.900000035762787 z=0.5
[19:34:22] [Server thread/INFO] [STDOUT]: [com.layue13.clashweave.probe.ProbeServer:log:53]: CWPROBE S2_SAMPLE name=ProbeA sample=5 valid=false x=8.700000047683716 z=0.5
[19:34:23] [Server thread/INFO] [STDOUT]: [com.layue13.clashweave.probe.ProbeServer:log:53]: CWPROBE S2_END name=ProbeA lane=invalid speed=0.800000011920929 valid=0 rejects=5 dx=0.0 x=0.5 expectedX=0.5
[19:34:23] [Server thread/INFO] [STDOUT]: [com.layue13.clashweave.probe.ProbeServer:log:53]: CWPROBE S2_VELOCITY_SENT x=0.4 y=0.25 origin=SERVER
[19:34:26] [Server thread/INFO] [STDOUT]: [com.layue13.clashweave.probe.ProbeServer:log:53]: CWPROBE S3_IMPACT trial=0 lead=0 tick=1137 press=null parry=false damage=1.0
[19:34:27] [Server thread/INFO] [STDOUT]: [com.layue13.clashweave.probe.ProbeServer:log:53]: CWPROBE S3_INPUT name=ProbeB seq=1 stamp=1137 arrival=1141 age=4 accepted=true
[19:34:28] [Server thread/INFO] [STDOUT]: [com.layue13.clashweave.probe.ProbeServer:log:53]: CWPROBE S3_IMPACT trial=1 lead=1 tick=1167 press=null parry=false damage=1.0
[19:34:28] [Server thread/INFO] [STDOUT]: [com.layue13.clashweave.probe.ProbeServer:log:53]: CWPROBE S3_INPUT name=ProbeB seq=2 stamp=1166 arrival=1171 age=5 accepted=false
[19:34:29] [Server thread/INFO] [STDOUT]: [com.layue13.clashweave.probe.ProbeServer:log:53]: CWPROBE S3_IMPACT trial=2 lead=2 tick=1197 press=null parry=false damage=1.0
[19:34:30] [Server thread/INFO] [STDOUT]: [com.layue13.clashweave.probe.ProbeServer:log:53]: CWPROBE S3_INPUT name=ProbeB seq=3 stamp=1195 arrival=1199 age=4 accepted=true
[19:34:31] [Server thread/INFO] [STDOUT]: [com.layue13.clashweave.probe.ProbeServer:log:53]: CWPROBE S3_IMPACT trial=3 lead=3 tick=1227 press=null parry=false damage=1.0
[19:34:31] [Server thread/INFO] [STDOUT]: [com.layue13.clashweave.probe.ProbeServer:log:53]: CWPROBE S3_INPUT name=ProbeB seq=4 stamp=1224 arrival=1229 age=5 accepted=false
[19:34:32] [Server thread/INFO] [STDOUT]: [com.layue13.clashweave.probe.ProbeServer:log:53]: CWPROBE S3_IMPACT trial=4 lead=4 tick=1257 press=null parry=false damage=1.0
[19:34:33] [Server thread/INFO] [STDOUT]: [com.layue13.clashweave.probe.ProbeServer:log:53]: CWPROBE S3_INPUT name=ProbeB seq=5 stamp=1253 arrival=1258 age=5 accepted=false
[19:34:34] [Server thread/INFO] [STDOUT]: [com.layue13.clashweave.probe.ProbeServer:log:53]: CWPROBE S3_IMPACT trial=5 lead=0 tick=1287 press=null parry=false damage=1.0
[19:34:34] [Server thread/INFO] [STDOUT]: [com.layue13.clashweave.probe.ProbeServer:log:53]: CWPROBE S3_INPUT name=ProbeB seq=6 stamp=1287 arrival=1292 age=5 accepted=false
[19:34:35] [Server thread/INFO] [STDOUT]: [com.layue13.clashweave.probe.ProbeServer:log:53]: CWPROBE S3_IMPACT trial=6 lead=1 tick=1317 press=null parry=false damage=1.0
[19:34:36] [Server thread/INFO] [STDOUT]: [com.layue13.clashweave.probe.ProbeServer:log:53]: CWPROBE S3_INPUT name=ProbeB seq=7 stamp=1316 arrival=1321 age=5 accepted=false
[19:34:37] [Server thread/INFO] [STDOUT]: [com.layue13.clashweave.probe.ProbeServer:log:53]: CWPROBE S3_IMPACT trial=7 lead=2 tick=1347 press=null parry=false damage=1.0
[19:34:37] [Server thread/INFO] [STDOUT]: [com.layue13.clashweave.probe.ProbeServer:log:53]: CWPROBE S3_INPUT name=ProbeB seq=8 stamp=1345 arrival=1349 age=4 accepted=true
[19:34:38] [Server thread/INFO] [STDOUT]: [com.layue13.clashweave.probe.ProbeServer:log:53]: CWPROBE S3_IMPACT trial=8 lead=3 tick=1377 press=null parry=false damage=1.0
[19:34:39] [Server thread/INFO] [STDOUT]: [com.layue13.clashweave.probe.ProbeServer:log:53]: CWPROBE S3_INPUT name=ProbeB seq=9 stamp=1374 arrival=1379 age=5 accepted=false
[19:34:40] [Server thread/INFO] [STDOUT]: [com.layue13.clashweave.probe.ProbeServer:log:53]: CWPROBE S3_INPUT name=ProbeB seq=10 stamp=1403 arrival=1406 age=3 accepted=true
[19:34:40] [Server thread/INFO] [STDOUT]: [com.layue13.clashweave.probe.ProbeServer:log:53]: CWPROBE S3_IMPACT trial=9 lead=4 tick=1407 press=1403 parry=true damage=0.0
[19:34:41] [Server thread/INFO] [STDOUT]: [com.layue13.clashweave.probe.ProbeServer:log:53]: CWPROBE S3_IMPACT trial=10 lead=0 tick=1437 press=null parry=false damage=1.0
[19:34:42] [Server thread/INFO] [STDOUT]: [com.layue13.clashweave.probe.ProbeServer:log:53]: CWPROBE S3_INPUT name=ProbeB seq=11 stamp=1437 arrival=1442 age=5 accepted=false
[19:34:43] [Server thread/INFO] [STDOUT]: [com.layue13.clashweave.probe.ProbeServer:log:53]: CWPROBE S3_IMPACT trial=11 lead=1 tick=1467 press=null parry=false damage=1.0
[19:34:43] [Server thread/INFO] [STDOUT]: [com.layue13.clashweave.probe.ProbeServer:log:53]: CWPROBE S3_INPUT name=ProbeB seq=12 stamp=1466 arrival=1471 age=5 accepted=false
[19:34:44] [Server thread/INFO] [STDOUT]: [com.layue13.clashweave.probe.ProbeServer:log:53]: CWPROBE S3_IMPACT trial=12 lead=2 tick=1497 press=null parry=false damage=1.0
[19:34:45] [Server thread/INFO] [STDOUT]: [com.layue13.clashweave.probe.ProbeServer:log:53]: CWPROBE S3_INPUT name=ProbeB seq=13 stamp=1495 arrival=1499 age=4 accepted=true
[19:34:46] [Server thread/INFO] [STDOUT]: [com.layue13.clashweave.probe.ProbeServer:log:53]: CWPROBE S3_IMPACT trial=13 lead=3 tick=1527 press=null parry=false damage=1.0
[19:34:46] [Server thread/INFO] [STDOUT]: [com.layue13.clashweave.probe.ProbeServer:log:53]: CWPROBE S3_INPUT name=ProbeB seq=14 stamp=1524 arrival=1528 age=4 accepted=true
[19:34:47] [Server thread/INFO] [STDOUT]: [com.layue13.clashweave.probe.ProbeServer:log:53]: CWPROBE S3_IMPACT trial=14 lead=4 tick=1557 press=null parry=false damage=1.0
[19:34:48] [Server thread/INFO] [STDOUT]: [com.layue13.clashweave.probe.ProbeServer:log:53]: CWPROBE S3_INPUT name=ProbeB seq=15 stamp=1553 arrival=1558 age=5 accepted=false
[19:34:49] [Server thread/INFO] [STDOUT]: [com.layue13.clashweave.probe.ProbeServer:log:53]: CWPROBE S3_IMPACT trial=15 lead=0 tick=1587 press=null parry=false damage=1.0
[19:34:49] [Server thread/INFO] [STDOUT]: [com.layue13.clashweave.probe.ProbeServer:log:53]: CWPROBE S3_INPUT name=ProbeB seq=16 stamp=1587 arrival=1592 age=5 accepted=false
[19:34:50] [Server thread/INFO] [STDOUT]: [com.layue13.clashweave.probe.ProbeServer:log:53]: CWPROBE S3_IMPACT trial=16 lead=1 tick=1617 press=null parry=false damage=1.0
[19:34:51] [Server thread/INFO] [STDOUT]: [com.layue13.clashweave.probe.ProbeServer:log:53]: CWPROBE S3_INPUT name=ProbeB seq=17 stamp=1616 arrival=1620 age=4 accepted=true
[19:34:52] [Server thread/INFO] [STDOUT]: [com.layue13.clashweave.probe.ProbeServer:log:53]: CWPROBE S3_IMPACT trial=17 lead=2 tick=1647 press=null parry=false damage=1.0
[19:34:52] [Server thread/INFO] [STDOUT]: [com.layue13.clashweave.probe.ProbeServer:log:53]: CWPROBE S3_INPUT name=ProbeB seq=18 stamp=1645 arrival=1650 age=5 accepted=false
[19:34:53] [Server thread/INFO] [STDOUT]: [com.layue13.clashweave.probe.ProbeServer:log:53]: CWPROBE S3_IMPACT trial=18 lead=3 tick=1677 press=null parry=false damage=1.0
[19:34:54] [Server thread/INFO] [STDOUT]: [com.layue13.clashweave.probe.ProbeServer:log:53]: CWPROBE S3_INPUT name=ProbeB seq=19 stamp=1674 arrival=1679 age=5 accepted=false
[19:34:55] [Server thread/INFO] [STDOUT]: [com.layue13.clashweave.probe.ProbeServer:log:53]: CWPROBE S3_INPUT name=ProbeB seq=20 stamp=1703 arrival=1706 age=3 accepted=true
[19:34:55] [Server thread/INFO] [STDOUT]: [com.layue13.clashweave.probe.ProbeServer:log:53]: CWPROBE S3_IMPACT trial=19 lead=4 tick=1707 press=1703 parry=true damage=0.0
[19:34:55] [Server thread/INFO] [STDOUT]: [com.layue13.clashweave.probe.ProbeServer:log:53]: CWPROBE S3_SUMMARY success=2 total=20 window=5 cap=4 worldRollback=false lateUndo=false
[19:33:42] [Client thread/INFO] [STDOUT]: [com.layue13.clashweave.probe.ProbeServer:log:53]: CWPROBE S4_IMPORT loader=AdvancedModelLoader format=OBJ texture=PNG units=blocks up=Y origin=grip
[19:33:49] [Client thread/INFO] [STDOUT]: [com.layue13.clashweave.probe.ProbeServer:log:53]: CWPROBE S5_CHECK peace sneaks at 0.3 passed=true
[19:33:49] [Client thread/INFO] [STDOUT]: [com.layue13.clashweave.probe.ProbeServer:log:53]: CWPROBE S5_CHECK engage restores movement and jump passed=true
[19:33:49] [Client thread/INFO] [STDOUT]: [com.layue13.clashweave.probe.ProbeServer:log:53]: CWPROBE S5_CHECK held Shift on engagement creates no press passed=true
[19:33:49] [Client thread/INFO] [STDOUT]: [com.layue13.clashweave.probe.ProbeServer:log:53]: CWPROBE S5_CHECK real rising edge creates press passed=true
[19:33:49] [Client thread/INFO] [STDOUT]: [com.layue13.clashweave.probe.ProbeServer:log:53]: CWPROBE S5_CHECK hold creates no repeat passed=true
[19:33:49] [Client thread/INFO] [STDOUT]: [com.layue13.clashweave.probe.ProbeServer:log:53]: CWPROBE S5_CHECK GUI close while held creates no press passed=true
[19:33:49] [Client thread/INFO] [STDOUT]: [com.layue13.clashweave.probe.ProbeServer:log:53]: CWPROBE S5_CHECK equip while held creates no press passed=true
[19:33:49] [Client thread/INFO] [STDOUT]: [com.layue13.clashweave.probe.ProbeServer:log:53]: CWPROBE S5_CHECK release then press survives transitions passed=true
[19:33:49] [Client thread/INFO] [STDOUT]: [com.layue13.clashweave.probe.ProbeServer:log:53]: CWPROBE S5_CHECK peace mapping restored passed=true
[19:33:49] [Client thread/INFO] [STDOUT]: [com.layue13.clashweave.probe.ProbeServer:log:53]: CWPROBE S5_CHECK exactly two genuine presses passed=true
[19:33:49] [Client thread/INFO] [STDOUT]: [com.layue13.clashweave.probe.ProbeServer:log:53]: CWPROBE S5_REPLAY assertions=10 presses=2 releases=4 passed=true provider=MovementInputFromOptions
[19:33:51] [Client thread/INFO] [STDOUT]: [com.layue13.clashweave.probe.ProbeServer:log:53]: CWPROBE S2_PREDICT sample=1 x=0.9000000059604645
[19:33:51] [Client thread/INFO] [STDOUT]: [com.layue13.clashweave.probe.ProbeServer:log:53]: CWPROBE S2_PREDICT sample=2 x=1.300000011920929
[19:33:51] [Client thread/INFO] [STDOUT]: [com.layue13.clashweave.probe.ProbeServer:log:53]: CWPROBE S2_PREDICT sample=3 x=1.7000000178813934
[19:33:51] [Client thread/INFO] [STDOUT]: [com.layue13.clashweave.probe.ProbeServer:log:53]: CWPROBE S2_PREDICT sample=4 x=2.100000023841858
[19:33:51] [Client thread/INFO] [STDOUT]: [com.layue13.clashweave.probe.ProbeServer:log:53]: CWPROBE S2_PREDICT sample=5 x=2.5000000298023224
[19:33:53] [Client thread/INFO] [STDOUT]: [com.layue13.clashweave.probe.ProbeServer:log:53]: CWPROBE S2_RESULT trial=0 predicted=2.5000000298023224 server=2.5000000298023224 validated=2.5000000298023224 delta=0.0 rejects=0 S08=0 postMotionS08=0
[19:33:54] [Client thread/INFO] [STDOUT]: [com.layue13.clashweave.probe.ProbeServer:log:53]: CWPROBE S2_PREDICT sample=1 x=1.300000011920929
[19:33:54] [Client thread/INFO] [STDOUT]: [com.layue13.clashweave.probe.ProbeServer:log:53]: CWPROBE S2_PREDICT sample=2 x=2.100000023841858
[19:33:54] [Client thread/INFO] [STDOUT]: [com.layue13.clashweave.probe.ProbeServer:log:53]: CWPROBE S2_PREDICT sample=3 x=2.699999988079071
[19:33:54] [Client thread/INFO] [STDOUT]: [com.layue13.clashweave.probe.ProbeServer:log:53]: CWPROBE S2_PREDICT sample=4 x=2.699999988079071
[19:33:54] [Client thread/INFO] [STDOUT]: [com.layue13.clashweave.probe.ProbeServer:log:53]: CWPROBE S2_PREDICT sample=5 x=2.699999988079071
[19:33:55] [Client thread/INFO] [STDOUT]: [com.layue13.clashweave.probe.ProbeServer:log:53]: CWPROBE S2_RESULT trial=1 predicted=2.699999988079071 server=2.699999988079071 validated=2.699999988079071 delta=0.0 rejects=0 S08=0 postMotionS08=0
[19:33:56] [Client thread/INFO] [STDOUT]: [com.layue13.clashweave.probe.ProbeServer:log:53]: CWPROBE S2_PREDICT sample=1 x=5.5
[19:33:56] [Client thread/INFO] [STDOUT]: [com.layue13.clashweave.probe.ProbeServer:log:53]: CWPROBE S2_PREDICT sample=2 x=5.9000000059604645
[19:33:57] [Client thread/INFO] [STDOUT]: [com.layue13.clashweave.probe.ProbeServer:log:53]: CWPROBE S2_PREDICT sample=3 x=6.300000011920929
[19:33:57] [Client thread/INFO] [STDOUT]: [com.layue13.clashweave.probe.ProbeServer:log:53]: CWPROBE S2_PREDICT sample=4 x=6.700000017881393
[19:33:57] [Client thread/INFO] [STDOUT]: [com.layue13.clashweave.probe.ProbeServer:log:53]: CWPROBE S2_PREDICT sample=5 x=7.100000023841858
[19:33:58] [Client thread/INFO] [STDOUT]: [com.layue13.clashweave.probe.ProbeServer:log:53]: CWPROBE S2_RESULT trial=2 predicted=7.100000023841858 server=0.5 validated=0.5 delta=6.600000023841858 rejects=5 S08=5 postMotionS08=5
[19:33:59] [Client thread/INFO] [STDOUT]: [com.layue13.clashweave.probe.ProbeServer:log:53]: CWPROBE S2_PREDICT sample=1 x=1.300000011920929
[19:33:59] [Client thread/INFO] [STDOUT]: [com.layue13.clashweave.probe.ProbeServer:log:53]: CWPROBE S2_PREDICT sample=2 x=2.100000023841858
[19:33:59] [Client thread/INFO] [STDOUT]: [com.layue13.clashweave.probe.ProbeServer:log:53]: CWPROBE S2_PREDICT sample=3 x=2.900000035762787
[19:33:59] [Client thread/INFO] [STDOUT]: [com.layue13.clashweave.probe.ProbeServer:log:53]: CWPROBE S2_PREDICT sample=4 x=3.700000047683716
[19:33:59] [Client thread/INFO] [STDOUT]: [com.layue13.clashweave.probe.ProbeServer:log:53]: CWPROBE S2_PREDICT sample=5 x=4.500000059604645
[19:34:01] [Client thread/INFO] [STDOUT]: [com.layue13.clashweave.probe.ProbeServer:log:53]: CWPROBE S2_RESULT trial=3 predicted=4.500000059604645 server=4.500000059604645 validated=4.500000059604645 delta=0.0 rejects=0 S08=0 postMotionS08=0
[19:34:02] [Client thread/INFO] [STDOUT]: [com.layue13.clashweave.probe.ProbeServer:log:53]: CWPROBE S2_PREDICT sample=1 x=0.9000000059604645
[19:34:02] [Client thread/INFO] [STDOUT]: [com.layue13.clashweave.probe.ProbeServer:log:53]: CWPROBE S2_PREDICT sample=2 x=1.300000011920929
[19:34:02] [Client thread/INFO] [STDOUT]: [com.layue13.clashweave.probe.ProbeServer:log:53]: CWPROBE S2_PREDICT sample=3 x=1.7000000178813934
[19:34:02] [Client thread/INFO] [STDOUT]: [com.layue13.clashweave.probe.ProbeServer:log:53]: CWPROBE S2_PREDICT sample=4 x=2.100000023841858
[19:34:02] [Client thread/INFO] [STDOUT]: [com.layue13.clashweave.probe.ProbeServer:log:53]: CWPROBE S2_PREDICT sample=5 x=2.5000000298023224
[19:34:04] [Client thread/INFO] [STDOUT]: [com.layue13.clashweave.probe.ProbeServer:log:53]: CWPROBE S2_RESULT trial=4 predicted=2.5000000298023224 server=2.5000000298023224 validated=2.5000000298023224 delta=0.0 rejects=0 S08=0 postMotionS08=0
[19:34:05] [Client thread/INFO] [STDOUT]: [com.layue13.clashweave.probe.ProbeServer:log:53]: CWPROBE S2_PREDICT sample=1 x=5.5
[19:34:05] [Client thread/INFO] [STDOUT]: [com.layue13.clashweave.probe.ProbeServer:log:53]: CWPROBE S2_PREDICT sample=2 x=6.300000011920929
[19:34:05] [Client thread/INFO] [STDOUT]: [com.layue13.clashweave.probe.ProbeServer:log:53]: CWPROBE S2_PREDICT sample=3 x=7.100000023841858
[19:34:05] [Client thread/INFO] [STDOUT]: [com.layue13.clashweave.probe.ProbeServer:log:53]: CWPROBE S2_PREDICT sample=4 x=7.900000035762787
[19:34:05] [Client thread/INFO] [STDOUT]: [com.layue13.clashweave.probe.ProbeServer:log:53]: CWPROBE S2_PREDICT sample=5 x=8.700000047683716
[19:34:06] [Client thread/INFO] [STDOUT]: [com.layue13.clashweave.probe.ProbeServer:log:53]: CWPROBE S2_RESULT trial=5 predicted=8.700000047683716 server=0.5 validated=0.5 delta=8.200000047683716 rejects=5 S08=6 postMotionS08=5
[19:34:08] [Client thread/INFO] [STDOUT]: [com.layue13.clashweave.probe.ProbeServer:log:53]: CWPROBE S2_PREDICT sample=1 x=0.9000000059604645
[19:34:08] [Client thread/INFO] [STDOUT]: [com.layue13.clashweave.probe.ProbeServer:log:53]: CWPROBE S2_PREDICT sample=2 x=1.300000011920929
[19:34:08] [Client thread/INFO] [STDOUT]: [com.layue13.clashweave.probe.ProbeServer:log:53]: CWPROBE S2_PREDICT sample=3 x=1.7000000178813934
[19:34:08] [Client thread/INFO] [STDOUT]: [com.layue13.clashweave.probe.ProbeServer:log:53]: CWPROBE S2_PREDICT sample=4 x=2.100000023841858
[19:34:08] [Client thread/INFO] [STDOUT]: [com.layue13.clashweave.probe.ProbeServer:log:53]: CWPROBE S2_PREDICT sample=5 x=2.5000000298023224
[19:34:09] [Client thread/INFO] [STDOUT]: [com.layue13.clashweave.probe.ProbeServer:log:53]: CWPROBE S2_RESULT trial=6 predicted=2.5000000298023224 server=2.5000000298023224 validated=2.5000000298023224 delta=0.0 rejects=0 S08=0 postMotionS08=0
[19:34:10] [Client thread/INFO] [STDOUT]: [com.layue13.clashweave.probe.ProbeServer:log:53]: CWPROBE S2_PREDICT sample=1 x=1.300000011920929
[19:34:10] [Client thread/INFO] [STDOUT]: [com.layue13.clashweave.probe.ProbeServer:log:53]: CWPROBE S2_PREDICT sample=2 x=2.100000023841858
[19:34:10] [Client thread/INFO] [STDOUT]: [com.layue13.clashweave.probe.ProbeServer:log:53]: CWPROBE S2_PREDICT sample=3 x=2.699999988079071
[19:34:10] [Client thread/INFO] [STDOUT]: [com.layue13.clashweave.probe.ProbeServer:log:53]: CWPROBE S2_PREDICT sample=4 x=2.699999988079071
[19:34:11] [Client thread/INFO] [STDOUT]: [com.layue13.clashweave.probe.ProbeServer:log:53]: CWPROBE S2_PREDICT sample=5 x=2.699999988079071
[19:34:12] [Client thread/INFO] [STDOUT]: [com.layue13.clashweave.probe.ProbeServer:log:53]: CWPROBE S2_RESULT trial=7 predicted=2.699999988079071 server=2.699999988079071 validated=2.699999988079071 delta=0.0 rejects=0 S08=0 postMotionS08=0
[19:34:13] [Client thread/INFO] [STDOUT]: [com.layue13.clashweave.probe.ProbeServer:log:53]: CWPROBE S2_PREDICT sample=1 x=5.5
[19:34:13] [Client thread/INFO] [STDOUT]: [com.layue13.clashweave.probe.ProbeServer:log:53]: CWPROBE S2_PREDICT sample=2 x=5.9000000059604645
[19:34:13] [Client thread/INFO] [STDOUT]: [com.layue13.clashweave.probe.ProbeServer:log:53]: CWPROBE S2_PREDICT sample=3 x=6.300000011920929
[19:34:13] [Client thread/INFO] [STDOUT]: [com.layue13.clashweave.probe.ProbeServer:log:53]: CWPROBE S2_PREDICT sample=4 x=6.700000017881393
[19:34:13] [Client thread/INFO] [STDOUT]: [com.layue13.clashweave.probe.ProbeServer:log:53]: CWPROBE S2_PREDICT sample=5 x=7.100000023841858
[19:34:15] [Client thread/INFO] [STDOUT]: [com.layue13.clashweave.probe.ProbeServer:log:53]: CWPROBE S2_RESULT trial=8 predicted=7.100000023841858 server=0.5 validated=0.5 delta=6.600000023841858 rejects=5 S08=5 postMotionS08=5
[19:34:16] [Client thread/INFO] [STDOUT]: [com.layue13.clashweave.probe.ProbeServer:log:53]: CWPROBE S2_PREDICT sample=1 x=1.300000011920929
[19:34:16] [Client thread/INFO] [STDOUT]: [com.layue13.clashweave.probe.ProbeServer:log:53]: CWPROBE S2_PREDICT sample=2 x=2.100000023841858
[19:34:16] [Client thread/INFO] [STDOUT]: [com.layue13.clashweave.probe.ProbeServer:log:53]: CWPROBE S2_PREDICT sample=3 x=2.900000035762787
[19:34:16] [Client thread/INFO] [STDOUT]: [com.layue13.clashweave.probe.ProbeServer:log:53]: CWPROBE S2_PREDICT sample=4 x=3.700000047683716
[19:34:16] [Client thread/INFO] [STDOUT]: [com.layue13.clashweave.probe.ProbeServer:log:53]: CWPROBE S2_PREDICT sample=5 x=4.500000059604645
[19:34:18] [Client thread/INFO] [STDOUT]: [com.layue13.clashweave.probe.ProbeServer:log:53]: CWPROBE S2_RESULT trial=9 predicted=4.500000059604645 server=4.500000059604645 validated=4.500000059604645 delta=0.0 rejects=0 S08=0 postMotionS08=0
[19:34:19] [Client thread/INFO] [STDOUT]: [com.layue13.clashweave.probe.ProbeServer:log:53]: CWPROBE S2_PREDICT sample=1 x=0.9000000059604645
[19:34:19] [Client thread/INFO] [STDOUT]: [com.layue13.clashweave.probe.ProbeServer:log:53]: CWPROBE S2_PREDICT sample=2 x=1.300000011920929
[19:34:19] [Client thread/INFO] [STDOUT]: [com.layue13.clashweave.probe.ProbeServer:log:53]: CWPROBE S2_PREDICT sample=3 x=1.7000000178813934
[19:34:19] [Client thread/INFO] [STDOUT]: [com.layue13.clashweave.probe.ProbeServer:log:53]: CWPROBE S2_PREDICT sample=4 x=2.100000023841858
[19:34:19] [Client thread/INFO] [STDOUT]: [com.layue13.clashweave.probe.ProbeServer:log:53]: CWPROBE S2_PREDICT sample=5 x=2.5000000298023224
[19:34:21] [Client thread/INFO] [STDOUT]: [com.layue13.clashweave.probe.ProbeServer:log:53]: CWPROBE S2_RESULT trial=10 predicted=2.5000000298023224 server=2.5000000298023224 validated=2.5000000298023224 delta=0.0 rejects=0 S08=0 postMotionS08=0
[19:34:22] [Client thread/INFO] [STDOUT]: [com.layue13.clashweave.probe.ProbeServer:log:53]: CWPROBE S2_PREDICT sample=1 x=5.5
[19:34:22] [Client thread/INFO] [STDOUT]: [com.layue13.clashweave.probe.ProbeServer:log:53]: CWPROBE S2_PREDICT sample=2 x=6.300000011920929
[19:34:22] [Client thread/INFO] [STDOUT]: [com.layue13.clashweave.probe.ProbeServer:log:53]: CWPROBE S2_PREDICT sample=3 x=7.100000023841858
[19:34:22] [Client thread/INFO] [STDOUT]: [com.layue13.clashweave.probe.ProbeServer:log:53]: CWPROBE S2_PREDICT sample=4 x=7.900000035762787
[19:34:22] [Client thread/INFO] [STDOUT]: [com.layue13.clashweave.probe.ProbeServer:log:53]: CWPROBE S2_PREDICT sample=5 x=8.700000047683716
[19:34:23] [Client thread/INFO] [STDOUT]: [com.layue13.clashweave.probe.ProbeServer:log:53]: CWPROBE S2_RESULT trial=11 predicted=8.700000047683716 server=0.5 validated=0.5 delta=8.200000047683716 rejects=5 S08=5 postMotionS08=5
[19:34:24] [Netty Client IO #0/INFO] [STDOUT]: [com.layue13.clashweave.probe.ProbeServer:log:53]: CWPROBE S2_VELOCITY_RECEIVED x=0.4 y=0.25
[19:34:25] [Client thread/INFO] [STDOUT]: [com.layue13.clashweave.probe.ProbeServer:log:53]: CWPROBE S2_VELOCITY_RESULT packets=1 finalX=2.314665588728958 finalY=66.62000000476837
[19:34:56] [Client thread/INFO] [STDOUT]: [com.layue13.clashweave.probe.ProbeServer:log:53]: CWPROBE S3_CLIENT_SUMMARY success=2 total=20.0
[19:34:56] [Client thread/INFO] [STDOUT]: [com.layue13.clashweave.probe.ProbeServer:log:53]: CWPROBE S4_START entity=24 instance=1724 localStart=1455
[19:34:56] [Client thread/INFO] [STDOUT]: [com.layue13.clashweave.probe.ProbeServer:log:53]: CWPROBE S4_VIEW view=0 instance=1724 elapsed=2 progress=0.15384616
[19:34:56] [Client thread/INFO] [STDOUT]: [com.layue13.clashweave.probe.ProbeServer:log:53]: CWPROBE S4_VIEW view=1 instance=1724 elapsed=6 progress=0.46153846
[19:34:56] [Client thread/INFO] [STDOUT]: [com.layue13.clashweave.probe.ProbeServer:log:53]: CWPROBE S4_VIEW view=2 instance=1724 elapsed=9 progress=0.6923077
[19:34:57] [Client thread/INFO] [STDOUT]: [com.layue13.clashweave.probe.ProbeServer:log:53]: CWPROBE CLIENT_COMPLETE moves=12 screenshots=3
