# Log excerpt; complete raw log retained locally under build/p0/runs.
# Original lines: 5541
# Marker counts: {'Exception': 171, 'ERROR': 2, 'P0_NETWORK': 3, ' CW INPUT': 31, ' CW ACK': 10, 'P0_COMPOSITION_PHASE': 7, ' CW ENGAGEMENT': 1, ' CW LOCK': 6, 'P0_PERF': 12, ' CW FACING': 1, ' CW START': 1, ' CW AIM': 1, 'CW_EVENT': 2}
[Loaded java.lang.Exception from C:\Program Files\Zulu\zulu-8\jre\lib\rt.jar]
[Loaded java.lang.RuntimeException from C:\Program Files\Zulu\zulu-8\jre\lib\rt.jar]
[Loaded java.lang.ReflectiveOperationException from C:\Program Files\Zulu\zulu-8\jre\lib\rt.jar]
[Loaded java.lang.ClassNotFoundException from C:\Program Files\Zulu\zulu-8\jre\lib\rt.jar]
[Loaded java.lang.ClassCastException from C:\Program Files\Zulu\zulu-8\jre\lib\rt.jar]
[Loaded java.lang.ArrayStoreException from C:\Program Files\Zulu\zulu-8\jre\lib\rt.jar]
[Loaded java.lang.IllegalMonitorStateException from C:\Program Files\Zulu\zulu-8\jre\lib\rt.jar]
[Loaded java.lang.Thread$UncaughtExceptionHandler from C:\Program Files\Zulu\zulu-8\jre\lib\rt.jar]
[Loaded java.lang.NullPointerException from C:\Program Files\Zulu\zulu-8\jre\lib\rt.jar]
[Loaded java.lang.ArithmeticException from C:\Program Files\Zulu\zulu-8\jre\lib\rt.jar]
[Loaded java.lang.InterruptedException from C:\Program Files\Zulu\zulu-8\jre\lib\rt.jar]
[Loaded java.security.PrivilegedExceptionAction from C:\Program Files\Zulu\zulu-8\jre\lib\rt.jar]
[08:44:05] [main/ERROR] [FML]: The binary patch set is missing. Either you are in a development environment, or things are not going to work!
[08:44:05] [main/ERROR] [FML]: FML appears to be missing any signature data. This is not a good thing
[08:44:27] [Server thread/INFO] [STDOUT]: [com.layue13.clashweave.validation.NetworkScenario:login:44]: P0_NETWORK login=P0A
[08:44:27] [Server thread/INFO] [STDOUT]: [com.layue13.clashweave.forge.CombatServer:trace:871]: CW INPUT player=P0A seq=1 kind=-2 target=-1 origin=0 stamp=233 effectiveStamp=233 receivedTick=244 consumedTick=245 arrival=93083589196000 gate=STALE
[08:44:27] [Server thread/INFO] [STDOUT]: [com.layue13.clashweave.forge.CombatServer:trace:871]: CW ACK player=P0A seq=1 result=REJECT:STALE
[08:44:27] [Server thread/INFO] [STDOUT]: [com.layue13.clashweave.forge.CombatServer:trace:871]: CW INPUT player=P0A seq=2 kind=-2 target=-1 origin=0 stamp=234 effectiveStamp=234 receivedTick=244 consumedTick=245 arrival=93083589249700 gate=STALE
[08:44:27] [Server thread/INFO] [STDOUT]: [com.layue13.clashweave.forge.CombatServer:trace:871]: CW ACK player=P0A seq=2 result=REJECT:STALE
[08:44:27] [Server thread/INFO] [STDOUT]: [com.layue13.clashweave.forge.CombatServer:trace:871]: CW INPUT player=P0A seq=3 kind=-2 target=-1 origin=0 stamp=235 effectiveStamp=235 receivedTick=244 consumedTick=245 arrival=93083589263900 gate=STALE
[08:44:27] [Server thread/INFO] [STDOUT]: [com.layue13.clashweave.forge.CombatServer:trace:871]: CW ACK player=P0A seq=3 result=REJECT:STALE
[08:44:27] [Server thread/INFO] [STDOUT]: [com.layue13.clashweave.forge.CombatServer:trace:871]: CW INPUT player=P0A seq=4 kind=-2 target=-1 origin=0 stamp=236 effectiveStamp=236 receivedTick=244 consumedTick=245 arrival=93083589277100 gate=OK
[08:44:28] [Server thread/INFO] [STDOUT]: [com.layue13.clashweave.forge.CombatServer:trace:871]: CW INPUT player=P0A seq=5 kind=-2 target=-1 origin=0 stamp=237 effectiveStamp=237 receivedTick=245 consumedTick=246 arrival=93083634557900 gate=OK
[08:44:28] [Server thread/INFO] [STDOUT]: [com.layue13.clashweave.forge.CombatServer:trace:871]: CW INPUT player=P0A seq=6 kind=-2 target=-1 origin=0 stamp=238 effectiveStamp=238 receivedTick=245 consumedTick=246 arrival=93083634591700 gate=OK
[08:44:28] [Server thread/INFO] [STDOUT]: [com.layue13.clashweave.forge.CombatServer:trace:871]: CW INPUT player=P0A seq=7 kind=-2 target=-1 origin=0 stamp=239 effectiveStamp=239 receivedTick=245 consumedTick=246 arrival=93083634617800 gate=OK
[08:44:28] [Server thread/INFO] [STDOUT]: [com.layue13.clashweave.forge.CombatServer:trace:871]: CW INPUT player=P0A seq=8 kind=-2 target=-1 origin=0 stamp=240 effectiveStamp=240 receivedTick=245 consumedTick=246 arrival=93083634633600 gate=OK
[08:44:28] [Server thread/INFO] [STDOUT]: [com.layue13.clashweave.forge.CombatServer:trace:871]: CW INPUT player=P0A seq=9 kind=-2 target=-1 origin=0 stamp=241 effectiveStamp=241 receivedTick=245 consumedTick=246 arrival=93083634648600 gate=OK
[08:44:28] [Server thread/INFO] [STDOUT]: [com.layue13.clashweave.forge.CombatServer:trace:871]: CW INPUT player=P0A seq=10 kind=-2 target=-1 origin=0 stamp=242 effectiveStamp=242 receivedTick=245 consumedTick=246 arrival=93083634662100 gate=OK
[08:44:28] [Server thread/INFO] [STDOUT]: [com.layue13.clashweave.forge.CombatServer:trace:871]: CW INPUT player=P0A seq=11 kind=-2 target=-1 origin=0 stamp=243 effectiveStamp=243 receivedTick=246 consumedTick=247 arrival=93083682543400 gate=OK
[08:44:28] [Server thread/INFO] [STDOUT]: [com.layue13.clashweave.forge.CombatServer:trace:871]: CW INPUT player=P0A seq=12 kind=-2 target=-1 origin=0 stamp=244 effectiveStamp=244 receivedTick=246 consumedTick=247 arrival=93083682584700 gate=OK
[08:44:37] [Server thread/INFO] [STDOUT]: [com.layue13.clashweave.validation.NetworkScenario:login:44]: P0_NETWORK login=P0B
[08:44:38] [Server thread/INFO] [STDOUT]: [com.layue13.clashweave.validation.CompositionScenario:phase:14]: P0_COMPOSITION_PHASE name=WAIT target=76130 tick=461
[08:44:38] [Server thread/INFO] [STDOUT]: [com.layue13.clashweave.forge.CombatServer:trace:871]: CW ENGAGEMENT player=P0A engaged=true revision=3 tick=462 sent=93094427539500
[08:44:39] [Server thread/INFO] [STDOUT]: [com.layue13.clashweave.forge.CombatServer:trace:871]: CW LOCK_TARGET player=P0A target=76130 hint=-1
[08:44:39] [Server thread/INFO] [STDOUT]: [com.layue13.clashweave.forge.CombatServer:trace:871]: CW ACK player=P0A seq=16 result=LOCK
[08:44:39] [Server thread/INFO] [STDOUT]: [com.layue13.clashweave.validation.CompositionScenario:phase:14]: P0_COMPOSITION_PHASE name=STILL target=76130 tick=484
[08:44:42] [Server thread/INFO] [STDOUT]: [com.layue13.clashweave.validation.NetworkScenario:tick:105]: P0_PERF samples=100 meanNanos=175104 maxNanos=2365200
[08:44:47] [Server thread/INFO] [STDOUT]: [com.layue13.clashweave.validation.NetworkScenario:tick:105]: P0_PERF samples=200 meanNanos=130556 maxNanos=2365200
[08:44:49] [Server thread/INFO] [STDOUT]: [com.layue13.clashweave.validation.CompositionScenario:phase:14]: P0_COMPOSITION_PHASE name=ORBIT target=76130 tick=684
[08:44:52] [Server thread/INFO] [STDOUT]: [com.layue13.clashweave.validation.NetworkScenario:tick:105]: P0_PERF samples=300 meanNanos=109926 maxNanos=2365200
[08:44:57] [Server thread/INFO] [STDOUT]: [com.layue13.clashweave.validation.NetworkScenario:tick:105]: P0_PERF samples=400 meanNanos=97962 maxNanos=2365200
[08:44:59] [Server thread/INFO] [STDOUT]: [com.layue13.clashweave.validation.CompositionScenario:phase:14]: P0_COMPOSITION_PHASE name=JITTER target=76130 tick=884
[08:45:02] [Server thread/INFO] [STDOUT]: [com.layue13.clashweave.validation.NetworkScenario:tick:105]: P0_PERF samples=500 meanNanos=90827 maxNanos=2365200
[08:45:07] [Server thread/INFO] [STDOUT]: [com.layue13.clashweave.validation.NetworkScenario:tick:105]: P0_PERF samples=600 meanNanos=85530 maxNanos=2365200
[08:45:09] [Server thread/INFO] [STDOUT]: [com.layue13.clashweave.validation.CompositionScenario:phase:14]: P0_COMPOSITION_PHASE name=JUMP target=76130 tick=1084
[08:45:12] [Server thread/INFO] [STDOUT]: [com.layue13.clashweave.validation.NetworkScenario:tick:105]: P0_PERF samples=700 meanNanos=81067 maxNanos=2365200
[08:45:17] [Server thread/INFO] [STDOUT]: [com.layue13.clashweave.validation.NetworkScenario:tick:105]: P0_PERF samples=800 meanNanos=77436 maxNanos=2365200
[08:45:19] [Server thread/INFO] [STDOUT]: [com.layue13.clashweave.validation.CompositionScenario:phase:14]: P0_COMPOSITION_PHASE name=MOUSE target=76130 tick=1284
[08:45:22] [Server thread/INFO] [STDOUT]: [com.layue13.clashweave.validation.NetworkScenario:tick:105]: P0_PERF samples=900 meanNanos=74375 maxNanos=2365200
[08:45:27] [Server thread/INFO] [STDOUT]: [com.layue13.clashweave.validation.NetworkScenario:tick:105]: P0_PERF samples=1000 meanNanos=73535 maxNanos=2365200
[08:45:28] [Server thread/INFO] [STDOUT]: [com.layue13.clashweave.forge.CombatServer:trace:871]: CW LOCK_SWITCH player=P0A direction=1 selected=377645
[08:45:28] [Server thread/INFO] [STDOUT]: [com.layue13.clashweave.forge.CombatServer:trace:871]: CW ACK player=P0A seq=17 result=LOCK_SWITCH
[08:45:28] [Server thread/INFO] [STDOUT]: [com.layue13.clashweave.forge.CombatServer:trace:871]: CW LOCK_SWITCH player=P0A direction=1 selected=-1
[08:45:28] [Server thread/INFO] [STDOUT]: [com.layue13.clashweave.forge.CombatServer:trace:871]: CW ACK player=P0A seq=18 result=REJECT:LOCK_SWITCH
[08:45:28] [Server thread/INFO] [STDOUT]: [com.layue13.clashweave.forge.CombatServer:trace:871]: CW LOCK_SWITCH player=P0A direction=1 selected=-1
[08:45:28] [Server thread/INFO] [STDOUT]: [com.layue13.clashweave.forge.CombatServer:trace:871]: CW ACK player=P0A seq=19 result=REJECT:LOCK_SWITCH
[08:45:29] [Server thread/INFO] [STDOUT]: [com.layue13.clashweave.forge.CombatServer:trace:871]: CW LOCK_SWITCH player=P0A direction=1 selected=-1
[08:45:29] [Server thread/INFO] [STDOUT]: [com.layue13.clashweave.forge.CombatServer:trace:871]: CW ACK player=P0A seq=20 result=REJECT:LOCK_SWITCH
[08:45:29] [Server thread/INFO] [STDOUT]: [com.layue13.clashweave.validation.CompositionScenario:phase:14]: P0_COMPOSITION_PHASE name=FIRST target=76130 tick=1484
[08:45:32] [Server thread/INFO] [STDOUT]: [com.layue13.clashweave.validation.NetworkScenario:tick:105]: P0_PERF samples=1100 meanNanos=74429 maxNanos=2365200
[08:45:32] [Server thread/INFO] [STDOUT]: [com.layue13.clashweave.forge.CombatServer:trace:871]: CW FACING player=P0A seq=21 requested=37.966743 known=37.966743 chosen=37.966743 accepted=true reason=OK
[08:45:32] [Server thread/INFO] [STDOUT]: [com.layue13.clashweave.forge.CombatServer:trace:871]: CW START player=P0A id=1 action=iai tick=1536
[08:45:32] [Server thread/INFO] [STDOUT]: [com.layue13.clashweave.forge.CombatServer:trace:871]: CW LOCK_AIM player=P0A id=1 target=377645 enabled=true before=37.966743 after=30.0 correction=7.966743469238281 targetYaw=29.999999999999996 pitchCorrection=0
[08:45:32] [Server thread/INFO] [STDOUT]: [com.layue13.clashweave.forge.CombatServer:trace:871]: CW AIM player=P0A id=1 requested=37.966743 requestedPitch=8.643903 selectedPitch=8.643903 beforePitchDelta=8.643903 afterPitchDelta=0.0 baseline=37.966743 selected=30.0 beforeDelta=0.0 afterDelta=7.966743469238281 accepted=true
[08:45:32] [Server thread/INFO] [STDOUT]: [com.layue13.clashweave.forge.SemanticDispatcher:publish:33]: CW_EVENT id=1 kind=DRAW actor=0 target=-1 instance=1 tick=1536
[08:45:32] [Server thread/INFO] [STDOUT]: [com.layue13.clashweave.forge.SemanticDispatcher:publish:33]: CW_EVENT id=2 kind=SWING actor=0 target=-1 instance=1 tick=1536
[08:45:32] [Server thread/INFO] [STDOUT]: [com.layue13.clashweave.forge.CombatServer:trace:871]: CW ACK player=P0A seq=21 result=START
[08:45:32] [Server thread/INFO] [STDOUT]: [com.layue13.clashweave.forge.CombatServer:trace:871]: CW ACK player=P0A seq=22 result=MOVE_READY
[08:45:37] [Server thread/INFO] [STDOUT]: [com.layue13.clashweave.validation.NetworkScenario:tick:105]: P0_PERF samples=1200 meanNanos=77547 maxNanos=5364500
[08:45:39] [Server thread/INFO] [STDOUT]: [com.layue13.clashweave.validation.CompositionScenario:tick:26]: P0_NETWORK COMPLETE
