# Log excerpt; complete raw log retained locally under build/p0/runs.
# Original lines: 678
# Marker counts: {'ERROR': 3, 'CW_RENDER': 1, 'Exception': 2, 'P0_AUDIO': 39, 'CW_VIEW': 34, 'CW_ENGAGEMENT': 1, 'P0_APPEARANCE': 2, 'P0_REPLAY': 29, 'P0_CAPTURE': 8, 'P0_LOCAL_AUDIO': 24, 'CW_LOCAL_SWING': 24, 'P0_REQUEST': 64, 'P0_PENDING': 76, 'CW_ALIGN': 35, 'CW_PRESENT': 138, 'CW_FEEDBACK': 40, 'CW_FRAME': 40, 'P0_LATE_WIRE': 1}
[17:12:43] [main/ERROR] [FML]: The binary patch set is missing. Either you are in a development environment, or things are not going to work!
[17:12:43] [main/ERROR] [FML]: FML appears to be missing any signature data. This is not a good thing
This is just a prompt for computer specs to be printed. THIS IS NOT A ERROR
[17:12:46] [Client thread/INFO] [STDOUT]: [com.layue13.clashweave.client.KatanaRendering:load:35]: CW_RENDER models loaded units=block blade=+Y sheath=downwardBipedY angle=45.0
[17:12:47] [Forge Version Check/INFO] [STDERR]: [java.lang.Throwable$WrappedPrintStream:println:749]: com.google.gson.JsonSyntaxException: java.lang.IllegalStateException: Expected BEGIN_OBJECT but was STRING at line 1 column 1
[17:12:47] [Forge Version Check/INFO] [STDERR]: [java.lang.Throwable$WrappedPrintStream:println:749]: Caused by: java.lang.IllegalStateException: Expected BEGIN_OBJECT but was STRING at line 1 column 1
[17:12:47] [Client thread/INFO] [STDOUT]: [com.layue13.clashweave.validation.ClientReplay:<init>:69]: P0_AUDIO initial loader settled
[17:12:52] [Client thread/INFO] [STDOUT]: [com.layue13.clashweave.client.ViewPreservingCorrections$Preserved:processPacket:140]: CW_VIEW packet=1 marker=0 protected=false yawDelta=180.0 pitchDelta=0.0 requestedYawDelta=180.0 requestedPitchDelta=0.0 nano=37188094997700
[17:12:56] [Client thread/INFO] [STDOUT]: [com.layue13.clashweave.client.ViewPreservingCorrections$Preserved:processPacket:140]: CW_VIEW packet=1 marker=0 protected=false yawDelta=0.0 pitchDelta=0.0 requestedYawDelta=0.0 requestedPitchDelta=0.0 nano=37192386918600
[17:12:56] [Client thread/INFO] [STDOUT]: [com.layue13.clashweave.client.ClientProxy:apply:246]: CW_ENGAGEMENT player=P0A engaged=true revision=2 tick=204 receive=37192487580400
[17:12:56] [Client thread/INFO] [STDOUT]: [com.layue13.clashweave.validation.ClientReplay:tick:96]: P0_APPEARANCE entity=0 skin=clashweave:katana effects=clashweave:default animations=clashweave:katana style=katana
[17:12:56] [Client thread/INFO] [STDOUT]: [com.layue13.clashweave.client.ViewPreservingCorrections$Preserved:processPacket:140]: CW_VIEW packet=1 marker=0 protected=false yawDelta=0.0 pitchDelta=0.0 requestedYawDelta=0.0 requestedPitchDelta=0.0 nano=37192556058800
[17:12:58] [Client thread/INFO] [STDOUT]: [com.layue13.clashweave.validation.ClientReplay:tick:250]: P0_REPLAY tick=40 action= progress=2.1400000002813613E-4 feedback=REJECT:RATE
[17:12:58] [Client thread/INFO] [STDOUT]: [com.layue13.clashweave.validation.ClientReplay:frame:398]: P0_CAPTURE sheathed-0 instance=0 progress=1.5907071070350867 nano=37194623480000
[17:12:59] [Client thread/INFO] [STDOUT]: [com.layue13.clashweave.validation.ClientReplay:frame:398]: P0_CAPTURE sheathed-2 instance=0 progress=1.7446899999999914 nano=37194714387600
[17:13:00] [Client thread/INFO] [STDOUT]: [com.layue13.clashweave.validation.ClientReplay:audio:411]: P0_LOCAL_AUDIO nano=37196532110400
[17:13:00] [Client thread/INFO] [STDOUT]: [com.layue13.clashweave.client.ClientProxy:send:163]: CW_LOCAL_SWING seq=93 press=37196531936800 feedback=37196534304900
[17:13:00] [Client thread/INFO] [STDOUT]: [com.layue13.clashweave.validation.ClientReplay:request:313]: P0_REQUEST intent=LIGHT yaw=0.0 pitch=0.0 nano=37196534583200
[17:13:00] [Client thread/INFO] [STDOUT]: [com.layue13.clashweave.validation.ClientReplay:tick:250]: P0_REPLAY tick=80 action= progress=1.8199999999524152E-4 feedback=REJECT:RATE
[17:13:00] [Client thread/INFO] [STDOUT]: [com.layue13.clashweave.validation.ClientReplay:tick:188]: P0_PENDING engaged=true
[17:13:01] [Client thread/INFO] [STDOUT]: [com.layue13.clashweave.validation.ClientReplay:tick:188]: P0_PENDING engaged=true
[17:13:01] [Client thread/INFO] [STDOUT]: [com.layue13.clashweave.client.ClientProxy:apply:260]: CW_ALIGN player=P0A seq=93 predicted=0 authoritative=0 sameAction=true
[17:13:01] [Client thread/INFO] [STDOUT]: [com.layue13.clashweave.client.ClientProxy:tick:190]: CW_PRESENT id=1 kind=DRAW actor=0 owner=0
[17:13:01] [Client thread/INFO] [STDOUT]: [com.layue13.clashweave.client.ClientProxy:tick:190]: CW_PRESENT id=2 kind=SWING actor=0 owner=0
[17:13:01] [Client thread/INFO] [STDOUT]: [com.layue13.clashweave.validation.ClientReplay:frame:398]: P0_CAPTURE draw-0 instance=1 progress=2.189239999999984 nano=37196791379300
[17:13:01] [Client thread/INFO] [STDOUT]: [com.layue13.clashweave.validation.ClientReplay:frame:398]: P0_CAPTURE draw-2 instance=1 progress=3.362559766429115 nano=37196875953400
[17:13:01] [Client thread/INFO] [STDOUT]: [com.layue13.clashweave.client.ClientProxy:apply:305]: CW_FEEDBACK player=P0A result=HIT frozen=37196909801800 receive=37196995279300 corrections=0
[17:13:01] [Client thread/INFO] [STDOUT]: [com.layue13.clashweave.validation.ClientReplay:audio:412]: P0_AUDIO source=random.successful_hit frozen=37196909801800 nano=37196995699200
[17:13:01] [Client thread/INFO] [STDOUT]: [com.layue13.clashweave.client.ClientProxy:tick:190]: CW_PRESENT id=3 kind=HIT actor=0 owner=0
[17:13:01] [Client thread/INFO] [STDOUT]: [com.layue13.clashweave.client.ClientProxy:tick:190]: CW_PRESENT id=4 kind=HURT actor=1 owner=0
[17:13:01] [Client thread/INFO] [STDOUT]: [com.layue13.clashweave.validation.ClientReplay:request:313]: P0_REQUEST intent=LIGHT yaw=0.0 pitch=0.0 nano=37196998688200
[17:13:01] [Client thread/INFO] [STDOUT]: [com.layue13.clashweave.client.ClientProxy:hud:368]: CW_FRAME frozen=37196909801800 frame=37197003887900
[17:13:01] [Client thread/INFO] [STDOUT]: [com.layue13.clashweave.client.ClientProxy:tick:190]: CW_PRESENT id=5 kind=SWING actor=0 owner=0
[17:13:01] [Client thread/INFO] [STDOUT]: [com.layue13.clashweave.client.ClientProxy:tick:190]: CW_PRESENT id=6 kind=HURT actor=0 owner=0
[17:13:01] [Client thread/INFO] [STDOUT]: [com.layue13.clashweave.client.ClientProxy:apply:305]: CW_FEEDBACK player=P0A result=HIT frozen=37197306215000 receive=37197394450600 corrections=0
[17:13:01] [Client thread/INFO] [STDOUT]: [com.layue13.clashweave.validation.ClientReplay:audio:412]: P0_AUDIO source=random.successful_hit frozen=37197306215000 nano=37197394727100
[17:13:01] [Client thread/INFO] [STDOUT]: [com.layue13.clashweave.client.ClientProxy:tick:190]: CW_PRESENT id=7 kind=HIT actor=0 owner=0
[17:13:01] [Client thread/INFO] [STDOUT]: [com.layue13.clashweave.client.ClientProxy:tick:190]: CW_PRESENT id=8 kind=HURT actor=1 owner=0
[17:13:01] [Client thread/INFO] [STDOUT]: [com.layue13.clashweave.validation.ClientReplay:request:313]: P0_REQUEST intent=LIGHT yaw=0.0 pitch=0.0 nano=37197395350600
[17:13:01] [Client thread/INFO] [STDOUT]: [com.layue13.clashweave.client.ClientProxy:hud:368]: CW_FRAME frozen=37197306215000 frame=37197395904900
[17:13:01] [Client thread/INFO] [STDOUT]: [com.layue13.clashweave.client.ClientProxy:tick:190]: CW_PRESENT id=9 kind=SWING actor=0 owner=0
[17:13:02] [Client thread/INFO] [STDOUT]: [com.layue13.clashweave.validation.ClientReplay:request:313]: P0_REQUEST intent=LIGHT yaw=0.0 pitch=0.0 nano=37197744375500
[17:13:02] [Client thread/INFO] [STDOUT]: [com.layue13.clashweave.validation.ClientReplay:tick:185]: P0_LATE_WIRE seq=100 origin=1
[17:13:02] [Client thread/INFO] [STDOUT]: [com.layue13.clashweave.validation.ClientReplay:tick:250]: P0_REPLAY tick=120 action= progress=2.7199999999538704E-4 feedback=ORIGIN_CHANGED
[17:13:03] [Client thread/INFO] [STDOUT]: [com.layue13.clashweave.validation.ClientReplay:audio:411]: P0_LOCAL_AUDIO nano=37198810571900
[17:13:03] [Client thread/INFO] [STDOUT]: [com.layue13.clashweave.client.ClientProxy:send:163]: CW_LOCAL_SWING seq=101 press=37198810463600 feedback=37198810851800
[17:13:03] [Client thread/INFO] [STDOUT]: [com.layue13.clashweave.validation.ClientReplay:request:313]: P0_REQUEST intent=LIGHT yaw=0.0 pitch=0.0 nano=37198811001300
[17:13:03] [Client thread/INFO] [STDOUT]: [com.layue13.clashweave.validation.ClientReplay:tick:188]: P0_PENDING engaged=true
[17:13:03] [Client thread/INFO] [STDOUT]: [com.layue13.clashweave.validation.ClientReplay:tick:188]: P0_PENDING engaged=true
[17:13:03] [Client thread/INFO] [STDOUT]: [com.layue13.clashweave.client.ClientProxy:apply:260]: CW_ALIGN player=P0A seq=101 predicted=0 authoritative=0 sameAction=true
[17:13:03] [Client thread/INFO] [STDOUT]: [com.layue13.clashweave.client.ClientProxy:tick:190]: CW_PRESENT id=10 kind=SWING actor=0 owner=0
[17:13:03] [Client thread/INFO] [STDOUT]: [com.layue13.clashweave.validation.ClientReplay:request:313]: P0_REQUEST intent=HEAVY yaw=0.0 pitch=0.0 nano=37199211701600
[17:13:04] [Client thread/INFO] [STDOUT]: [com.layue13.clashweave.validation.ClientReplay:audio:411]: P0_LOCAL_AUDIO nano=37200061036900
[17:13:04] [Client thread/INFO] [STDOUT]: [com.layue13.clashweave.client.ClientProxy:send:163]: CW_LOCAL_SWING seq=104 press=37200060921100 feedback=37200062011800
[17:13:04] [Client thread/INFO] [STDOUT]: [com.layue13.clashweave.validation.ClientReplay:request:313]: P0_REQUEST intent=HEAVY yaw=0.0 pitch=0.0 nano=37200062208300
[17:13:04] [Client thread/INFO] [STDOUT]: [com.layue13.clashweave.validation.ClientReplay:tick:188]: P0_PENDING engaged=true
[17:13:04] [Client thread/INFO] [STDOUT]: [com.layue13.clashweave.validation.ClientReplay:tick:188]: P0_PENDING engaged=true
[17:13:04] [Client thread/INFO] [STDOUT]: [com.layue13.clashweave.client.ClientProxy:apply:260]: CW_ALIGN player=P0A seq=104 predicted=0 authoritative=0 sameAction=true
[17:13:04] [Client thread/INFO] [STDOUT]: [com.layue13.clashweave.client.ClientProxy:tick:190]: CW_PRESENT id=11 kind=SWING actor=0 owner=0
[17:13:04] [Client thread/INFO] [STDOUT]: [com.layue13.clashweave.validation.ClientReplay:frame:398]: P0_CAPTURE swing-0 instance=5 progress=7.4694448499962505 nano=37200601537600
[17:13:04] [Client thread/INFO] [STDOUT]: [com.layue13.clashweave.validation.ClientReplay:tick:250]: P0_REPLAY tick=160 action=heavy progress=8.000145999999972 feedback=MOVE_READY
[17:13:05] [Client thread/INFO] [STDOUT]: [com.layue13.clashweave.validation.ClientReplay:frame:398]: P0_CAPTURE swing-2 instance=5 progress=9.858703999999989 nano=37200695600200
[17:13:05] [Client thread/INFO] [STDOUT]: [com.layue13.clashweave.validation.ClientReplay:request:313]: P0_REQUEST intent=SHEATHE yaw=0.0 pitch=0.0 nano=37201329847000
[17:13:05] [Client thread/INFO] [STDOUT]: [com.layue13.clashweave.validation.ClientReplay:tick:188]: P0_PENDING engaged=true
[17:13:05] [Client thread/INFO] [STDOUT]: [com.layue13.clashweave.validation.ClientReplay:tick:188]: P0_PENDING engaged=true
[17:13:05] [Client thread/INFO] [STDOUT]: [com.layue13.clashweave.client.ClientProxy:apply:260]: CW_ALIGN player=P0A seq=106 predicted=0 authoritative=0 sameAction=true
[17:13:06] [Client thread/INFO] [STDOUT]: [com.layue13.clashweave.validation.ClientReplay:frame:398]: P0_CAPTURE sheathe-0 instance=6 progress=3.5072984242376037 nano=37201656085900
[17:13:06] [Client thread/INFO] [STDOUT]: [com.layue13.clashweave.validation.ClientReplay:frame:398]: P0_CAPTURE sheathe-2 instance=6 progress=5.886009999999999 nano=37201751192900
[17:13:06] [Client thread/INFO] [STDOUT]: [com.layue13.clashweave.client.ClientProxy:tick:190]: CW_PRESENT id=12 kind=SHEATHE actor=0 owner=0
[17:13:06] [Client thread/INFO] [STDOUT]: [com.layue13.clashweave.client.ViewPreservingCorrections$Preserved:processPacket:140]: CW_VIEW packet=1 marker=0 protected=false yawDelta=-40.0 pitchDelta=0.0 requestedYawDelta=-40.0 requestedPitchDelta=0.0 nano=37202486547100
[17:13:06] [Client thread/INFO] [STDOUT]: [com.layue13.clashweave.validation.ClientReplay:tick:96]: P0_APPEARANCE entity=66669 skin=clashweave:katana effects=clashweave:default animations=clashweave:katana style=katana
[17:13:06] [Client thread/INFO] [STDOUT]: [com.layue13.clashweave.validation.ClientReplay:audio:411]: P0_LOCAL_AUDIO nano=37202586773100
[17:13:06] [Client thread/INFO] [STDOUT]: [com.layue13.clashweave.client.ClientProxy:send:163]: CW_LOCAL_SWING seq=108 press=37202586617300 feedback=37202587115500
[17:13:06] [Client thread/INFO] [STDOUT]: [com.layue13.clashweave.validation.ClientReplay:request:313]: P0_REQUEST intent=LIGHT yaw=0.0 pitch=0.0 nano=37202587340500
[17:13:06] [Client thread/INFO] [STDOUT]: [com.layue13.clashweave.validation.ClientReplay:tick:250]: P0_REPLAY tick=200 action= progress=1.9257145777373808E-4 feedback=MOVE_READY
[17:13:07] [Client thread/INFO] [STDOUT]: [com.layue13.clashweave.validation.ClientReplay:tick:188]: P0_PENDING engaged=true
[17:13:07] [Client thread/INFO] [STDOUT]: [com.layue13.clashweave.validation.ClientReplay:tick:188]: P0_PENDING engaged=true
[17:13:07] [Client thread/INFO] [STDOUT]: [com.layue13.clashweave.client.ClientProxy:apply:260]: CW_ALIGN player=P0A seq=108 predicted=0 authoritative=0 sameAction=true
[17:13:07] [Client thread/INFO] [STDOUT]: [com.layue13.clashweave.validation.ClientReplay:request:313]: P0_REQUEST intent=LIGHT yaw=0.0 pitch=0.0 nano=37203035716200
[17:13:07] [Client thread/INFO] [STDOUT]: [com.layue13.clashweave.client.ClientProxy:apply:305]: CW_FEEDBACK player=P0A result=IMMUNE frozen=37202901495900 receive=37203135767300 corrections=0
[17:13:07] [Client thread/INFO] [STDOUT]: [com.layue13.clashweave.client.ClientProxy:hud:368]: CW_FRAME frozen=37202901495900 frame=37203136416000
[17:13:07] [Client thread/INFO] [STDOUT]: [com.layue13.clashweave.client.ViewPreservingCorrections$Preserved:processPacket:140]: CW_VIEW packet=1 marker=0 protected=false yawDelta=0.0 pitchDelta=0.0 requestedYawDelta=0.0 requestedPitchDelta=0.0 nano=37203585143300
[17:13:08] [Client thread/INFO] [STDOUT]: [com.layue13.clashweave.validation.ClientReplay:audio:411]: P0_LOCAL_AUDIO nano=37203835759200
[17:13:08] [Client thread/INFO] [STDOUT]: [com.layue13.clashweave.client.ClientProxy:send:163]: CW_LOCAL_SWING seq=111 press=37203835643300 feedback=37203836786800
[17:13:08] [Client thread/INFO] [STDOUT]: [com.layue13.clashweave.validation.ClientReplay:request:313]: P0_REQUEST intent=HEAVY yaw=0.0 pitch=0.0 nano=37203836997200
[17:13:08] [Client thread/INFO] [STDOUT]: [com.layue13.clashweave.validation.ClientReplay:tick:188]: P0_PENDING engaged=true
[17:13:08] [Client thread/INFO] [STDOUT]: [com.layue13.clashweave.validation.ClientReplay:tick:188]: P0_PENDING engaged=true
[17:13:08] [Client thread/INFO] [STDOUT]: [com.layue13.clashweave.client.ClientProxy:apply:260]: CW_ALIGN player=P0A seq=111 predicted=0 authoritative=0 sameAction=true
[17:13:08] [Client thread/INFO] [STDOUT]: [com.layue13.clashweave.client.ClientProxy:apply:305]: CW_FEEDBACK player=P0A result=IMMUNE frozen=37204149573200 receive=37204438899700 corrections=0
[17:13:08] [Client thread/INFO] [STDOUT]: [com.layue13.clashweave.client.ClientProxy:hud:368]: CW_FRAME frozen=37204149573200 frame=37204439408800
[17:13:08] [Client thread/INFO] [STDOUT]: [com.layue13.clashweave.validation.ClientReplay:tick:250]: P0_REPLAY tick=240 action=heavy progress=12.000091740557707 feedback=IMMUNE
[17:13:09] [Client thread/INFO] [STDOUT]: [com.layue13.clashweave.client.ViewPreservingCorrections$Preserved:processPacket:140]: CW_VIEW packet=1 marker=0 protected=false yawDelta=0.0 pitchDelta=0.0 requestedYawDelta=0.0 requestedPitchDelta=0.0 nano=37204835728500
[17:13:09] [Client thread/INFO] [STDOUT]: [com.layue13.clashweave.validation.ClientReplay:request:313]: P0_REQUEST intent=SHEATHE yaw=0.0 pitch=0.0 nano=37205085266100
[17:13:09] [Client thread/INFO] [STDOUT]: [com.layue13.clashweave.client.ClientProxy:apply:260]: CW_ALIGN player=P0A seq=113 predicted=0 authoritative=0 sameAction=true
[17:13:10] [Client thread/INFO] [STDOUT]: [com.layue13.clashweave.client.ViewPreservingCorrections$Preserved:processPacket:140]: CW_VIEW packet=1 marker=0 protected=false yawDelta=0.0 pitchDelta=0.0 requestedYawDelta=0.0 requestedPitchDelta=0.0 nano=37205635016800
[17:13:10] [Client thread/INFO] [STDOUT]: [com.layue13.clashweave.validation.ClientReplay:audio:411]: P0_LOCAL_AUDIO nano=37206335575700
[17:13:10] [Client thread/INFO] [STDOUT]: [com.layue13.clashweave.client.ClientProxy:send:163]: CW_LOCAL_SWING seq=115 press=37206335455600 feedback=37206335864100
[17:13:10] [Client thread/INFO] [STDOUT]: [com.layue13.clashweave.client.ClientProxy:apply:260]: CW_ALIGN player=P0A seq=115 predicted=0 authoritative=0 sameAction=true
[17:13:10] [Client thread/INFO] [STDOUT]: [com.layue13.clashweave.validation.ClientReplay:tick:250]: P0_REPLAY tick=280 action=iai progress=2.000065687066808 feedback=START
[17:13:11] [Client thread/INFO] [STDOUT]: [com.layue13.clashweave.client.ClientProxy:apply:305]: CW_FEEDBACK player=P0A result=HIT frozen=37206650930100 receive=37206936831500 corrections=0
[17:13:11] [Client thread/INFO] [STDOUT]: [com.layue13.clashweave.validation.ClientReplay:audio:412]: P0_AUDIO source=random.successful_hit frozen=37206650930100 nano=37206937085700
[17:13:11] [Client thread/INFO] [STDOUT]: [com.layue13.clashweave.client.ClientProxy:hud:368]: CW_FRAME frozen=37206650930100 frame=37206937902200
[17:13:11] [Client thread/INFO] [STDOUT]: [com.layue13.clashweave.client.ClientProxy:apply:305]: CW_FEEDBACK player=P0A result=PARRY frozen=37207104006500 receive=37207385546700 corrections=0
[17:13:11] [Client thread/INFO] [STDOUT]: [com.layue13.clashweave.validation.ClientReplay:audio:412]: P0_AUDIO source=random.anvil_land frozen=37207104006500 nano=37207385832900
[17:13:11] [Client thread/INFO] [STDOUT]: [com.layue13.clashweave.client.ClientProxy:hud:368]: CW_FRAME frozen=37207104006500 frame=37207388612000
[17:13:12] [Client thread/INFO] [STDOUT]: [com.layue13.clashweave.client.ViewPreservingCorrections$Preserved:processPacket:140]: CW_VIEW packet=1 marker=0 protected=false yawDelta=0.0 pitchDelta=0.0 requestedYawDelta=0.0 requestedPitchDelta=0.0 nano=37208285321900
[17:13:12] [Client thread/INFO] [STDOUT]: [com.layue13.clashweave.validation.ClientReplay:tick:250]: P0_REPLAY tick=320 action= progress=6.1902441757411E-5 feedback=MOVE_READY
[17:13:13] [Client thread/INFO] [STDOUT]: [com.layue13.clashweave.validation.ClientReplay:audio:411]: P0_LOCAL_AUDIO nano=37208835323900
[17:13:13] [Client thread/INFO] [STDOUT]: [com.layue13.clashweave.client.ClientProxy:send:163]: CW_LOCAL_SWING seq=121 press=37208835201300 feedback=37208836264600
[17:13:13] [Client thread/INFO] [STDOUT]: [com.layue13.clashweave.client.ClientProxy:apply:260]: CW_ALIGN player=P0A seq=121 predicted=0 authoritative=0 sameAction=true
[17:13:13] [Client thread/INFO] [STDOUT]: [com.layue13.clashweave.client.ClientProxy:apply:305]: CW_FEEDBACK player=P0A result=PARRY frozen=37209151241600 receive=37209435393400 corrections=0
[17:13:13] [Client thread/INFO] [STDOUT]: [com.layue13.clashweave.validation.ClientReplay:audio:412]: P0_AUDIO source=random.anvil_land frozen=37209151241600 nano=37209435723100
[17:13:13] [Client thread/INFO] [STDOUT]: [com.layue13.clashweave.client.ClientProxy:hud:368]: CW_FRAME frozen=37209151241600 frame=37209436339700
[17:13:14] [Client thread/INFO] [STDOUT]: [com.layue13.clashweave.client.ViewPreservingCorrections$Preserved:processPacket:140]: CW_VIEW packet=1 marker=0 protected=false yawDelta=0.0 pitchDelta=0.0 requestedYawDelta=0.0 requestedPitchDelta=0.0 nano=37209835633700
[17:13:14] [Client thread/INFO] [STDOUT]: [com.layue13.clashweave.client.ClientProxy:apply:260]: CW_ALIGN player=P0A seq=123 predicted=0 authoritative=0 sameAction=true
[17:13:14] [Client thread/INFO] [STDOUT]: [com.layue13.clashweave.validation.ClientReplay:tick:250]: P0_REPLAY tick=360 action=sheathe progress=7.00013062917742 feedback=MOVE_READY
[17:13:15] [Client thread/INFO] [STDOUT]: [com.layue13.clashweave.client.ViewPreservingCorrections$Preserved:processPacket:140]: CW_VIEW packet=1 marker=0 protected=false yawDelta=0.0 pitchDelta=0.0 requestedYawDelta=0.0 requestedPitchDelta=0.0 nano=37210635454400
[17:13:15] [Client thread/INFO] [STDOUT]: [com.layue13.clashweave.validation.ClientReplay:audio:411]: P0_LOCAL_AUDIO nano=37211335985900
[17:13:15] [Client thread/INFO] [STDOUT]: [com.layue13.clashweave.client.ClientProxy:send:163]: CW_LOCAL_SWING seq=125 press=37211335882800 feedback=37211336254500
[17:13:15] [Client thread/INFO] [STDOUT]: [com.layue13.clashweave.client.ClientProxy:apply:260]: CW_ALIGN player=P0A seq=125 predicted=0 authoritative=0 sameAction=true
[17:13:16] [Client thread/INFO] [STDOUT]: [com.layue13.clashweave.client.ClientProxy:apply:305]: CW_FEEDBACK player=P0A result=PARRY frozen=37211649562900 receive=37211935362600 corrections=0
[17:13:16] [Client thread/INFO] [STDOUT]: [com.layue13.clashweave.validation.ClientReplay:audio:412]: P0_AUDIO source=random.anvil_land frozen=37211649562900 nano=37211935612800
[17:13:16] [Client thread/INFO] [STDOUT]: [com.layue13.clashweave.client.ClientProxy:hud:368]: CW_FRAME frozen=37211649562900 frame=37211936245100
[17:13:16] [Client thread/INFO] [STDOUT]: [com.layue13.clashweave.client.ClientProxy:apply:305]: CW_FEEDBACK player=P0A result=PARRY frozen=37212101467200 receive=37212386268800 corrections=0
[17:13:16] [Client thread/INFO] [STDOUT]: [com.layue13.clashweave.validation.ClientReplay:audio:412]: P0_AUDIO source=random.anvil_land frozen=37212101467200 nano=37212386592600
[17:13:16] [Client thread/INFO] [STDOUT]: [com.layue13.clashweave.client.ClientProxy:hud:368]: CW_FRAME frozen=37212101467200 frame=37212387304900
[17:13:16] [Client thread/INFO] [STDOUT]: [com.layue13.clashweave.validation.ClientReplay:tick:250]: P0_REPLAY tick=400 action=light_2 progress=3.000122000000033 feedback=MOVE_READY
[17:13:17] [Client thread/INFO] [STDOUT]: [com.layue13.clashweave.client.ClientProxy:apply:305]: CW_FEEDBACK player=P0A result=BLOCK frozen=37212499919200 receive=37212785560500 corrections=0
[17:13:17] [Client thread/INFO] [STDOUT]: [com.layue13.clashweave.validation.ClientReplay:audio:412]: P0_AUDIO source=random.anvil_land frozen=37212499919200 nano=37212785813600
[17:13:17] [Client thread/INFO] [STDOUT]: [com.layue13.clashweave.client.ClientProxy:hud:368]: CW_FRAME frozen=37212499919200 frame=37212786688500
[17:13:17] [Client thread/INFO] [STDOUT]: [com.layue13.clashweave.client.ViewPreservingCorrections$Preserved:processPacket:140]: CW_VIEW packet=1 marker=0 protected=false yawDelta=0.0 pitchDelta=0.0 requestedYawDelta=0.0 requestedPitchDelta=0.0 nano=37213535164200
[17:13:18] [Client thread/INFO] [STDOUT]: [com.layue13.clashweave.validation.ClientReplay:audio:411]: P0_LOCAL_AUDIO nano=37213835862100
[17:13:18] [Client thread/INFO] [STDOUT]: [com.layue13.clashweave.client.ClientProxy:send:163]: CW_LOCAL_SWING seq=133 press=37213835736200 feedback=37213836142800
[17:13:18] [Client thread/INFO] [STDOUT]: [com.layue13.clashweave.client.ClientProxy:apply:260]: CW_ALIGN player=P0A seq=133 predicted=0 authoritative=0 sameAction=true
[17:13:18] [Client thread/INFO] [STDOUT]: [com.layue13.clashweave.client.ClientProxy:apply:305]: CW_FEEDBACK player=P0A result=PARRY frozen=37214150032400 receive=37214451337600 corrections=0
[17:13:18] [Client thread/INFO] [STDOUT]: [com.layue13.clashweave.validation.ClientReplay:audio:412]: P0_AUDIO source=random.anvil_land frozen=37214150032400 nano=37214451676400
[17:13:18] [Client thread/INFO] [STDOUT]: [com.layue13.clashweave.client.ClientProxy:hud:368]: CW_FRAME frozen=37214150032400 frame=37214452308400
[17:13:18] [Client thread/INFO] [STDOUT]: [com.layue13.clashweave.validation.ClientReplay:tick:250]: P0_REPLAY tick=440 action=heavy progress=12.000076000000035 feedback=PARRY
[17:13:19] [Client thread/INFO] [STDOUT]: [com.layue13.clashweave.client.ViewPreservingCorrections$Preserved:processPacket:140]: CW_VIEW packet=1 marker=0 protected=false yawDelta=0.0 pitchDelta=0.0 requestedYawDelta=0.0 requestedPitchDelta=0.0 nano=37214835190200
[17:13:20] [Client thread/INFO] [STDOUT]: [com.layue13.clashweave.validation.ClientReplay:audio:411]: P0_LOCAL_AUDIO nano=37216351429300
[17:13:20] [Client thread/INFO] [STDOUT]: [com.layue13.clashweave.client.ClientProxy:send:163]: CW_LOCAL_SWING seq=137 press=37216351283600 feedback=37216351746200
[17:13:20] [Client thread/INFO] [STDOUT]: [com.layue13.clashweave.validation.ClientReplay:tick:250]: P0_REPLAY tick=480 action=iai progress=1.0000386701808566 feedback=START
[17:13:21] [Client thread/INFO] [STDOUT]: [com.layue13.clashweave.client.ClientProxy:apply:305]: CW_FEEDBACK player=P0A result=PARRY frozen=37216699240400 receive=37216951566700 corrections=0
[17:13:21] [Client thread/INFO] [STDOUT]: [com.layue13.clashweave.validation.ClientReplay:audio:412]: P0_AUDIO source=random.anvil_land frozen=37216699240400 nano=37216951803600
[17:13:21] [Client thread/INFO] [STDOUT]: [com.layue13.clashweave.client.ClientProxy:hud:368]: CW_FRAME frozen=37216699240400 frame=37216952514900
[17:13:21] [Client thread/INFO] [STDOUT]: [com.layue13.clashweave.validation.ClientReplay:audio:412]: P0_AUDIO source=random.anvil_land frozen=37217150047600 nano=37217436335100
[17:13:23] [Client thread/INFO] [STDOUT]: [com.layue13.clashweave.validation.ClientReplay:audio:411]: P0_LOCAL_AUDIO nano=37218852071800
[17:13:23] [Client thread/INFO] [STDOUT]: [com.layue13.clashweave.client.ClientProxy:send:163]: CW_LOCAL_SWING seq=143 press=37218851969200 feedback=37218852320200
[17:13:25] [Client thread/INFO] [STDOUT]: [com.layue13.clashweave.validation.ClientReplay:audio:411]: P0_LOCAL_AUDIO nano=37221351496100
[17:13:25] [Client thread/INFO] [STDOUT]: [com.layue13.clashweave.client.ClientProxy:send:163]: CW_LOCAL_SWING seq=147 press=37221351381800 feedback=37221352431100
