# Log excerpt; complete raw log retained locally under build/p0/runs.
# Original lines: 5473
# Marker counts: {'Exception': 171, 'ERROR': 2, 'P0_NETWORK': 3, ' CW INPUT': 7, 'P0_COMPOSITION_PHASE': 2, ' CW ENGAGEMENT': 1, ' CW LOCK': 2, ' CW ACK': 3, ' CW FACING': 1, ' CW START': 1, ' CW AIM': 1, 'CW_EVENT': 2, 'P0_PERF': 2}
[Loaded java.lang.Exception from C:\Program Files\Zulu\zulu-8\jre\lib\rt.jar]
[Loaded java.lang.RuntimeException from C:\Program Files\Zulu\zulu-8\jre\lib\rt.jar]
[Loaded java.lang.ReflectiveOperationException from C:\Program Files\Zulu\zulu-8\jre\lib\rt.jar]
[Loaded java.lang.ClassNotFoundException from C:\Program Files\Zulu\zulu-8\jre\lib\rt.jar]
[Loaded java.lang.ClassCastException from C:\Program Files\Zulu\zulu-8\jre\lib\rt.jar]
[Loaded java.lang.ArrayStoreException from C:\Program Files\Zulu\zulu-8\jre\lib\rt.jar]
[Loaded java.lang.IllegalMonitorStateException from C:\Program Files\Zulu\zulu-8\jre\lib\rt.jar]
[Loaded java.lang.Thread$UncaughtExceptionHandler from C:\Program Files\Zulu\zulu-8\jre\lib\rt.jar]
[Loaded java.lang.NullPointerException from C:\Program Files\Zulu\zulu-8\jre\lib\rt.jar]
[Loaded java.lang.ArithmeticException from C:\Program Files\Zulu\zulu-8\jre\lib\rt.jar]
[Loaded java.lang.InterruptedException from C:\Program Files\Zulu\zulu-8\jre\lib\rt.jar]
[Loaded java.security.PrivilegedExceptionAction from C:\Program Files\Zulu\zulu-8\jre\lib\rt.jar]
[09:02:17] [main/ERROR] [FML]: The binary patch set is missing. Either you are in a development environment, or things are not going to work!
[09:02:18] [main/ERROR] [FML]: FML appears to be missing any signature data. This is not a good thing
[09:02:40] [Server thread/INFO] [STDOUT]: [com.layue13.clashweave.validation.NetworkScenario:login:44]: P0_NETWORK login=P0A
[09:02:40] [Server thread/INFO] [STDOUT]: [com.layue13.clashweave.forge.CombatServer:trace:871]: CW INPUT player=P0A seq=1 kind=-2 target=-1 origin=0 stamp=221 effectiveStamp=221 receivedTick=221 consumedTick=222 arrival=94176548830200 gate=OK
[09:02:53] [Server thread/INFO] [STDOUT]: [com.layue13.clashweave.validation.NetworkScenario:login:44]: P0_NETWORK login=P0B
[09:02:54] [Server thread/INFO] [STDOUT]: [com.layue13.clashweave.forge.CombatServer:trace:871]: CW INPUT player=P0B seq=1 kind=-2 target=-1 origin=0 stamp=500 effectiveStamp=500 receivedTick=502 consumedTick=503 arrival=94189726892300 gate=OK
[09:02:54] [Server thread/INFO] [STDOUT]: [com.layue13.clashweave.forge.CombatServer:trace:871]: CW INPUT player=P0B seq=2 kind=-2 target=-1 origin=0 stamp=501 effectiveStamp=501 receivedTick=502 consumedTick=503 arrival=94189726913200 gate=OK
[09:02:54] [Server thread/INFO] [STDOUT]: [com.layue13.clashweave.forge.CombatServer:trace:871]: CW INPUT player=P0B seq=3 kind=-2 target=-1 origin=0 stamp=502 effectiveStamp=502 receivedTick=502 consumedTick=503 arrival=94189726924100 gate=OK
[09:02:55] [Server thread/INFO] [STDOUT]: [com.layue13.clashweave.validation.CompositionScenario:phase:14]: P0_COMPOSITION_PHASE name=WAIT target=100178 tick=528
[09:02:55] [Server thread/INFO] [STDOUT]: [com.layue13.clashweave.forge.CombatServer:trace:871]: CW ENGAGEMENT player=P0A engaged=true revision=3 tick=529 sent=94191021720000
[09:02:56] [Server thread/INFO] [STDOUT]: [com.layue13.clashweave.forge.CombatServer:trace:871]: CW INPUT player=P0A seq=2 kind=5 target=-1 origin=0 stamp=547 effectiveStamp=547 receivedTick=547 consumedTick=548 arrival=94191976354800 gate=OK
[09:02:56] [Server thread/INFO] [STDOUT]: [com.layue13.clashweave.forge.CombatServer:trace:871]: CW LOCK_TARGET player=P0A target=100178 hint=-1
[09:02:56] [Server thread/INFO] [STDOUT]: [com.layue13.clashweave.forge.CombatServer:trace:871]: CW ACK player=P0A seq=2 result=LOCK
[09:02:56] [Server thread/INFO] [STDOUT]: [com.layue13.clashweave.validation.CompositionScenario:phase:14]: P0_COMPOSITION_PHASE name=FIRST target=100178 tick=548
[09:02:58] [Server thread/INFO] [STDOUT]: [com.layue13.clashweave.forge.CombatServer:trace:871]: CW INPUT player=P0A seq=3 kind=0 target=-1 origin=0 stamp=597 effectiveStamp=597 receivedTick=597 consumedTick=598 arrival=94194483459400 gate=OK
[09:02:58] [Server thread/INFO] [STDOUT]: [com.layue13.clashweave.forge.CombatServer:trace:871]: CW FACING player=P0A seq=3 requested=8.0 known=8.0 chosen=8.0 accepted=true reason=OK
[09:02:58] [Server thread/INFO] [STDOUT]: [com.layue13.clashweave.forge.CombatServer:trace:871]: CW START player=P0A id=1 action=iai tick=598
[09:02:58] [Server thread/INFO] [STDOUT]: [com.layue13.clashweave.forge.CombatServer:trace:871]: CW LOCK_AIM player=P0A id=1 target=100178 enabled=true before=8.0 after=0.0 correction=8.0 targetYaw=0.0 pitchCorrection=0
[09:02:58] [Server thread/INFO] [STDOUT]: [com.layue13.clashweave.forge.CombatServer:trace:871]: CW AIM player=P0A id=1 requested=8.0 requestedPitch=8.64455 selectedPitch=8.64455 beforePitchDelta=8.64455 afterPitchDelta=0.0 baseline=8.0 selected=0.0 beforeDelta=0.0 afterDelta=8.0 accepted=true
[09:02:58] [Server thread/INFO] [STDOUT]: [com.layue13.clashweave.forge.SemanticDispatcher:publish:33]: CW_EVENT id=1 kind=DRAW actor=0 target=-1 instance=1 tick=598
[09:02:58] [Server thread/INFO] [STDOUT]: [com.layue13.clashweave.forge.SemanticDispatcher:publish:33]: CW_EVENT id=2 kind=SWING actor=0 target=-1 instance=1 tick=598
[09:02:58] [Server thread/INFO] [STDOUT]: [com.layue13.clashweave.forge.CombatServer:trace:871]: CW ACK player=P0A seq=3 result=START
[09:02:58] [Server thread/INFO] [STDOUT]: [com.layue13.clashweave.validation.NetworkScenario:tick:105]: P0_PERF samples=100 meanNanos=202803 maxNanos=5618200
[09:02:58] [Server thread/INFO] [STDOUT]: [com.layue13.clashweave.forge.CombatServer:trace:871]: CW INPUT player=P0A seq=4 kind=-1 target=1 origin=1 stamp=598 effectiveStamp=598 receivedTick=598 consumedTick=599 arrival=94194538471400 gate=OK
[09:02:58] [Server thread/INFO] [STDOUT]: [com.layue13.clashweave.forge.CombatServer:trace:871]: CW ACK player=P0A seq=4 result=MOVE_READY
[09:03:03] [Server thread/INFO] [STDOUT]: [com.layue13.clashweave.validation.NetworkScenario:tick:105]: P0_PERF samples=200 meanNanos=150356 maxNanos=5618200
[09:03:06] [Server thread/INFO] [STDOUT]: [com.layue13.clashweave.validation.CompositionScenario:tick:26]: P0_NETWORK COMPLETE
