# Log excerpt; complete raw log retained locally under build/p0/runs.
# Original lines: 683
# Marker counts: {'ERROR': 3, 'CW_RENDER': 1, 'Exception': 2, 'P0_AUDIO': 40, 'CW_VIEW': 34, 'CW_ENGAGEMENT': 1, 'P0_APPEARANCE': 2, 'P0_REPLAY': 30, 'P0_CAPTURE': 8, 'P0_LOCAL_AUDIO': 24, 'CW_LOCAL_SWING': 24, 'P0_REQUEST': 65, 'P0_PENDING': 73, 'CW_ALIGN': 35, 'CW_PRESENT': 143, 'CW_FEEDBACK': 40, 'CW_FRAME': 40, 'P0_LATE_WIRE': 1}
[08:00:34] [main/ERROR] [FML]: The binary patch set is missing. Either you are in a development environment, or things are not going to work!
[08:00:35] [main/ERROR] [FML]: FML appears to be missing any signature data. This is not a good thing
This is just a prompt for computer specs to be printed. THIS IS NOT A ERROR
[08:00:38] [Client thread/INFO] [STDOUT]: [com.layue13.clashweave.client.KatanaRendering:load:35]: CW_RENDER models loaded units=block blade=+Y sheath=downwardBipedY angle=45.0
[08:00:38] [Forge Version Check/INFO] [STDERR]: [java.lang.Throwable$WrappedPrintStream:println:749]: com.google.gson.JsonSyntaxException: java.lang.IllegalStateException: Expected BEGIN_OBJECT but was STRING at line 1 column 1
[08:00:38] [Forge Version Check/INFO] [STDERR]: [java.lang.Throwable$WrappedPrintStream:println:749]: Caused by: java.lang.IllegalStateException: Expected BEGIN_OBJECT but was STRING at line 1 column 1
[08:00:39] [Client thread/INFO] [STDOUT]: [com.layue13.clashweave.validation.ClientReplay:<init>:69]: P0_AUDIO initial loader settled
[08:00:44] [Client thread/INFO] [STDOUT]: [com.layue13.clashweave.client.ViewPreservingCorrections$Preserved:processPacket:140]: CW_VIEW packet=1 marker=0 protected=false yawDelta=180.0 pitchDelta=0.0 requestedYawDelta=180.0 requestedPitchDelta=0.0 nano=90460345928800
[08:00:44] [Client thread/INFO] [STDOUT]: [com.layue13.clashweave.client.ViewPreservingCorrections$Preserved:processPacket:140]: CW_VIEW packet=1 marker=0 protected=false yawDelta=0.0 pitchDelta=0.0 requestedYawDelta=0.0 requestedPitchDelta=0.0 nano=90460347226000
[08:00:45] [Client thread/INFO] [STDOUT]: [com.layue13.clashweave.client.ViewPreservingCorrections$Preserved:processPacket:140]: CW_VIEW packet=1 marker=0 protected=false yawDelta=0.0 pitchDelta=0.0 requestedYawDelta=0.0 requestedPitchDelta=0.0 nano=90460704226800
[08:00:45] [Client thread/INFO] [STDOUT]: [com.layue13.clashweave.client.ClientProxy:apply:251]: CW_ENGAGEMENT player=P0A engaged=true revision=2 tick=209 receive=90460730674100
[08:00:45] [Client thread/INFO] [STDOUT]: [com.layue13.clashweave.validation.ClientReplay:tick:97]: P0_APPEARANCE entity=0 skin=clashweave:katana effects=clashweave:default animations=clashweave:katana style=katana
[08:00:47] [Client thread/INFO] [STDOUT]: [com.layue13.clashweave.validation.ClientReplay:tick:257]: P0_REPLAY tick=40 action= progress=2.8800000001183435E-4 feedback=REJECT:STALE
[08:00:47] [Client thread/INFO] [STDOUT]: [com.layue13.clashweave.validation.ClientReplay:frame:405]: P0_CAPTURE sheathed-0 instance=0 progress=1.6972875126089662 nano=90462921036900
[08:00:47] [Client thread/INFO] [STDOUT]: [com.layue13.clashweave.validation.ClientReplay:frame:405]: P0_CAPTURE sheathed-2 instance=0 progress=1.6929719999999975 nano=90463007498100
[08:00:49] [Client thread/INFO] [STDOUT]: [com.layue13.clashweave.validation.ClientReplay:audio:418]: P0_LOCAL_AUDIO nano=90464859390300
[08:00:49] [Client thread/INFO] [STDOUT]: [com.layue13.clashweave.client.ClientProxy:send:166]: CW_LOCAL_SWING seq=16 press=90464859133300 feedback=90464862418400
[08:00:49] [Client thread/INFO] [STDOUT]: [com.layue13.clashweave.validation.ClientReplay:request:320]: P0_REQUEST intent=LIGHT yaw=0.0 pitch=0.0 nano=90464862675600
[08:00:49] [Client thread/INFO] [STDOUT]: [com.layue13.clashweave.validation.ClientReplay:tick:257]: P0_REPLAY tick=80 action= progress=7.479999999873144E-4 feedback=REJECT:STALE
[08:00:49] [Client thread/INFO] [STDOUT]: [com.layue13.clashweave.validation.ClientReplay:tick:195]: P0_PENDING engaged=true
[08:00:49] [Client thread/INFO] [STDOUT]: [com.layue13.clashweave.validation.ClientReplay:tick:195]: P0_PENDING engaged=true
[08:00:49] [Client thread/INFO] [STDOUT]: [com.layue13.clashweave.client.ClientProxy:apply:265]: CW_ALIGN player=P0A seq=16 predicted=0 authoritative=0 sameAction=true
[08:00:49] [Client thread/INFO] [STDOUT]: [com.layue13.clashweave.client.ClientProxy:tick:194]: CW_PRESENT id=1 kind=DRAW actor=0 owner=0
[08:00:49] [Client thread/INFO] [STDOUT]: [com.layue13.clashweave.client.ClientProxy:tick:194]: CW_PRESENT id=2 kind=SWING actor=0 owner=0
[08:00:49] [Client thread/INFO] [STDOUT]: [com.layue13.clashweave.validation.ClientReplay:frame:405]: P0_CAPTURE draw-0 instance=1 progress=2.4585480000000075 nano=90465148284400
[08:00:49] [Client thread/INFO] [STDOUT]: [com.layue13.clashweave.validation.ClientReplay:frame:405]: P0_CAPTURE draw-2 instance=1 progress=4.791872000000012 nano=90465239113800
[08:00:49] [Client thread/INFO] [STDOUT]: [com.layue13.clashweave.client.ClientProxy:apply:310]: CW_FEEDBACK player=P0A result=HIT frozen=90465250342300 receive=90465323747000 corrections=0
[08:00:49] [Client thread/INFO] [STDOUT]: [com.layue13.clashweave.validation.ClientReplay:audio:419]: P0_AUDIO source=random.successful_hit frozen=90465250342300 nano=90465324303700
[08:00:49] [Client thread/INFO] [STDOUT]: [com.layue13.clashweave.client.ClientProxy:tick:194]: CW_PRESENT id=3 kind=HIT actor=0 owner=0
[08:00:49] [Client thread/INFO] [STDOUT]: [com.layue13.clashweave.client.ClientProxy:tick:194]: CW_PRESENT id=4 kind=HURT actor=1 owner=0
[08:00:49] [Client thread/INFO] [STDOUT]: [com.layue13.clashweave.validation.ClientReplay:request:320]: P0_REQUEST intent=LIGHT yaw=0.0 pitch=0.0 nano=90465328515800
[08:00:49] [Client thread/INFO] [STDOUT]: [com.layue13.clashweave.client.ClientProxy:hud:381]: CW_FRAME frozen=90465250342300 frame=90465329199500
[08:00:49] [Client thread/INFO] [STDOUT]: [com.layue13.clashweave.client.ClientProxy:tick:194]: CW_PRESENT id=5 kind=SWING actor=0 owner=0
[08:00:50] [Client thread/INFO] [STDOUT]: [com.layue13.clashweave.client.ClientProxy:apply:310]: CW_FEEDBACK player=P0A result=HIT frozen=90465650302700 receive=90465739432800 corrections=0
[08:00:50] [Client thread/INFO] [STDOUT]: [com.layue13.clashweave.validation.ClientReplay:audio:419]: P0_AUDIO source=random.successful_hit frozen=90465650302700 nano=90465739785300
[08:00:50] [Client thread/INFO] [STDOUT]: [com.layue13.clashweave.client.ClientProxy:tick:194]: CW_PRESENT id=6 kind=HIT actor=0 owner=0
[08:00:50] [Client thread/INFO] [STDOUT]: [com.layue13.clashweave.client.ClientProxy:tick:194]: CW_PRESENT id=7 kind=HURT actor=1 owner=0
[08:00:50] [Client thread/INFO] [STDOUT]: [com.layue13.clashweave.validation.ClientReplay:request:320]: P0_REQUEST intent=LIGHT yaw=0.0 pitch=0.0 nano=90465740501100
[08:00:50] [Client thread/INFO] [STDOUT]: [com.layue13.clashweave.client.ClientProxy:hud:381]: CW_FRAME frozen=90465650302700 frame=90465741220700
[08:00:50] [Client thread/INFO] [STDOUT]: [com.layue13.clashweave.client.ClientProxy:tick:194]: CW_PRESENT id=8 kind=SWING actor=0 owner=0
[08:00:50] [Client thread/INFO] [STDOUT]: [com.layue13.clashweave.validation.ClientReplay:request:320]: P0_REQUEST intent=LIGHT yaw=0.0 pitch=0.0 nano=90466106432800
[08:00:50] [Client thread/INFO] [STDOUT]: [com.layue13.clashweave.validation.ClientReplay:tick:192]: P0_LATE_WIRE seq=23 origin=1
[08:00:51] [Client thread/INFO] [STDOUT]: [com.layue13.clashweave.validation.ClientReplay:tick:257]: P0_REPLAY tick=120 action= progress=3.140000000030341E-4 feedback=ORIGIN_CHANGED
[08:00:51] [Client thread/INFO] [STDOUT]: [com.layue13.clashweave.validation.ClientReplay:audio:418]: P0_LOCAL_AUDIO nano=90467173294100
[08:00:51] [Client thread/INFO] [STDOUT]: [com.layue13.clashweave.client.ClientProxy:send:166]: CW_LOCAL_SWING seq=24 press=90467173135900 feedback=90467173599100
[08:00:51] [Client thread/INFO] [STDOUT]: [com.layue13.clashweave.validation.ClientReplay:request:320]: P0_REQUEST intent=LIGHT yaw=0.0 pitch=0.0 nano=90467173819200
[08:00:51] [Client thread/INFO] [STDOUT]: [com.layue13.clashweave.validation.ClientReplay:tick:195]: P0_PENDING engaged=true
[08:00:51] [Client thread/INFO] [STDOUT]: [com.layue13.clashweave.validation.ClientReplay:tick:195]: P0_PENDING engaged=true
[08:00:51] [Client thread/INFO] [STDOUT]: [com.layue13.clashweave.client.ClientProxy:apply:265]: CW_ALIGN player=P0A seq=24 predicted=0 authoritative=0 sameAction=true
[08:00:51] [Client thread/INFO] [STDOUT]: [com.layue13.clashweave.client.ClientProxy:tick:194]: CW_PRESENT id=9 kind=SWING actor=0 owner=0
[08:00:51] [Client thread/INFO] [STDOUT]: [com.layue13.clashweave.validation.ClientReplay:request:320]: P0_REQUEST intent=HEAVY yaw=0.0 pitch=0.0 nano=90467573192100
[08:00:52] [Client thread/INFO] [STDOUT]: [com.layue13.clashweave.validation.ClientReplay:audio:418]: P0_LOCAL_AUDIO nano=90468439617800
[08:00:52] [Client thread/INFO] [STDOUT]: [com.layue13.clashweave.client.ClientProxy:send:166]: CW_LOCAL_SWING seq=27 press=90468439451600 feedback=90468440046000
[08:00:52] [Client thread/INFO] [STDOUT]: [com.layue13.clashweave.validation.ClientReplay:request:320]: P0_REQUEST intent=HEAVY yaw=0.0 pitch=0.0 nano=90468440245600
[08:00:52] [Client thread/INFO] [STDOUT]: [com.layue13.clashweave.validation.ClientReplay:tick:195]: P0_PENDING engaged=true
[08:00:52] [Client thread/INFO] [STDOUT]: [com.layue13.clashweave.validation.ClientReplay:tick:195]: P0_PENDING engaged=true
[08:00:52] [Client thread/INFO] [STDOUT]: [com.layue13.clashweave.client.ClientProxy:apply:265]: CW_ALIGN player=P0A seq=27 predicted=0 authoritative=0 sameAction=true
[08:00:52] [Client thread/INFO] [STDOUT]: [com.layue13.clashweave.client.ClientProxy:tick:194]: CW_PRESENT id=10 kind=SWING actor=0 owner=0
[08:00:53] [Client thread/INFO] [STDOUT]: [com.layue13.clashweave.validation.ClientReplay:frame:405]: P0_CAPTURE swing-0 instance=5 progress=7.473821999999984 nano=90468912968700
[08:00:53] [Client thread/INFO] [STDOUT]: [com.layue13.clashweave.validation.ClientReplay:frame:405]: P0_CAPTURE swing-2 instance=5 progress=9.552704000000006 nano=90469042255400
[08:00:53] [Client thread/INFO] [STDOUT]: [com.layue13.clashweave.validation.ClientReplay:tick:257]: P0_REPLAY tick=160 action=heavy progress=9.000310000000013 feedback=MOVE_READY
[08:00:54] [Client thread/INFO] [STDOUT]: [com.layue13.clashweave.validation.ClientReplay:request:320]: P0_REQUEST intent=SHEATHE yaw=0.0 pitch=0.0 nano=90469710362500
[08:00:54] [Client thread/INFO] [STDOUT]: [com.layue13.clashweave.validation.ClientReplay:tick:195]: P0_PENDING engaged=true
[08:00:54] [Client thread/INFO] [STDOUT]: [com.layue13.clashweave.validation.ClientReplay:tick:195]: P0_PENDING engaged=true
[08:00:54] [Client thread/INFO] [STDOUT]: [com.layue13.clashweave.client.ClientProxy:apply:265]: CW_ALIGN player=P0A seq=29 predicted=0 authoritative=0 sameAction=true
[08:00:54] [Client thread/INFO] [STDOUT]: [com.layue13.clashweave.validation.ClientReplay:frame:405]: P0_CAPTURE sheathe-0 instance=6 progress=3.3305859999999825 nano=90470026759400
[08:00:54] [Client thread/INFO] [STDOUT]: [com.layue13.clashweave.validation.ClientReplay:frame:405]: P0_CAPTURE sheathe-2 instance=6 progress=4.441277636921313 nano=90470125465000
[08:00:54] [Client thread/INFO] [STDOUT]: [com.layue13.clashweave.client.ClientProxy:tick:194]: CW_PRESENT id=11 kind=SHEATHE actor=0 owner=0
[08:00:55] [Client thread/INFO] [STDOUT]: [com.layue13.clashweave.validation.ClientReplay:audio:418]: P0_LOCAL_AUDIO nano=90470961134200
[08:00:55] [Client thread/INFO] [STDOUT]: [com.layue13.clashweave.client.ClientProxy:send:166]: CW_LOCAL_SWING seq=31 press=90470960996100 feedback=90470961514500
[08:00:55] [Client thread/INFO] [STDOUT]: [com.layue13.clashweave.validation.ClientReplay:request:320]: P0_REQUEST intent=LIGHT yaw=0.0 pitch=0.0 nano=90470961708300
[08:00:55] [Client thread/INFO] [STDOUT]: [com.layue13.clashweave.validation.ClientReplay:tick:257]: P0_REPLAY tick=200 action= progress=3.285532442873773E-4 feedback=MOVE_READY
[08:00:55] [Client thread/INFO] [STDOUT]: [com.layue13.clashweave.validation.ClientReplay:tick:195]: P0_PENDING engaged=true
[08:00:55] [Client thread/INFO] [STDOUT]: [com.layue13.clashweave.validation.ClientReplay:tick:195]: P0_PENDING engaged=true
[08:00:55] [Client thread/INFO] [STDOUT]: [com.layue13.clashweave.client.ClientProxy:apply:265]: CW_ALIGN player=P0A seq=31 predicted=0 authoritative=0 sameAction=true
[08:00:55] [Client thread/INFO] [STDOUT]: [com.layue13.clashweave.client.ClientProxy:tick:194]: CW_PRESENT id=12 kind=DRAW actor=0 owner=0
[08:00:55] [Client thread/INFO] [STDOUT]: [com.layue13.clashweave.validation.ClientReplay:tick:97]: P0_APPEARANCE entity=68786 skin=clashweave:katana effects=clashweave:default animations=clashweave:katana style=katana
[08:00:55] [Client thread/INFO] [STDOUT]: [com.layue13.clashweave.validation.ClientReplay:request:320]: P0_REQUEST intent=LIGHT yaw=0.0 pitch=0.0 nano=90471431305500
[08:00:56] [Client thread/INFO] [STDOUT]: [com.layue13.clashweave.client.ViewPreservingCorrections$Preserved:processPacket:140]: CW_VIEW packet=1 marker=0 protected=false yawDelta=0.0 pitchDelta=0.0 requestedYawDelta=0.0 requestedPitchDelta=0.0 nano=90471976372700
[08:00:56] [Client thread/INFO] [STDOUT]: [com.layue13.clashweave.validation.ClientReplay:audio:418]: P0_LOCAL_AUDIO nano=90472226435600
[08:00:56] [Client thread/INFO] [STDOUT]: [com.layue13.clashweave.client.ClientProxy:send:166]: CW_LOCAL_SWING seq=34 press=90472226294700 feedback=90472226796600
[08:00:56] [Client thread/INFO] [STDOUT]: [com.layue13.clashweave.validation.ClientReplay:request:320]: P0_REQUEST intent=HEAVY yaw=0.0 pitch=0.0 nano=90472226990100
[08:00:56] [Client thread/INFO] [STDOUT]: [com.layue13.clashweave.validation.ClientReplay:tick:195]: P0_PENDING engaged=true
[08:00:56] [Client thread/INFO] [STDOUT]: [com.layue13.clashweave.validation.ClientReplay:tick:195]: P0_PENDING engaged=true
[08:00:56] [Client thread/INFO] [STDOUT]: [com.layue13.clashweave.client.ClientProxy:apply:265]: CW_ALIGN player=P0A seq=34 predicted=0 authoritative=0 sameAction=true
[08:00:57] [Client thread/INFO] [STDOUT]: [com.layue13.clashweave.client.ClientProxy:apply:310]: CW_FEEDBACK player=P0A result=IMMUNE frozen=90472542185600 receive=90472776274700 corrections=0
[08:00:57] [Client thread/INFO] [STDOUT]: [com.layue13.clashweave.client.ClientProxy:hud:381]: CW_FRAME frozen=90472542185600 frame=90472776881000
[08:00:57] [Client thread/INFO] [STDOUT]: [com.layue13.clashweave.validation.ClientReplay:tick:257]: P0_REPLAY tick=240 action=heavy progress=12.001081999999997 feedback=IMMUNE
[08:00:57] [Client thread/INFO] [STDOUT]: [com.layue13.clashweave.client.ViewPreservingCorrections$Preserved:processPacket:140]: CW_VIEW packet=1 marker=0 protected=false yawDelta=0.0 pitchDelta=0.0 requestedYawDelta=0.0 requestedPitchDelta=0.0 nano=90473225765100
[08:00:57] [Client thread/INFO] [STDOUT]: [com.layue13.clashweave.validation.ClientReplay:request:320]: P0_REQUEST intent=SHEATHE yaw=0.0 pitch=0.0 nano=90473476355000
[08:00:58] [Client thread/INFO] [STDOUT]: [com.layue13.clashweave.client.ClientProxy:apply:265]: CW_ALIGN player=P0A seq=36 predicted=0 authoritative=0 sameAction=true
[08:00:58] [Client thread/INFO] [STDOUT]: [com.layue13.clashweave.client.ViewPreservingCorrections$Preserved:processPacket:140]: CW_VIEW packet=1 marker=0 protected=false yawDelta=0.0 pitchDelta=0.0 requestedYawDelta=0.0 requestedPitchDelta=0.0 nano=90473993221900
[08:00:59] [Client thread/INFO] [STDOUT]: [com.layue13.clashweave.validation.ClientReplay:audio:418]: P0_LOCAL_AUDIO nano=90474744180400
[08:00:59] [Client thread/INFO] [STDOUT]: [com.layue13.clashweave.client.ClientProxy:send:166]: CW_LOCAL_SWING seq=38 press=90474744041900 feedback=90474744509100
[08:00:59] [Client thread/INFO] [STDOUT]: [com.layue13.clashweave.client.ClientProxy:apply:265]: CW_ALIGN player=P0A seq=38 predicted=0 authoritative=0 sameAction=true
[08:00:59] [Client thread/INFO] [STDOUT]: [com.layue13.clashweave.validation.ClientReplay:tick:257]: P0_REPLAY tick=280 action=iai progress=3.0002039999999965 feedback=START
[08:00:59] [Client thread/INFO] [STDOUT]: [com.layue13.clashweave.client.ClientProxy:apply:310]: CW_FEEDBACK player=P0A result=PARRY frozen=90475044466000 receive=90475293189800 corrections=0
[08:00:59] [Client thread/INFO] [STDOUT]: [com.layue13.clashweave.validation.ClientReplay:audio:419]: P0_AUDIO source=random.anvil_land frozen=90475044466000 nano=90475293642000
[08:00:59] [Client thread/INFO] [STDOUT]: [com.layue13.clashweave.client.ClientProxy:hud:381]: CW_FRAME frozen=90475044466000 frame=90475297903600
[08:01:00] [Client thread/INFO] [STDOUT]: [com.layue13.clashweave.client.ClientProxy:apply:310]: CW_FEEDBACK player=P0A result=BLOCK frozen=90475440279200 receive=90475695405700 corrections=0
[08:01:00] [Client thread/INFO] [STDOUT]: [com.layue13.clashweave.validation.ClientReplay:audio:419]: P0_AUDIO source=random.anvil_land frozen=90475440279200 nano=90475695704600
[08:01:00] [Client thread/INFO] [STDOUT]: [com.layue13.clashweave.client.ClientProxy:hud:381]: CW_FRAME frozen=90475440279200 frame=90475696854600
[08:01:00] [Client thread/INFO] [STDOUT]: [com.layue13.clashweave.client.ClientProxy:apply:310]: CW_FEEDBACK player=P0A result=BLOCK frozen=90475941530500 receive=90476195783400 corrections=0
[08:01:00] [Client thread/INFO] [STDOUT]: [com.layue13.clashweave.validation.ClientReplay:audio:419]: P0_AUDIO source=random.anvil_land frozen=90475941530500 nano=90476196127900
[08:01:00] [Client thread/INFO] [STDOUT]: [com.layue13.clashweave.client.ClientProxy:hud:381]: CW_FRAME frozen=90475941530500 frame=90476197217100
[08:01:00] [Client thread/INFO] [STDOUT]: [com.layue13.clashweave.client.ViewPreservingCorrections$Preserved:processPacket:140]: CW_VIEW packet=1 marker=0 protected=false yawDelta=0.0 pitchDelta=0.0 requestedYawDelta=0.0 requestedPitchDelta=0.0 nano=90476592871200
[08:01:01] [Client thread/INFO] [STDOUT]: [com.layue13.clashweave.validation.ClientReplay:tick:257]: P0_REPLAY tick=320 action= progress=1.240000000279906E-4 feedback=BLOCK
[08:01:01] [Client thread/INFO] [STDOUT]: [com.layue13.clashweave.validation.ClientReplay:audio:418]: P0_LOCAL_AUDIO nano=90477244484900
[08:01:01] [Client thread/INFO] [STDOUT]: [com.layue13.clashweave.client.ClientProxy:send:166]: CW_LOCAL_SWING seq=44 press=90477244333600 feedback=90477244856600
[08:01:01] [Client thread/INFO] [STDOUT]: [com.layue13.clashweave.client.ClientProxy:apply:265]: CW_ALIGN player=P0A seq=44 predicted=0 authoritative=0 sameAction=true
[08:01:02] [Client thread/INFO] [STDOUT]: [com.layue13.clashweave.client.ClientProxy:apply:310]: CW_FEEDBACK player=P0A result=PARRY frozen=90477598748100 receive=90477893993900 corrections=0
[08:01:02] [Client thread/INFO] [STDOUT]: [com.layue13.clashweave.validation.ClientReplay:audio:419]: P0_AUDIO source=random.anvil_land frozen=90477598748100 nano=90477894452000
[08:01:02] [Client thread/INFO] [STDOUT]: [com.layue13.clashweave.client.ClientProxy:hud:381]: CW_FRAME frozen=90477598748100 frame=90477895427900
[08:01:02] [Client thread/INFO] [STDOUT]: [com.layue13.clashweave.client.ViewPreservingCorrections$Preserved:processPacket:140]: CW_VIEW packet=1 marker=0 protected=false yawDelta=0.0 pitchDelta=0.0 requestedYawDelta=0.0 requestedPitchDelta=0.0 nano=90478292902600
[08:01:03] [Client thread/INFO] [STDOUT]: [com.layue13.clashweave.client.ClientProxy:apply:265]: CW_ALIGN player=P0A seq=46 predicted=0 authoritative=0 sameAction=true
[08:01:03] [Client thread/INFO] [STDOUT]: [com.layue13.clashweave.validation.ClientReplay:tick:257]: P0_REPLAY tick=360 action=sheathe progress=7.000069538295975 feedback=MOVE_READY
[08:01:03] [Client thread/INFO] [STDOUT]: [com.layue13.clashweave.client.ViewPreservingCorrections$Preserved:processPacket:140]: CW_VIEW packet=1 marker=0 protected=false yawDelta=0.0 pitchDelta=0.0 requestedYawDelta=0.0 requestedPitchDelta=0.0 nano=90479043157300
[08:01:04] [Client thread/INFO] [STDOUT]: [com.layue13.clashweave.validation.ClientReplay:audio:418]: P0_LOCAL_AUDIO nano=90479743339200
[08:01:04] [Client thread/INFO] [STDOUT]: [com.layue13.clashweave.client.ClientProxy:send:166]: CW_LOCAL_SWING seq=48 press=90479743214500 feedback=90479743657700
[08:01:04] [Client thread/INFO] [STDOUT]: [com.layue13.clashweave.client.ClientProxy:apply:265]: CW_ALIGN player=P0A seq=48 predicted=0 authoritative=0 sameAction=true
[08:01:04] [Client thread/INFO] [STDOUT]: [com.layue13.clashweave.client.ClientProxy:apply:310]: CW_FEEDBACK player=P0A result=PARRY frozen=90480099202600 receive=90480393936200 corrections=0
[08:01:04] [Client thread/INFO] [STDOUT]: [com.layue13.clashweave.validation.ClientReplay:audio:419]: P0_AUDIO source=random.anvil_land frozen=90480099202600 nano=90480394348300
[08:01:04] [Client thread/INFO] [STDOUT]: [com.layue13.clashweave.client.ClientProxy:hud:381]: CW_FRAME frozen=90480099202600 frame=90480395243900
[08:01:05] [Client thread/INFO] [STDOUT]: [com.layue13.clashweave.client.ClientProxy:apply:310]: CW_FEEDBACK player=P0A result=PARRY frozen=90480541262100 receive=90480793036300 corrections=0
[08:01:05] [Client thread/INFO] [STDOUT]: [com.layue13.clashweave.validation.ClientReplay:audio:419]: P0_AUDIO source=random.anvil_land frozen=90480541262100 nano=90480793461400
[08:01:05] [Client thread/INFO] [STDOUT]: [com.layue13.clashweave.client.ClientProxy:hud:381]: CW_FRAME frozen=90480541262100 frame=90480794354300
[08:01:05] [Client thread/INFO] [STDOUT]: [com.layue13.clashweave.validation.ClientReplay:tick:257]: P0_REPLAY tick=400 action=light_2 progress=4.000139999999988 feedback=MOVE_READY
[08:01:05] [Client thread/INFO] [STDOUT]: [com.layue13.clashweave.client.ClientProxy:apply:310]: CW_FEEDBACK player=P0A result=BLOCK frozen=90480892309200 receive=90481147650000 corrections=0
[08:01:05] [Client thread/INFO] [STDOUT]: [com.layue13.clashweave.validation.ClientReplay:audio:419]: P0_AUDIO source=random.anvil_land frozen=90480892309200 nano=90481148027600
[08:01:05] [Client thread/INFO] [STDOUT]: [com.layue13.clashweave.client.ClientProxy:hud:381]: CW_FRAME frozen=90480892309200 frame=90481149271400
[08:01:06] [Client thread/INFO] [STDOUT]: [com.layue13.clashweave.client.ViewPreservingCorrections$Preserved:processPacket:140]: CW_VIEW packet=1 marker=0 protected=false yawDelta=0.0 pitchDelta=0.0 requestedYawDelta=0.0 requestedPitchDelta=0.0 nano=90481860225400
[08:01:06] [Client thread/INFO] [STDOUT]: [com.layue13.clashweave.validation.ClientReplay:audio:418]: P0_LOCAL_AUDIO nano=90482259981800
[08:01:06] [Client thread/INFO] [STDOUT]: [com.layue13.clashweave.client.ClientProxy:send:166]: CW_LOCAL_SWING seq=56 press=90482259856300 feedback=90482260278600
[08:01:06] [Client thread/INFO] [STDOUT]: [com.layue13.clashweave.client.ClientProxy:apply:265]: CW_ALIGN player=P0A seq=56 predicted=0 authoritative=0 sameAction=true
[08:01:07] [Client thread/INFO] [STDOUT]: [com.layue13.clashweave.client.ClientProxy:apply:310]: CW_FEEDBACK player=P0A result=PARRY frozen=90482591777600 receive=90482810062900 corrections=0
[08:01:07] [Client thread/INFO] [STDOUT]: [com.layue13.clashweave.validation.ClientReplay:audio:419]: P0_AUDIO source=random.anvil_land frozen=90482591777600 nano=90482810407700
[08:01:07] [Client thread/INFO] [STDOUT]: [com.layue13.clashweave.client.ClientProxy:hud:381]: CW_FRAME frozen=90482591777600 frame=90482811149300
[08:01:07] [Client thread/INFO] [STDOUT]: [com.layue13.clashweave.validation.ClientReplay:tick:257]: P0_REPLAY tick=440 action=heavy progress=12.000231999999983 feedback=PARRY
[08:01:07] [Client thread/INFO] [STDOUT]: [com.layue13.clashweave.client.ViewPreservingCorrections$Preserved:processPacket:140]: CW_VIEW packet=1 marker=0 protected=false yawDelta=0.0 pitchDelta=0.0 requestedYawDelta=0.0 requestedPitchDelta=0.0 nano=90483260690800
[08:01:08] [Client thread/INFO] [STDOUT]: [com.layue13.clashweave.client.ViewPreservingCorrections$Preserved:processPacket:140]: CW_VIEW packet=1 marker=0 protected=false yawDelta=0.0 pitchDelta=0.0 requestedYawDelta=0.0 requestedPitchDelta=0.0 nano=90484059957600
[08:01:09] [Client thread/INFO] [STDOUT]: [com.layue13.clashweave.validation.ClientReplay:audio:418]: P0_LOCAL_AUDIO nano=90484760274200
[08:01:09] [Client thread/INFO] [STDOUT]: [com.layue13.clashweave.client.ClientProxy:send:166]: CW_LOCAL_SWING seq=60 press=90484760120100 feedback=90484760597900
[08:01:09] [Client thread/INFO] [STDOUT]: [com.layue13.clashweave.validation.ClientReplay:tick:257]: P0_REPLAY tick=480 action=iai progress=2.0001294962595466 feedback=START
[08:01:09] [Client thread/INFO] [STDOUT]: [com.layue13.clashweave.client.ClientProxy:apply:310]: CW_FEEDBACK player=P0A result=PARRY frozen=90485086199700 receive=90485310939700 corrections=0
[08:01:09] [Client thread/INFO] [STDOUT]: [com.layue13.clashweave.validation.ClientReplay:audio:419]: P0_AUDIO source=random.anvil_land frozen=90485086199700 nano=90485311310200
[08:01:09] [Client thread/INFO] [STDOUT]: [com.layue13.clashweave.client.ClientProxy:hud:381]: CW_FRAME frozen=90485086199700 frame=90485311901600
[08:01:11] [Client thread/INFO] [STDOUT]: [com.layue13.clashweave.validation.ClientReplay:audio:418]: P0_LOCAL_AUDIO nano=90487260919100
[08:01:11] [Client thread/INFO] [STDOUT]: [com.layue13.clashweave.client.ClientProxy:send:166]: CW_LOCAL_SWING seq=66 press=90487260780600 feedback=90487261223500
[08:01:14] [Client thread/INFO] [STDOUT]: [com.layue13.clashweave.validation.ClientReplay:audio:418]: P0_LOCAL_AUDIO nano=90489760106100
[08:01:14] [Client thread/INFO] [STDOUT]: [com.layue13.clashweave.client.ClientProxy:send:166]: CW_LOCAL_SWING seq=70 press=90489759962600 feedback=90489760364700
