# Log excerpt; complete raw log retained locally under build/p0/runs.
# Original lines: 146
# Marker counts: {'ERROR': 3, 'CW_RENDER': 1, 'Exception': 2, 'P0_AUDIO': 1, 'CW_VIEW': 3, 'CW_ENGAGEMENT': 3, 'P0_APPEARANCE': 2, 'CW_PRESENT': 15}
[16:16:52] [main/ERROR] [FML]: The binary patch set is missing. Either you are in a development environment, or things are not going to work!
[16:16:52] [main/ERROR] [FML]: FML appears to be missing any signature data. This is not a good thing
This is just a prompt for computer specs to be printed. THIS IS NOT A ERROR
[16:16:56] [Client thread/INFO] [STDOUT]: [com.layue13.clashweave.client.KatanaRendering:load:35]: CW_RENDER models loaded units=block blade=+Y sheath=downwardBipedY angle=45.0
[16:16:56] [Forge Version Check/INFO] [STDERR]: [java.lang.Throwable$WrappedPrintStream:println:749]: com.google.gson.JsonSyntaxException: java.lang.IllegalStateException: Expected BEGIN_OBJECT but was STRING at line 1 column 1
[16:16:56] [Forge Version Check/INFO] [STDERR]: [java.lang.Throwable$WrappedPrintStream:println:749]: Caused by: java.lang.IllegalStateException: Expected BEGIN_OBJECT but was STRING at line 1 column 1
[16:16:57] [Client thread/INFO] [STDOUT]: [com.layue13.clashweave.validation.ClientReplay:<init>:68]: P0_AUDIO initial loader settled
[16:17:02] [Client thread/INFO] [STDOUT]: [com.layue13.clashweave.client.ViewPreservingCorrections$Preserved:processPacket:73]: CW_VIEW packet=1 yawDelta=0.0 pitchDelta=0.0 requestedYawDelta=180.0 requestedPitchDelta=0.0 nano=33837647227200
[16:17:02] [Client thread/INFO] [STDOUT]: [com.layue13.clashweave.client.ViewPreservingCorrections$Preserved:processPacket:73]: CW_VIEW packet=1 yawDelta=0.0 pitchDelta=0.0 requestedYawDelta=360.0 requestedPitchDelta=0.0 nano=33837648407300
[16:17:02] [Client thread/INFO] [STDOUT]: [com.layue13.clashweave.client.ClientProxy:apply:239]: CW_ENGAGEMENT player=P0B engaged=false revision=2 tick=412 receive=33837652273400
[16:17:02] [Client thread/INFO] [STDOUT]: [com.layue13.clashweave.validation.ClientReplay:tick:95]: P0_APPEARANCE entity=69121 skin=clashweave:katana effects=clashweave:default animations=clashweave:katana style=katana
[16:17:02] [Client thread/INFO] [STDOUT]: [com.layue13.clashweave.validation.ClientReplay:tick:95]: P0_APPEARANCE entity=0 skin=clashweave:katana effects=clashweave:default animations=clashweave:katana style=katana
[16:17:02] [Client thread/INFO] [STDOUT]: [com.layue13.clashweave.client.ViewPreservingCorrections$Preserved:processPacket:73]: CW_VIEW packet=1 yawDelta=0.0 pitchDelta=0.0 requestedYawDelta=0.0 requestedPitchDelta=0.0 nano=33837703728599
[16:17:07] [Client thread/INFO] [STDOUT]: [com.layue13.clashweave.client.ClientProxy:apply:239]: CW_ENGAGEMENT player=P0B engaged=true revision=3 tick=522 receive=33843065591900
[16:17:07] [Client thread/INFO] [STDOUT]: [com.layue13.clashweave.client.ClientProxy:tick:183]: CW_PRESENT id=1 kind=HURT actor=69121 owner=69121
[16:17:07] [Client thread/INFO] [STDOUT]: [com.layue13.clashweave.client.ClientProxy:tick:183]: CW_PRESENT id=2 kind=DRAW actor=0 owner=69121
[16:17:07] [Client thread/INFO] [STDOUT]: [com.layue13.clashweave.client.ClientProxy:tick:183]: CW_PRESENT id=3 kind=SWING actor=0 owner=69121
[16:17:08] [Client thread/INFO] [STDOUT]: [com.layue13.clashweave.client.ClientProxy:tick:183]: CW_PRESENT id=4 kind=HIT actor=0 owner=69121
[16:17:08] [Client thread/INFO] [STDOUT]: [com.layue13.clashweave.client.ClientProxy:tick:183]: CW_PRESENT id=5 kind=HURT actor=105686 owner=69121
[16:17:08] [Client thread/INFO] [STDOUT]: [com.layue13.clashweave.client.ClientProxy:tick:183]: CW_PRESENT id=6 kind=HURT actor=0 owner=69121
[16:17:09] [Client thread/INFO] [STDOUT]: [com.layue13.clashweave.client.ClientProxy:tick:183]: CW_PRESENT id=7 kind=SWING actor=0 owner=69121
[16:17:09] [Client thread/INFO] [STDOUT]: [com.layue13.clashweave.client.ClientProxy:tick:183]: CW_PRESENT id=8 kind=HIT actor=0 owner=69121
[16:17:09] [Client thread/INFO] [STDOUT]: [com.layue13.clashweave.client.ClientProxy:tick:183]: CW_PRESENT id=9 kind=HURT actor=111522 owner=69121
[16:17:10] [Client thread/INFO] [STDOUT]: [com.layue13.clashweave.client.ClientProxy:tick:183]: CW_PRESENT id=10 kind=SWING actor=0 owner=69121
[16:17:10] [Client thread/INFO] [STDOUT]: [com.layue13.clashweave.client.ClientProxy:apply:239]: CW_ENGAGEMENT player=P0B engaged=false revision=5 tick=590 receive=33846475964899
[16:17:10] [Client thread/INFO] [STDOUT]: [com.layue13.clashweave.client.ClientProxy:tick:183]: CW_PRESENT id=11 kind=HIT actor=0 owner=69121
[16:17:10] [Client thread/INFO] [STDOUT]: [com.layue13.clashweave.client.ClientProxy:tick:183]: CW_PRESENT id=12 kind=HURT actor=115451 owner=69121
