# Log excerpt; complete raw log retained locally under build/p0/runs.
# Original lines: 428
# Marker counts: {'ERROR': 3, 'CW_RENDER': 1, 'Exception': 2, 'P0_AUDIO': 36, 'CW_ENGAGEMENT': 2, 'P0_APPEARANCE': 2, 'CW_VIEW': 31, 'CW_PRESENT': 116, 'P0_REMOTE': 49, 'CW_FEEDBACK': 35, 'CW_FRAME': 35}
[17:23:37] [main/ERROR] [FML]: The binary patch set is missing. Either you are in a development environment, or things are not going to work!
[17:23:38] [main/ERROR] [FML]: FML appears to be missing any signature data. This is not a good thing
This is just a prompt for computer specs to be printed. THIS IS NOT A ERROR
[17:23:41] [Client thread/INFO] [STDOUT]: [com.layue13.clashweave.client.KatanaRendering:load:35]: CW_RENDER models loaded units=block blade=+Y sheath=downwardBipedY angle=45.0
[17:23:42] [Forge Version Check/INFO] [STDERR]: [java.lang.Throwable$WrappedPrintStream:println:749]: com.google.gson.JsonSyntaxException: java.lang.IllegalStateException: Expected BEGIN_OBJECT but was STRING at line 1 column 1
[17:23:42] [Forge Version Check/INFO] [STDERR]: [java.lang.Throwable$WrappedPrintStream:println:749]: Caused by: java.lang.IllegalStateException: Expected BEGIN_OBJECT but was STRING at line 1 column 1
[17:23:42] [Client thread/INFO] [STDOUT]: [com.layue13.clashweave.validation.ClientReplay:<init>:69]: P0_AUDIO initial loader settled
[17:23:47] [Client thread/INFO] [STDOUT]: [com.layue13.clashweave.client.ClientProxy:apply:246]: CW_ENGAGEMENT player=P0B engaged=false revision=3 tick=403 receive=37842721734600
[17:23:47] [Client thread/INFO] [STDOUT]: [com.layue13.clashweave.validation.ClientReplay:tick:96]: P0_APPEARANCE entity=0 skin=clashweave:katana effects=clashweave:default animations=clashweave:katana style=katana
[17:23:47] [Client thread/INFO] [STDOUT]: [com.layue13.clashweave.validation.ClientReplay:tick:96]: P0_APPEARANCE entity=67694 skin=clashweave:katana effects=clashweave:default animations=clashweave:katana style=katana
[17:23:47] [Client thread/INFO] [STDOUT]: [com.layue13.clashweave.client.ViewPreservingCorrections$Preserved:processPacket:140]: CW_VIEW packet=1 marker=0 protected=false yawDelta=0.0 pitchDelta=0.0 requestedYawDelta=0.0 requestedPitchDelta=0.0 nano=37842837518200
[17:23:47] [Client thread/INFO] [STDOUT]: [com.layue13.clashweave.client.ViewPreservingCorrections$Preserved:processPacket:140]: CW_VIEW packet=1 marker=0 protected=false yawDelta=0.0 pitchDelta=0.0 requestedYawDelta=0.0 requestedPitchDelta=0.0 nano=37842838387800
[17:23:47] [Client thread/INFO] [STDOUT]: [com.layue13.clashweave.client.ClientProxy:tick:190]: CW_PRESENT id=11 kind=SHEATHE actor=0 owner=67694
[17:23:47] [Client thread/INFO] [STDOUT]: [com.layue13.clashweave.client.ClientProxy:tick:190]: CW_PRESENT id=12 kind=DRAW actor=0 owner=67694
[17:23:47] [Client thread/INFO] [STDOUT]: [com.layue13.clashweave.client.ClientProxy:tick:190]: CW_PRESENT id=13 kind=SWING actor=0 owner=67694
[17:23:47] [Client thread/INFO] [STDOUT]: [com.layue13.clashweave.validation.ClientReplay:tick:174]: P0_REMOTE action= sneak=false
[17:23:48] [Client thread/INFO] [STDOUT]: [com.layue13.clashweave.client.ClientProxy:apply:246]: CW_ENGAGEMENT player=P0B engaged=true revision=4 tick=425 receive=37843718003000
[17:23:48] [Client thread/INFO] [STDOUT]: [com.layue13.clashweave.client.ClientProxy:apply:305]: CW_FEEDBACK player=P0B result=PARRY frozen=37843853500000 receive=37844100758800 corrections=0
[17:23:48] [Client thread/INFO] [STDOUT]: [com.layue13.clashweave.validation.ClientReplay:audio:418]: P0_AUDIO source=random.anvil_land frozen=37843853500000 nano=37844101109900
[17:23:48] [Client thread/INFO] [STDOUT]: [com.layue13.clashweave.client.ClientProxy:tick:190]: CW_PRESENT id=14 kind=PARRY actor=67694 owner=67694
[17:23:48] [Client thread/INFO] [STDOUT]: [com.layue13.clashweave.client.ClientProxy:tick:190]: CW_PRESENT id=15 kind=SWING actor=0 owner=67694
[17:23:48] [Client thread/INFO] [STDOUT]: [com.layue13.clashweave.client.ClientProxy:hud:368]: CW_FRAME frozen=37843853500000 frame=37844105818400
[17:23:48] [Client thread/INFO] [STDOUT]: [com.layue13.clashweave.client.ClientProxy:apply:305]: CW_FEEDBACK player=P0B result=BLOCK frozen=37844299838800 receive=37844517595500 corrections=0
[17:23:48] [Client thread/INFO] [STDOUT]: [com.layue13.clashweave.validation.ClientReplay:audio:418]: P0_AUDIO source=random.anvil_land frozen=37844299838800 nano=37844517915800
[17:23:48] [Client thread/INFO] [STDOUT]: [com.layue13.clashweave.client.ClientProxy:tick:190]: CW_PRESENT id=16 kind=BLOCK actor=67694 owner=67694
[17:23:48] [Client thread/INFO] [STDOUT]: [com.layue13.clashweave.client.ClientProxy:hud:368]: CW_FRAME frozen=37844299838800 frame=37844519870900
[17:23:48] [Client thread/INFO] [STDOUT]: [com.layue13.clashweave.client.ClientProxy:tick:190]: CW_PRESENT id=17 kind=SWING actor=0 owner=67694
[17:23:49] [Client thread/INFO] [STDOUT]: [com.layue13.clashweave.validation.ClientReplay:tick:174]: P0_REMOTE action= sneak=false
[17:23:49] [Client thread/INFO] [STDOUT]: [com.layue13.clashweave.client.ClientProxy:apply:305]: CW_FEEDBACK player=P0B result=BLOCK frozen=37844698758600 receive=37844901107900 corrections=0
[17:23:49] [Client thread/INFO] [STDOUT]: [com.layue13.clashweave.validation.ClientReplay:audio:418]: P0_AUDIO source=random.anvil_land frozen=37844698758600 nano=37844901456900
[17:23:49] [Client thread/INFO] [STDOUT]: [com.layue13.clashweave.client.ClientProxy:tick:190]: CW_PRESENT id=18 kind=BLOCK actor=67694 owner=67694
[17:23:49] [Client thread/INFO] [STDOUT]: [com.layue13.clashweave.client.ClientProxy:hud:368]: CW_FRAME frozen=37844698758600 frame=37844902898100
[17:23:49] [Client thread/INFO] [STDOUT]: [com.layue13.clashweave.client.ClientProxy:tick:190]: CW_PRESENT id=19 kind=SWING actor=0 owner=67694
[17:23:50] [Client thread/INFO] [STDOUT]: [com.layue13.clashweave.client.ViewPreservingCorrections$Preserved:processPacket:140]: CW_VIEW packet=1 marker=0 protected=false yawDelta=94.96974 pitchDelta=0.0 requestedYawDelta=94.96974 requestedPitchDelta=0.0 nano=37845633211400
[17:23:50] [Client thread/INFO] [STDOUT]: [com.layue13.clashweave.validation.ClientReplay:tick:174]: P0_REMOTE action= sneak=false
[17:23:50] [Client thread/INFO] [STDOUT]: [com.layue13.clashweave.client.ClientProxy:tick:190]: CW_PRESENT id=20 kind=SWING actor=0 owner=67694
[17:23:50] [Client thread/INFO] [STDOUT]: [com.layue13.clashweave.client.ClientProxy:apply:305]: CW_FEEDBACK player=P0B result=PARRY frozen=37846347610700 receive=37846517811500 corrections=0
[17:23:50] [Client thread/INFO] [STDOUT]: [com.layue13.clashweave.validation.ClientReplay:audio:418]: P0_AUDIO source=random.anvil_land frozen=37846347610700 nano=37846518138300
[17:23:50] [Client thread/INFO] [STDOUT]: [com.layue13.clashweave.client.ClientProxy:tick:190]: CW_PRESENT id=21 kind=PARRY actor=67694 owner=67694
[17:23:50] [Client thread/INFO] [STDOUT]: [com.layue13.clashweave.client.ClientProxy:hud:368]: CW_FRAME frozen=37846347610700 frame=37846519015400
[17:23:51] [Client thread/INFO] [STDOUT]: [com.layue13.clashweave.validation.ClientReplay:tick:174]: P0_REMOTE action= sneak=false
[17:23:51] [Client thread/INFO] [STDOUT]: [com.layue13.clashweave.client.ViewPreservingCorrections$Preserved:processPacket:140]: CW_VIEW packet=1 marker=0 protected=false yawDelta=37.59175 pitchDelta=0.0 requestedYawDelta=37.59175 requestedPitchDelta=0.0 nano=37847000502600
[17:23:52] [Client thread/INFO] [STDOUT]: [com.layue13.clashweave.client.ViewPreservingCorrections$Preserved:processPacket:140]: CW_VIEW packet=1 marker=0 protected=false yawDelta=31.184967 pitchDelta=0.0 requestedYawDelta=31.184967 requestedPitchDelta=0.0 nano=37847767324800
[17:23:52] [Client thread/INFO] [STDOUT]: [com.layue13.clashweave.client.ClientProxy:tick:190]: CW_PRESENT id=22 kind=SHEATHE actor=0 owner=67694
[17:23:52] [Client thread/INFO] [STDOUT]: [com.layue13.clashweave.validation.ClientReplay:tick:174]: P0_REMOTE action= sneak=false
[17:23:53] [Client thread/INFO] [STDOUT]: [com.layue13.clashweave.validation.ClientReplay:tick:174]: P0_REMOTE action= sneak=false
[17:23:53] [Client thread/INFO] [STDOUT]: [com.layue13.clashweave.client.ClientProxy:apply:305]: CW_FEEDBACK player=P0B result=PARRY frozen=37848849738100 receive=37849050400600 corrections=0
[17:23:53] [Client thread/INFO] [STDOUT]: [com.layue13.clashweave.validation.ClientReplay:audio:418]: P0_AUDIO source=random.anvil_land frozen=37848849738100 nano=37849050741300
[17:23:53] [Client thread/INFO] [STDOUT]: [com.layue13.clashweave.client.ClientProxy:hud:368]: CW_FRAME frozen=37848849738100 frame=37849051380800
[17:23:53] [Client thread/INFO] [STDOUT]: [com.layue13.clashweave.client.ClientProxy:apply:305]: CW_FEEDBACK player=P0B result=PARRY frozen=37849298603100 receive=37849467982800 corrections=0
[17:23:53] [Client thread/INFO] [STDOUT]: [com.layue13.clashweave.validation.ClientReplay:audio:418]: P0_AUDIO source=random.anvil_land frozen=37849298603100 nano=37849468365000
[17:23:53] [Client thread/INFO] [STDOUT]: [com.layue13.clashweave.client.ClientProxy:hud:368]: CW_FRAME frozen=37849298603100 frame=37849469178500
[17:23:54] [Client thread/INFO] [STDOUT]: [com.layue13.clashweave.validation.ClientReplay:tick:174]: P0_REMOTE action= sneak=false
[17:23:54] [Client thread/INFO] [STDOUT]: [com.layue13.clashweave.client.ViewPreservingCorrections$Preserved:processPacket:140]: CW_VIEW packet=1 marker=0 protected=false yawDelta=94.96974 pitchDelta=0.0 requestedYawDelta=94.96974 requestedPitchDelta=0.0 nano=37850383423600
[17:23:55] [Client thread/INFO] [STDOUT]: [com.layue13.clashweave.validation.ClientReplay:tick:174]: P0_REMOTE action= sneak=false
[17:23:55] [Client thread/INFO] [STDOUT]: [com.layue13.clashweave.client.ClientProxy:apply:305]: CW_FEEDBACK player=P0B result=PARRY frozen=37851348179500 receive=37851500775800 corrections=0
[17:23:55] [Client thread/INFO] [STDOUT]: [com.layue13.clashweave.validation.ClientReplay:audio:418]: P0_AUDIO source=random.anvil_land frozen=37851348179500 nano=37851501115500
[17:23:55] [Client thread/INFO] [STDOUT]: [com.layue13.clashweave.client.ClientProxy:hud:368]: CW_FRAME frozen=37851348179500 frame=37851501807900
[17:23:56] [Client thread/INFO] [STDOUT]: [com.layue13.clashweave.validation.ClientReplay:tick:174]: P0_REMOTE action= sneak=false
[17:23:56] [Client thread/INFO] [STDOUT]: [com.layue13.clashweave.client.ViewPreservingCorrections$Preserved:processPacket:140]: CW_VIEW packet=1 marker=0 protected=false yawDelta=37.59175 pitchDelta=0.0 requestedYawDelta=37.59175 requestedPitchDelta=0.0 nano=37851950944500
[17:23:57] [Client thread/INFO] [STDOUT]: [com.layue13.clashweave.client.ViewPreservingCorrections$Preserved:processPacket:140]: CW_VIEW packet=1 marker=0 protected=false yawDelta=31.184967 pitchDelta=0.0 requestedYawDelta=31.184967 requestedPitchDelta=0.0 nano=37852767356800
[17:23:57] [Client thread/INFO] [STDOUT]: [com.layue13.clashweave.validation.ClientReplay:tick:174]: P0_REMOTE action= sneak=false
[17:23:58] [Client thread/INFO] [STDOUT]: [com.layue13.clashweave.validation.ClientReplay:tick:174]: P0_REMOTE action= sneak=false
[17:23:58] [Client thread/INFO] [STDOUT]: [com.layue13.clashweave.client.ClientProxy:apply:305]: CW_FEEDBACK player=P0B result=PARRY frozen=37853847220700 receive=37854017571700 corrections=0
[17:23:58] [Client thread/INFO] [STDOUT]: [com.layue13.clashweave.validation.ClientReplay:audio:418]: P0_AUDIO source=random.anvil_land frozen=37853847220700 nano=37854017849000
[17:23:58] [Client thread/INFO] [STDOUT]: [com.layue13.clashweave.client.ClientProxy:hud:368]: CW_FRAME frozen=37853847220700 frame=37854018472100
[17:23:58] [Client thread/INFO] [STDOUT]: [com.layue13.clashweave.client.ClientProxy:apply:305]: CW_FEEDBACK player=P0B result=BLOCK frozen=37854248737500 receive=37854486445200 corrections=0
[17:23:58] [Client thread/INFO] [STDOUT]: [com.layue13.clashweave.validation.ClientReplay:audio:418]: P0_AUDIO source=random.anvil_land frozen=37854248737500 nano=37854486832200
[17:23:58] [Client thread/INFO] [STDOUT]: [com.layue13.clashweave.client.ClientProxy:hud:368]: CW_FRAME frozen=37854248737500 frame=37854487946400
[17:23:59] [Client thread/INFO] [STDOUT]: [com.layue13.clashweave.client.ClientProxy:apply:305]: CW_FEEDBACK player=P0B result=BLOCK frozen=37854647749000 receive=37854833997000 corrections=0
[17:23:59] [Client thread/INFO] [STDOUT]: [com.layue13.clashweave.validation.ClientReplay:audio:418]: P0_AUDIO source=random.anvil_land frozen=37854647749000 nano=37854834262200
[17:23:59] [Client thread/INFO] [STDOUT]: [com.layue13.clashweave.client.ClientProxy:hud:368]: CW_FRAME frozen=37854647749000 frame=37854835255400
[17:23:59] [Client thread/INFO] [STDOUT]: [com.layue13.clashweave.validation.ClientReplay:tick:174]: P0_REMOTE action= sneak=false
[17:23:59] [Client thread/INFO] [STDOUT]: [com.layue13.clashweave.client.ViewPreservingCorrections$Preserved:processPacket:140]: CW_VIEW packet=1 marker=0 protected=false yawDelta=79.75623 pitchDelta=0.0 requestedYawDelta=79.75623 requestedPitchDelta=0.0 nano=37855583456500
[17:24:00] [Client thread/INFO] [STDOUT]: [com.layue13.clashweave.client.ClientProxy:apply:305]: CW_FEEDBACK player=P0B result=PARRY frozen=37856348796700 receive=37856583787700 corrections=0
[17:24:00] [Client thread/INFO] [STDOUT]: [com.layue13.clashweave.validation.ClientReplay:audio:418]: P0_AUDIO source=random.anvil_land frozen=37856348796700 nano=37856584066100
[17:24:00] [Client thread/INFO] [STDOUT]: [com.layue13.clashweave.client.ClientProxy:hud:368]: CW_FRAME frozen=37856348796700 frame=37856584727900
[17:24:01] [Client thread/INFO] [STDOUT]: [com.layue13.clashweave.client.ViewPreservingCorrections$Preserved:processPacket:140]: CW_VIEW packet=1 marker=0 protected=false yawDelta=37.59175 pitchDelta=0.0 requestedYawDelta=37.59175 requestedPitchDelta=0.0 nano=37857000214200
[17:24:02] [Client thread/INFO] [STDOUT]: [com.layue13.clashweave.client.ViewPreservingCorrections$Preserved:processPacket:140]: CW_VIEW packet=1 marker=0 protected=false yawDelta=31.184967 pitchDelta=0.0 requestedYawDelta=31.184967 requestedPitchDelta=0.0 nano=37857750348500
[17:24:03] [Client thread/INFO] [STDOUT]: [com.layue13.clashweave.client.ClientProxy:apply:305]: CW_FEEDBACK player=P0B result=PARRY frozen=37858848687300 receive=37859050601900 corrections=0
[17:24:03] [Client thread/INFO] [STDOUT]: [com.layue13.clashweave.client.ClientProxy:hud:368]: CW_FRAME frozen=37858848687300 frame=37859051618400
[17:24:04] [Client thread/INFO] [STDOUT]: [com.layue13.clashweave.client.ViewPreservingCorrections$Preserved:processPacket:140]: CW_VIEW packet=1 marker=0 protected=false yawDelta=94.96974 pitchDelta=0.0 requestedYawDelta=94.96974 requestedPitchDelta=0.0 nano=37860400229600
[17:24:06] [Client thread/INFO] [STDOUT]: [com.layue13.clashweave.client.ViewPreservingCorrections$Preserved:processPacket:140]: CW_VIEW packet=1 marker=0 protected=false yawDelta=37.59175 pitchDelta=0.0 requestedYawDelta=37.59175 requestedPitchDelta=0.0 nano=37861950670700
[17:24:07] [Client thread/INFO] [STDOUT]: [com.layue13.clashweave.client.ViewPreservingCorrections$Preserved:processPacket:140]: CW_VIEW packet=1 marker=0 protected=false yawDelta=31.184967 pitchDelta=0.0 requestedYawDelta=31.184967 requestedPitchDelta=0.0 nano=37862750293100
[17:24:09] [Client thread/INFO] [STDOUT]: [com.layue13.clashweave.client.ViewPreservingCorrections$Preserved:processPacket:140]: CW_VIEW packet=1 marker=0 protected=false yawDelta=79.21898 pitchDelta=0.0 requestedYawDelta=79.21898 requestedPitchDelta=0.0 nano=37865600361100
[17:24:11] [Client thread/INFO] [STDOUT]: [com.layue13.clashweave.client.ViewPreservingCorrections$Preserved:processPacket:140]: CW_VIEW packet=1 marker=0 protected=false yawDelta=37.59175 pitchDelta=0.0 requestedYawDelta=37.59175 requestedPitchDelta=0.0 nano=37866951445300
[17:24:12] [Client thread/INFO] [STDOUT]: [com.layue13.clashweave.client.ViewPreservingCorrections$Preserved:processPacket:140]: CW_VIEW packet=1 marker=0 protected=false yawDelta=31.184967 pitchDelta=0.0 requestedYawDelta=31.184967 requestedPitchDelta=0.0 nano=37867800548800
[17:24:14] [Client thread/INFO] [STDOUT]: [com.layue13.clashweave.client.ViewPreservingCorrections$Preserved:processPacket:140]: CW_VIEW packet=1 marker=0 protected=false yawDelta=94.96974 pitchDelta=0.0 requestedYawDelta=94.96974 requestedPitchDelta=0.0 nano=37870417268900
[17:24:16] [Client thread/INFO] [STDOUT]: [com.layue13.clashweave.client.ViewPreservingCorrections$Preserved:processPacket:140]: CW_VIEW packet=1 marker=0 protected=false yawDelta=37.59175 pitchDelta=0.0 requestedYawDelta=37.59175 requestedPitchDelta=0.0 nano=37871967346200
[17:24:17] [Client thread/INFO] [STDOUT]: [com.layue13.clashweave.client.ViewPreservingCorrections$Preserved:processPacket:140]: CW_VIEW packet=1 marker=0 protected=false yawDelta=32.484024 pitchDelta=0.0 requestedYawDelta=32.484024 requestedPitchDelta=0.0 nano=37872767236400
[17:24:19] [Client thread/INFO] [STDOUT]: [com.layue13.clashweave.client.ViewPreservingCorrections$Preserved:processPacket:140]: CW_VIEW packet=1 marker=0 protected=false yawDelta=90.56722 pitchDelta=0.0 requestedYawDelta=90.56722 requestedPitchDelta=0.0 nano=37875617840700
[17:24:21] [Client thread/INFO] [STDOUT]: [com.layue13.clashweave.client.ViewPreservingCorrections$Preserved:processPacket:140]: CW_VIEW packet=1 marker=0 protected=false yawDelta=39.400665 pitchDelta=0.0 requestedYawDelta=39.400665 requestedPitchDelta=0.0 nano=37876967195100
[17:24:22] [Client thread/INFO] [STDOUT]: [com.layue13.clashweave.client.ViewPreservingCorrections$Preserved:processPacket:140]: CW_VIEW packet=1 marker=0 protected=false yawDelta=32.484024 pitchDelta=0.0 requestedYawDelta=32.484024 requestedPitchDelta=0.0 nano=37877767255700
[17:24:24] [Client thread/INFO] [STDOUT]: [com.layue13.clashweave.client.ViewPreservingCorrections$Preserved:processPacket:140]: CW_VIEW packet=1 marker=0 protected=false yawDelta=81.53194 pitchDelta=0.0 requestedYawDelta=81.53194 requestedPitchDelta=0.0 nano=37880368236300
[17:24:26] [Client thread/INFO] [STDOUT]: [com.layue13.clashweave.client.ViewPreservingCorrections$Preserved:processPacket:140]: CW_VIEW packet=1 marker=0 protected=false yawDelta=39.400665 pitchDelta=0.0 requestedYawDelta=39.400665 requestedPitchDelta=0.0 nano=37881967172700
[17:24:27] [Client thread/INFO] [STDOUT]: [com.layue13.clashweave.client.ViewPreservingCorrections$Preserved:processPacket:140]: CW_VIEW packet=1 marker=0 protected=false yawDelta=32.484024 pitchDelta=0.0 requestedYawDelta=32.484024 requestedPitchDelta=0.0 nano=37882767432600
[17:24:30] [Client thread/INFO] [STDOUT]: [com.layue13.clashweave.client.ViewPreservingCorrections$Preserved:processPacket:140]: CW_VIEW packet=1 marker=0 protected=false yawDelta=92.288895 pitchDelta=0.0 requestedYawDelta=92.288895 requestedPitchDelta=0.0 nano=37885667214500
[17:24:31] [Client thread/INFO] [STDOUT]: [com.layue13.clashweave.client.ViewPreservingCorrections$Preserved:processPacket:140]: CW_VIEW packet=1 marker=0 protected=false yawDelta=39.400665 pitchDelta=0.0 requestedYawDelta=39.400665 requestedPitchDelta=0.0 nano=37886967096300
[17:24:32] [Client thread/INFO] [STDOUT]: [com.layue13.clashweave.client.ViewPreservingCorrections$Preserved:processPacket:140]: CW_VIEW packet=1 marker=0 protected=false yawDelta=32.484024 pitchDelta=0.0 requestedYawDelta=32.484024 requestedPitchDelta=0.0 nano=37887767895800
[17:24:34] [Client thread/INFO] [STDOUT]: [com.layue13.clashweave.client.ViewPreservingCorrections$Preserved:processPacket:140]: CW_VIEW packet=1 marker=0 protected=false yawDelta=81.53194 pitchDelta=0.0 requestedYawDelta=81.53194 requestedPitchDelta=0.0 nano=37890317744200
[17:24:36] [Client thread/INFO] [STDOUT]: [com.layue13.clashweave.client.ViewPreservingCorrections$Preserved:processPacket:140]: CW_VIEW packet=1 marker=0 protected=false yawDelta=39.400665 pitchDelta=0.0 requestedYawDelta=39.400665 requestedPitchDelta=0.0 nano=37891968317700
