# Log excerpt; complete raw log retained locally under build/p0/runs.
# Original lines: 12148
# Marker counts: {'ERROR': 4, 'CW_RENDER': 1, 'Exception': 2, 'CAMERA_PROBE_PATCH': 1, 'P0_AUDIO': 1, 'P0_COMPOSITION_FRAME': 4877, 'CW_VIEW': 23, 'CW_ENGAGEMENT': 2, 'P0_COMPOSITION_PHASE': 30, 'CW_LOCK_MARKER': 1, 'CW_THIRD_FRAME': 2351, 'CAMERA_PROBE_FRAME': 4118, 'CW_LOCK_FOLLOW': 600}
[08:53:04] [main/ERROR] [FML]: The binary patch set is missing. Either you are in a development environment, or things are not going to work!
[08:53:04] [main/ERROR] [FML]: FML appears to be missing any signature data. This is not a good thing
This is just a prompt for computer specs to be printed. THIS IS NOT A ERROR
[08:53:08] [Client thread/INFO] [STDOUT]: [com.layue13.clashweave.client.KatanaRendering:load:35]: CW_RENDER models loaded units=block blade=+Y sheath=downwardBipedY angle=45.0
[08:53:08] [Forge Version Check/INFO] [STDERR]: [java.lang.Throwable$WrappedPrintStream:println:749]: com.google.gson.JsonSyntaxException: java.lang.IllegalStateException: Expected BEGIN_OBJECT but was STRING at line 1 column 1
[08:53:08] [Forge Version Check/INFO] [STDERR]: [java.lang.Throwable$WrappedPrintStream:println:749]: Caused by: java.lang.IllegalStateException: Expected BEGIN_OBJECT but was STRING at line 1 column 1
[08:53:08] [Client thread/INFO] [STDOUT]: [com.layue13.clashweave.cameraprobe.CameraTransformer:transform:18]: CAMERA_PROBE_PATCH orientCameraReturns=1
[08:53:09] [Client thread/INFO] [STDOUT]: [com.layue13.clashweave.validation.ClientReplay:<init>:69]: P0_AUDIO initial loader settled
[08:53:14] [Client thread/ERROR] [FML]: Unable to determine registrant mod for com.layue13.clashweave.cameraprobe.ProbeCamera@d3c5171. This is a critical error and should be impossible
[08:53:14] [Client thread/INFO] [STDOUT]: [com.layue13.clashweave.validation.CompositionReplay:world:40]: P0_COMPOSITION_FRAME phase= elapsed=1 nano=93609946565100 yaw=0.0 pitch=0.0 horizon=0.49629247188568115 view=0
[08:53:14] [Client thread/INFO] [STDOUT]: [com.layue13.clashweave.validation.CompositionReplay:world:40]: P0_COMPOSITION_FRAME phase= elapsed=4 nano=93609970848400 yaw=0.0 pitch=0.0 horizon=0.4959503412246704 view=0
[08:53:14] [Client thread/INFO] [STDOUT]: [com.layue13.clashweave.validation.CompositionReplay:world:40]: P0_COMPOSITION_FRAME phase= elapsed=4 nano=93609985445900 yaw=0.0 pitch=0.0 horizon=0.49599123001098633 view=0
[08:53:14] [Client thread/INFO] [STDOUT]: [com.layue13.clashweave.validation.CompositionReplay:world:40]: P0_COMPOSITION_FRAME phase= elapsed=4 nano=93609986437200 yaw=0.0 pitch=0.0 horizon=0.49604225158691406 view=0
[08:53:14] [Client thread/INFO] [STDOUT]: [com.layue13.clashweave.validation.CompositionReplay:world:40]: P0_COMPOSITION_FRAME phase= elapsed=5 nano=93609995496200 yaw=0.0 pitch=0.0 horizon=0.4960727095603943 view=0
[08:53:14] [Client thread/INFO] [STDOUT]: [com.layue13.clashweave.validation.CompositionReplay:world:40]: P0_COMPOSITION_FRAME phase= elapsed=5 nano=93610011623300 yaw=0.0 pitch=0.0 horizon=0.49611330032348633 view=0
[08:53:14] [Client thread/INFO] [STDOUT]: [com.layue13.clashweave.validation.CompositionReplay:world:40]: P0_COMPOSITION_FRAME phase= elapsed=5 nano=93610028434100 yaw=0.0 pitch=0.0 horizon=0.49615323543548584 view=0
[08:53:14] [Client thread/INFO] [STDOUT]: [com.layue13.clashweave.validation.CompositionReplay:world:40]: P0_COMPOSITION_FRAME phase= elapsed=6 nano=93610045925100 yaw=0.0 pitch=0.0 horizon=0.4961971044540405 view=0
[08:53:14] [Client thread/INFO] [STDOUT]: [com.layue13.clashweave.validation.CompositionReplay:world:40]: P0_COMPOSITION_FRAME phase= elapsed=6 nano=93610060888200 yaw=0.0 pitch=0.0 horizon=0.49621641635894775 view=0
[08:53:14] [Client thread/INFO] [STDOUT]: [com.layue13.clashweave.validation.CompositionReplay:world:40]: P0_COMPOSITION_FRAME phase= elapsed=6 nano=93610078192900 yaw=0.0 pitch=0.0 horizon=0.49623680114746094 view=0
[08:53:14] [Client thread/INFO] [STDOUT]: [com.layue13.clashweave.validation.CompositionReplay:world:40]: P0_COMPOSITION_FRAME phase= elapsed=6 nano=93610099542700 yaw=0.0 pitch=0.0 horizon=0.4962570071220398 view=0
[08:53:14] [Client thread/INFO] [STDOUT]: [com.layue13.clashweave.validation.CompositionReplay:world:40]: P0_COMPOSITION_FRAME phase= elapsed=7 nano=93610112313900 yaw=0.0 pitch=0.0 horizon=0.49627619981765747 view=0
[08:53:15] [Client thread/INFO] [STDOUT]: [com.layue13.clashweave.client.ViewPreservingCorrections$Preserved:processPacket:140]: CW_VIEW packet=1 marker=0 protected=false yawDelta=0.0 pitchDelta=0.0 requestedYawDelta=0.0 requestedPitchDelta=0.0 nano=93610911281900
[08:53:15] [Client thread/INFO] [STDOUT]: [com.layue13.clashweave.client.ViewPreservingCorrections$Preserved:processPacket:140]: CW_VIEW packet=1 marker=0 protected=false yawDelta=0.0 pitchDelta=0.0 requestedYawDelta=0.0 requestedPitchDelta=0.0 nano=93610911539200
[08:53:15] [Client thread/INFO] [STDOUT]: [com.layue13.clashweave.client.ViewPreservingCorrections$Preserved:processPacket:140]: CW_VIEW packet=1 marker=0 protected=false yawDelta=0.0 pitchDelta=0.0 requestedYawDelta=0.0 requestedPitchDelta=0.0 nano=93610911779900
[08:53:15] [Client thread/INFO] [STDOUT]: [com.layue13.clashweave.client.ViewPreservingCorrections$Preserved:processPacket:140]: CW_VIEW packet=1 marker=0 protected=false yawDelta=0.0 pitchDelta=0.0 requestedYawDelta=0.0 requestedPitchDelta=0.0 nano=93610912010500
[08:53:15] [Client thread/INFO] [STDOUT]: [com.layue13.clashweave.client.ViewPreservingCorrections$Preserved:processPacket:140]: CW_VIEW packet=1 marker=0 protected=false yawDelta=0.0 pitchDelta=0.0 requestedYawDelta=0.0 requestedPitchDelta=0.0 nano=93610912196800
[08:53:15] [Client thread/INFO] [STDOUT]: [com.layue13.clashweave.client.ViewPreservingCorrections$Preserved:processPacket:140]: CW_VIEW packet=1 marker=0 protected=false yawDelta=0.0 pitchDelta=0.0 requestedYawDelta=0.0 requestedPitchDelta=0.0 nano=93610912396900
[08:53:15] [Client thread/INFO] [STDOUT]: [com.layue13.clashweave.client.ViewPreservingCorrections$Preserved:processPacket:140]: CW_VIEW packet=1 marker=0 protected=false yawDelta=0.0 pitchDelta=0.0 requestedYawDelta=0.0 requestedPitchDelta=0.0 nano=93610912581500
[08:53:15] [Client thread/INFO] [STDOUT]: [com.layue13.clashweave.client.ViewPreservingCorrections$Preserved:processPacket:140]: CW_VIEW packet=1 marker=0 protected=false yawDelta=0.0 pitchDelta=0.0 requestedYawDelta=0.0 requestedPitchDelta=0.0 nano=93610912774900
[08:53:15] [Client thread/INFO] [STDOUT]: [com.layue13.clashweave.client.ViewPreservingCorrections$Preserved:processPacket:140]: CW_VIEW packet=1 marker=0 protected=false yawDelta=0.0 pitchDelta=0.0 requestedYawDelta=0.0 requestedPitchDelta=0.0 nano=93610912982900
[08:53:15] [Client thread/INFO] [STDOUT]: [com.layue13.clashweave.client.ViewPreservingCorrections$Preserved:processPacket:140]: CW_VIEW packet=1 marker=0 protected=false yawDelta=0.0 pitchDelta=0.0 requestedYawDelta=0.0 requestedPitchDelta=0.0 nano=93610913169300
[08:53:15] [Client thread/INFO] [STDOUT]: [com.layue13.clashweave.client.ViewPreservingCorrections$Preserved:processPacket:140]: CW_VIEW packet=1 marker=0 protected=false yawDelta=0.0 pitchDelta=0.0 requestedYawDelta=0.0 requestedPitchDelta=0.0 nano=93610913401900
[08:53:15] [Client thread/INFO] [STDOUT]: [com.layue13.clashweave.client.ViewPreservingCorrections$Preserved:processPacket:140]: CW_VIEW packet=1 marker=0 protected=false yawDelta=0.0 pitchDelta=0.0 requestedYawDelta=0.0 requestedPitchDelta=0.0 nano=93610913612000
[08:53:15] [Client thread/INFO] [STDOUT]: [com.layue13.clashweave.client.ClientProxy:apply:254]: CW_ENGAGEMENT player=P0A engaged=false revision=1 tick=201 receive=93611183064500
[08:53:27] [Client thread/INFO] [STDOUT]: [com.layue13.clashweave.validation.CompositionReplay:chat:21]: P0_COMPOSITION_PHASE name=WAIT receivedNano=93622760677100
[08:53:27] [Client thread/INFO]: [CHAT] P0_COMPOSITION_PHASE name=WAIT target=85202 tick=460
[08:53:27] [Client thread/INFO] [STDOUT]: [com.layue13.clashweave.client.ClientProxy:apply:254]: CW_ENGAGEMENT player=P0A engaged=true revision=3 tick=461 receive=93622761643400
[08:53:28] [Client thread/INFO] [STDOUT]: [com.layue13.clashweave.validation.CompositionReplay:chat:21]: P0_COMPOSITION_PHASE name=GOLDEN_STATIC_THIRD receivedNano=93623752863400
[08:53:28] [Client thread/INFO]: [CHAT] P0_COMPOSITION_PHASE name=GOLDEN_STATIC_THIRD target=85202 tick=480
[08:53:28] [Client thread/INFO] [STDOUT]: [com.layue13.clashweave.client.LockCamera:tick:188]: CW_LOCK_MARKER target=85202 nano=93623753688000
[08:53:28] [Client thread/INFO] [STDOUT]: [com.layue13.clashweave.client.LockCamera:frame:317]: CW_THIRD_FRAME nano=93623754622700 dt=0.0 target=85202 rawX=0.0 rawY=64.0 rawZ=8.0 filteredX=0.0 filteredY=65.52999997138977 filteredZ=8.0 goalYaw=-0.0 goalPitch=10.027822471763804 before=0.0 after=0.0 pitchBefore=0.0 pitchAfter=0.0 preset=GOLDEN fov=70.0 aspect=1.7777777777777777
[08:53:28] [Client thread/INFO] [STDOUT]: [com.layue13.clashweave.cameraprobe.ProbeCamera:capture:53]: CAMERA_PROBE_FRAME nano=93623757039100 active=true view=1 preset=GOLDEN playerX=0.38199999928474426 playerY=0.5980502367019653 targetX=0.6180000305175781 targetY=0.4640589952468872 horizon=0.3819999694824219 boxesOverlap=false yawAdjust=-32.82245902944215 pitchAdjust=9.386099028407132 lateral=-1.193867346091959 height=0.5 distance=4.0 roll=-0.0 nativeMatrixError=1.1938673257827759
[08:53:28] [Client thread/INFO] [STDOUT]: [com.layue13.clashweave.client.LockCamera:frame:317]: CW_THIRD_FRAME nano=93623769721900 dt=0.0150992 target=85202 rawX=0.0 rawY=64.0 rawZ=8.0 filteredX=0.0 filteredY=65.52999997138977 filteredZ=8.0 goalYaw=-0.0 goalPitch=10.027822471763804 before=0.0 after=0.0 pitchBefore=0.0 pitchAfter=0.17789607 preset=GOLDEN fov=70.0 aspect=1.7777777777777777
[08:53:28] [Client thread/INFO] [STDOUT]: [com.layue13.clashweave.cameraprobe.ProbeCamera:capture:53]: CAMERA_PROBE_FRAME nano=93623770600100 active=true view=1 preset=GOLDEN playerX=0.38199976086616516 playerY=0.5987758636474609 targetX=0.6180001497268677 targetY=0.4643447995185852 horizon=0.3819997310638428 boxesOverlap=false yawAdjust=-32.825441870358965 pitchAdjust=9.324748569049717 lateral=-1.1940745136897202 height=0.5 distance=4.0 roll=-0.0 nativeMatrixError=1.1940745115280151
[08:53:28] [Client thread/INFO] [STDOUT]: [com.layue13.clashweave.client.LockCamera:frame:317]: CW_THIRD_FRAME nano=93623785637100 dt=0.0159152 target=85202 rawX=0.0 rawY=64.0 rawZ=8.0 filteredX=0.0 filteredY=65.52999997138977 filteredZ=8.0 goalYaw=-0.0 goalPitch=10.027822471763804 before=0.0 after=0.0 pitchBefore=0.17789607 pitchAfter=0.65396243 preset=GOLDEN fov=70.0 aspect=1.7777777777777777
[08:53:28] [Client thread/INFO] [STDOUT]: [com.layue13.clashweave.cameraprobe.ProbeCamera:capture:53]: CAMERA_PROBE_FRAME nano=93623786453300 active=true view=1 preset=GOLDEN playerX=0.38200002908706665 playerY=0.6031834483146667 targetX=0.6180000305175781 targetY=0.4660816788673401 horizon=0.3819999694824219 boxesOverlap=false yawAdjust=-32.84282547523125 pitchAdjust=8.952094495724545 lateral=-1.1952861509666441 height=0.5 distance=4.0 roll=-0.0 nativeMatrixError=1.1952861547470093
[08:53:28] [Client thread/INFO] [STDOUT]: [com.layue13.clashweave.client.LockCamera:frame:317]: CW_THIRD_FRAME nano=93623804544400 dt=0.0189073 target=85202 rawX=0.0 rawY=64.0 rawZ=8.0 filteredX=0.0 filteredY=65.52999997138977 filteredZ=8.0 goalYaw=-0.0 goalPitch=10.027822471763804 before=0.0 after=0.0 pitchBefore=0.65396243 pitchAfter=1.4434805 preset=GOLDEN fov=70.0 aspect=1.7777777777777777
[08:53:28] [Client thread/INFO] [STDOUT]: [com.layue13.clashweave.cameraprobe.ProbeCamera:capture:53]: CAMERA_PROBE_FRAME nano=93623805556700 active=true view=1 preset=GOLDEN playerX=0.3819999694824219 playerY=0.6061787605285645 targetX=0.6179999709129333 targetY=0.4672619700431824 horizon=0.38200002908706665 boxesOverlap=false yawAdjust=-32.854267408452486 pitchAdjust=8.698845719305917 lateral=-1.196083740843601 height=0.5 distance=4.0 roll=-0.0 nativeMatrixError=1.1960837841033936
[08:53:28] [Client thread/INFO] [STDOUT]: [com.layue13.clashweave.client.LockCamera:frame:317]: CW_THIRD_FRAME nano=93623819696200 dt=0.0151518 target=85202 rawX=0.0 rawY=64.0 rawZ=8.0 filteredX=0.0 filteredY=65.52999997138977 filteredZ=8.0 goalYaw=-0.0 goalPitch=10.027822471763804 before=0.0 after=0.0 pitchBefore=1.4434805 pitchAfter=2.1630313 preset=GOLDEN fov=70.0 aspect=1.7777777777777777
[08:53:28] [Client thread/INFO] [STDOUT]: [com.layue13.clashweave.cameraprobe.ProbeCamera:capture:53]: CAMERA_PROBE_FRAME nano=93623820635100 active=true view=1 preset=GOLDEN playerX=0.38199999928474426 playerY=0.6118735074996948 targetX=0.6180000305175781 targetY=0.46950554847717285 horizon=0.3819999694824219 boxesOverlap=false yawAdjust=-32.87514454855243 pitchAdjust=8.21740925831091 lateral=-1.1975367150919416 height=0.5 distance=4.0 roll=-2.3602037444703475E-6 nativeMatrixError=1.1975367069244385
[08:53:28] [Client thread/INFO] [STDOUT]: [com.layue13.clashweave.client.LockCamera:frame:317]: CW_THIRD_FRAME nano=93623836206200 dt=0.01651 target=85202 rawX=0.0 rawY=64.0 rawZ=8.0 filteredX=0.0 filteredY=65.52999997138977 filteredZ=8.0 goalYaw=-0.0 goalPitch=10.027822471763804 before=0.0 after=0.0 pitchBefore=2.1630313 pitchAfter=2.973188 preset=GOLDEN fov=70.0 aspect=1.7777777777777777
[08:53:28] [Client thread/INFO] [STDOUT]: [com.layue13.clashweave.cameraprobe.ProbeCamera:capture:53]: CAMERA_PROBE_FRAME nano=93623836982200 active=true view=1 preset=GOLDEN playerX=0.3819999694824219 playerY=0.6244386434555054 targetX=0.6179999709129333 targetY=0.47445279359817505 horizon=0.3819999694824219 boxesOverlap=false yawAdjust=-32.91698450561027 pitchAdjust=7.155638170949563 lateral=-1.200450925346331 height=0.5 distance=4.0 roll=-0.0 nativeMatrixError=1.2004508972167969
[08:53:28] [Client thread/INFO] [STDOUT]: [com.layue13.clashweave.client.LockCamera:frame:317]: CW_THIRD_FRAME nano=93623852546300 dt=0.0163401 target=85202 rawX=0.0 rawY=64.0 rawZ=8.0 filteredX=0.0 filteredY=65.52999997138977 filteredZ=8.0 goalYaw=-0.0 goalPitch=10.027822471763804 before=0.0 after=0.0 pitchBefore=2.973188 pitchAfter=3.7622044 preset=GOLDEN fov=70.0 aspect=1.7777777777777777
[08:53:28] [Client thread/INFO] [STDOUT]: [com.layue13.clashweave.cameraprobe.ProbeCamera:capture:53]: CAMERA_PROBE_FRAME nano=93623853492800 active=true view=1 preset=GOLDEN playerX=0.3819999694824219 playerY=0.6425365805625916 targetX=0.6179999709129333 targetY=0.4815652370452881 horizon=0.38200002908706665 boxesOverlap=false yawAdjust=-32.96708454792479 pitchAdjust=5.628661731944898 lateral=-1.203939774124787 height=0.5 distance=4.0 roll=-2.3602020160335137E-6 nativeMatrixError=1.2039397954940796
[08:53:28] [Client thread/INFO] [STDOUT]: [com.layue13.clashweave.client.LockCamera:frame:317]: CW_THIRD_FRAME nano=93623870590700 dt=0.0180444 target=85202 rawX=0.0 rawY=64.0 rawZ=8.0 filteredX=0.0 filteredY=65.52999997138977 filteredZ=8.0 goalYaw=-0.0 goalPitch=10.027822471763804 before=0.0 after=0.0 pitchBefore=3.7622044 pitchAfter=4.5880284 preset=GOLDEN fov=70.0 aspect=1.7777777777777777
[08:53:28] [Client thread/INFO] [STDOUT]: [com.layue13.clashweave.cameraprobe.ProbeCamera:capture:53]: CAMERA_PROBE_FRAME nano=93623871431500 active=true view=1 preset=GOLDEN playerX=0.38199999928474426 playerY=0.6460797786712646 targetX=0.6179999709129333 targetY=0.48295503854751587 horizon=0.3819999694824219 boxesOverlap=false yawAdjust=-32.975492367773356 pitchAdjust=5.330188720590942 lateral=-1.204524386964422 height=0.5 distance=4.0 roll=-2.3602014326866536E-6 nativeMatrixError=1.2045243978500366
[08:53:28] [Client thread/INFO] [STDOUT]: [com.layue13.clashweave.client.LockCamera:frame:317]: CW_THIRD_FRAME nano=93623885613500 dt=0.0150228 target=85202 rawX=0.0 rawY=64.0 rawZ=8.0 filteredX=0.0 filteredY=65.52999997138977 filteredZ=8.0 goalYaw=-0.0 goalPitch=10.027822471763804 before=0.0 after=0.0 pitchBefore=4.5880284 pitchAfter=5.2251964 preset=GOLDEN fov=70.0 aspect=1.7777777777777777
[08:53:28] [Client thread/INFO] [STDOUT]: [com.layue13.clashweave.cameraprobe.ProbeCamera:capture:53]: CAMERA_PROBE_FRAME nano=93623886405200 active=true view=1 preset=GOLDEN playerX=0.38199999928474426 playerY=0.6539806723594666 targetX=0.6180000305175781 targetY=0.4860503077507019 horizon=0.38200002908706665 boxesOverlap=false yawAdjust=-32.99257784879343 pitchAdjust=4.6653234974554705 lateral=-1.205713551626016 height=0.5 distance=4.0 roll=-2.3602007413129705E-6 nativeMatrixError=1.2057135105133057
[08:53:28] [Client thread/INFO] [STDOUT]: [com.layue13.clashweave.client.LockCamera:frame:317]: CW_THIRD_FRAME nano=93623903621900 dt=0.0180084 target=85202 rawX=0.0 rawY=64.0 rawZ=8.0 filteredX=0.0 filteredY=65.52999997138977 filteredZ=8.0 goalYaw=-0.0 goalPitch=10.027822471763804 before=0.0 after=0.0 pitchBefore=5.2251964 pitchAfter=5.9201283 preset=GOLDEN fov=70.0 aspect=1.7777777777777777
[08:53:28] [Client thread/INFO] [STDOUT]: [com.layue13.clashweave.cameraprobe.ProbeCamera:capture:53]: CAMERA_PROBE_FRAME nano=93623904497300 active=true view=1 preset=GOLDEN playerX=0.38199999928474426 playerY=0.6600843071937561 targetX=0.6179999709129333 targetY=0.48843735456466675 horizon=0.38200002908706665 boxesOverlap=false yawAdjust=-33.00419183057172 pitchAdjust=4.152453231768258 lateral=-1.2065228193461366 height=0.5 distance=4.0 roll=-2.360200028334284E-6 nativeMatrixError=1.206522822380066
[08:53:28] [Client thread/INFO] [STDOUT]: [com.layue13.clashweave.client.LockCamera:frame:317]: CW_THIRD_FRAME nano=93623919576400 dt=0.0159545 target=85202 rawX=0.0 rawY=64.0 rawZ=8.0 filteredX=0.0 filteredY=65.52999997138977 filteredZ=8.0 goalYaw=-0.0 goalPitch=10.027822471763804 before=0.0 after=0.0 pitchBefore=5.9201283 pitchAfter=6.470747 preset=GOLDEN fov=70.0 aspect=1.7777777777777777
[08:53:28] [Client thread/INFO] [STDOUT]: [com.layue13.clashweave.cameraprobe.ProbeCamera:capture:53]: CAMERA_PROBE_FRAME nano=93623920381000 active=true view=1 preset=GOLDEN playerX=0.38199999928474426 playerY=0.6649137139320374 targetX=0.6179999113082886 targetY=0.4903233051300049 horizon=0.38200002908706665 boxesOverlap=false yawAdjust=-33.01241244787594 pitchAdjust=3.747166720266671 lateral=-1.2070958114673909 height=0.5 distance=4.0 roll=-0.0 nativeMatrixError=1.2070958614349365
[08:53:28] [Client thread/INFO] [STDOUT]: [com.layue13.clashweave.client.LockCamera:frame:317]: CW_THIRD_FRAME nano=93623935682700 dt=0.0161063 target=85202 rawX=0.0 rawY=64.0 rawZ=8.0 filteredX=0.0 filteredY=65.52999997138977 filteredZ=8.0 goalYaw=-0.0 goalPitch=10.027822471763804 before=0.0 after=0.0 pitchBefore=6.470747 pitchAfter=6.9655604 preset=GOLDEN fov=70.0 aspect=1.7777777777777777
[08:53:28] [Client thread/INFO] [STDOUT]: [com.layue13.clashweave.cameraprobe.ProbeCamera:capture:53]: CAMERA_PROBE_FRAME nano=93623936448400 active=true view=1 preset=GOLDEN playerX=0.38199999928474426 playerY=0.6735060214996338 targetX=0.6180000305175781 targetY=0.4936717748641968 horizon=0.3819999694824219 boxesOverlap=false yawAdjust=-33.024977141425204 pitchAdjust=3.027349355231973 lateral=-1.2079692486188747 height=0.5 distance=4.0 roll=-0.0 nativeMatrixError=1.207969307899475
[08:53:33] [Client thread/INFO] [STDOUT]: [com.layue13.clashweave.validation.CompositionReplay:chat:21]: P0_COMPOSITION_PHASE name=GOLDEN_STATIC_FIRST receivedNano=93628714412200
[08:53:33] [Client thread/INFO]: [CHAT] P0_COMPOSITION_PHASE name=GOLDEN_STATIC_FIRST target=85202 tick=580
[08:53:33] [Client thread/INFO] [STDOUT]: [com.layue13.clashweave.client.LockCamera:tick:230]: CW_LOCK_FOLLOW mode=WEAK reason=WEAK target=85202 nano=93628714974300 dt=0.0497722 before=0.0 after=0.0 pitchBefore=10.027822 pitchAfter=8.64455 offset=0.0 instance=0 committed=0.0
[08:53:33] [Client thread/INFO] [STDOUT]: [com.layue13.clashweave.client.LockCamera:tick:230]: CW_LOCK_FOLLOW mode=WEAK reason=WEAK target=85202 nano=93628764895000 dt=0.0499207 before=0.0 after=0.0 pitchBefore=8.64455 pitchAfter=8.64455 offset=0.0 instance=0 committed=0.0
[08:53:33] [Client thread/INFO] [STDOUT]: [com.layue13.clashweave.client.LockCamera:tick:230]: CW_LOCK_FOLLOW mode=WEAK reason=WEAK target=85202 nano=93628835322000 dt=0.070427 before=0.0 after=0.0 pitchBefore=8.64455 pitchAfter=8.64455 offset=0.0 instance=0 committed=0.0
[08:53:33] [Client thread/INFO] [STDOUT]: [com.layue13.clashweave.client.LockCamera:tick:230]: CW_LOCK_FOLLOW mode=WEAK reason=WEAK target=85202 nano=93628881980800 dt=0.0466588 before=0.0 after=0.0 pitchBefore=8.64455 pitchAfter=8.64455 offset=0.0 instance=0 committed=0.0
[08:53:33] [Client thread/INFO] [STDOUT]: [com.layue13.clashweave.client.LockCamera:tick:230]: CW_LOCK_FOLLOW mode=WEAK reason=WEAK target=85202 nano=93628915319700 dt=0.0333389 before=0.0 after=0.0 pitchBefore=8.64455 pitchAfter=8.64455 offset=0.0 instance=0 committed=0.0
[08:53:33] [Client thread/INFO] [STDOUT]: [com.layue13.clashweave.client.LockCamera:tick:230]: CW_LOCK_FOLLOW mode=WEAK reason=WEAK target=85202 nano=93628982027300 dt=0.0667076 before=0.0 after=0.0 pitchBefore=8.64455 pitchAfter=8.64455 offset=0.0 instance=0 committed=0.0
[08:53:33] [Client thread/INFO] [STDOUT]: [com.layue13.clashweave.client.LockCamera:tick:230]: CW_LOCK_FOLLOW mode=WEAK reason=WEAK target=85202 nano=93629032030700 dt=0.0500034 before=0.0 after=0.0 pitchBefore=8.64455 pitchAfter=8.64455 offset=0.0 instance=0 committed=0.0
[08:53:33] [Client thread/INFO] [STDOUT]: [com.layue13.clashweave.client.LockCamera:tick:230]: CW_LOCK_FOLLOW mode=WEAK reason=WEAK target=85202 nano=93629081962300 dt=0.0499316 before=0.0 after=0.0 pitchBefore=8.64455 pitchAfter=8.64455 offset=0.0 instance=0 committed=0.0
[08:53:33] [Client thread/INFO] [STDOUT]: [com.layue13.clashweave.client.LockCamera:tick:230]: CW_LOCK_FOLLOW mode=WEAK reason=WEAK target=85202 nano=93629132365300 dt=0.050403 before=0.0 after=0.0 pitchBefore=8.64455 pitchAfter=8.64455 offset=0.0 instance=0 committed=0.0
[08:53:33] [Client thread/INFO] [STDOUT]: [com.layue13.clashweave.client.LockCamera:tick:230]: CW_LOCK_FOLLOW mode=WEAK reason=WEAK target=85202 nano=93629181908400 dt=0.0495431 before=0.0 after=0.0 pitchBefore=8.64455 pitchAfter=8.64455 offset=0.0 instance=0 committed=0.0
[08:53:33] [Client thread/INFO] [STDOUT]: [com.layue13.clashweave.client.LockCamera:tick:230]: CW_LOCK_FOLLOW mode=WEAK reason=WEAK target=85202 nano=93629232110200 dt=0.0502018 before=0.0 after=0.0 pitchBefore=8.64455 pitchAfter=8.64455 offset=0.0 instance=0 committed=0.0
[08:53:33] [Client thread/INFO] [STDOUT]: [com.layue13.clashweave.client.LockCamera:tick:230]: CW_LOCK_FOLLOW mode=WEAK reason=WEAK target=85202 nano=93629281971900 dt=0.0498617 before=0.0 after=0.0 pitchBefore=8.64455 pitchAfter=8.64455 offset=0.0 instance=0 committed=0.0
[08:53:38] [Client thread/INFO] [STDOUT]: [com.layue13.clashweave.validation.CompositionReplay:chat:21]: P0_COMPOSITION_PHASE name=GOLDEN_ORBIT_THIRD receivedNano=93633721419100
[08:53:38] [Client thread/INFO]: [CHAT] P0_COMPOSITION_PHASE name=GOLDEN_ORBIT_THIRD target=85202 tick=680
[08:53:43] [Client thread/INFO] [STDOUT]: [com.layue13.clashweave.validation.CompositionReplay:chat:21]: P0_COMPOSITION_PHASE name=GOLDEN_ORBIT_FIRST receivedNano=93638721735600
[08:53:43] [Client thread/INFO]: [CHAT] P0_COMPOSITION_PHASE name=GOLDEN_ORBIT_FIRST target=85202 tick=780
[08:53:48] [Client thread/INFO] [STDOUT]: [com.layue13.clashweave.validation.CompositionReplay:chat:21]: P0_COMPOSITION_PHASE name=THIRDS_STATIC_THIRD receivedNano=93643721837500
[08:53:48] [Client thread/INFO]: [CHAT] P0_COMPOSITION_PHASE name=THIRDS_STATIC_THIRD target=85202 tick=880
