# Log excerpt; complete raw log retained locally under build/p0/runs.
# Original lines: 7392
# Marker counts: {'ERROR': 3, 'CW_RENDER': 1, 'Exception': 2, 'P0_AUDIO': 1, 'CW_VIEW': 3, 'P0_COMPOSITION_FRAME': 4184, 'CW_ENGAGEMENT': 2, 'P0_COMPOSITION_PHASE': 14, 'CW_LOCK_MARKER': 2, 'CW_THIRD_FRAME': 2796, 'P0_FLICK_CASE': 43, 'CW_THIRD_MOUSE': 23, 'CW_LOCK_FOLLOW': 201}
[08:38:27] [main/ERROR] [FML]: The binary patch set is missing. Either you are in a development environment, or things are not going to work!
[08:38:27] [main/ERROR] [FML]: FML appears to be missing any signature data. This is not a good thing
This is just a prompt for computer specs to be printed. THIS IS NOT A ERROR
[08:38:31] [Client thread/INFO] [STDOUT]: [com.layue13.clashweave.client.KatanaRendering:load:35]: CW_RENDER models loaded units=block blade=+Y sheath=downwardBipedY angle=45.0
[08:38:31] [Forge Version Check/INFO] [STDERR]: [java.lang.Throwable$WrappedPrintStream:println:749]: com.google.gson.JsonSyntaxException: java.lang.IllegalStateException: Expected BEGIN_OBJECT but was STRING at line 1 column 1
[08:38:31] [Forge Version Check/INFO] [STDERR]: [java.lang.Throwable$WrappedPrintStream:println:749]: Caused by: java.lang.IllegalStateException: Expected BEGIN_OBJECT but was STRING at line 1 column 1
[08:38:31] [Client thread/INFO] [STDOUT]: [com.layue13.clashweave.validation.ClientReplay:<init>:69]: P0_AUDIO initial loader settled
[08:38:39] [Client thread/INFO] [STDOUT]: [com.layue13.clashweave.client.ViewPreservingCorrections$Preserved:processPacket:140]: CW_VIEW packet=1 marker=0 protected=false yawDelta=180.0 pitchDelta=0.0 requestedYawDelta=180.0 requestedPitchDelta=0.0 nano=92735365433700
[08:38:39] [Client thread/INFO] [STDOUT]: [com.layue13.clashweave.validation.CompositionReplay:world:37]: P0_COMPOSITION_FRAME phase= elapsed=1 nano=92735377560700 yaw=0.0 pitch=0.0 horizon=0.49782973527908325 view=0
[08:38:39] [Client thread/INFO] [STDOUT]: [com.layue13.clashweave.validation.CompositionReplay:world:37]: P0_COMPOSITION_FRAME phase= elapsed=4 nano=92735400850400 yaw=0.0 pitch=0.0 horizon=0.49589306116104126 view=0
[08:38:39] [Client thread/INFO] [STDOUT]: [com.layue13.clashweave.validation.CompositionReplay:world:37]: P0_COMPOSITION_FRAME phase= elapsed=4 nano=92735417178400 yaw=0.0 pitch=0.0 horizon=0.4959408640861511 view=0
[08:38:39] [Client thread/INFO] [STDOUT]: [com.layue13.clashweave.validation.CompositionReplay:world:37]: P0_COMPOSITION_FRAME phase= elapsed=4 nano=92735419329400 yaw=0.0 pitch=0.0 horizon=0.4960068464279175 view=0
[08:38:39] [Client thread/INFO] [STDOUT]: [com.layue13.clashweave.validation.CompositionReplay:world:37]: P0_COMPOSITION_FRAME phase= elapsed=4 nano=92735423954200 yaw=0.0 pitch=0.0 horizon=0.4960259199142456 view=0
[08:38:39] [Client thread/INFO] [STDOUT]: [com.layue13.clashweave.validation.CompositionReplay:world:37]: P0_COMPOSITION_FRAME phase= elapsed=5 nano=92735439988300 yaw=0.0 pitch=0.0 horizon=0.4960828423500061 view=0
[08:38:39] [Client thread/INFO] [STDOUT]: [com.layue13.clashweave.validation.CompositionReplay:world:37]: P0_COMPOSITION_FRAME phase= elapsed=5 nano=92735456602500 yaw=0.0 pitch=0.0 horizon=0.4961250424385071 view=0
[08:38:39] [Client thread/INFO] [STDOUT]: [com.layue13.clashweave.validation.CompositionReplay:world:37]: P0_COMPOSITION_FRAME phase= elapsed=5 nano=92735473372100 yaw=0.0 pitch=0.0 horizon=0.49616414308547974 view=0
[08:38:39] [Client thread/INFO] [STDOUT]: [com.layue13.clashweave.validation.CompositionReplay:world:37]: P0_COMPOSITION_FRAME phase= elapsed=6 nano=92735490268600 yaw=0.0 pitch=0.0 horizon=0.4962036609649658 view=0
[08:38:39] [Client thread/INFO] [STDOUT]: [com.layue13.clashweave.validation.CompositionReplay:world:37]: P0_COMPOSITION_FRAME phase= elapsed=6 nano=92735506491100 yaw=0.0 pitch=0.0 horizon=0.49622631072998047 view=0
[08:38:39] [Client thread/INFO] [STDOUT]: [com.layue13.clashweave.validation.CompositionReplay:world:37]: P0_COMPOSITION_FRAME phase= elapsed=6 nano=92735528894200 yaw=0.0 pitch=0.0 horizon=0.4962475299835205 view=0
[08:38:39] [Client thread/INFO] [STDOUT]: [com.layue13.clashweave.validation.CompositionReplay:world:37]: P0_COMPOSITION_FRAME phase= elapsed=7 nano=92735541235800 yaw=0.0 pitch=0.0 horizon=0.4962722659111023 view=0
[08:38:40] [Client thread/INFO] [STDOUT]: [com.layue13.clashweave.client.ViewPreservingCorrections$Preserved:processPacket:140]: CW_VIEW packet=1 marker=0 protected=false yawDelta=0.0 pitchDelta=0.0 requestedYawDelta=0.0 requestedPitchDelta=0.0 nano=92736323949500
[08:38:41] [Client thread/INFO] [STDOUT]: [com.layue13.clashweave.client.ViewPreservingCorrections$Preserved:processPacket:140]: CW_VIEW packet=1 marker=0 protected=false yawDelta=0.0 pitchDelta=0.0 requestedYawDelta=0.0 requestedPitchDelta=0.0 nano=92736639258200
[08:38:41] [Client thread/INFO] [STDOUT]: [com.layue13.clashweave.client.ClientProxy:apply:254]: CW_ENGAGEMENT player=P0A engaged=false revision=1 tick=260 receive=92736641109400
[08:38:52] [Client thread/INFO] [STDOUT]: [com.layue13.clashweave.validation.CompositionReplay:chat:20]: P0_COMPOSITION_PHASE name=WAIT receivedNano=92748483765000
[08:38:52] [Client thread/INFO]: [CHAT] P0_COMPOSITION_PHASE name=WAIT target=86330 tick=524
[08:38:52] [Client thread/INFO] [STDOUT]: [com.layue13.clashweave.client.ClientProxy:apply:254]: CW_ENGAGEMENT player=P0A engaged=true revision=3 tick=525 receive=92748528658200
[08:38:53] [Client thread/INFO] [STDOUT]: [com.layue13.clashweave.validation.CompositionReplay:chat:20]: P0_COMPOSITION_PHASE name=STILL receivedNano=92749477221200
[08:38:53] [Client thread/INFO]: [CHAT] P0_COMPOSITION_PHASE name=STILL target=86330 tick=544
[08:38:53] [Client thread/INFO] [STDOUT]: [com.layue13.clashweave.client.LockCamera:tick:188]: CW_LOCK_MARKER target=86330 nano=92749477816100
[08:38:53] [Client thread/INFO] [STDOUT]: [com.layue13.clashweave.client.LockCamera:frame:316]: CW_THIRD_FRAME nano=92749478585300 dt=0.0 target=86330 rawX=0.0 rawY=64.0 rawZ=8.0 filteredX=0.0 filteredY=65.52999997138977 filteredZ=8.0 goalYaw=-0.0 goalPitch=10.027822471763804 before=0.0 after=0.0 pitchBefore=0.0 pitchAfter=0.0 preset=GOLDEN fov=70.0 aspect=1.7777777777777777
[08:38:53] [Client thread/INFO] [STDOUT]: [com.layue13.clashweave.client.LockCamera:frame:316]: CW_THIRD_FRAME nano=92749493240200 dt=0.0146549 target=86330 rawX=0.0 rawY=64.0 rawZ=8.0 filteredX=0.0 filteredY=65.52999997138977 filteredZ=8.0 goalYaw=-0.0 goalPitch=10.027822471763804 before=0.0 after=0.0 pitchBefore=0.0 pitchAfter=0.16823278 preset=GOLDEN fov=70.0 aspect=1.7777777777777777
[08:38:53] [Client thread/INFO] [STDOUT]: [com.layue13.clashweave.client.LockCamera:frame:316]: CW_THIRD_FRAME nano=92749510133400 dt=0.0168932 target=86330 rawX=0.0 rawY=64.0 rawZ=8.0 filteredX=0.0 filteredY=65.52999997138977 filteredZ=8.0 goalYaw=-0.0 goalPitch=10.027822471763804 before=0.0 after=0.0 pitchBefore=0.16823278 pitchAfter=0.67357457 preset=GOLDEN fov=70.0 aspect=1.7777777777777777
[08:38:53] [Client thread/INFO] [STDOUT]: [com.layue13.clashweave.client.LockCamera:frame:316]: CW_THIRD_FRAME nano=92749527603700 dt=0.0174703 target=86330 rawX=0.0 rawY=64.0 rawZ=8.0 filteredX=0.0 filteredY=65.52999997138977 filteredZ=8.0 goalYaw=-0.0 goalPitch=10.027822471763804 before=0.0 after=0.0 pitchBefore=0.67357457 pitchAfter=1.4022905 preset=GOLDEN fov=70.0 aspect=1.7777777777777777
[08:38:53] [Client thread/INFO] [STDOUT]: [com.layue13.clashweave.client.LockCamera:frame:316]: CW_THIRD_FRAME nano=92749543169900 dt=0.0155662 target=86330 rawX=0.0 rawY=64.0 rawZ=8.0 filteredX=0.0 filteredY=65.52999997138977 filteredZ=8.0 goalYaw=-0.0 goalPitch=10.027822471763804 before=0.0 after=0.0 pitchBefore=1.4022905 pitchAfter=2.139226 preset=GOLDEN fov=70.0 aspect=1.7777777777777777
[08:38:53] [Client thread/INFO] [STDOUT]: [com.layue13.clashweave.client.LockCamera:frame:316]: CW_THIRD_FRAME nano=92749560837000 dt=0.0176671 target=86330 rawX=0.0 rawY=64.0 rawZ=8.0 filteredX=0.0 filteredY=65.52999997138977 filteredZ=8.0 goalYaw=-0.0 goalPitch=10.027822471763804 before=0.0 after=0.0 pitchBefore=2.139226 pitchAfter=3.005923 preset=GOLDEN fov=70.0 aspect=1.7777777777777777
[08:38:53] [Client thread/INFO] [STDOUT]: [com.layue13.clashweave.client.LockCamera:frame:316]: CW_THIRD_FRAME nano=92749577508900 dt=0.0166719 target=86330 rawX=0.0 rawY=64.0 rawZ=8.0 filteredX=0.0 filteredY=65.52999997138977 filteredZ=8.0 goalYaw=-0.0 goalPitch=10.027822471763804 before=0.0 after=0.0 pitchBefore=3.005923 pitchAfter=3.8094378 preset=GOLDEN fov=70.0 aspect=1.7777777777777777
[08:38:53] [Client thread/INFO] [STDOUT]: [com.layue13.clashweave.client.LockCamera:frame:316]: CW_THIRD_FRAME nano=92749593551900 dt=0.016043 target=86330 rawX=0.0 rawY=64.0 rawZ=8.0 filteredX=0.0 filteredY=65.52999997138977 filteredZ=8.0 goalYaw=-0.0 goalPitch=10.027822471763804 before=0.0 after=0.0 pitchBefore=3.8094378 pitchAfter=4.5438175 preset=GOLDEN fov=70.0 aspect=1.7777777777777777
[08:38:53] [Client thread/INFO] [STDOUT]: [com.layue13.clashweave.client.LockCamera:frame:316]: CW_THIRD_FRAME nano=92749610321200 dt=0.0167693 target=86330 rawX=0.0 rawY=64.0 rawZ=8.0 filteredX=0.0 filteredY=65.52999997138977 filteredZ=8.0 goalYaw=-0.0 goalPitch=10.027822471763804 before=0.0 after=0.0 pitchBefore=4.5438175 pitchAfter=5.255472 preset=GOLDEN fov=70.0 aspect=1.7777777777777777
[08:38:54] [Client thread/INFO] [STDOUT]: [com.layue13.clashweave.client.LockCamera:frame:316]: CW_THIRD_FRAME nano=92749628233200 dt=0.017912 target=86330 rawX=0.0 rawY=64.0 rawZ=8.0 filteredX=0.0 filteredY=65.52999997138977 filteredZ=8.0 goalYaw=-0.0 goalPitch=10.027822471763804 before=0.0 after=0.0 pitchBefore=5.255472 pitchAfter=5.9437103 preset=GOLDEN fov=70.0 aspect=1.7777777777777777
[08:38:54] [Client thread/INFO] [STDOUT]: [com.layue13.clashweave.client.LockCamera:frame:316]: CW_THIRD_FRAME nano=92749643370700 dt=0.0151375 target=86330 rawX=0.0 rawY=64.0 rawZ=8.0 filteredX=0.0 filteredY=65.52999997138977 filteredZ=8.0 goalYaw=-0.0 goalPitch=10.027822471763804 before=0.0 after=0.0 pitchBefore=5.9437103 pitchAfter=6.465256 preset=GOLDEN fov=70.0 aspect=1.7777777777777777
[08:38:54] [Client thread/INFO] [STDOUT]: [com.layue13.clashweave.client.LockCamera:frame:316]: CW_THIRD_FRAME nano=92749660763600 dt=0.0173929 target=86330 rawX=0.0 rawY=64.0 rawZ=8.0 filteredX=0.0 filteredY=65.52999997138977 filteredZ=8.0 goalYaw=-0.0 goalPitch=10.027822471763804 before=0.0 after=0.0 pitchBefore=6.465256 pitchAfter=6.997706 preset=GOLDEN fov=70.0 aspect=1.7777777777777777
[08:39:03] [Client thread/INFO] [STDOUT]: [com.layue13.clashweave.validation.CompositionReplay:chat:20]: P0_COMPOSITION_PHASE name=ORBIT receivedNano=92759493188700
[08:39:03] [Client thread/INFO]: [CHAT] P0_COMPOSITION_PHASE name=ORBIT target=86330 tick=744
[08:39:13] [Client thread/INFO] [STDOUT]: [com.layue13.clashweave.validation.CompositionReplay:chat:20]: P0_COMPOSITION_PHASE name=JITTER receivedNano=92769463757800
[08:39:13] [Client thread/INFO]: [CHAT] P0_COMPOSITION_PHASE name=JITTER target=86330 tick=944
[08:39:23] [Client thread/INFO] [STDOUT]: [com.layue13.clashweave.validation.CompositionReplay:chat:20]: P0_COMPOSITION_PHASE name=JUMP receivedNano=92779500254800
[08:39:23] [Client thread/INFO]: [CHAT] P0_COMPOSITION_PHASE name=JUMP target=86330 tick=1144
[08:39:33] [Client thread/INFO] [STDOUT]: [com.layue13.clashweave.validation.CompositionReplay:chat:20]: P0_COMPOSITION_PHASE name=MOUSE receivedNano=92789469230400
[08:39:33] [Client thread/INFO]: [CHAT] P0_COMPOSITION_PHASE name=MOUSE target=86330 tick=1344
[08:39:34] [Client thread/INFO] [STDOUT]: [com.layue13.clashweave.validation.CompositionReplay:tick:25]: P0_FLICK_CASE kind=stationary serial=1 delta=0
[08:39:34] [Client thread/INFO] [STDOUT]: [com.layue13.clashweave.validation.CompositionReplay:tick:25]: P0_FLICK_CASE kind=stationary serial=2 delta=0
[08:39:34] [Client thread/INFO] [STDOUT]: [com.layue13.clashweave.validation.CompositionReplay:tick:25]: P0_FLICK_CASE kind=stationary serial=3 delta=0
[08:39:34] [Client thread/INFO] [STDOUT]: [com.layue13.clashweave.validation.CompositionReplay:tick:25]: P0_FLICK_CASE kind=stationary serial=4 delta=0
[08:39:34] [Client thread/INFO] [STDOUT]: [com.layue13.clashweave.validation.CompositionReplay:tick:25]: P0_FLICK_CASE kind=stationary serial=5 delta=0
[08:39:35] [Client thread/INFO] [STDOUT]: [com.layue13.clashweave.validation.CompositionReplay:tick:25]: P0_FLICK_CASE kind=stationary serial=6 delta=0
[08:39:35] [Client thread/INFO] [STDOUT]: [com.layue13.clashweave.validation.CompositionReplay:tick:25]: P0_FLICK_CASE kind=stationary serial=7 delta=0
[08:39:35] [Client thread/INFO] [STDOUT]: [com.layue13.clashweave.validation.CompositionReplay:tick:25]: P0_FLICK_CASE kind=stationary serial=8 delta=0
[08:39:35] [Client thread/INFO] [STDOUT]: [com.layue13.clashweave.validation.CompositionReplay:tick:25]: P0_FLICK_CASE kind=stationary serial=9 delta=0
[08:39:35] [Client thread/INFO] [STDOUT]: [com.layue13.clashweave.validation.CompositionReplay:tick:25]: P0_FLICK_CASE kind=stationary serial=10 delta=0
[08:39:36] [Client thread/INFO] [STDOUT]: [com.layue13.clashweave.validation.CompositionReplay:tick:25]: P0_FLICK_CASE kind=stationary serial=11 delta=0
[08:39:36] [Client thread/INFO] [STDOUT]: [com.layue13.clashweave.validation.CompositionReplay:tick:25]: P0_FLICK_CASE kind=stationary serial=12 delta=0
[08:39:38] [Client thread/INFO] [STDOUT]: [com.layue13.clashweave.client.LockCamera:mouse:93]: CW_THIRD_MOUSE nano=92793629817100 delta=2.0 switch=0 offset=2.0
[08:39:38] [Client thread/INFO] [STDOUT]: [com.layue13.clashweave.client.LockCamera:mouse:93]: CW_THIRD_MOUSE nano=92793829475800 delta=2.0 switch=0 offset=2.0
[08:39:38] [Client thread/INFO] [STDOUT]: [com.layue13.clashweave.client.LockCamera:mouse:93]: CW_THIRD_MOUSE nano=92794032092900 delta=2.0 switch=0 offset=2.0
[08:39:38] [Client thread/INFO] [STDOUT]: [com.layue13.clashweave.client.LockCamera:mouse:93]: CW_THIRD_MOUSE nano=92794232679000 delta=2.0 switch=0 offset=2.0
[08:39:38] [Client thread/INFO] [STDOUT]: [com.layue13.clashweave.client.LockCamera:mouse:93]: CW_THIRD_MOUSE nano=92794422891600 delta=2.0 switch=0 offset=2.0
[08:39:38] [Client thread/INFO] [STDOUT]: [com.layue13.clashweave.client.LockCamera:mouse:93]: CW_THIRD_MOUSE nano=92794623399400 delta=2.0 switch=0 offset=2.0
[08:39:39] [Client thread/INFO] [STDOUT]: [com.layue13.clashweave.client.LockCamera:mouse:93]: CW_THIRD_MOUSE nano=92794823668400 delta=2.0 switch=0 offset=2.0
[08:39:39] [Client thread/INFO] [STDOUT]: [com.layue13.clashweave.client.LockCamera:mouse:93]: CW_THIRD_MOUSE nano=92795022378800 delta=2.0 switch=0 offset=2.0
[08:39:39] [Client thread/INFO] [STDOUT]: [com.layue13.clashweave.client.LockCamera:mouse:93]: CW_THIRD_MOUSE nano=92795222737000 delta=2.0 switch=0 offset=2.0
[08:39:39] [Client thread/INFO] [STDOUT]: [com.layue13.clashweave.client.LockCamera:mouse:93]: CW_THIRD_MOUSE nano=92795422506000 delta=2.0 switch=0 offset=2.0
[08:39:39] [Client thread/INFO] [STDOUT]: [com.layue13.clashweave.client.LockCamera:mouse:93]: CW_THIRD_MOUSE nano=92795622501200 delta=2.0 switch=0 offset=2.0
[08:39:40] [Client thread/INFO] [STDOUT]: [com.layue13.clashweave.client.LockCamera:mouse:93]: CW_THIRD_MOUSE nano=92795822564800 delta=2.0 switch=0 offset=2.0
[08:39:42] [Client thread/INFO] [STDOUT]: [com.layue13.clashweave.client.LockCamera:tick:188]: CW_LOCK_MARKER target=385745 nano=92797972753100
[08:39:43] [Client thread/INFO] [STDOUT]: [com.layue13.clashweave.client.LockCamera:tick:230]: CW_LOCK_FOLLOW mode=WEAK reason=WEAK target=385745 nano=92799480060000 dt=0.0503592 before=389.9667 after=389.9667 pitchBefore=10.027176 pitchAfter=8.643903 offset=0.0 instance=0 committed=0.0
[08:39:43] [Client thread/INFO] [STDOUT]: [com.layue13.clashweave.client.LockCamera:tick:230]: CW_LOCK_FOLLOW mode=WEAK reason=WEAK target=385745 nano=92799529680900 dt=0.0496209 before=389.9667 after=389.9667 pitchBefore=8.643903 pitchAfter=8.643903 offset=0.0 instance=0 committed=0.0
[08:39:43] [Client thread/INFO] [STDOUT]: [com.layue13.clashweave.client.LockCamera:tick:230]: CW_LOCK_FOLLOW mode=WEAK reason=WEAK target=385745 nano=92799579378000 dt=0.0496971 before=389.9667 after=389.9667 pitchBefore=8.643903 pitchAfter=8.643903 offset=0.0 instance=0 committed=0.0
[08:39:44] [Client thread/INFO] [STDOUT]: [com.layue13.clashweave.client.LockCamera:tick:230]: CW_LOCK_FOLLOW mode=WEAK reason=WEAK target=385745 nano=92799629441100 dt=0.0500631 before=389.9667 after=389.9667 pitchBefore=8.643903 pitchAfter=8.643903 offset=0.0 instance=0 committed=0.0
[08:39:44] [Client thread/INFO] [STDOUT]: [com.layue13.clashweave.client.LockCamera:tick:230]: CW_LOCK_FOLLOW mode=WEAK reason=WEAK target=385745 nano=92799679670600 dt=0.0502295 before=389.9667 after=389.9667 pitchBefore=8.643903 pitchAfter=8.643903 offset=0.0 instance=0 committed=0.0
[08:39:44] [Client thread/INFO] [STDOUT]: [com.layue13.clashweave.client.LockCamera:tick:230]: CW_LOCK_FOLLOW mode=WEAK reason=WEAK target=385745 nano=92799729595300 dt=0.0499247 before=389.9667 after=389.9667 pitchBefore=8.643903 pitchAfter=8.643903 offset=0.0 instance=0 committed=0.0
[08:39:44] [Client thread/INFO] [STDOUT]: [com.layue13.clashweave.client.LockCamera:tick:230]: CW_LOCK_FOLLOW mode=WEAK reason=WEAK target=385745 nano=92799779757500 dt=0.0501622 before=389.9667 after=389.9667 pitchBefore=8.643903 pitchAfter=8.643903 offset=0.0 instance=0 committed=0.0
[08:39:44] [Client thread/INFO] [STDOUT]: [com.layue13.clashweave.client.LockCamera:tick:230]: CW_LOCK_FOLLOW mode=WEAK reason=WEAK target=385745 nano=92799830658400 dt=0.0509009 before=389.9667 after=389.9667 pitchBefore=8.643903 pitchAfter=8.643903 offset=0.0 instance=0 committed=0.0
[08:39:44] [Client thread/INFO] [STDOUT]: [com.layue13.clashweave.client.LockCamera:tick:230]: CW_LOCK_FOLLOW mode=WEAK reason=WEAK target=385745 nano=92799879568100 dt=0.0489097 before=389.9667 after=389.9667 pitchBefore=8.643903 pitchAfter=8.643903 offset=0.0 instance=0 committed=0.0
[08:39:44] [Client thread/INFO] [STDOUT]: [com.layue13.clashweave.client.LockCamera:tick:230]: CW_LOCK_FOLLOW mode=WEAK reason=WEAK target=385745 nano=92799930111900 dt=0.0505438 before=389.9667 after=389.9667 pitchBefore=8.643903 pitchAfter=8.643903 offset=0.0 instance=0 committed=0.0
[08:39:44] [Client thread/INFO] [STDOUT]: [com.layue13.clashweave.client.LockCamera:tick:230]: CW_LOCK_FOLLOW mode=WEAK reason=WEAK target=385745 nano=92799979543400 dt=0.0494315 before=389.9667 after=389.9667 pitchBefore=8.643903 pitchAfter=8.643903 offset=0.0 instance=0 committed=0.0
[08:39:44] [Client thread/INFO] [STDOUT]: [com.layue13.clashweave.client.LockCamera:tick:230]: CW_LOCK_FOLLOW mode=WEAK reason=WEAK target=385745 nano=92800030338100 dt=0.0507947 before=389.9667 after=389.9667 pitchBefore=8.643903 pitchAfter=8.643903 offset=0.0 instance=0 committed=0.0
