# Log excerpt; complete raw log retained locally under build/p0/runs.
# Original lines: 11997
# Marker counts: {'ERROR': 4, 'CW_RENDER': 1, 'Exception': 2, 'CAMERA_PROBE_PATCH': 1, 'P0_AUDIO': 1, 'CW_VIEW': 2, 'P0_COMPOSITION_FRAME': 4738, 'CW_ENGAGEMENT': 2, 'P0_COMPOSITION_PHASE': 30, 'CW_LOCK_MARKER': 1, 'CW_THIRD_FRAME': 2352, 'CAMERA_PROBE_FRAME': 4123, 'CW_LOCK_FOLLOW': 603}
[08:40:07] [main/ERROR] [FML]: The binary patch set is missing. Either you are in a development environment, or things are not going to work!
[08:40:07] [main/ERROR] [FML]: FML appears to be missing any signature data. This is not a good thing
This is just a prompt for computer specs to be printed. THIS IS NOT A ERROR
[08:40:11] [Client thread/INFO] [STDOUT]: [com.layue13.clashweave.client.KatanaRendering:load:35]: CW_RENDER models loaded units=block blade=+Y sheath=downwardBipedY angle=45.0
[08:40:11] [Forge Version Check/INFO] [STDERR]: [java.lang.Throwable$WrappedPrintStream:println:749]: com.google.gson.JsonSyntaxException: java.lang.IllegalStateException: Expected BEGIN_OBJECT but was STRING at line 1 column 1
[08:40:11] [Forge Version Check/INFO] [STDERR]: [java.lang.Throwable$WrappedPrintStream:println:749]: Caused by: java.lang.IllegalStateException: Expected BEGIN_OBJECT but was STRING at line 1 column 1
[08:40:11] [Client thread/INFO] [STDOUT]: [com.layue13.clashweave.cameraprobe.CameraTransformer:transform:11]: CAMERA_PROBE_PATCH orientCameraReturns=1
[08:40:12] [Client thread/INFO] [STDOUT]: [com.layue13.clashweave.validation.ClientReplay:<init>:69]: P0_AUDIO initial loader settled
[08:40:16] [Client thread/INFO] [STDOUT]: [com.layue13.clashweave.client.ViewPreservingCorrections$Preserved:processPacket:140]: CW_VIEW packet=1 marker=0 protected=false yawDelta=0.0 pitchDelta=0.0 requestedYawDelta=0.0 requestedPitchDelta=0.0 nano=92832295282000
[08:40:16] [Client thread/ERROR] [FML]: Unable to determine registrant mod for com.layue13.clashweave.cameraprobe.ProbeCamera@2283bbd4. This is a critical error and should be impossible
[08:40:16] [Client thread/INFO] [STDOUT]: [com.layue13.clashweave.validation.CompositionReplay:world:40]: P0_COMPOSITION_FRAME phase= elapsed=1 nano=92832309376300 yaw=0.0 pitch=0.0 horizon=0.46807634830474854 view=0
[08:40:16] [Client thread/INFO] [STDOUT]: [com.layue13.clashweave.validation.CompositionReplay:world:40]: P0_COMPOSITION_FRAME phase= elapsed=3 nano=92832332327200 yaw=0.0 pitch=0.0 horizon=0.4958367347717285 view=0
[08:40:16] [Client thread/INFO] [STDOUT]: [com.layue13.clashweave.validation.CompositionReplay:world:40]: P0_COMPOSITION_FRAME phase= elapsed=4 nano=92832342131100 yaw=0.0 pitch=0.0 horizon=0.4958559274673462 view=0
[08:40:16] [Client thread/INFO] [STDOUT]: [com.layue13.clashweave.validation.CompositionReplay:world:40]: P0_COMPOSITION_FRAME phase= elapsed=4 nano=92832343255900 yaw=0.0 pitch=0.0 horizon=0.4958900809288025 view=0
[08:40:16] [Client thread/INFO] [STDOUT]: [com.layue13.clashweave.validation.CompositionReplay:world:40]: P0_COMPOSITION_FRAME phase= elapsed=4 nano=92832356373700 yaw=0.0 pitch=0.0 horizon=0.4959385395050049 view=0
[08:40:16] [Client thread/INFO] [STDOUT]: [com.layue13.clashweave.validation.CompositionReplay:world:40]: P0_COMPOSITION_FRAME phase= elapsed=4 nano=92832372371000 yaw=0.0 pitch=0.0 horizon=0.4960002899169922 view=0
[08:40:16] [Client thread/INFO] [STDOUT]: [com.layue13.clashweave.validation.CompositionReplay:world:40]: P0_COMPOSITION_FRAME phase= elapsed=5 nano=92832390469100 yaw=0.0 pitch=0.0 horizon=0.4960656762123108 view=0
[08:40:16] [Client thread/INFO] [STDOUT]: [com.layue13.clashweave.validation.CompositionReplay:world:40]: P0_COMPOSITION_FRAME phase= elapsed=5 nano=92832406136200 yaw=0.0 pitch=0.0 horizon=0.49610310792922974 view=0
[08:40:16] [Client thread/INFO] [STDOUT]: [com.layue13.clashweave.validation.CompositionReplay:world:40]: P0_COMPOSITION_FRAME phase= elapsed=5 nano=92832422824100 yaw=0.0 pitch=0.0 horizon=0.49614226818084717 view=0
[08:40:16] [Client thread/INFO] [STDOUT]: [com.layue13.clashweave.validation.CompositionReplay:world:40]: P0_COMPOSITION_FRAME phase= elapsed=5 nano=92832439358100 yaw=0.0 pitch=0.0 horizon=0.49618083238601685 view=0
[08:40:16] [Client thread/INFO] [STDOUT]: [com.layue13.clashweave.validation.CompositionReplay:world:40]: P0_COMPOSITION_FRAME phase= elapsed=6 nano=92832461069400 yaw=0.0 pitch=0.0 horizon=0.49621111154556274 view=0
[08:40:16] [Client thread/INFO] [STDOUT]: [com.layue13.clashweave.validation.CompositionReplay:world:40]: P0_COMPOSITION_FRAME phase= elapsed=6 nano=92832472131000 yaw=0.0 pitch=0.0 horizon=0.496229887008667 view=0
[08:40:16] [Client thread/INFO] [STDOUT]: [com.layue13.clashweave.client.ViewPreservingCorrections$Preserved:processPacket:140]: CW_VIEW packet=1 marker=0 protected=false yawDelta=0.0 pitchDelta=0.0 requestedYawDelta=0.0 requestedPitchDelta=0.0 nano=92832506422300
[08:40:16] [Client thread/INFO] [STDOUT]: [com.layue13.clashweave.client.ClientProxy:apply:254]: CW_ENGAGEMENT player=P0A engaged=false revision=1 tick=187 receive=92832507756300
[08:40:27] [Client thread/INFO] [STDOUT]: [com.layue13.clashweave.validation.CompositionReplay:chat:21]: P0_COMPOSITION_PHASE name=WAIT receivedNano=92842747518200
[08:40:27] [Client thread/INFO]: [CHAT] P0_COMPOSITION_PHASE name=WAIT target=71546 tick=399
[08:40:27] [Client thread/INFO] [STDOUT]: [com.layue13.clashweave.client.ClientProxy:apply:254]: CW_ENGAGEMENT player=P0A engaged=true revision=3 tick=400 receive=92842796676900
[08:40:28] [Client thread/INFO] [STDOUT]: [com.layue13.clashweave.validation.CompositionReplay:chat:21]: P0_COMPOSITION_PHASE name=GOLDEN_STATIC_THIRD receivedNano=92843763091800
[08:40:28] [Client thread/INFO]: [CHAT] P0_COMPOSITION_PHASE name=GOLDEN_STATIC_THIRD target=71546 tick=419
[08:40:28] [Client thread/INFO] [STDOUT]: [com.layue13.clashweave.client.LockCamera:tick:188]: CW_LOCK_MARKER target=71546 nano=92843763745400
[08:40:28] [Client thread/INFO] [STDOUT]: [com.layue13.clashweave.client.LockCamera:frame:316]: CW_THIRD_FRAME nano=92843764534300 dt=0.0 target=71546 rawX=0.0 rawY=64.0 rawZ=8.0 filteredX=0.0 filteredY=65.52999997138977 filteredZ=8.0 goalYaw=-0.0 goalPitch=10.027822471763804 before=0.0 after=0.0 pitchBefore=0.0 pitchAfter=0.0 preset=GOLDEN fov=70.0 aspect=1.7777777777777777
[08:40:28] [Client thread/INFO] [STDOUT]: [com.layue13.clashweave.cameraprobe.ProbeCamera:capture:48]: CAMERA_PROBE_FRAME nano=92843766911200 active=true view=1 preset=GOLDEN playerX=0.38199999928474426 playerY=0.6316625475883484 targetX=0.6180000305175781 targetY=0.46709156036376953 horizon=0.3819999694824219 boxesOverlap=false yawAdjust=-30.527752743842502 pitchAdjust=9.386101399084747 lateral=-3.0649813416497302 height=0.5 distance=4.0
[08:40:28] [Client thread/INFO] [STDOUT]: [com.layue13.clashweave.client.LockCamera:frame:316]: CW_THIRD_FRAME nano=92843779071600 dt=0.0145373 target=71546 rawX=0.0 rawY=64.0 rawZ=8.0 filteredX=0.0 filteredY=65.52999997138977 filteredZ=8.0 goalYaw=-0.0 goalPitch=10.027822471763804 before=0.0 after=0.0 pitchBefore=0.0 pitchAfter=0.1657139 preset=GOLDEN fov=70.0 aspect=1.7777777777777777
[08:40:28] [Client thread/INFO] [STDOUT]: [com.layue13.clashweave.cameraprobe.ProbeCamera:capture:48]: CAMERA_PROBE_FRAME nano=92843779989200 active=true view=1 preset=GOLDEN playerX=0.3819998800754547 playerY=0.6327753067016602 targetX=0.6180000305175781 targetY=0.4672123193740845 horizon=0.38199979066848755 boxesOverlap=false yawAdjust=-30.529998878387012 pitchAdjust=9.291298873383997 lateral=-3.0660699401884512 height=0.5 distance=4.0
[08:40:28] [Client thread/INFO] [STDOUT]: [com.layue13.clashweave.client.LockCamera:frame:316]: CW_THIRD_FRAME nano=92843797063200 dt=0.0179916 target=71546 rawX=0.0 rawY=64.0 rawZ=8.0 filteredX=0.0 filteredY=65.52999997138977 filteredZ=8.0 goalYaw=-0.0 goalPitch=10.027822471763804 before=0.0 after=0.0 pitchBefore=0.1657139 pitchAfter=0.7101175 preset=GOLDEN fov=70.0 aspect=1.7777777777777777
[08:40:28] [Client thread/INFO] [STDOUT]: [com.layue13.clashweave.cameraprobe.ProbeCamera:capture:48]: CAMERA_PROBE_FRAME nano=92843797942600 active=true view=1 preset=GOLDEN playerX=0.38200005888938904 playerY=0.6333481669425964 targetX=0.6180000305175781 targetY=0.46727442741394043 horizon=0.38199979066848755 boxesOverlap=false yawAdjust=-30.531178027036002 pitchAdjust=9.242494590738392 lateral=-3.066627824255366 height=0.5 distance=4.0
[08:40:28] [Client thread/INFO] [STDOUT]: [com.layue13.clashweave.client.LockCamera:frame:316]: CW_THIRD_FRAME nano=92843811830400 dt=0.0147672 target=71546 rawX=0.0 rawY=64.0 rawZ=8.0 filteredX=0.0 filteredY=65.52999997138977 filteredZ=8.0 goalYaw=-0.0 goalPitch=10.027822471763804 before=0.0 after=0.0 pitchBefore=0.7101175 pitchAfter=1.3244911 preset=GOLDEN fov=70.0 aspect=1.7777777777777777
[08:40:28] [Client thread/INFO] [STDOUT]: [com.layue13.clashweave.cameraprobe.ProbeCamera:capture:48]: CAMERA_PROBE_FRAME nano=92843812875600 active=true view=1 preset=GOLDEN playerX=0.38199999928474426 playerY=0.6368468403816223 targetX=0.6180000305175781 targetY=0.4676523208618164 horizon=0.3819999694824219 boxesOverlap=false yawAdjust=-30.538796538084124 pitchAdjust=8.944497277827116 lateral=-3.0700519882257074 height=0.5 distance=4.0
[08:40:28] [Client thread/INFO] [STDOUT]: [com.layue13.clashweave.client.LockCamera:frame:316]: CW_THIRD_FRAME nano=92843828919400 dt=0.017089 target=71546 rawX=0.0 rawY=64.0 rawZ=8.0 filteredX=0.0 filteredY=65.52999997138977 filteredZ=8.0 goalYaw=-0.0 goalPitch=10.027822471763804 before=0.0 after=0.0 pitchBefore=1.3244911 pitchAfter=2.129519 preset=GOLDEN fov=70.0 aspect=1.7777777777777777
[08:40:28] [Client thread/INFO] [STDOUT]: [com.layue13.clashweave.cameraprobe.ProbeCamera:capture:48]: CAMERA_PROBE_FRAME nano=92843830022700 active=true view=1 preset=GOLDEN playerX=0.38200002908706665 playerY=0.6459742784500122 targetX=0.6180000305175781 targetY=0.4686240553855896 horizon=0.3819999694824219 boxesOverlap=false yawAdjust=-30.56192704510016 pitchAdjust=8.167597195122719 lateral=-3.079026886488419 height=0.5 distance=4.0
[08:40:28] [Client thread/INFO] [STDOUT]: [com.layue13.clashweave.client.LockCamera:frame:316]: CW_THIRD_FRAME nano=92843846021100 dt=0.0171017 target=71546 rawX=0.0 rawY=64.0 rawZ=8.0 filteredX=0.0 filteredY=65.52999997138977 filteredZ=8.0 goalYaw=-0.0 goalPitch=10.027822471763804 before=0.0 after=0.0 pitchBefore=2.129519 pitchAfter=2.9684484 preset=GOLDEN fov=70.0 aspect=1.7777777777777777
[08:40:28] [Client thread/INFO] [STDOUT]: [com.layue13.clashweave.cameraprobe.ProbeCamera:capture:48]: CAMERA_PROBE_FRAME nano=92843846975600 active=true view=1 preset=GOLDEN playerX=0.38200002908706665 playerY=0.6609072685241699 targetX=0.6180000305175781 targetY=0.470167875289917 horizon=0.38200002908706665 boxesOverlap=false yawAdjust=-30.60999091150189 pitchAdjust=6.898716194537624 lateral=-3.0938452147193294 height=0.5 distance=4.0
[08:40:28] [Client thread/INFO] [STDOUT]: [com.layue13.clashweave.client.LockCamera:frame:316]: CW_THIRD_FRAME nano=92843863131200 dt=0.0171101 target=71546 rawX=0.0 rawY=64.0 rawZ=8.0 filteredX=0.0 filteredY=65.52999997138977 filteredZ=8.0 goalYaw=-0.0 goalPitch=10.027822471763804 before=0.0 after=0.0 pitchBefore=2.9684484 pitchAfter=3.794023 preset=GOLDEN fov=70.0 aspect=1.7777777777777777
[08:40:28] [Client thread/INFO] [STDOUT]: [com.layue13.clashweave.cameraprobe.ProbeCamera:capture:48]: CAMERA_PROBE_FRAME nano=92843864304500 active=true view=1 preset=GOLDEN playerX=0.38200002908706665 playerY=0.6642192006111145 targetX=0.6180000305175781 targetY=0.47050201892852783 horizon=0.3819999694824219 boxesOverlap=false yawAdjust=-30.622372525538623 pitchAdjust=6.617756214980037 lateral=-3.09715369212331 height=0.5 distance=4.0
[08:40:28] [Client thread/INFO] [STDOUT]: [com.layue13.clashweave.client.LockCamera:frame:316]: CW_THIRD_FRAME nano=92843879058000 dt=0.0159268 target=71546 rawX=0.0 rawY=64.0 rawZ=8.0 filteredX=0.0 filteredY=65.52999997138977 filteredZ=8.0 goalYaw=-0.0 goalPitch=10.027822471763804 before=0.0 after=0.0 pitchBefore=3.794023 pitchAfter=4.524198 preset=GOLDEN fov=70.0 aspect=1.7777777777777777
[08:40:28] [Client thread/INFO] [STDOUT]: [com.layue13.clashweave.cameraprobe.ProbeCamera:capture:48]: CAMERA_PROBE_FRAME nano=92843879915200 active=true view=1 preset=GOLDEN playerX=0.38199999928474426 playerY=0.6718111634254456 targetX=0.6180000305175781 targetY=0.47125595808029175 horizon=0.3819999694824219 boxesOverlap=false yawAdjust=-30.653136580043657 pitchAdjust=5.974453218884655 lateral=-3.1047693430493912 height=0.5 distance=4.0
[08:40:28] [Client thread/INFO] [STDOUT]: [com.layue13.clashweave.client.LockCamera:frame:316]: CW_THIRD_FRAME nano=92843896182600 dt=0.0171246 target=71546 rawX=0.0 rawY=64.0 rawZ=8.0 filteredX=0.0 filteredY=65.52999997138977 filteredZ=8.0 goalYaw=-0.0 goalPitch=10.027822471763804 before=0.0 after=0.0 pitchBefore=4.524198 pitchAfter=5.2519193 preset=GOLDEN fov=70.0 aspect=1.7777777777777777
[08:40:28] [Client thread/INFO] [STDOUT]: [com.layue13.clashweave.cameraprobe.ProbeCamera:capture:48]: CAMERA_PROBE_FRAME nano=92843897041200 active=true view=1 preset=GOLDEN playerX=0.38200002908706665 playerY=0.6843494772911072 targetX=0.6179999709129333 targetY=0.47246283292770386 horizon=0.3819999694824219 boxesOverlap=false yawAdjust=-30.711221259765946 pitchAdjust=4.914630815227197 lateral=-3.1174400086106466 height=0.5 distance=4.0
[08:40:28] [Client thread/INFO] [STDOUT]: [com.layue13.clashweave.client.LockCamera:frame:316]: CW_THIRD_FRAME nano=92843912302400 dt=0.0161198 target=71546 rawX=0.0 rawY=64.0 rawZ=8.0 filteredX=0.0 filteredY=65.52999997138977 filteredZ=8.0 goalYaw=-0.0 goalPitch=10.027822471763804 before=0.0 after=0.0 pitchBefore=5.2519193 pitchAfter=5.8750944 preset=GOLDEN fov=70.0 aspect=1.7777777777777777
[08:40:28] [Client thread/INFO] [STDOUT]: [com.layue13.clashweave.cameraprobe.ProbeCamera:capture:48]: CAMERA_PROBE_FRAME nano=92843913228900 active=true view=1 preset=GOLDEN playerX=0.3819999694824219 playerY=0.6864350438117981 targetX=0.6179999113082886 targetY=0.47265875339508057 horizon=0.3819999694824219 boxesOverlap=false yawAdjust=-30.72175470454591 pitchAdjust=4.738698939999261 lateral=-3.119558598985565 height=0.5 distance=4.0
[08:40:28] [Client thread/INFO] [STDOUT]: [com.layue13.clashweave.client.LockCamera:frame:316]: CW_THIRD_FRAME nano=92843928941500 dt=0.0166391 target=71546 rawX=0.0 rawY=64.0 rawZ=8.0 filteredX=0.0 filteredY=65.52999997138977 filteredZ=8.0 goalYaw=-0.0 goalPitch=10.027822471763804 before=0.0 after=0.0 pitchBefore=5.8750944 pitchAfter=6.4528933 preset=GOLDEN fov=70.0 aspect=1.7777777777777777
[08:40:28] [Client thread/INFO] [STDOUT]: [com.layue13.clashweave.cameraprobe.ProbeCamera:capture:48]: CAMERA_PROBE_FRAME nano=92843929813400 active=true view=1 preset=GOLDEN playerX=0.38199999928474426 playerY=0.6921855211257935 targetX=0.6180000305175781 targetY=0.47319138050079346 horizon=0.3819999694824219 boxesOverlap=false yawAdjust=-30.752157675633267 pitchAdjust=4.254165702216409 lateral=-3.1254200714761278 height=0.5 distance=4.0
[08:40:28] [Client thread/INFO] [STDOUT]: [com.layue13.clashweave.client.LockCamera:frame:316]: CW_THIRD_FRAME nano=92843945875400 dt=0.0169339 target=71546 rawX=0.0 rawY=64.0 rawZ=8.0 filteredX=0.0 filteredY=65.52999997138977 filteredZ=8.0 goalYaw=-0.0 goalPitch=10.027822471763804 before=0.0 after=0.0 pitchBefore=6.4528933 pitchAfter=6.9736667 preset=GOLDEN fov=70.0 aspect=1.7777777777777777
[08:40:28] [Client thread/INFO] [STDOUT]: [com.layue13.clashweave.cameraprobe.ProbeCamera:capture:48]: CAMERA_PROBE_FRAME nano=92843946734400 active=true view=1 preset=GOLDEN playerX=0.3819999694824219 playerY=0.7013238072395325 targetX=0.6179999709129333 targetY=0.4740145802497864 horizon=0.3819999694824219 boxesOverlap=false yawAdjust=-30.804404135993426 pitchAdjust=3.4860081169502815 lateral=-3.1347849742785203 height=0.5 distance=4.0
[08:40:33] [Client thread/INFO] [STDOUT]: [com.layue13.clashweave.validation.CompositionReplay:chat:21]: P0_COMPOSITION_PHASE name=GOLDEN_STATIC_FIRST receivedNano=92848733049600
[08:40:33] [Client thread/INFO]: [CHAT] P0_COMPOSITION_PHASE name=GOLDEN_STATIC_FIRST target=71546 tick=519
[08:40:33] [Client thread/INFO] [STDOUT]: [com.layue13.clashweave.client.LockCamera:tick:230]: CW_LOCK_FOLLOW mode=WEAK reason=WEAK target=71546 nano=92848733733900 dt=0.0512274 before=0.0 after=0.0 pitchBefore=10.027822 pitchAfter=8.64455 offset=0.0 instance=0 committed=0.0
[08:40:33] [Client thread/INFO] [STDOUT]: [com.layue13.clashweave.client.LockCamera:tick:230]: CW_LOCK_FOLLOW mode=WEAK reason=WEAK target=71546 nano=92848782184200 dt=0.0484503 before=0.0 after=0.0 pitchBefore=8.64455 pitchAfter=8.64455 offset=0.0 instance=0 committed=0.0
[08:40:33] [Client thread/INFO] [STDOUT]: [com.layue13.clashweave.client.LockCamera:tick:230]: CW_LOCK_FOLLOW mode=WEAK reason=WEAK target=71546 nano=92848832418600 dt=0.0502344 before=0.0 after=0.0 pitchBefore=8.64455 pitchAfter=8.64455 offset=0.0 instance=0 committed=0.0
[08:40:33] [Client thread/INFO] [STDOUT]: [com.layue13.clashweave.client.LockCamera:tick:230]: CW_LOCK_FOLLOW mode=WEAK reason=WEAK target=71546 nano=92848882289700 dt=0.0498711 before=0.0 after=0.0 pitchBefore=8.64455 pitchAfter=8.64455 offset=0.0 instance=0 committed=0.0
[08:40:33] [Client thread/INFO] [STDOUT]: [com.layue13.clashweave.client.LockCamera:tick:230]: CW_LOCK_FOLLOW mode=WEAK reason=WEAK target=71546 nano=92848932533800 dt=0.0502441 before=0.0 after=0.0 pitchBefore=8.64455 pitchAfter=8.64455 offset=0.0 instance=0 committed=0.0
[08:40:33] [Client thread/INFO] [STDOUT]: [com.layue13.clashweave.client.LockCamera:tick:230]: CW_LOCK_FOLLOW mode=WEAK reason=WEAK target=71546 nano=92848982030900 dt=0.0494971 before=0.0 after=0.0 pitchBefore=8.64455 pitchAfter=8.64455 offset=0.0 instance=0 committed=0.0
[08:40:33] [Client thread/INFO] [STDOUT]: [com.layue13.clashweave.client.LockCamera:tick:230]: CW_LOCK_FOLLOW mode=WEAK reason=WEAK target=71546 nano=92849033639800 dt=0.0516089 before=0.0 after=0.0 pitchBefore=8.64455 pitchAfter=8.64455 offset=0.0 instance=0 committed=0.0
[08:40:33] [Client thread/INFO] [STDOUT]: [com.layue13.clashweave.client.LockCamera:tick:230]: CW_LOCK_FOLLOW mode=WEAK reason=WEAK target=71546 nano=92849082501700 dt=0.0488619 before=0.0 after=0.0 pitchBefore=8.64455 pitchAfter=8.64455 offset=0.0 instance=0 committed=0.0
[08:40:33] [Client thread/INFO] [STDOUT]: [com.layue13.clashweave.client.LockCamera:tick:230]: CW_LOCK_FOLLOW mode=WEAK reason=WEAK target=71546 nano=92849133000100 dt=0.0504984 before=0.0 after=0.0 pitchBefore=8.64455 pitchAfter=8.64455 offset=0.0 instance=0 committed=0.0
[08:40:33] [Client thread/INFO] [STDOUT]: [com.layue13.clashweave.client.LockCamera:tick:230]: CW_LOCK_FOLLOW mode=WEAK reason=WEAK target=71546 nano=92849182041400 dt=0.0490413 before=0.0 after=0.0 pitchBefore=8.64455 pitchAfter=8.64455 offset=0.0 instance=0 committed=0.0
[08:40:33] [Client thread/INFO] [STDOUT]: [com.layue13.clashweave.client.LockCamera:tick:230]: CW_LOCK_FOLLOW mode=WEAK reason=WEAK target=71546 nano=92849231990000 dt=0.0499486 before=0.0 after=0.0 pitchBefore=8.64455 pitchAfter=8.64455 offset=0.0 instance=0 committed=0.0
[08:40:33] [Client thread/INFO] [STDOUT]: [com.layue13.clashweave.client.LockCamera:tick:230]: CW_LOCK_FOLLOW mode=WEAK reason=WEAK target=71546 nano=92849282454400 dt=0.0504644 before=0.0 after=0.0 pitchBefore=8.64455 pitchAfter=8.64455 offset=0.0 instance=0 committed=0.0
[08:40:38] [Client thread/INFO] [STDOUT]: [com.layue13.clashweave.validation.CompositionReplay:chat:21]: P0_COMPOSITION_PHASE name=GOLDEN_ORBIT_THIRD receivedNano=92853779260700
[08:40:38] [Client thread/INFO]: [CHAT] P0_COMPOSITION_PHASE name=GOLDEN_ORBIT_THIRD target=71546 tick=619
[08:40:43] [Client thread/INFO] [STDOUT]: [com.layue13.clashweave.validation.CompositionReplay:chat:21]: P0_COMPOSITION_PHASE name=GOLDEN_ORBIT_FIRST receivedNano=92858733775600
[08:40:43] [Client thread/INFO]: [CHAT] P0_COMPOSITION_PHASE name=GOLDEN_ORBIT_FIRST target=71546 tick=719
[08:40:48] [Client thread/INFO] [STDOUT]: [com.layue13.clashweave.validation.CompositionReplay:chat:21]: P0_COMPOSITION_PHASE name=THIRDS_STATIC_THIRD receivedNano=92863784549100
[08:40:48] [Client thread/INFO]: [CHAT] P0_COMPOSITION_PHASE name=THIRDS_STATIC_THIRD target=71546 tick=819
