# Log excerpt; complete raw log retained locally under build/p0/runs.
# Original lines: 5495
# Marker counts: {'Exception': 171, 'ERROR': 2, 'P0_NETWORK': 2, ' CW INPUT': 17, ' CW ACK': 9, 'P0_PERF': 2, 'P0_SWEEP_SETUP': 4, ' CW ENGAGEMENT': 3, ' CW FACING': 4, ' CW START': 4, ' CW AIM': 4, ' CW FREEZE': 4, 'P0_SWEEP_DAMAGE': 4, ' CW COMMIT': 4, 'P0_SWEEP': 5}
[Loaded java.lang.Exception from C:\Program Files\Zulu\zulu-8\jre\lib\rt.jar]
[Loaded java.lang.RuntimeException from C:\Program Files\Zulu\zulu-8\jre\lib\rt.jar]
[Loaded java.lang.ReflectiveOperationException from C:\Program Files\Zulu\zulu-8\jre\lib\rt.jar]
[Loaded java.lang.ClassNotFoundException from C:\Program Files\Zulu\zulu-8\jre\lib\rt.jar]
[Loaded java.lang.ClassCastException from C:\Program Files\Zulu\zulu-8\jre\lib\rt.jar]
[Loaded java.lang.ArrayStoreException from C:\Program Files\Zulu\zulu-8\jre\lib\rt.jar]
[Loaded java.lang.IllegalMonitorStateException from C:\Program Files\Zulu\zulu-8\jre\lib\rt.jar]
[Loaded java.lang.Thread$UncaughtExceptionHandler from C:\Program Files\Zulu\zulu-8\jre\lib\rt.jar]
[Loaded java.lang.NullPointerException from C:\Program Files\Zulu\zulu-8\jre\lib\rt.jar]
[Loaded java.lang.ArithmeticException from C:\Program Files\Zulu\zulu-8\jre\lib\rt.jar]
[Loaded java.lang.InterruptedException from C:\Program Files\Zulu\zulu-8\jre\lib\rt.jar]
[Loaded java.security.PrivilegedExceptionAction from C:\Program Files\Zulu\zulu-8\jre\lib\rt.jar]
[15:25:07] [main/ERROR] [FML]: The binary patch set is missing. Either you are in a development environment, or things are not going to work!
[15:25:07] [main/ERROR] [FML]: FML appears to be missing any signature data. This is not a good thing
[15:25:32] [Server thread/INFO] [STDOUT]: [com.layue13.clashweave.validation.NetworkScenario:login:44]: P0_NETWORK login=P0A
[15:25:32] [Server thread/INFO] [STDOUT]: [com.layue13.clashweave.forge.CombatServer:trace:729]: CW INPUT player=P0A seq=1 kind=-2 target=-1 origin=0 stamp=213 receivedTick=217 consumedTick=218 arrival=30748530014900 gate=OK
[15:25:32] [Server thread/INFO] [STDOUT]: [com.layue13.clashweave.forge.CombatServer:trace:729]: CW INPUT player=P0A seq=2 kind=-2 target=-1 origin=0 stamp=214 receivedTick=217 consumedTick=218 arrival=30748530050800 gate=OK
[15:25:32] [Server thread/INFO] [STDOUT]: [com.layue13.clashweave.forge.CombatServer:trace:729]: CW INPUT player=P0A seq=3 kind=-2 target=-1 origin=0 stamp=215 receivedTick=217 consumedTick=218 arrival=30748530061900 gate=OK
[15:25:32] [Server thread/INFO] [STDOUT]: [com.layue13.clashweave.forge.CombatServer:trace:729]: CW INPUT player=P0A seq=4 kind=-2 target=-1 origin=0 stamp=216 receivedTick=217 consumedTick=218 arrival=30748530070700 gate=OK
[15:25:32] [Server thread/INFO] [STDOUT]: [com.layue13.clashweave.forge.CombatServer:trace:729]: CW INPUT player=P0A seq=5 kind=-2 target=-1 origin=0 stamp=217 receivedTick=229 consumedTick=230 arrival=30748593681700 gate=STALE
[15:25:32] [Server thread/INFO] [STDOUT]: [com.layue13.clashweave.forge.CombatServer:trace:729]: CW ACK player=P0A seq=5 result=REJECT:STALE
[15:25:42] [Server thread/INFO] [STDOUT]: [com.layue13.clashweave.validation.NetworkScenario:login:44]: P0_NETWORK login=P0B
[15:25:42] [Server thread/INFO] [STDOUT]: [com.layue13.clashweave.forge.CombatServer:trace:729]: CW INPUT player=P0B seq=1 kind=-2 target=-1 origin=0 stamp=452 receivedTick=455 consumedTick=456 arrival=30758603786600 gate=OK
[15:25:42] [Server thread/INFO] [STDOUT]: [com.layue13.clashweave.forge.CombatServer:trace:729]: CW INPUT player=P0B seq=2 kind=-2 target=-1 origin=0 stamp=453 receivedTick=455 consumedTick=456 arrival=30758603801800 gate=OK
[15:25:42] [Server thread/INFO] [STDOUT]: [com.layue13.clashweave.forge.CombatServer:trace:729]: CW INPUT player=P0B seq=3 kind=-2 target=-1 origin=0 stamp=454 receivedTick=455 consumedTick=456 arrival=30758603810500 gate=OK
[15:25:42] [Server thread/INFO] [STDOUT]: [com.layue13.clashweave.forge.CombatServer:trace:729]: CW INPUT player=P0B seq=4 kind=-2 target=-1 origin=0 stamp=455 receivedTick=455 consumedTick=456 arrival=30758603836600 gate=OK
[15:25:47] [Server thread/INFO] [STDOUT]: [com.layue13.clashweave.validation.NetworkScenario:tick:98]: P0_PERF samples=100 meanNanos=109328 maxNanos=1387000
[15:25:48] [Server thread/INFO] [STDOUT]: [com.layue13.clashweave.validation.SweepScenario:tick:51]: P0_SWEEP_SETUP case=1 target=103885 height=0.9
[15:25:48] [Server thread/INFO] [STDOUT]: [com.layue13.clashweave.forge.CombatServer:trace:729]: CW ENGAGEMENT player=P0B engaged=true revision=3 tick=562 sent=30763905493400
[15:25:48] [Server thread/INFO] [STDOUT]: [com.layue13.clashweave.forge.CombatServer:trace:729]: CW INPUT player=P0A seq=6 kind=0 target=-1 origin=0 stamp=571 receivedTick=571 consumedTick=572 arrival=30764400385700 gate=OK
[15:25:48] [Server thread/INFO] [STDOUT]: [com.layue13.clashweave.forge.CombatServer:trace:729]: CW FACING player=P0A seq=6 requested=0.0 known=0.0 chosen=0.0 accepted=true reason=OK
[15:25:48] [Server thread/INFO] [STDOUT]: [com.layue13.clashweave.forge.CombatServer:trace:729]: CW START player=P0A id=1 action=iai tick=572
[15:25:48] [Server thread/INFO] [STDOUT]: [com.layue13.clashweave.forge.CombatServer:trace:729]: CW AIM player=P0A id=1 requested=0.0 baseline=0.0 selected=0.0 beforeDelta=0.0 afterDelta=0.0 accepted=true
[15:25:48] [Server thread/INFO] [STDOUT]: [com.layue13.clashweave.forge.CombatServer:trace:729]: CW ACK player=P0A seq=6 result=START
[15:25:48] [Server thread/INFO] [STDOUT]: [com.layue13.clashweave.forge.CombatServer:trace:729]: CW ENGAGEMENT player=P0A engaged=true revision=4 tick=572 sent=30764403543800
[15:25:48] [Server thread/INFO] [STDOUT]: [com.layue13.clashweave.forge.CombatServer:trace:729]: CW INPUT player=P0A seq=7 kind=-1 target=1 origin=1 stamp=572 receivedTick=572 consumedTick=573 arrival=30764453791700 gate=OK
[15:25:48] [Server thread/INFO] [STDOUT]: [com.layue13.clashweave.forge.CombatServer:trace:729]: CW ACK player=P0A seq=7 result=MOVE_READY
[15:25:49] [Server thread/INFO] [STDOUT]: [com.layue13.clashweave.forge.CombatServer:trace:729]: CW FREEZE player=P0A targetPlayer=false target=103885 id=1 hitTick=577 frozen=30764649885400
[15:25:49] [Server thread/INFO] [STDOUT]: [com.layue13.clashweave.validation.SweepScenario:hurt:22]: P0_SWEEP_DAMAGE case=1 source=player amount=5.0
[15:25:49] [Server thread/INFO] [STDOUT]: [com.layue13.clashweave.forge.CombatServer:trace:729]: CW COMMIT player=P0A targetPlayer=false target=103885 id=1 hitTick=577 commitTick=577 frozen=30764649885400 cutoff=30764650160900 guard=0 damage=5.0 hit=true hp=195.0 facing=false
[15:25:49] [Server thread/INFO] [STDOUT]: [com.layue13.clashweave.validation.SweepScenario:tick:38]: P0_SWEEP case=1 success=true loss=5.0 targetHeight=0.9 targetY=64.0
[15:25:49] [Server thread/INFO] [STDOUT]: [com.layue13.clashweave.validation.SweepScenario:tick:51]: P0_SWEEP_SETUP case=2 target=106812 height=0.65
[15:25:50] [Server thread/INFO] [STDOUT]: [com.layue13.clashweave.forge.CombatServer:trace:729]: CW INPUT player=P0A seq=8 kind=0 target=-1 origin=0 stamp=601 receivedTick=601 consumedTick=602 arrival=30765899219400 gate=OK
[15:25:50] [Server thread/INFO] [STDOUT]: [com.layue13.clashweave.forge.CombatServer:trace:729]: CW FACING player=P0A seq=8 requested=0.0 known=0.0 chosen=0.0 accepted=true reason=OK
[15:25:50] [Server thread/INFO] [STDOUT]: [com.layue13.clashweave.forge.CombatServer:trace:729]: CW START player=P0A id=2 action=light_1 tick=602
[15:25:50] [Server thread/INFO] [STDOUT]: [com.layue13.clashweave.forge.CombatServer:trace:729]: CW AIM player=P0A id=2 requested=0.0 baseline=0.0 selected=0.0 beforeDelta=0.0 afterDelta=0.0 accepted=true
[15:25:50] [Server thread/INFO] [STDOUT]: [com.layue13.clashweave.forge.CombatServer:trace:729]: CW ACK player=P0A seq=8 result=START
[15:25:50] [Server thread/INFO] [STDOUT]: [com.layue13.clashweave.forge.CombatServer:trace:729]: CW ACK player=P0A seq=9 result=MOVE_READY
[15:25:50] [Server thread/INFO] [STDOUT]: [com.layue13.clashweave.forge.CombatServer:trace:729]: CW FREEZE player=P0A targetPlayer=false target=106812 id=2 hitTick=606 frozen=30766099035700
[15:25:50] [Server thread/INFO] [STDOUT]: [com.layue13.clashweave.validation.SweepScenario:hurt:22]: P0_SWEEP_DAMAGE case=2 source=player amount=3.0
[15:25:50] [Server thread/INFO] [STDOUT]: [com.layue13.clashweave.forge.CombatServer:trace:729]: CW COMMIT player=P0A targetPlayer=false target=106812 id=2 hitTick=606 commitTick=606 frozen=30766099035700 cutoff=30766100039400 guard=0 damage=3.0 hit=true hp=197.0 facing=false
[15:25:50] [Server thread/INFO] [STDOUT]: [com.layue13.clashweave.validation.SweepScenario:tick:38]: P0_SWEEP case=2 success=true loss=3.0 targetHeight=0.65 targetY=64.0
[15:25:50] [Server thread/INFO] [STDOUT]: [com.layue13.clashweave.validation.SweepScenario:tick:51]: P0_SWEEP_SETUP case=3 target=106813 height=1.8
[15:25:51] [Server thread/INFO] [STDOUT]: [com.layue13.clashweave.forge.CombatServer:trace:729]: CW FACING player=P0A seq=10 requested=0.0 known=0.0 chosen=0.0 accepted=true reason=OK
[15:25:51] [Server thread/INFO] [STDOUT]: [com.layue13.clashweave.forge.CombatServer:trace:729]: CW START player=P0A id=3 action=light_1 tick=628
[15:25:51] [Server thread/INFO] [STDOUT]: [com.layue13.clashweave.forge.CombatServer:trace:729]: CW AIM player=P0A id=3 requested=0.0 baseline=0.0 selected=0.0 beforeDelta=0.0 afterDelta=0.0 accepted=true
[15:25:51] [Server thread/INFO] [STDOUT]: [com.layue13.clashweave.forge.CombatServer:trace:729]: CW ACK player=P0A seq=10 result=START
[15:25:51] [Server thread/INFO] [STDOUT]: [com.layue13.clashweave.forge.CombatServer:trace:729]: CW ACK player=P0A seq=11 result=MOVE_READY
[15:25:51] [Server thread/INFO] [STDOUT]: [com.layue13.clashweave.forge.CombatServer:trace:729]: CW ENGAGEMENT player=P0B engaged=false revision=5 tick=630 sent=30767298807500
[15:25:51] [Server thread/INFO] [STDOUT]: [com.layue13.clashweave.forge.CombatServer:trace:729]: CW FREEZE player=P0A targetPlayer=false target=106813 id=3 hitTick=632 frozen=30767396676300
[15:25:51] [Server thread/INFO] [STDOUT]: [com.layue13.clashweave.validation.SweepScenario:hurt:22]: P0_SWEEP_DAMAGE case=3 source=player amount=3.0
[15:25:51] [Server thread/INFO] [STDOUT]: [com.layue13.clashweave.forge.CombatServer:trace:729]: CW COMMIT player=P0A targetPlayer=false target=106813 id=3 hitTick=632 commitTick=632 frozen=30767396676300 cutoff=30767396925600 guard=0 damage=3.0 hit=true hp=197.24 facing=true
[15:25:52] [Server thread/INFO] [STDOUT]: [com.layue13.clashweave.validation.SweepScenario:tick:38]: P0_SWEEP case=3 success=true loss=2.7599945 targetHeight=1.8 targetY=65.0
[15:25:52] [Server thread/INFO] [STDOUT]: [com.layue13.clashweave.validation.SweepScenario:tick:51]: P0_SWEEP_SETUP case=4 target=106814 height=1.8
[15:25:52] [Server thread/INFO] [STDOUT]: [com.layue13.clashweave.validation.NetworkScenario:tick:98]: P0_PERF samples=200 meanNanos=180546 maxNanos=3321000
[15:25:53] [Server thread/INFO] [STDOUT]: [com.layue13.clashweave.forge.CombatServer:trace:729]: CW FACING player=P0A seq=12 requested=0.0 known=0.0 chosen=0.0 accepted=true reason=OK
[15:25:53] [Server thread/INFO] [STDOUT]: [com.layue13.clashweave.forge.CombatServer:trace:729]: CW START player=P0A id=4 action=light_1 tick=658
[15:25:53] [Server thread/INFO] [STDOUT]: [com.layue13.clashweave.forge.CombatServer:trace:729]: CW AIM player=P0A id=4 requested=0.0 baseline=0.0 selected=0.0 beforeDelta=0.0 afterDelta=0.0 accepted=true
[15:25:53] [Server thread/INFO] [STDOUT]: [com.layue13.clashweave.forge.CombatServer:trace:729]: CW ACK player=P0A seq=12 result=START
[15:25:53] [Server thread/INFO] [STDOUT]: [com.layue13.clashweave.forge.CombatServer:trace:729]: CW ACK player=P0A seq=13 result=MOVE_READY
[15:25:53] [Server thread/INFO] [STDOUT]: [com.layue13.clashweave.forge.CombatServer:trace:729]: CW FREEZE player=P0A targetPlayer=false target=106814 id=4 hitTick=662 frozen=30768899193900
[15:25:53] [Server thread/INFO] [STDOUT]: [com.layue13.clashweave.validation.SweepScenario:hurt:22]: P0_SWEEP_DAMAGE case=4 source=player amount=3.0
[15:25:53] [Server thread/INFO] [STDOUT]: [com.layue13.clashweave.forge.CombatServer:trace:729]: CW COMMIT player=P0A targetPlayer=false target=106814 id=4 hitTick=662 commitTick=662 frozen=30768899193900 cutoff=30768899554800 guard=0 damage=3.0 hit=true hp=197.24 facing=true
[15:25:53] [Server thread/INFO] [STDOUT]: [com.layue13.clashweave.validation.SweepScenario:tick:38]: P0_SWEEP case=4 success=true loss=2.7599945 targetHeight=1.8 targetY=64.0
[15:25:53] [Server thread/INFO] [STDOUT]: [com.layue13.clashweave.validation.SweepScenario:tick:40]: P0_SWEEP COMPLETE
