# Log excerpt; complete raw log retained locally under build/p0/runs.
# Original lines: 191
# Marker counts: {'ERROR': 3, 'CW_RENDER': 1, 'Exception': 2, 'P0_AUDIO': 5, 'CW_VIEW': 20, 'CW_ENGAGEMENT': 2, 'P0_APPEARANCE': 2, 'CW_PRESENT': 15, 'P0_SWEEP_INPUT': 4, 'P0_LOCAL_AUDIO': 4, 'CW_LOCAL_SWING': 4, 'CW_ALIGN': 4, 'CW_FEEDBACK': 4, 'CW_FRAME': 4}
[16:16:41] [main/ERROR] [FML]: The binary patch set is missing. Either you are in a development environment, or things are not going to work!
[16:16:42] [main/ERROR] [FML]: FML appears to be missing any signature data. This is not a good thing
This is just a prompt for computer specs to be printed. THIS IS NOT A ERROR
[16:16:45] [Client thread/INFO] [STDOUT]: [com.layue13.clashweave.client.KatanaRendering:load:35]: CW_RENDER models loaded units=block blade=+Y sheath=downwardBipedY angle=45.0
[16:16:46] [Forge Version Check/INFO] [STDERR]: [java.lang.Throwable$WrappedPrintStream:println:749]: com.google.gson.JsonSyntaxException: java.lang.IllegalStateException: Expected BEGIN_OBJECT but was STRING at line 1 column 1
[16:16:46] [Forge Version Check/INFO] [STDERR]: [java.lang.Throwable$WrappedPrintStream:println:749]: Caused by: java.lang.IllegalStateException: Expected BEGIN_OBJECT but was STRING at line 1 column 1
[16:16:46] [Client thread/INFO] [STDOUT]: [com.layue13.clashweave.validation.ClientReplay:<init>:68]: P0_AUDIO initial loader settled
[16:16:51] [Client thread/INFO] [STDOUT]: [com.layue13.clashweave.client.ViewPreservingCorrections$Preserved:processPacket:73]: CW_VIEW packet=1 yawDelta=0.0 pitchDelta=0.0 requestedYawDelta=0.0 requestedPitchDelta=0.0 nano=33827492274900
[16:16:51] [Client thread/INFO] [STDOUT]: [com.layue13.clashweave.client.ViewPreservingCorrections$Preserved:processPacket:73]: CW_VIEW packet=1 yawDelta=0.0 pitchDelta=0.0 requestedYawDelta=0.0 requestedPitchDelta=0.0 nano=33827492605900
[16:16:51] [Client thread/INFO] [STDOUT]: [com.layue13.clashweave.client.ViewPreservingCorrections$Preserved:processPacket:73]: CW_VIEW packet=1 yawDelta=0.0 pitchDelta=0.0 requestedYawDelta=0.0 requestedPitchDelta=0.0 nano=33827492828100
[16:16:51] [Client thread/INFO] [STDOUT]: [com.layue13.clashweave.client.ViewPreservingCorrections$Preserved:processPacket:73]: CW_VIEW packet=1 yawDelta=0.0 pitchDelta=0.0 requestedYawDelta=0.0 requestedPitchDelta=0.0 nano=33827493093100
[16:16:51] [Client thread/INFO] [STDOUT]: [com.layue13.clashweave.client.ViewPreservingCorrections$Preserved:processPacket:73]: CW_VIEW packet=1 yawDelta=0.0 pitchDelta=0.0 requestedYawDelta=0.0 requestedPitchDelta=0.0 nano=33827493311400
[16:16:51] [Client thread/INFO] [STDOUT]: [com.layue13.clashweave.client.ViewPreservingCorrections$Preserved:processPacket:73]: CW_VIEW packet=1 yawDelta=0.0 pitchDelta=0.0 requestedYawDelta=0.0 requestedPitchDelta=0.0 nano=33827493529400
[16:16:51] [Client thread/INFO] [STDOUT]: [com.layue13.clashweave.client.ViewPreservingCorrections$Preserved:processPacket:73]: CW_VIEW packet=1 yawDelta=0.0 pitchDelta=0.0 requestedYawDelta=0.0 requestedPitchDelta=0.0 nano=33827493770200
[16:16:51] [Client thread/INFO] [STDOUT]: [com.layue13.clashweave.client.ViewPreservingCorrections$Preserved:processPacket:73]: CW_VIEW packet=1 yawDelta=0.0 pitchDelta=0.0 requestedYawDelta=0.0 requestedPitchDelta=0.0 nano=33827494034700
[16:16:51] [Client thread/INFO] [STDOUT]: [com.layue13.clashweave.client.ViewPreservingCorrections$Preserved:processPacket:73]: CW_VIEW packet=1 yawDelta=0.0 pitchDelta=0.0 requestedYawDelta=0.0 requestedPitchDelta=0.0 nano=33827494263900
[16:16:51] [Client thread/INFO] [STDOUT]: [com.layue13.clashweave.client.ViewPreservingCorrections$Preserved:processPacket:73]: CW_VIEW packet=1 yawDelta=0.0 pitchDelta=0.0 requestedYawDelta=0.0 requestedPitchDelta=0.0 nano=33827494490899
[16:16:51] [Client thread/INFO] [STDOUT]: [com.layue13.clashweave.client.ViewPreservingCorrections$Preserved:processPacket:73]: CW_VIEW packet=1 yawDelta=0.0 pitchDelta=0.0 requestedYawDelta=0.0 requestedPitchDelta=0.0 nano=33827494713400
[16:16:51] [Client thread/INFO] [STDOUT]: [com.layue13.clashweave.client.ViewPreservingCorrections$Preserved:processPacket:73]: CW_VIEW packet=1 yawDelta=0.0 pitchDelta=0.0 requestedYawDelta=0.0 requestedPitchDelta=0.0 nano=33827494910200
[16:16:52] [Client thread/INFO] [STDOUT]: [com.layue13.clashweave.client.ClientProxy:apply:239]: CW_ENGAGEMENT player=P0A engaged=false revision=1 tick=195 receive=33828068215400
[16:16:52] [Client thread/INFO] [STDOUT]: [com.layue13.clashweave.validation.ClientReplay:tick:95]: P0_APPEARANCE entity=0 skin=clashweave:katana effects=clashweave:default animations=clashweave:katana style=katana
[16:17:01] [Client thread/INFO] [STDOUT]: [com.layue13.clashweave.validation.ClientReplay:tick:95]: P0_APPEARANCE entity=69121 skin=clashweave:katana effects=clashweave:default animations=clashweave:katana style=katana
[16:17:07] [Client thread/INFO] [STDOUT]: [com.layue13.clashweave.client.ClientProxy:tick:183]: CW_PRESENT id=1 kind=HURT actor=69121 owner=0
[16:17:07] [Client thread/INFO] [STDOUT]: [com.layue13.clashweave.validation.ClientReplay:sweepReplay:257]: P0_SWEEP_INPUT case=1 feet=64.0 targetHeight=0.9 nano=33843515189700
[16:17:07] [Client thread/INFO] [STDOUT]: [com.layue13.clashweave.validation.ClientReplay:audio:399]: P0_LOCAL_AUDIO nano=33843516383399
[16:17:07] [Client thread/INFO] [STDOUT]: [com.layue13.clashweave.client.ClientProxy:send:156]: CW_LOCAL_SWING seq=16 press=33843516153899 feedback=33843519398800
[16:17:07] [Client thread/INFO] [STDOUT]: [com.layue13.clashweave.client.ClientProxy:apply:253]: CW_ALIGN player=P0A seq=16 predicted=0 authoritative=0 sameAction=true
[16:17:07] [Client thread/INFO] [STDOUT]: [com.layue13.clashweave.client.ClientProxy:apply:239]: CW_ENGAGEMENT player=P0A engaged=true revision=4 tick=532 receive=33843568536200
[16:17:07] [Client thread/INFO] [STDOUT]: [com.layue13.clashweave.client.ClientProxy:tick:183]: CW_PRESENT id=2 kind=DRAW actor=0 owner=0
[16:17:07] [Client thread/INFO] [STDOUT]: [com.layue13.clashweave.client.ClientProxy:tick:183]: CW_PRESENT id=3 kind=SWING actor=0 owner=0
[16:17:08] [Client thread/INFO] [STDOUT]: [com.layue13.clashweave.client.ClientProxy:apply:298]: CW_FEEDBACK player=P0A result=HIT frozen=33843785961499 receive=33843817663399 corrections=0
[16:17:08] [Client thread/INFO] [STDOUT]: [com.layue13.clashweave.validation.ClientReplay:audio:400]: P0_AUDIO source=random.successful_hit frozen=33843785961499 nano=33843818039700
[16:17:08] [Client thread/INFO] [STDOUT]: [com.layue13.clashweave.client.ClientProxy:tick:183]: CW_PRESENT id=4 kind=HIT actor=0 owner=0
[16:17:08] [Client thread/INFO] [STDOUT]: [com.layue13.clashweave.client.ClientProxy:tick:183]: CW_PRESENT id=5 kind=HURT actor=105686 owner=0
[16:17:08] [Client thread/INFO] [STDOUT]: [com.layue13.clashweave.client.ClientProxy:hud:361]: CW_FRAME frozen=33843785961499 frame=33843821134799
[16:17:08] [Client thread/INFO] [STDOUT]: [com.layue13.clashweave.client.ClientProxy:tick:183]: CW_PRESENT id=6 kind=HURT actor=0 owner=0
[16:17:09] [Client thread/INFO] [STDOUT]: [com.layue13.clashweave.validation.ClientReplay:sweepReplay:257]: P0_SWEEP_INPUT case=2 feet=64.0 targetHeight=0.65 nano=33845015807300
[16:17:09] [Client thread/INFO] [STDOUT]: [com.layue13.clashweave.validation.ClientReplay:audio:399]: P0_LOCAL_AUDIO nano=33845016932600
[16:17:09] [Client thread/INFO] [STDOUT]: [com.layue13.clashweave.client.ClientProxy:send:156]: CW_LOCAL_SWING seq=18 press=33845016782699 feedback=33845017160800
[16:17:09] [Client thread/INFO] [STDOUT]: [com.layue13.clashweave.client.ClientProxy:apply:253]: CW_ALIGN player=P0A seq=18 predicted=0 authoritative=0 sameAction=true
[16:17:09] [Client thread/INFO] [STDOUT]: [com.layue13.clashweave.client.ClientProxy:tick:183]: CW_PRESENT id=7 kind=SWING actor=0 owner=0
[16:17:09] [Client thread/INFO] [STDOUT]: [com.layue13.clashweave.client.ClientProxy:apply:298]: CW_FEEDBACK player=P0A result=HIT frozen=33845235619699 receive=33845267169100 corrections=0
[16:17:09] [Client thread/INFO] [STDOUT]: [com.layue13.clashweave.validation.ClientReplay:audio:400]: P0_AUDIO source=random.successful_hit frozen=33845235619699 nano=33845267539100
[16:17:09] [Client thread/INFO] [STDOUT]: [com.layue13.clashweave.client.ClientProxy:tick:183]: CW_PRESENT id=8 kind=HIT actor=0 owner=0
[16:17:09] [Client thread/INFO] [STDOUT]: [com.layue13.clashweave.client.ClientProxy:tick:183]: CW_PRESENT id=9 kind=HURT actor=111522 owner=0
[16:17:09] [Client thread/INFO] [STDOUT]: [com.layue13.clashweave.client.ClientProxy:hud:361]: CW_FRAME frozen=33845235619699 frame=33845268430199
[16:17:10] [Client thread/INFO] [STDOUT]: [com.layue13.clashweave.validation.ClientReplay:sweepReplay:257]: P0_SWEEP_INPUT case=3 feet=64.0 targetHeight=1.8 nano=33846315586600
[16:17:10] [Client thread/INFO] [STDOUT]: [com.layue13.clashweave.validation.ClientReplay:audio:399]: P0_LOCAL_AUDIO nano=33846316016500
[16:17:10] [Client thread/INFO] [STDOUT]: [com.layue13.clashweave.client.ClientProxy:send:156]: CW_LOCAL_SWING seq=20 press=33846315873400 feedback=33846316232200
[16:17:10] [Client thread/INFO] [STDOUT]: [com.layue13.clashweave.client.ClientProxy:apply:253]: CW_ALIGN player=P0A seq=20 predicted=0 authoritative=0 sameAction=true
[16:17:10] [Client thread/INFO] [STDOUT]: [com.layue13.clashweave.client.ClientProxy:tick:183]: CW_PRESENT id=10 kind=SWING actor=0 owner=0
[16:17:10] [Client thread/INFO] [STDOUT]: [com.layue13.clashweave.client.ClientProxy:apply:298]: CW_FEEDBACK player=P0A result=HIT frozen=33846534545399 receive=33846567567200 corrections=0
[16:17:10] [Client thread/INFO] [STDOUT]: [com.layue13.clashweave.validation.ClientReplay:audio:400]: P0_AUDIO source=random.successful_hit frozen=33846534545399 nano=33846567860000
[16:17:10] [Client thread/INFO] [STDOUT]: [com.layue13.clashweave.client.ClientProxy:tick:183]: CW_PRESENT id=11 kind=HIT actor=0 owner=0
[16:17:10] [Client thread/INFO] [STDOUT]: [com.layue13.clashweave.client.ClientProxy:tick:183]: CW_PRESENT id=12 kind=HURT actor=115451 owner=0
[16:17:10] [Client thread/INFO] [STDOUT]: [com.layue13.clashweave.client.ClientProxy:hud:361]: CW_FRAME frozen=33846534545399 frame=33846568817100
[16:17:12] [Client thread/INFO] [STDOUT]: [com.layue13.clashweave.validation.ClientReplay:sweepReplay:257]: P0_SWEEP_INPUT case=4 feet=65.16610926093821 targetHeight=1.8 nano=33847815421900
[16:17:12] [Client thread/INFO] [STDOUT]: [com.layue13.clashweave.validation.ClientReplay:audio:399]: P0_LOCAL_AUDIO nano=33847816501100
[16:17:12] [Client thread/INFO] [STDOUT]: [com.layue13.clashweave.client.ClientProxy:send:156]: CW_LOCAL_SWING seq=22 press=33847816372000 feedback=33847821434700
[16:17:12] [Client thread/INFO] [STDOUT]: [com.layue13.clashweave.client.ClientProxy:apply:253]: CW_ALIGN player=P0A seq=22 predicted=0 authoritative=0 sameAction=true
[16:17:12] [Client thread/INFO] [STDOUT]: [com.layue13.clashweave.client.ClientProxy:apply:298]: CW_FEEDBACK player=P0A result=HIT frozen=33848034187100 receive=33848067380200 corrections=0
[16:17:12] [Client thread/INFO] [STDOUT]: [com.layue13.clashweave.validation.ClientReplay:audio:400]: P0_AUDIO source=random.successful_hit frozen=33848034187100 nano=33848067688800
[16:17:12] [Client thread/INFO] [STDOUT]: [com.layue13.clashweave.client.ClientProxy:hud:361]: CW_FRAME frozen=33848034187100 frame=33848068573600
