# Log excerpt; complete raw log retained locally under build/p0/runs.
# Original lines: 12153
# Marker counts: {'ERROR': 4, 'CW_RENDER': 1, 'Exception': 2, 'CAMERA_PROBE_PATCH': 1, 'P0_AUDIO': 1, 'P0_COMPOSITION_FRAME': 4901, 'CW_VIEW': 6, 'CW_ENGAGEMENT': 2, 'P0_COMPOSITION_PHASE': 30, 'CW_LOCK_MARKER': 1, 'CW_THIRD_FRAME': 2346, 'CAMERA_PROBE_FRAME': 4120, 'CW_LOCK_FOLLOW': 601}
[08:58:04] [main/ERROR] [FML]: The binary patch set is missing. Either you are in a development environment, or things are not going to work!
[08:58:04] [main/ERROR] [FML]: FML appears to be missing any signature data. This is not a good thing
This is just a prompt for computer specs to be printed. THIS IS NOT A ERROR
[08:58:08] [Client thread/INFO] [STDOUT]: [com.layue13.clashweave.client.KatanaRendering:load:35]: CW_RENDER models loaded units=block blade=+Y sheath=downwardBipedY angle=45.0
[08:58:08] [Forge Version Check/INFO] [STDERR]: [java.lang.Throwable$WrappedPrintStream:println:749]: com.google.gson.JsonSyntaxException: java.lang.IllegalStateException: Expected BEGIN_OBJECT but was STRING at line 1 column 1
[08:58:08] [Forge Version Check/INFO] [STDERR]: [java.lang.Throwable$WrappedPrintStream:println:749]: Caused by: java.lang.IllegalStateException: Expected BEGIN_OBJECT but was STRING at line 1 column 1
[08:58:08] [Client thread/INFO] [STDOUT]: [com.layue13.clashweave.cameraprobe.CameraTransformer:transform:18]: CAMERA_PROBE_PATCH orientCameraReturns=1
[08:58:09] [Client thread/INFO] [STDOUT]: [com.layue13.clashweave.validation.ClientReplay:<init>:69]: P0_AUDIO initial loader settled
[08:58:15] [Client thread/ERROR] [FML]: Unable to determine registrant mod for com.layue13.clashweave.cameraprobe.ProbeCamera@2283bbd4. This is a critical error and should be impossible
[08:58:15] [Client thread/INFO] [STDOUT]: [com.layue13.clashweave.validation.CompositionReplay:world:40]: P0_COMPOSITION_FRAME phase= elapsed=1 nano=93910886726200 yaw=0.0 pitch=0.0 horizon=0.4979431629180908 view=0
[08:58:15] [Client thread/INFO] [STDOUT]: [com.layue13.clashweave.validation.CompositionReplay:world:40]: P0_COMPOSITION_FRAME phase= elapsed=4 nano=93910909472500 yaw=0.0 pitch=0.0 horizon=0.4959123730659485 view=0
[08:58:15] [Client thread/INFO] [STDOUT]: [com.layue13.clashweave.validation.CompositionReplay:world:40]: P0_COMPOSITION_FRAME phase= elapsed=4 nano=93910921494800 yaw=0.0 pitch=0.0 horizon=0.49595850706100464 view=0
[08:58:15] [Client thread/INFO] [STDOUT]: [com.layue13.clashweave.validation.CompositionReplay:world:40]: P0_COMPOSITION_FRAME phase= elapsed=4 nano=93910922590300 yaw=0.0 pitch=0.0 horizon=0.49600374698638916 view=0
[08:58:15] [Client thread/INFO] [STDOUT]: [com.layue13.clashweave.validation.CompositionReplay:world:40]: P0_COMPOSITION_FRAME phase= elapsed=4 nano=93910932770400 yaw=0.0 pitch=0.0 horizon=0.4960407614707947 view=0
[08:58:15] [Client thread/INFO] [STDOUT]: [com.layue13.clashweave.client.ViewPreservingCorrections$Preserved:processPacket:140]: CW_VIEW packet=1 marker=0 protected=false yawDelta=0.0 pitchDelta=0.0 requestedYawDelta=0.0 requestedPitchDelta=0.0 nano=93910948128100
[08:58:15] [Client thread/INFO] [STDOUT]: [com.layue13.clashweave.client.ViewPreservingCorrections$Preserved:processPacket:140]: CW_VIEW packet=1 marker=0 protected=false yawDelta=0.0 pitchDelta=0.0 requestedYawDelta=0.0 requestedPitchDelta=0.0 nano=93910948446900
[08:58:15] [Client thread/INFO] [STDOUT]: [com.layue13.clashweave.client.ViewPreservingCorrections$Preserved:processPacket:140]: CW_VIEW packet=1 marker=0 protected=false yawDelta=0.0 pitchDelta=0.0 requestedYawDelta=0.0 requestedPitchDelta=0.0 nano=93910948713700
[08:58:15] [Client thread/INFO] [STDOUT]: [com.layue13.clashweave.client.ViewPreservingCorrections$Preserved:processPacket:140]: CW_VIEW packet=1 marker=0 protected=false yawDelta=0.0 pitchDelta=0.0 requestedYawDelta=0.0 requestedPitchDelta=0.0 nano=93910948988600
[08:58:15] [Client thread/INFO] [STDOUT]: [com.layue13.clashweave.client.ViewPreservingCorrections$Preserved:processPacket:140]: CW_VIEW packet=1 marker=0 protected=false yawDelta=0.0 pitchDelta=0.0 requestedYawDelta=0.0 requestedPitchDelta=0.0 nano=93910949213800
[08:58:15] [Client thread/INFO] [STDOUT]: [com.layue13.clashweave.validation.CompositionReplay:world:40]: P0_COMPOSITION_FRAME phase= elapsed=5 nano=93910951334400 yaw=0.0 pitch=0.0 horizon=0.49608325958251953 view=0
[08:58:15] [Client thread/INFO] [STDOUT]: [com.layue13.clashweave.validation.CompositionReplay:world:40]: P0_COMPOSITION_FRAME phase= elapsed=5 nano=93910968474100 yaw=0.0 pitch=0.0 horizon=0.49612927436828613 view=0
[08:58:15] [Client thread/INFO] [STDOUT]: [com.layue13.clashweave.validation.CompositionReplay:world:40]: P0_COMPOSITION_FRAME phase= elapsed=5 nano=93910985576300 yaw=0.0 pitch=0.0 horizon=0.49616944789886475 view=0
[08:58:15] [Client thread/INFO] [STDOUT]: [com.layue13.clashweave.validation.CompositionReplay:world:40]: P0_COMPOSITION_FRAME phase= elapsed=6 nano=93911000196300 yaw=0.0 pitch=0.0 horizon=0.49620771408081055 view=0
[08:58:15] [Client thread/INFO] [STDOUT]: [com.layue13.clashweave.validation.CompositionReplay:world:40]: P0_COMPOSITION_FRAME phase= elapsed=6 nano=93911015705000 yaw=0.0 pitch=0.0 horizon=0.49622857570648193 view=0
[08:58:15] [Client thread/INFO] [STDOUT]: [com.layue13.clashweave.validation.CompositionReplay:world:40]: P0_COMPOSITION_FRAME phase= elapsed=6 nano=93911037445800 yaw=0.0 pitch=0.0 horizon=0.4962491989135742 view=0
[08:58:15] [Client thread/INFO] [STDOUT]: [com.layue13.clashweave.validation.CompositionReplay:world:40]: P0_COMPOSITION_FRAME phase= elapsed=7 nano=93911075839800 yaw=0.0 pitch=0.0 horizon=0.49627161026000977 view=0
[08:58:15] [Client thread/INFO] [STDOUT]: [com.layue13.clashweave.client.ViewPreservingCorrections$Preserved:processPacket:140]: CW_VIEW packet=1 marker=0 protected=false yawDelta=0.0 pitchDelta=0.0 requestedYawDelta=0.0 requestedPitchDelta=0.0 nano=93911316693400
[08:58:15] [Client thread/INFO] [STDOUT]: [com.layue13.clashweave.client.ClientProxy:apply:254]: CW_ENGAGEMENT player=P0A engaged=false revision=1 tick=222 receive=93911318600000
[08:58:28] [Client thread/INFO] [STDOUT]: [com.layue13.clashweave.validation.CompositionReplay:chat:21]: P0_COMPOSITION_PHASE name=WAIT receivedNano=93923950919700
[08:58:28] [Client thread/INFO]: [CHAT] P0_COMPOSITION_PHASE name=WAIT target=85862 tick=486
[08:58:28] [Client thread/INFO] [STDOUT]: [com.layue13.clashweave.client.ClientProxy:apply:254]: CW_ENGAGEMENT player=P0A engaged=true revision=3 tick=487 receive=93923999641200
[08:58:29] [Client thread/INFO] [STDOUT]: [com.layue13.clashweave.validation.CompositionReplay:chat:21]: P0_COMPOSITION_PHASE name=GOLDEN_STATIC_THIRD receivedNano=93924949092300
[08:58:29] [Client thread/INFO]: [CHAT] P0_COMPOSITION_PHASE name=GOLDEN_STATIC_THIRD target=85862 tick=506
[08:58:29] [Client thread/INFO] [STDOUT]: [com.layue13.clashweave.client.LockCamera:tick:188]: CW_LOCK_MARKER target=85862 nano=93924949845300
[08:58:29] [Client thread/INFO] [STDOUT]: [com.layue13.clashweave.client.LockCamera:frame:317]: CW_THIRD_FRAME nano=93924950653400 dt=0.0 target=85862 rawX=0.0 rawY=64.0 rawZ=8.0 filteredX=0.0 filteredY=65.52999997138977 filteredZ=8.0 goalYaw=-0.0 goalPitch=10.027822471763804 before=0.0 after=0.0 pitchBefore=0.0 pitchAfter=0.0 preset=GOLDEN fov=70.0 aspect=1.7777777777777777
[08:58:29] [Client thread/INFO] [STDOUT]: [com.layue13.clashweave.cameraprobe.ProbeCamera:capture:53]: CAMERA_PROBE_FRAME nano=93924953092300 active=true view=1 preset=GOLDEN playerX=0.38199999928474426 playerY=0.5980502367019653 targetX=0.6180000305175781 targetY=0.4640589952468872 horizon=0.3819999694824219 boxesOverlap=false yawAdjust=-32.82245902944215 pitchAdjust=9.386099028407132 lateral=-1.193867346091959 height=0.5 distance=4.0 roll=-0.0 nativeMatrixError=1.1938673257827759
[08:58:29] [Client thread/INFO] [STDOUT]: [com.layue13.clashweave.client.LockCamera:frame:317]: CW_THIRD_FRAME nano=93924966499000 dt=0.0158456 target=85862 rawX=0.0 rawY=64.0 rawZ=8.0 filteredX=0.0 filteredY=65.52999997138977 filteredZ=8.0 goalYaw=-0.0 goalPitch=10.027822471763804 before=0.0 after=0.0 pitchBefore=0.0 pitchAfter=0.19464563 preset=GOLDEN fov=70.0 aspect=1.7777777777777777
[08:58:29] [Client thread/INFO] [STDOUT]: [com.layue13.clashweave.cameraprobe.ProbeCamera:capture:53]: CAMERA_PROBE_FRAME nano=93924967337800 active=true view=1 preset=GOLDEN playerX=0.3819998800754547 playerY=0.5991572141647339 targetX=0.6179996728897095 targetY=0.46449506282806396 horizon=0.38199979066848755 boxesOverlap=false yawAdjust=-32.8268775021455 pitchAdjust=9.292504277360134 lateral=-1.1941802816120053 height=0.5 distance=4.0 roll=-0.0 nativeMatrixError=1.1941802501678467
[08:58:29] [Client thread/INFO] [STDOUT]: [com.layue13.clashweave.client.LockCamera:frame:317]: CW_THIRD_FRAME nano=93924983442100 dt=0.0169431 target=85862 rawX=0.0 rawY=64.0 rawZ=8.0 filteredX=0.0 filteredY=65.52999997138977 filteredZ=8.0 goalYaw=-0.0 goalPitch=10.027822471763804 before=0.0 after=0.0 pitchBefore=0.19464563 pitchAfter=0.7199036 preset=GOLDEN fov=70.0 aspect=1.7777777777777777
[08:58:29] [Client thread/INFO] [STDOUT]: [com.layue13.clashweave.cameraprobe.ProbeCamera:capture:53]: CAMERA_PROBE_FRAME nano=93924984289500 active=true view=1 preset=GOLDEN playerX=0.3819999694824219 playerY=0.6050302982330322 targetX=0.6179999709129333 targetY=0.4668094515800476 horizon=0.3819999694824219 boxesOverlap=false yawAdjust=-32.84992073884039 pitchAdjust=8.795942468175712 lateral=-1.195780828051538 height=0.5 distance=4.0 roll=-0.0 nativeMatrixError=1.195780873298645
[08:58:29] [Client thread/INFO] [STDOUT]: [com.layue13.clashweave.client.LockCamera:frame:317]: CW_THIRD_FRAME nano=93924999907400 dt=0.0164653 target=85862 rawX=0.0 rawY=64.0 rawZ=8.0 filteredX=0.0 filteredY=65.52999997138977 filteredZ=8.0 goalYaw=-0.0 goalPitch=10.027822471763804 before=0.0 after=0.0 pitchBefore=0.7199036 pitchAfter=1.4130089 preset=GOLDEN fov=70.0 aspect=1.7777777777777777
[08:58:29] [Client thread/INFO] [STDOUT]: [com.layue13.clashweave.cameraprobe.ProbeCamera:capture:53]: CAMERA_PROBE_FRAME nano=93925000818100 active=true view=1 preset=GOLDEN playerX=0.38200002908706665 playerY=0.6077018976211548 targetX=0.6179999709129333 targetY=0.467862069606781 horizon=0.38200002908706665 boxesOverlap=false yawAdjust=-32.85996657720444 pitchAdjust=8.57007718608312 lateral=-1.1964799085809585 height=0.5 distance=4.0 roll=-2.3602042630018916E-6 nativeMatrixError=1.1964799165725708
[08:58:29] [Client thread/INFO] [STDOUT]: [com.layue13.clashweave.client.LockCamera:frame:317]: CW_THIRD_FRAME nano=93925016026900 dt=0.0161195 target=85862 rawX=0.0 rawY=64.0 rawZ=8.0 filteredX=0.0 filteredY=65.52999997138977 filteredZ=8.0 goalYaw=-0.0 goalPitch=10.027822471763804 before=0.0 after=0.0 pitchBefore=1.4130089 pitchAfter=2.1776505 preset=GOLDEN fov=70.0 aspect=1.7777777777777777
[08:58:29] [Client thread/INFO] [STDOUT]: [com.layue13.clashweave.cameraprobe.ProbeCamera:capture:53]: CAMERA_PROBE_FRAME nano=93925016768300 active=true view=1 preset=GOLDEN playerX=0.38200002908706665 playerY=0.6148031949996948 targetX=0.6179999709129333 targetY=0.4706594944000244 horizon=0.38200002908706665 boxesOverlap=false yawAdjust=-32.88540439236407 pitchAdjust=7.9697759358196825 lateral=-1.198251825624851 height=0.5 distance=4.0 roll=-0.0 nativeMatrixError=1.1982518434524536
[08:58:29] [Client thread/INFO] [STDOUT]: [com.layue13.clashweave.client.LockCamera:frame:317]: CW_THIRD_FRAME nano=93925033068400 dt=0.0170415 target=85862 rawX=0.0 rawY=64.0 rawZ=8.0 filteredX=0.0 filteredY=65.52999997138977 filteredZ=8.0 goalYaw=-0.0 goalPitch=10.027822471763804 before=0.0 after=0.0 pitchBefore=2.1776505 pitchAfter=3.0139194 preset=GOLDEN fov=70.0 aspect=1.7777777777777777
[08:58:29] [Client thread/INFO] [STDOUT]: [com.layue13.clashweave.cameraprobe.ProbeCamera:capture:53]: CAMERA_PROBE_FRAME nano=93925033842300 active=true view=1 preset=GOLDEN playerX=0.38199999928474426 playerY=0.6287356615066528 targetX=0.6180000305175781 targetY=0.4761432409286499 horizon=0.3819999694824219 boxesOverlap=false yawAdjust=-32.92997539057497 pitchAdjust=6.792778394057925 lateral=-1.201354964397672 height=0.5 distance=4.0 roll=-0.0 nativeMatrixError=1.20135498046875
[08:58:29] [Client thread/INFO] [STDOUT]: [com.layue13.clashweave.client.LockCamera:frame:317]: CW_THIRD_FRAME nano=93925049580800 dt=0.0165124 target=85862 rawX=0.0 rawY=64.0 rawZ=8.0 filteredX=0.0 filteredY=65.52999997138977 filteredZ=8.0 goalYaw=-0.0 goalPitch=10.027822471763804 before=0.0 after=0.0 pitchBefore=3.0139194 pitchAfter=3.809617 preset=GOLDEN fov=70.0 aspect=1.7777777777777777
[08:58:29] [Client thread/INFO] [STDOUT]: [com.layue13.clashweave.cameraprobe.ProbeCamera:capture:53]: CAMERA_PROBE_FRAME nano=93925050537200 active=true view=1 preset=GOLDEN playerX=0.38199999928474426 playerY=0.6349882483482361 targetX=0.6180000305175781 targetY=0.47860121726989746 horizon=0.3819999694824219 boxesOverlap=false yawAdjust=-32.947657111435575 pitchAdjust=6.265095602455527 lateral=-1.2025861104740803 height=0.5 distance=4.0 roll=-0.0 nativeMatrixError=1.202586054801941
[08:58:29] [Client thread/INFO] [STDOUT]: [com.layue13.clashweave.client.LockCamera:frame:317]: CW_THIRD_FRAME nano=93925065955200 dt=0.0163744 target=85862 rawX=0.0 rawY=64.0 rawZ=8.0 filteredX=0.0 filteredY=65.52999997138977 filteredZ=8.0 goalYaw=-0.0 goalPitch=10.027822471763804 before=0.0 after=0.0 pitchBefore=3.809617 pitchAfter=4.558639 preset=GOLDEN fov=70.0 aspect=1.7777777777777777
[08:58:29] [Client thread/INFO] [STDOUT]: [com.layue13.clashweave.cameraprobe.ProbeCamera:capture:53]: CAMERA_PROBE_FRAME nano=93925066770400 active=true view=1 preset=GOLDEN playerX=0.38199999928474426 playerY=0.6420398354530334 targetX=0.6180000305175781 targetY=0.48137032985687256 horizon=0.38200002908706665 boxesOverlap=false yawAdjust=-32.965886336944074 pitchAdjust=5.6705218893119005 lateral=-1.2038552070882111 height=0.5 distance=4.0 roll=-0.0 nativeMatrixError=1.2038551568984985
[08:58:29] [Client thread/INFO] [STDOUT]: [com.layue13.clashweave.client.LockCamera:frame:317]: CW_THIRD_FRAME nano=93925083260400 dt=0.0173052 target=85862 rawX=0.0 rawY=64.0 rawZ=8.0 filteredX=0.0 filteredY=65.52999997138977 filteredZ=8.0 goalYaw=-0.0 goalPitch=10.027822471763804 before=0.0 after=0.0 pitchBefore=4.558639 pitchAfter=5.2907043 preset=GOLDEN fov=70.0 aspect=1.7777777777777777
[08:58:29] [Client thread/INFO] [STDOUT]: [com.layue13.clashweave.cameraprobe.ProbeCamera:capture:53]: CAMERA_PROBE_FRAME nano=93925084118400 active=true view=1 preset=GOLDEN playerX=0.38200002908706665 playerY=0.6557026505470276 targetX=0.6180000305175781 targetY=0.48672419786453247 horizon=0.38200002908706665 boxesOverlap=false yawAdjust=-32.99598591714963 pitchAdjust=4.520558786235012 lateral=-1.2059511467246733 height=0.5 distance=4.0 roll=-0.0 nativeMatrixError=1.2059510946273804
[08:58:29] [Client thread/INFO] [STDOUT]: [com.layue13.clashweave.client.LockCamera:frame:317]: CW_THIRD_FRAME nano=93925100016600 dt=0.0167562 target=85862 rawX=0.0 rawY=64.0 rawZ=8.0 filteredX=0.0 filteredY=65.52999997138977 filteredZ=8.0 goalYaw=-0.0 goalPitch=10.027822471763804 before=0.0 after=0.0 pitchBefore=5.2907043 pitchAfter=5.933373 preset=GOLDEN fov=70.0 aspect=1.7777777777777777
[08:58:29] [Client thread/INFO] [STDOUT]: [com.layue13.clashweave.cameraprobe.ProbeCamera:capture:53]: CAMERA_PROBE_FRAME nano=93925100824700 active=true view=1 preset=GOLDEN playerX=0.38200002908706665 playerY=0.6617577075958252 targetX=0.6179999709129333 targetY=0.48909109830856323 horizon=0.3819999694824219 boxesOverlap=false yawAdjust=-33.007141333706606 pitchAdjust=4.0119664818715925 lateral=-1.206727897327172 height=0.5 distance=4.0 roll=-0.0 nativeMatrixError=1.2067278623580933
[08:58:29] [Client thread/INFO] [STDOUT]: [com.layue13.clashweave.client.LockCamera:frame:317]: CW_THIRD_FRAME nano=93925116327600 dt=0.016311 target=85862 rawX=0.0 rawY=64.0 rawZ=8.0 filteredX=0.0 filteredY=65.52999997138977 filteredZ=8.0 goalYaw=-0.0 goalPitch=10.027822471763804 before=0.0 after=0.0 pitchBefore=5.933373 pitchAfter=6.4941764 preset=GOLDEN fov=70.0 aspect=1.7777777777777777
[08:58:29] [Client thread/INFO] [STDOUT]: [com.layue13.clashweave.cameraprobe.ProbeCamera:capture:53]: CAMERA_PROBE_FRAME nano=93925117259300 active=true view=1 preset=GOLDEN playerX=0.38199999928474426 playerY=0.6675095558166504 targetX=0.6180000305175781 targetY=0.4913358688354492 horizon=0.38200002908706665 boxesOverlap=false yawAdjust=-33.016503539544196 pitchAdjust=3.5295274816931834 lateral=-1.2073794086494223 height=0.5 distance=4.0 roll=-0.0 nativeMatrixError=1.2073794603347778
[08:58:29] [Client thread/INFO] [STDOUT]: [com.layue13.clashweave.client.LockCamera:frame:317]: CW_THIRD_FRAME nano=93925133071700 dt=0.0167441 target=85862 rawX=0.0 rawY=64.0 rawZ=8.0 filteredX=0.0 filteredY=65.52999997138977 filteredZ=8.0 goalYaw=-0.0 goalPitch=10.027822471763804 before=0.0 after=0.0 pitchBefore=6.4941764 pitchAfter=7.004568 preset=GOLDEN fov=70.0 aspect=1.7777777777777777
[08:58:29] [Client thread/INFO] [STDOUT]: [com.layue13.clashweave.cameraprobe.ProbeCamera:capture:53]: CAMERA_PROBE_FRAME nano=93925133788000 active=true view=1 preset=GOLDEN playerX=0.38200002908706665 playerY=0.6773258447647095 targetX=0.6179999709129333 targetY=0.4951573610305786 horizon=0.3819999694824219 boxesOverlap=false yawAdjust=-33.02968427500521 pitchAdjust=2.707909406796199 lateral=-1.2082973081346509 height=0.5 distance=4.0 roll=-2.3601974356881465E-6 nativeMatrixError=1.2082972526550293
[08:58:34] [Client thread/INFO] [STDOUT]: [com.layue13.clashweave.validation.CompositionReplay:chat:21]: P0_COMPOSITION_PHASE name=GOLDEN_STATIC_FIRST receivedNano=93929959467500
[08:58:34] [Client thread/INFO]: [CHAT] P0_COMPOSITION_PHASE name=GOLDEN_STATIC_FIRST target=85862 tick=606
[08:58:34] [Client thread/INFO] [STDOUT]: [com.layue13.clashweave.client.LockCamera:tick:230]: CW_LOCK_FOLLOW mode=WEAK reason=WEAK target=85862 nano=93929960148700 dt=0.0508001 before=0.0 after=0.0 pitchBefore=10.027822 pitchAfter=8.64455 offset=0.0 instance=0 committed=0.0
[08:58:34] [Client thread/INFO] [STDOUT]: [com.layue13.clashweave.client.LockCamera:tick:230]: CW_LOCK_FOLLOW mode=WEAK reason=WEAK target=85862 nano=93930009272300 dt=0.0491236 before=0.0 after=0.0 pitchBefore=8.64455 pitchAfter=8.64455 offset=0.0 instance=0 committed=0.0
[08:58:34] [Client thread/INFO] [STDOUT]: [com.layue13.clashweave.client.LockCamera:tick:230]: CW_LOCK_FOLLOW mode=WEAK reason=WEAK target=85862 nano=93930059341600 dt=0.0500693 before=0.0 after=0.0 pitchBefore=8.64455 pitchAfter=8.64455 offset=0.0 instance=0 committed=0.0
[08:58:34] [Client thread/INFO] [STDOUT]: [com.layue13.clashweave.client.LockCamera:tick:230]: CW_LOCK_FOLLOW mode=WEAK reason=WEAK target=85862 nano=93930110138500 dt=0.0507969 before=0.0 after=0.0 pitchBefore=8.64455 pitchAfter=8.64455 offset=0.0 instance=0 committed=0.0
[08:58:34] [Client thread/INFO] [STDOUT]: [com.layue13.clashweave.client.LockCamera:tick:230]: CW_LOCK_FOLLOW mode=WEAK reason=WEAK target=85862 nano=93930159657600 dt=0.0495191 before=0.0 after=0.0 pitchBefore=8.64455 pitchAfter=8.64455 offset=0.0 instance=0 committed=0.0
[08:58:34] [Client thread/INFO] [STDOUT]: [com.layue13.clashweave.client.LockCamera:tick:230]: CW_LOCK_FOLLOW mode=WEAK reason=WEAK target=85862 nano=93930209663700 dt=0.0500061 before=0.0 after=0.0 pitchBefore=8.64455 pitchAfter=8.64455 offset=0.0 instance=0 committed=0.0
[08:58:34] [Client thread/INFO] [STDOUT]: [com.layue13.clashweave.client.LockCamera:tick:230]: CW_LOCK_FOLLOW mode=WEAK reason=WEAK target=85862 nano=93930259234600 dt=0.0495709 before=0.0 after=0.0 pitchBefore=8.64455 pitchAfter=8.64455 offset=0.0 instance=0 committed=0.0
[08:58:34] [Client thread/INFO] [STDOUT]: [com.layue13.clashweave.client.LockCamera:tick:230]: CW_LOCK_FOLLOW mode=WEAK reason=WEAK target=85862 nano=93930309615300 dt=0.0503807 before=0.0 after=0.0 pitchBefore=8.64455 pitchAfter=8.64455 offset=0.0 instance=0 committed=0.0
[08:58:34] [Client thread/INFO] [STDOUT]: [com.layue13.clashweave.client.LockCamera:tick:230]: CW_LOCK_FOLLOW mode=WEAK reason=WEAK target=85862 nano=93930359517900 dt=0.0499026 before=0.0 after=0.0 pitchBefore=8.64455 pitchAfter=8.64455 offset=0.0 instance=0 committed=0.0
[08:58:34] [Client thread/INFO] [STDOUT]: [com.layue13.clashweave.client.LockCamera:tick:230]: CW_LOCK_FOLLOW mode=WEAK reason=WEAK target=85862 nano=93930409368400 dt=0.0498505 before=0.0 after=0.0 pitchBefore=8.64455 pitchAfter=8.64455 offset=0.0 instance=0 committed=0.0
[08:58:34] [Client thread/INFO] [STDOUT]: [com.layue13.clashweave.client.LockCamera:tick:230]: CW_LOCK_FOLLOW mode=WEAK reason=WEAK target=85862 nano=93930459402200 dt=0.0500338 before=0.0 after=0.0 pitchBefore=8.64455 pitchAfter=8.64455 offset=0.0 instance=0 committed=0.0
[08:58:34] [Client thread/INFO] [STDOUT]: [com.layue13.clashweave.client.LockCamera:tick:230]: CW_LOCK_FOLLOW mode=WEAK reason=WEAK target=85862 nano=93930513206500 dt=0.0538043 before=0.0 after=0.0 pitchBefore=8.64455 pitchAfter=8.64455 offset=0.0 instance=0 committed=0.0
[08:58:39] [Client thread/INFO] [STDOUT]: [com.layue13.clashweave.validation.CompositionReplay:chat:21]: P0_COMPOSITION_PHASE name=GOLDEN_ORBIT_THIRD receivedNano=93934970236700
[08:58:39] [Client thread/INFO]: [CHAT] P0_COMPOSITION_PHASE name=GOLDEN_ORBIT_THIRD target=85862 tick=706
[08:58:44] [Client thread/INFO] [STDOUT]: [com.layue13.clashweave.validation.CompositionReplay:chat:21]: P0_COMPOSITION_PHASE name=GOLDEN_ORBIT_FIRST receivedNano=93939961023500
[08:58:44] [Client thread/INFO]: [CHAT] P0_COMPOSITION_PHASE name=GOLDEN_ORBIT_FIRST target=85862 tick=806
[08:58:49] [Client thread/INFO] [STDOUT]: [com.layue13.clashweave.validation.CompositionReplay:chat:21]: P0_COMPOSITION_PHASE name=THIRDS_STATIC_THIRD receivedNano=93944961283400
[08:58:49] [Client thread/INFO]: [CHAT] P0_COMPOSITION_PHASE name=THIRDS_STATIC_THIRD target=85862 tick=906
