# Log excerpt; complete raw log retained locally under build/p0/runs.
# Original lines: 7996
# Marker counts: {'ERROR': 3, 'CW_RENDER': 1, 'Exception': 2, 'P0_AUDIO': 1, 'CW_VIEW': 3, 'P0_COMPOSITION_FRAME': 4287, 'CW_ENGAGEMENT': 2, 'P0_APPEARANCE': 2, 'P0_REPLAY': 36, 'P0_CAPTURE': 8, 'P0_LOCAL_AUDIO': 37, 'CW_LOCAL_SWING': 37, 'P0_REQUEST': 73, 'CW_ALIGN': 55, 'CW_PRESENT': 72, 'P0_LATE_WIRE': 1, 'P0_COMPOSITION_PHASE': 14, 'CW_LOCK_MARKER': 2, 'CW_THIRD_FRAME': 2974, 'P0_FLICK_CASE': 43, 'CW_THIRD_MOUSE': 23, 'CW_LOCK_FOLLOW': 201, 'P0_PENDING': 2}
[08:34:33] [main/ERROR] [FML]: The binary patch set is missing. Either you are in a development environment, or things are not going to work!
[08:34:34] [main/ERROR] [FML]: FML appears to be missing any signature data. This is not a good thing
This is just a prompt for computer specs to be printed. THIS IS NOT A ERROR
[08:34:37] [Client thread/INFO] [STDOUT]: [com.layue13.clashweave.client.KatanaRendering:load:35]: CW_RENDER models loaded units=block blade=+Y sheath=downwardBipedY angle=45.0
[08:34:37] [Forge Version Check/INFO] [STDERR]: [java.lang.Throwable$WrappedPrintStream:println:749]: com.google.gson.JsonSyntaxException: java.lang.IllegalStateException: Expected BEGIN_OBJECT but was STRING at line 1 column 1
[08:34:37] [Forge Version Check/INFO] [STDERR]: [java.lang.Throwable$WrappedPrintStream:println:749]: Caused by: java.lang.IllegalStateException: Expected BEGIN_OBJECT but was STRING at line 1 column 1
[08:34:38] [Client thread/INFO] [STDOUT]: [com.layue13.clashweave.validation.ClientReplay:<init>:69]: P0_AUDIO initial loader settled
[08:34:43] [Client thread/INFO] [STDOUT]: [com.layue13.clashweave.client.ViewPreservingCorrections$Preserved:processPacket:140]: CW_VIEW packet=1 marker=0 protected=false yawDelta=180.0 pitchDelta=0.0 requestedYawDelta=180.0 requestedPitchDelta=0.0 nano=92499017727900
[08:34:43] [Client thread/INFO] [STDOUT]: [com.layue13.clashweave.validation.CompositionReplay:world:37]: P0_COMPOSITION_FRAME phase= elapsed=1 nano=92499029641300 yaw=0.0 pitch=0.0 horizon=0.4973025918006897 view=0
[08:34:43] [Client thread/INFO] [STDOUT]: [com.layue13.clashweave.validation.CompositionReplay:world:37]: P0_COMPOSITION_FRAME phase= elapsed=4 nano=92499052495900 yaw=0.0 pitch=0.0 horizon=0.4959787130355835 view=0
[08:34:43] [Client thread/INFO] [STDOUT]: [com.layue13.clashweave.validation.CompositionReplay:world:37]: P0_COMPOSITION_FRAME phase= elapsed=4 nano=92499063001800 yaw=0.0 pitch=0.0 horizon=0.4960228204727173 view=0
[08:34:43] [Client thread/INFO] [STDOUT]: [com.layue13.clashweave.validation.CompositionReplay:world:37]: P0_COMPOSITION_FRAME phase= elapsed=5 nano=92499065010500 yaw=0.0 pitch=0.0 horizon=0.49606460332870483 view=0
[08:34:43] [Client thread/INFO] [STDOUT]: [com.layue13.clashweave.validation.CompositionReplay:world:37]: P0_COMPOSITION_FRAME phase= elapsed=5 nano=92499075335700 yaw=0.0 pitch=0.0 horizon=0.4960910677909851 view=0
[08:34:43] [Client thread/INFO] [STDOUT]: [com.layue13.clashweave.validation.CompositionReplay:world:37]: P0_COMPOSITION_FRAME phase= elapsed=5 nano=92499091450600 yaw=0.0 pitch=0.0 horizon=0.49613136053085327 view=0
[08:34:43] [Client thread/INFO] [STDOUT]: [com.layue13.clashweave.validation.CompositionReplay:world:37]: P0_COMPOSITION_FRAME phase= elapsed=5 nano=92499108600900 yaw=0.0 pitch=0.0 horizon=0.4961709976196289 view=0
[08:34:43] [Client thread/INFO] [STDOUT]: [com.layue13.clashweave.validation.CompositionReplay:world:37]: P0_COMPOSITION_FRAME phase= elapsed=6 nano=92499126545500 yaw=0.0 pitch=0.0 horizon=0.496207594871521 view=0
[08:34:43] [Client thread/INFO] [STDOUT]: [com.layue13.clashweave.validation.CompositionReplay:world:37]: P0_COMPOSITION_FRAME phase= elapsed=6 nano=92499141582600 yaw=0.0 pitch=0.0 horizon=0.49622684717178345 view=0
[08:34:43] [Client thread/INFO] [STDOUT]: [com.layue13.clashweave.validation.CompositionReplay:world:37]: P0_COMPOSITION_FRAME phase= elapsed=6 nano=92499158120800 yaw=0.0 pitch=0.0 horizon=0.49624598026275635 view=0
[08:34:43] [Client thread/INFO] [STDOUT]: [com.layue13.clashweave.validation.CompositionReplay:world:37]: P0_COMPOSITION_FRAME phase= elapsed=7 nano=92499180586500 yaw=0.0 pitch=0.0 horizon=0.49627113342285156 view=0
[08:34:43] [Client thread/INFO] [STDOUT]: [com.layue13.clashweave.validation.CompositionReplay:world:37]: P0_COMPOSITION_FRAME phase= elapsed=7 nano=92499191575300 yaw=0.0 pitch=0.0 horizon=0.4962804317474365 view=0
[08:34:44] [Client thread/INFO] [STDOUT]: [com.layue13.clashweave.client.ViewPreservingCorrections$Preserved:processPacket:140]: CW_VIEW packet=1 marker=0 protected=false yawDelta=0.0 pitchDelta=0.0 requestedYawDelta=0.0 requestedPitchDelta=0.0 nano=92499729137800
[08:34:44] [Client thread/INFO] [STDOUT]: [com.layue13.clashweave.client.ViewPreservingCorrections$Preserved:processPacket:140]: CW_VIEW packet=1 marker=0 protected=false yawDelta=0.0 pitchDelta=0.0 requestedYawDelta=0.0 requestedPitchDelta=0.0 nano=92500096266100
[08:34:44] [Client thread/INFO] [STDOUT]: [com.layue13.clashweave.client.ClientProxy:apply:254]: CW_ENGAGEMENT player=P0A engaged=false revision=1 tick=198 receive=92500118305300
[08:34:44] [Client thread/INFO] [STDOUT]: [com.layue13.clashweave.validation.ClientReplay:tick:97]: P0_APPEARANCE entity=0 skin=clashweave:katana effects=clashweave:default animations=clashweave:katana style=katana
[08:34:46] [Client thread/INFO] [STDOUT]: [com.layue13.clashweave.validation.ClientReplay:tick:257]: P0_REPLAY tick=40 action= progress=2.3599999997259147E-4 feedback=REJECT:STALE
[08:34:46] [Client thread/INFO] [STDOUT]: [com.layue13.clashweave.validation.ClientReplay:frame:405]: P0_CAPTURE sheathed-0 instance=0 progress=1.98048 nano=92502316445900
[08:34:46] [Client thread/INFO] [STDOUT]: [com.layue13.clashweave.validation.ClientReplay:frame:405]: P0_CAPTURE sheathed-2 instance=0 progress=2.0233900000000062 nano=92502418952200
[08:34:48] [Client thread/INFO] [STDOUT]: [com.layue13.clashweave.validation.ClientReplay:audio:418]: P0_LOCAL_AUDIO nano=92504237603300
[08:34:48] [Client thread/INFO] [STDOUT]: [com.layue13.clashweave.client.ClientProxy:send:169]: CW_LOCAL_SWING seq=16 press=92504237207200 feedback=92504243048500
[08:34:48] [Client thread/INFO] [STDOUT]: [com.layue13.clashweave.validation.ClientReplay:request:320]: P0_REQUEST intent=LIGHT yaw=0.0 pitch=0.0 nano=92504243308200
[08:34:48] [Client thread/INFO] [STDOUT]: [com.layue13.clashweave.validation.ClientReplay:tick:257]: P0_REPLAY tick=80 action= progress=3.906296474269766E-4 feedback=REJECT:STALE
[08:34:48] [Client thread/INFO] [STDOUT]: [com.layue13.clashweave.client.ClientProxy:apply:268]: CW_ALIGN player=P0A seq=16 predicted=0 authoritative=0 sameAction=true
[08:34:48] [Client thread/INFO] [STDOUT]: [com.layue13.clashweave.client.ClientProxy:apply:254]: CW_ENGAGEMENT player=P0A engaged=true revision=2 tick=306 receive=92504287909700
[08:34:48] [Client thread/INFO] [STDOUT]: [com.layue13.clashweave.client.ClientProxy:tick:197]: CW_PRESENT id=1 kind=DRAW actor=0 owner=0
[08:34:48] [Client thread/INFO] [STDOUT]: [com.layue13.clashweave.client.ClientProxy:tick:197]: CW_PRESENT id=2 kind=SWING actor=0 owner=0
[08:34:48] [Client thread/INFO] [STDOUT]: [com.layue13.clashweave.validation.ClientReplay:frame:405]: P0_CAPTURE draw-0 instance=1 progress=5.550516000000016 nano=92504564173800
[08:34:49] [Client thread/INFO] [STDOUT]: [com.layue13.clashweave.validation.ClientReplay:frame:405]: P0_CAPTURE draw-2 instance=1 progress=7.625666000000024 nano=92504696864700
[08:34:49] [Client thread/INFO] [STDOUT]: [com.layue13.clashweave.validation.ClientReplay:tick:192]: P0_LATE_WIRE seq=18 origin=1
[08:34:50] [Client thread/INFO] [STDOUT]: [com.layue13.clashweave.validation.ClientReplay:tick:257]: P0_REPLAY tick=120 action= progress=1.5999999999394277E-4 feedback=ORIGIN_CHANGED
[08:34:50] [Client thread/INFO] [STDOUT]: [com.layue13.clashweave.validation.ClientReplay:audio:418]: P0_LOCAL_AUDIO nano=92506531662000
[08:34:50] [Client thread/INFO] [STDOUT]: [com.layue13.clashweave.client.ClientProxy:send:169]: CW_LOCAL_SWING seq=19 press=92506531515900 feedback=92506531872200
[08:34:50] [Client thread/INFO] [STDOUT]: [com.layue13.clashweave.validation.ClientReplay:request:320]: P0_REQUEST intent=LIGHT yaw=0.0 pitch=0.0 nano=92506532007200
[08:34:50] [Client thread/INFO] [STDOUT]: [com.layue13.clashweave.client.ClientProxy:apply:268]: CW_ALIGN player=P0A seq=19 predicted=0 authoritative=0 sameAction=true
[08:34:50] [Client thread/INFO] [STDOUT]: [com.layue13.clashweave.client.ClientProxy:tick:197]: CW_PRESENT id=3 kind=SWING actor=0 owner=0
[08:34:51] [Client thread/INFO] [STDOUT]: [com.layue13.clashweave.validation.ClientReplay:request:320]: P0_REQUEST intent=HEAVY yaw=0.0 pitch=0.0 nano=92506847548400
[08:34:52] [Client thread/INFO] [STDOUT]: [com.layue13.clashweave.validation.ClientReplay:audio:418]: P0_LOCAL_AUDIO nano=92507798273200
[08:34:52] [Client thread/INFO] [STDOUT]: [com.layue13.clashweave.client.ClientProxy:send:169]: CW_LOCAL_SWING seq=22 press=92507798121300 feedback=92507798518100
[08:34:52] [Client thread/INFO] [STDOUT]: [com.layue13.clashweave.validation.ClientReplay:request:320]: P0_REQUEST intent=HEAVY yaw=0.0 pitch=0.0 nano=92507798677700
[08:34:52] [Client thread/INFO] [STDOUT]: [com.layue13.clashweave.client.ClientProxy:apply:268]: CW_ALIGN player=P0A seq=22 predicted=0 authoritative=0 sameAction=true
[08:34:52] [Client thread/INFO] [STDOUT]: [com.layue13.clashweave.client.ClientProxy:tick:197]: CW_PRESENT id=4 kind=SWING actor=0 owner=0
[08:34:52] [Client thread/INFO] [STDOUT]: [com.layue13.clashweave.validation.ClientReplay:frame:405]: P0_CAPTURE swing-0 instance=3 progress=7.531022000000007 nano=92508240957700
[08:34:52] [Client thread/INFO] [STDOUT]: [com.layue13.clashweave.validation.ClientReplay:frame:405]: P0_CAPTURE swing-2 instance=3 progress=9.93049400000001 nano=92508338463800
[08:34:52] [Client thread/INFO] [STDOUT]: [com.layue13.clashweave.validation.ClientReplay:tick:257]: P0_REPLAY tick=160 action=heavy progress=10.003326000000015 feedback=MOVE_READY
[08:34:53] [Client thread/INFO] [STDOUT]: [com.layue13.clashweave.validation.ClientReplay:request:320]: P0_REQUEST intent=SHEATHE yaw=0.0 pitch=0.0 nano=92509072547700
[08:34:53] [Client thread/INFO] [STDOUT]: [com.layue13.clashweave.client.ClientProxy:apply:268]: CW_ALIGN player=P0A seq=24 predicted=0 authoritative=0 sameAction=true
[08:34:53] [Client thread/INFO] [STDOUT]: [com.layue13.clashweave.validation.ClientReplay:frame:405]: P0_CAPTURE sheathe-0 instance=4 progress=3.4535060000000044 nano=92509294796900
[08:34:53] [Client thread/INFO] [STDOUT]: [com.layue13.clashweave.validation.ClientReplay:frame:405]: P0_CAPTURE sheathe-2 instance=4 progress=5.9125720000000115 nano=92509391451900
[08:34:53] [Client thread/INFO] [STDOUT]: [com.layue13.clashweave.client.ClientProxy:tick:197]: CW_PRESENT id=5 kind=SHEATHE actor=0 owner=0
[08:34:54] [Client thread/INFO] [STDOUT]: [com.layue13.clashweave.validation.ClientReplay:audio:418]: P0_LOCAL_AUDIO nano=92510326660700
[08:34:54] [Client thread/INFO] [STDOUT]: [com.layue13.clashweave.client.ClientProxy:send:169]: CW_LOCAL_SWING seq=26 press=92510326501200 feedback=92510326917500
[08:34:54] [Client thread/INFO] [STDOUT]: [com.layue13.clashweave.validation.ClientReplay:request:320]: P0_REQUEST intent=LIGHT yaw=0.0 pitch=0.0 nano=92510327059900
[08:34:54] [Client thread/INFO] [STDOUT]: [com.layue13.clashweave.validation.ClientReplay:tick:257]: P0_REPLAY tick=200 action= progress=2.779999999802385E-4 feedback=MOVE_READY
[08:34:54] [Client thread/INFO] [STDOUT]: [com.layue13.clashweave.client.ClientProxy:apply:268]: CW_ALIGN player=P0A seq=26 predicted=0 authoritative=0 sameAction=true
[08:34:54] [Client thread/INFO] [STDOUT]: [com.layue13.clashweave.client.ClientProxy:tick:197]: CW_PRESENT id=6 kind=DRAW actor=0 owner=0
[08:34:54] [Client thread/INFO] [STDOUT]: [com.layue13.clashweave.client.ClientProxy:tick:197]: CW_PRESENT id=7 kind=SWING actor=0 owner=0
[08:34:54] [Client thread/INFO] [STDOUT]: [com.layue13.clashweave.validation.ClientReplay:tick:97]: P0_APPEARANCE entity=75913 skin=clashweave:katana effects=clashweave:default animations=clashweave:katana style=katana
[08:34:55] [Client thread/INFO] [STDOUT]: [com.layue13.clashweave.validation.ClientReplay:request:320]: P0_REQUEST intent=LIGHT yaw=0.0 pitch=0.0 nano=92510676868000
[08:34:55] [Client thread/INFO] [STDOUT]: [com.layue13.clashweave.validation.ClientReplay:audio:418]: P0_LOCAL_AUDIO nano=92511592458200
[08:34:55] [Client thread/INFO] [STDOUT]: [com.layue13.clashweave.client.ClientProxy:send:169]: CW_LOCAL_SWING seq=29 press=92511592338100 feedback=92511592680500
[08:34:55] [Client thread/INFO] [STDOUT]: [com.layue13.clashweave.validation.ClientReplay:request:320]: P0_REQUEST intent=HEAVY yaw=0.0 pitch=0.0 nano=92511592845600
[08:34:56] [Client thread/INFO] [STDOUT]: [com.layue13.clashweave.client.ClientProxy:apply:268]: CW_ALIGN player=P0A seq=29 predicted=0 authoritative=0 sameAction=true
[08:34:56] [Client thread/INFO] [STDOUT]: [com.layue13.clashweave.client.ClientProxy:tick:197]: CW_PRESENT id=8 kind=SWING actor=0 owner=0
[08:34:56] [Client thread/INFO] [STDOUT]: [com.layue13.clashweave.validation.CompositionReplay:chat:20]: P0_COMPOSITION_PHASE name=WAIT receivedNano=92511896810700
[08:34:56] [Client thread/INFO]: [CHAT] P0_COMPOSITION_PHASE name=WAIT target=87602 tick=458
[08:34:56] [Client thread/INFO] [STDOUT]: [com.layue13.clashweave.validation.ClientReplay:tick:257]: P0_REPLAY tick=240 action=heavy progress=14.001135999999974 feedback=MOVE_READY
[08:34:57] [Client thread/INFO] [STDOUT]: [com.layue13.clashweave.validation.ClientReplay:request:320]: P0_REQUEST intent=SHEATHE yaw=0.0 pitch=0.0 nano=92512842599800
[08:34:57] [Client thread/INFO] [STDOUT]: [com.layue13.clashweave.validation.CompositionReplay:chat:20]: P0_COMPOSITION_PHASE name=STILL receivedNano=92512892327100
[08:34:57] [Client thread/INFO]: [CHAT] P0_COMPOSITION_PHASE name=STILL target=87602 tick=478
[08:34:57] [Client thread/INFO] [STDOUT]: [com.layue13.clashweave.client.ClientProxy:apply:268]: CW_ALIGN player=P0A seq=31 predicted=0 authoritative=0 sameAction=false
[08:34:57] [Client thread/INFO] [STDOUT]: [com.layue13.clashweave.client.LockCamera:tick:188]: CW_LOCK_MARKER target=87602 nano=92512893626800
[08:34:57] [Client thread/INFO] [STDOUT]: [com.layue13.clashweave.client.LockCamera:frame:316]: CW_THIRD_FRAME nano=92512895035900 dt=0.0 target=87602 rawX=0.0 rawY=64.0 rawZ=11.5 filteredX=0.0 filteredY=65.52999997138977 filteredZ=11.5 goalYaw=-0.0 goalPitch=10.044347961003641 before=0.0 after=0.0 pitchBefore=0.0 pitchAfter=0.0 preset=GOLDEN fov=70.0 aspect=1.7777777777777777
[08:34:57] [Client thread/INFO] [STDOUT]: [com.layue13.clashweave.client.LockCamera:frame:316]: CW_THIRD_FRAME nano=92512908980000 dt=0.0139441 target=87602 rawX=0.0 rawY=64.0 rawZ=11.5 filteredX=0.0 filteredY=65.52999997138977 filteredZ=11.5 goalYaw=-0.0 goalPitch=10.044347961003641 before=0.0 after=0.0 pitchBefore=0.0 pitchAfter=0.15351148 preset=GOLDEN fov=70.0 aspect=1.7777777777777777
[08:34:57] [Client thread/INFO] [STDOUT]: [com.layue13.clashweave.client.LockCamera:frame:316]: CW_THIRD_FRAME nano=92512925985000 dt=0.017005 target=87602 rawX=0.0 rawY=64.0 rawZ=11.5 filteredX=0.0 filteredY=65.52999997138977 filteredZ=11.5 goalYaw=-0.0 goalPitch=10.044347961003641 before=0.0 after=0.0 pitchBefore=0.15351148 pitchAfter=0.65265006 preset=GOLDEN fov=70.0 aspect=1.7777777777777777
[08:34:57] [Client thread/INFO] [STDOUT]: [com.layue13.clashweave.client.LockCamera:frame:316]: CW_THIRD_FRAME nano=92512942466700 dt=0.0164817 target=87602 rawX=0.0 rawY=64.0 rawZ=11.5 filteredX=0.0 filteredY=65.52999997138977 filteredZ=11.5 goalYaw=-0.0 goalPitch=10.044347961003641 before=0.0 after=0.0 pitchBefore=0.65265006 pitchAfter=1.3327322 preset=GOLDEN fov=70.0 aspect=1.7777777777777777
[08:34:57] [Client thread/INFO] [STDOUT]: [com.layue13.clashweave.client.LockCamera:frame:316]: CW_THIRD_FRAME nano=92512958797100 dt=0.0163304 target=87602 rawX=0.0 rawY=64.0 rawZ=11.5 filteredX=0.0 filteredY=65.52999997138977 filteredZ=11.5 goalYaw=-0.0 goalPitch=10.044347961003641 before=0.0 after=0.0 pitchBefore=1.3327322 pitchAfter=2.10265 preset=GOLDEN fov=70.0 aspect=1.7777777777777777
[08:34:57] [Client thread/INFO] [STDOUT]: [com.layue13.clashweave.client.LockCamera:frame:316]: CW_THIRD_FRAME nano=92512976161200 dt=0.0173641 target=87602 rawX=0.0 rawY=64.0 rawZ=11.5 filteredX=0.0 filteredY=65.52999997138977 filteredZ=11.5 goalYaw=-0.0 goalPitch=10.044347961003641 before=0.0 after=0.0 pitchBefore=2.10265 pitchAfter=2.9555895 preset=GOLDEN fov=70.0 aspect=1.7777777777777777
[08:34:57] [Client thread/INFO] [STDOUT]: [com.layue13.clashweave.client.LockCamera:frame:316]: CW_THIRD_FRAME nano=92512997038100 dt=0.0208769 target=87602 rawX=0.0 rawY=64.0 rawZ=11.5625 filteredX=0.0 filteredY=65.52999997138977 filteredZ=11.501733319770945 goalYaw=-0.0 goalPitch=10.044201102030819 before=0.0 after=0.0 pitchBefore=2.9555895 pitchAfter=3.9603891 preset=GOLDEN fov=70.0 aspect=1.7777777777777777
[08:34:57] [Client thread/INFO] [STDOUT]: [com.layue13.clashweave.client.LockCamera:frame:316]: CW_THIRD_FRAME nano=92513008934500 dt=0.0118964 target=87602 rawX=0.0 rawY=64.0 rawZ=11.5625 filteredX=0.0 filteredY=65.52999997138977 filteredZ=11.504805423890422 goalYaw=-0.0 goalPitch=10.043940972124814 before=0.0 after=0.0 pitchBefore=3.9603891 pitchAfter=4.5038366 preset=GOLDEN fov=70.0 aspect=1.7777777777777777
[08:34:57] [Client thread/INFO] [STDOUT]: [com.layue13.clashweave.client.LockCamera:frame:316]: CW_THIRD_FRAME nano=92513026186800 dt=0.0172523 target=87602 rawX=0.0 rawY=64.0 rawZ=11.5625 filteredX=0.0 filteredY=65.52999997138977 filteredZ=11.512210786407275 goalYaw=-0.0 goalPitch=10.043314765146985 before=0.0 after=0.0 pitchBefore=4.5038366 pitchAfter=5.2402835 preset=GOLDEN fov=70.0 aspect=1.7777777777777777
[08:34:57] [Client thread/INFO] [STDOUT]: [com.layue13.clashweave.client.LockCamera:frame:316]: CW_THIRD_FRAME nano=92513042495800 dt=0.016309 target=87602 rawX=0.0 rawY=64.0 rawZ=11.625 filteredX=0.0 filteredY=65.52999997138977 filteredZ=11.52112732632134 goalYaw=-0.0 goalPitch=10.042562344365953 before=0.0 after=0.0 pitchBefore=5.2402835 pitchAfter=5.8733 preset=GOLDEN fov=70.0 aspect=1.7777777777777777
[08:34:57] [Client thread/INFO] [STDOUT]: [com.layue13.clashweave.client.LockCamera:frame:316]: CW_THIRD_FRAME nano=92513059330800 dt=0.016835 target=87602 rawX=0.0 rawY=64.0 rawZ=11.625 filteredX=0.0 filteredY=65.52999997138977 filteredZ=11.532206438399664 goalYaw=-0.0 goalPitch=10.041629821792805 before=0.0 after=0.0 pitchBefore=5.8733 pitchAfter=6.4595804 preset=GOLDEN fov=70.0 aspect=1.7777777777777777
[08:34:57] [Client thread/INFO] [STDOUT]: [com.layue13.clashweave.client.LockCamera:frame:316]: CW_THIRD_FRAME nano=92513075882700 dt=0.0165519 target=87602 rawX=0.0 rawY=64.0 rawZ=11.625 filteredX=0.0 filteredY=65.52999997138977 filteredZ=11.544463537668511 goalYaw=-0.0 goalPitch=10.040601217389133 before=0.0 after=0.0 pitchBefore=6.4595804 pitchAfter=6.9704 preset=GOLDEN fov=70.0 aspect=1.7777777777777777
[08:34:57] [Client thread/INFO] [STDOUT]: [com.layue13.clashweave.client.ClientProxy:tick:197]: CW_PRESENT id=9 kind=SHEATHE actor=0 owner=0
[08:34:58] [Client thread/INFO] [STDOUT]: [com.layue13.clashweave.validation.ClientReplay:audio:418]: P0_LOCAL_AUDIO nano=92514092305400
[08:34:58] [Client thread/INFO] [STDOUT]: [com.layue13.clashweave.client.ClientProxy:send:169]: CW_LOCAL_SWING seq=34 press=92514092131500 feedback=92514092511900
[08:34:58] [Client thread/INFO] [STDOUT]: [com.layue13.clashweave.validation.ClientReplay:request:320]: P0_REQUEST intent=LIGHT yaw=0.0 pitch=10.028813 nano=92514092658600
[08:34:58] [Client thread/INFO] [STDOUT]: [com.layue13.clashweave.client.ClientProxy:apply:268]: CW_ALIGN player=P0A seq=34 predicted=0 authoritative=0 sameAction=true
[08:34:58] [Client thread/INFO] [STDOUT]: [com.layue13.clashweave.client.ClientProxy:tick:197]: CW_PRESENT id=10 kind=DRAW actor=0 owner=0
[08:34:58] [Client thread/INFO] [STDOUT]: [com.layue13.clashweave.client.ClientProxy:tick:197]: CW_PRESENT id=11 kind=SWING actor=0 owner=0
[08:34:58] [Client thread/INFO] [STDOUT]: [com.layue13.clashweave.validation.ClientReplay:tick:257]: P0_REPLAY tick=280 action=iai progress=4.0002660000000105 feedback=MOVE_READY
[08:34:58] [Client thread/INFO] [STDOUT]: [com.layue13.clashweave.validation.ClientReplay:request:320]: P0_REQUEST intent=LIGHT yaw=0.0 pitch=10.076591 nano=92514442594400
[08:34:59] [Client thread/INFO] [STDOUT]: [com.layue13.clashweave.validation.ClientReplay:audio:418]: P0_LOCAL_AUDIO nano=92515359635100
[08:34:59] [Client thread/INFO] [STDOUT]: [com.layue13.clashweave.client.ClientProxy:send:169]: CW_LOCAL_SWING seq=37 press=92515359509200 feedback=92515359866900
[08:34:59] [Client thread/INFO] [STDOUT]: [com.layue13.clashweave.validation.ClientReplay:request:320]: P0_REQUEST intent=HEAVY yaw=0.0 pitch=10.02823 nano=92515360021100
[08:34:59] [Client thread/INFO] [STDOUT]: [com.layue13.clashweave.client.ClientProxy:apply:268]: CW_ALIGN player=P0A seq=37 predicted=0 authoritative=0 sameAction=true
[08:34:59] [Client thread/INFO] [STDOUT]: [com.layue13.clashweave.client.ClientProxy:tick:197]: CW_PRESENT id=12 kind=SWING actor=0 owner=0
[08:35:00] [Client thread/INFO] [STDOUT]: [com.layue13.clashweave.validation.ClientReplay:tick:257]: P0_REPLAY tick=320 action= progress=9.799999997994746E-5 feedback=MOVE_READY
[08:35:01] [Client thread/INFO] [STDOUT]: [com.layue13.clashweave.client.ClientProxy:apply:268]: CW_ALIGN player=P0A seq=39 predicted=0 authoritative=0 sameAction=true
[08:35:02] [Client thread/INFO] [STDOUT]: [com.layue13.clashweave.validation.ClientReplay:audio:418]: P0_LOCAL_AUDIO nano=92517859475800
[08:35:02] [Client thread/INFO] [STDOUT]: [com.layue13.clashweave.client.ClientProxy:send:169]: CW_LOCAL_SWING seq=41 press=92517859355500 feedback=92517859669200
[08:35:02] [Client thread/INFO] [STDOUT]: [com.layue13.clashweave.client.ClientProxy:apply:268]: CW_ALIGN player=P0A seq=41 predicted=0 authoritative=0 sameAction=true
[08:35:02] [Client thread/INFO] [STDOUT]: [com.layue13.clashweave.validation.ClientReplay:tick:257]: P0_REPLAY tick=360 action=iai progress=9.000103999999965 feedback=MOVE_READY
[08:35:03] [Client thread/INFO] [STDOUT]: [com.layue13.clashweave.validation.ClientReplay:audio:418]: P0_LOCAL_AUDIO nano=92519109190800
[08:35:03] [Client thread/INFO] [STDOUT]: [com.layue13.clashweave.client.ClientProxy:send:169]: CW_LOCAL_SWING seq=44 press=92519109076500 feedback=92519109419600
[08:35:03] [Client thread/INFO] [STDOUT]: [com.layue13.clashweave.client.ClientProxy:apply:268]: CW_ALIGN player=P0A seq=44 predicted=0 authoritative=0 sameAction=true
[08:35:04] [Client thread/INFO] [STDOUT]: [com.layue13.clashweave.validation.ClientReplay:tick:257]: P0_REPLAY tick=400 action= progress=9.999999997489795E-5 feedback=MOVE_READY
[08:35:05] [Client thread/INFO] [STDOUT]: [com.layue13.clashweave.validation.ClientReplay:audio:418]: P0_LOCAL_AUDIO nano=92521609593400
[08:35:05] [Client thread/INFO] [STDOUT]: [com.layue13.clashweave.client.ClientProxy:send:169]: CW_LOCAL_SWING seq=48 press=92521609473000 feedback=92521609892200
[08:35:06] [Client thread/INFO] [STDOUT]: [com.layue13.clashweave.validation.ClientReplay:tick:257]: P0_REPLAY tick=440 action=iai progress=14.000128000000018 feedback=EXPIRED_OR_CHANGED
[08:35:07] [Client thread/INFO] [STDOUT]: [com.layue13.clashweave.validation.ClientReplay:audio:418]: P0_LOCAL_AUDIO nano=92522859293700
[08:35:07] [Client thread/INFO] [STDOUT]: [com.layue13.clashweave.client.ClientProxy:send:169]: CW_LOCAL_SWING seq=51 press=92522859147900 feedback=92522859531200
[08:35:07] [Client thread/INFO] [STDOUT]: [com.layue13.clashweave.validation.CompositionReplay:chat:20]: P0_COMPOSITION_PHASE name=ORBIT receivedNano=92522909468200
[08:35:07] [Client thread/INFO]: [CHAT] P0_COMPOSITION_PHASE name=ORBIT target=87602 tick=678
[08:35:08] [Client thread/INFO] [STDOUT]: [com.layue13.clashweave.validation.ClientReplay:tick:257]: P0_REPLAY tick=480 action=sheathe progress=4.000101259790881 feedback=MOVE_READY
[08:35:09] [Client thread/INFO] [STDOUT]: [com.layue13.clashweave.validation.ClientReplay:audio:418]: P0_LOCAL_AUDIO nano=92525359092700
[08:35:09] [Client thread/INFO] [STDOUT]: [com.layue13.clashweave.client.ClientProxy:send:169]: CW_LOCAL_SWING seq=55 press=92525358969800 feedback=92525359308500
[08:35:17] [Client thread/INFO] [STDOUT]: [com.layue13.clashweave.validation.CompositionReplay:chat:20]: P0_COMPOSITION_PHASE name=JITTER receivedNano=92532905949800
[08:35:17] [Client thread/INFO]: [CHAT] P0_COMPOSITION_PHASE name=JITTER target=87602 tick=878
[08:35:27] [Client thread/INFO] [STDOUT]: [com.layue13.clashweave.validation.CompositionReplay:chat:20]: P0_COMPOSITION_PHASE name=JUMP receivedNano=92542903524200
[08:35:27] [Client thread/INFO]: [CHAT] P0_COMPOSITION_PHASE name=JUMP target=87602 tick=1078
[08:35:37] [Client thread/INFO] [STDOUT]: [com.layue13.clashweave.validation.CompositionReplay:chat:20]: P0_COMPOSITION_PHASE name=MOUSE receivedNano=92552919977400
[08:35:37] [Client thread/INFO]: [CHAT] P0_COMPOSITION_PHASE name=MOUSE target=87602 tick=1278
[08:35:37] [Client thread/INFO] [STDOUT]: [com.layue13.clashweave.validation.CompositionReplay:tick:25]: P0_FLICK_CASE kind=stationary serial=1 delta=0
[08:35:37] [Client thread/INFO] [STDOUT]: [com.layue13.clashweave.validation.CompositionReplay:tick:25]: P0_FLICK_CASE kind=stationary serial=2 delta=0
[08:35:37] [Client thread/INFO] [STDOUT]: [com.layue13.clashweave.validation.CompositionReplay:tick:25]: P0_FLICK_CASE kind=stationary serial=3 delta=0
[08:35:38] [Client thread/INFO] [STDOUT]: [com.layue13.clashweave.validation.CompositionReplay:tick:25]: P0_FLICK_CASE kind=stationary serial=4 delta=0
[08:35:38] [Client thread/INFO] [STDOUT]: [com.layue13.clashweave.validation.CompositionReplay:tick:25]: P0_FLICK_CASE kind=stationary serial=5 delta=0
[08:35:38] [Client thread/INFO] [STDOUT]: [com.layue13.clashweave.validation.CompositionReplay:tick:25]: P0_FLICK_CASE kind=stationary serial=6 delta=0
[08:35:38] [Client thread/INFO] [STDOUT]: [com.layue13.clashweave.validation.CompositionReplay:tick:25]: P0_FLICK_CASE kind=stationary serial=7 delta=0
[08:35:38] [Client thread/INFO] [STDOUT]: [com.layue13.clashweave.validation.CompositionReplay:tick:25]: P0_FLICK_CASE kind=stationary serial=8 delta=0
[08:35:39] [Client thread/INFO] [STDOUT]: [com.layue13.clashweave.validation.CompositionReplay:tick:25]: P0_FLICK_CASE kind=stationary serial=9 delta=0
[08:35:39] [Client thread/INFO] [STDOUT]: [com.layue13.clashweave.validation.CompositionReplay:tick:25]: P0_FLICK_CASE kind=stationary serial=10 delta=0
[08:35:39] [Client thread/INFO] [STDOUT]: [com.layue13.clashweave.validation.CompositionReplay:tick:25]: P0_FLICK_CASE kind=stationary serial=11 delta=0
[08:35:39] [Client thread/INFO] [STDOUT]: [com.layue13.clashweave.validation.CompositionReplay:tick:25]: P0_FLICK_CASE kind=stationary serial=12 delta=0
[08:35:41] [Client thread/INFO] [STDOUT]: [com.layue13.clashweave.client.LockCamera:mouse:93]: CW_THIRD_MOUSE nano=92557053949400 delta=2.0 switch=0 offset=2.0
[08:35:41] [Client thread/INFO] [STDOUT]: [com.layue13.clashweave.client.LockCamera:mouse:93]: CW_THIRD_MOUSE nano=92557254103500 delta=2.0 switch=0 offset=2.0
[08:35:41] [Client thread/INFO] [STDOUT]: [com.layue13.clashweave.client.LockCamera:mouse:93]: CW_THIRD_MOUSE nano=92557453428500 delta=2.0 switch=0 offset=2.0
[08:35:42] [Client thread/INFO] [STDOUT]: [com.layue13.clashweave.client.LockCamera:mouse:93]: CW_THIRD_MOUSE nano=92557670337900 delta=2.0 switch=0 offset=2.0
[08:35:42] [Client thread/INFO] [STDOUT]: [com.layue13.clashweave.client.LockCamera:mouse:93]: CW_THIRD_MOUSE nano=92557853622700 delta=2.0 switch=0 offset=2.0
[08:35:42] [Client thread/INFO] [STDOUT]: [com.layue13.clashweave.client.LockCamera:mouse:93]: CW_THIRD_MOUSE nano=92558053495200 delta=2.0 switch=0 offset=2.0
[08:35:42] [Client thread/INFO] [STDOUT]: [com.layue13.clashweave.client.LockCamera:mouse:93]: CW_THIRD_MOUSE nano=92558270612400 delta=2.0 switch=0 offset=2.0
[08:35:42] [Client thread/INFO] [STDOUT]: [com.layue13.clashweave.client.LockCamera:mouse:93]: CW_THIRD_MOUSE nano=92558470326400 delta=2.0 switch=0 offset=2.0
[08:35:43] [Client thread/INFO] [STDOUT]: [com.layue13.clashweave.client.LockCamera:mouse:93]: CW_THIRD_MOUSE nano=92558670278200 delta=2.0 switch=0 offset=2.0
[08:35:43] [Client thread/INFO] [STDOUT]: [com.layue13.clashweave.client.LockCamera:mouse:93]: CW_THIRD_MOUSE nano=92558870279800 delta=2.0 switch=0 offset=2.0
[08:35:43] [Client thread/INFO] [STDOUT]: [com.layue13.clashweave.client.LockCamera:mouse:93]: CW_THIRD_MOUSE nano=92559053928100 delta=2.0 switch=0 offset=2.0
[08:35:43] [Client thread/INFO] [STDOUT]: [com.layue13.clashweave.client.LockCamera:mouse:93]: CW_THIRD_MOUSE nano=92559270291700 delta=2.0 switch=0 offset=2.0
[08:35:45] [Client thread/INFO] [STDOUT]: [com.layue13.clashweave.client.LockCamera:tick:188]: CW_LOCK_MARKER target=365877 nano=92561403391700
[08:35:47] [Client thread/INFO] [STDOUT]: [com.layue13.clashweave.client.LockCamera:tick:230]: CW_LOCK_FOLLOW mode=WEAK reason=COMMITTED target=365877 nano=92562914327900 dt=0.0510514 before=7.8980236 after=7.8980236 pitchBefore=10.404681 pitchAfter=10.404681 offset=0.0 instance=47 committed=0.0
[08:35:47] [Client thread/INFO] [STDOUT]: [com.layue13.clashweave.client.LockCamera:tick:230]: CW_LOCK_FOLLOW mode=WEAK reason=COMMITTED target=365877 nano=92562963392000 dt=0.0490641 before=7.8980236 after=7.8980236 pitchBefore=10.404681 pitchAfter=10.404681 offset=0.0 instance=47 committed=0.0
[08:35:47] [Client thread/INFO] [STDOUT]: [com.layue13.clashweave.client.LockCamera:tick:230]: CW_LOCK_FOLLOW mode=WEAK reason=COMMITTED target=365877 nano=92563013319200 dt=0.0499272 before=7.8980236 after=7.8980236 pitchBefore=10.404681 pitchAfter=10.404681 offset=0.0 instance=47 committed=0.0
[08:35:47] [Client thread/INFO] [STDOUT]: [com.layue13.clashweave.client.LockCamera:tick:230]: CW_LOCK_FOLLOW mode=WEAK reason=COMMITTED target=365877 nano=92563063255500 dt=0.0499363 before=7.8980236 after=7.8980236 pitchBefore=10.404681 pitchAfter=10.404681 offset=0.0 instance=47 committed=0.0
[08:35:47] [Client thread/INFO] [STDOUT]: [com.layue13.clashweave.client.LockCamera:tick:230]: CW_LOCK_FOLLOW mode=WEAK reason=COMMITTED target=365877 nano=92563113276000 dt=0.0500205 before=7.8980236 after=7.8980236 pitchBefore=10.404681 pitchAfter=10.404681 offset=0.0 instance=47 committed=0.0
[08:35:47] [Client thread/INFO] [STDOUT]: [com.layue13.clashweave.client.LockCamera:tick:230]: CW_LOCK_FOLLOW mode=WEAK reason=COMMITTED target=365877 nano=92563163471800 dt=0.0501958 before=7.8980236 after=7.8980236 pitchBefore=10.404681 pitchAfter=10.404681 offset=0.0 instance=47 committed=0.0
[08:35:47] [Client thread/INFO] [STDOUT]: [com.layue13.clashweave.client.LockCamera:tick:230]: CW_LOCK_FOLLOW mode=WEAK reason=COMMITTED target=365877 nano=92563213052100 dt=0.0495803 before=7.8980236 after=7.8980236 pitchBefore=10.404681 pitchAfter=10.404681 offset=0.0 instance=47 committed=0.0
[08:35:47] [Client thread/INFO] [STDOUT]: [com.layue13.clashweave.client.LockCamera:tick:230]: CW_LOCK_FOLLOW mode=WEAK reason=WEAK target=365877 nano=92563263403500 dt=0.0503514 before=0.0 after=9.0 pitchBefore=10.404681 pitchAfter=9.164176 offset=0.0 instance=47 committed=0.0
[08:35:47] [Client thread/INFO] [STDOUT]: [com.layue13.clashweave.client.LockCamera:tick:230]: CW_LOCK_FOLLOW mode=WEAK reason=WEAK target=365877 nano=92563313459000 dt=0.0500555 before=9.0 after=18.0 pitchBefore=9.164176 pitchAfter=9.164176 offset=0.0 instance=47 committed=0.0
[08:35:47] [Client thread/INFO] [STDOUT]: [com.layue13.clashweave.client.LockCamera:tick:230]: CW_LOCK_FOLLOW mode=WEAK reason=WEAK target=365877 nano=92563363139400 dt=0.0496804 before=18.0 after=26.942472 pitchBefore=9.164176 pitchAfter=9.164176 offset=0.0 instance=47 committed=0.0
[08:35:47] [Client thread/INFO] [STDOUT]: [com.layue13.clashweave.client.LockCamera:tick:230]: CW_LOCK_FOLLOW mode=WEAK reason=WEAK target=365877 nano=92563413627100 dt=0.0504877 before=26.942472 after=35.942474 pitchBefore=9.164176 pitchAfter=9.164176 offset=0.0 instance=47 committed=0.0
[08:35:47] [Client thread/INFO] [STDOUT]: [com.layue13.clashweave.client.LockCamera:tick:230]: CW_LOCK_FOLLOW mode=WEAK reason=WEAK target=365877 nano=92563463069200 dt=0.0494421 before=35.942474 after=44.842052 pitchBefore=9.164176 pitchAfter=9.164176 offset=0.0 instance=47 committed=0.0
[08:35:49] [Client thread/INFO] [STDOUT]: [com.layue13.clashweave.validation.ClientReplay:tick:195]: P0_PENDING engaged=true
[08:35:49] [Client thread/INFO] [STDOUT]: [com.layue13.clashweave.validation.ClientReplay:tick:195]: P0_PENDING engaged=true
