# Log excerpt; complete raw log retained locally under build/p0/runs.
# Original lines: 6088
# Marker counts: {'Exception': 171, 'ERROR': 2, 'P0_NETWORK': 3, ' CW INPUT': 152, ' CW ACK': 137, ' CW FACING': 74, ' CW START': 55, ' CW AIM': 55, 'CW_EVENT': 72, ' CW ENGAGEMENT': 1, ' CW LOCK': 55, 'P0_COMPOSITION_PHASE': 7, 'P0_PERF': 12}
[Loaded java.lang.Exception from C:\Program Files\Zulu\zulu-8\jre\lib\rt.jar]
[Loaded java.lang.RuntimeException from C:\Program Files\Zulu\zulu-8\jre\lib\rt.jar]
[Loaded java.lang.ReflectiveOperationException from C:\Program Files\Zulu\zulu-8\jre\lib\rt.jar]
[Loaded java.lang.ClassNotFoundException from C:\Program Files\Zulu\zulu-8\jre\lib\rt.jar]
[Loaded java.lang.ClassCastException from C:\Program Files\Zulu\zulu-8\jre\lib\rt.jar]
[Loaded java.lang.ArrayStoreException from C:\Program Files\Zulu\zulu-8\jre\lib\rt.jar]
[Loaded java.lang.IllegalMonitorStateException from C:\Program Files\Zulu\zulu-8\jre\lib\rt.jar]
[Loaded java.lang.Thread$UncaughtExceptionHandler from C:\Program Files\Zulu\zulu-8\jre\lib\rt.jar]
[Loaded java.lang.NullPointerException from C:\Program Files\Zulu\zulu-8\jre\lib\rt.jar]
[Loaded java.lang.ArithmeticException from C:\Program Files\Zulu\zulu-8\jre\lib\rt.jar]
[Loaded java.lang.InterruptedException from C:\Program Files\Zulu\zulu-8\jre\lib\rt.jar]
[Loaded java.security.PrivilegedExceptionAction from C:\Program Files\Zulu\zulu-8\jre\lib\rt.jar]
[08:34:21] [main/ERROR] [FML]: The binary patch set is missing. Either you are in a development environment, or things are not going to work!
[08:34:21] [main/ERROR] [FML]: FML appears to be missing any signature data. This is not a good thing
[08:34:44] [Server thread/INFO] [STDOUT]: [com.layue13.clashweave.validation.NetworkScenario:login:44]: P0_NETWORK login=P0A
[08:34:44] [Server thread/INFO] [STDOUT]: [com.layue13.clashweave.forge.CombatServer:trace:871]: CW INPUT player=P0A seq=1 kind=-2 target=-1 origin=0 stamp=198 effectiveStamp=198 receivedTick=209 consumedTick=210 arrival=92500124130900 gate=STALE
[08:34:44] [Server thread/INFO] [STDOUT]: [com.layue13.clashweave.forge.CombatServer:trace:871]: CW ACK player=P0A seq=1 result=REJECT:STALE
[08:34:44] [Server thread/INFO] [STDOUT]: [com.layue13.clashweave.forge.CombatServer:trace:871]: CW INPUT player=P0A seq=2 kind=-2 target=-1 origin=0 stamp=199 effectiveStamp=199 receivedTick=209 consumedTick=210 arrival=92500124443100 gate=STALE
[08:34:44] [Server thread/INFO] [STDOUT]: [com.layue13.clashweave.forge.CombatServer:trace:871]: CW ACK player=P0A seq=2 result=REJECT:STALE
[08:34:44] [Server thread/INFO] [STDOUT]: [com.layue13.clashweave.forge.CombatServer:trace:871]: CW INPUT player=P0A seq=3 kind=-2 target=-1 origin=0 stamp=200 effectiveStamp=200 receivedTick=209 consumedTick=210 arrival=92500124472200 gate=STALE
[08:34:44] [Server thread/INFO] [STDOUT]: [com.layue13.clashweave.forge.CombatServer:trace:871]: CW ACK player=P0A seq=3 result=REJECT:STALE
[08:34:44] [Server thread/INFO] [STDOUT]: [com.layue13.clashweave.forge.CombatServer:trace:871]: CW INPUT player=P0A seq=4 kind=-2 target=-1 origin=0 stamp=201 effectiveStamp=201 receivedTick=209 consumedTick=210 arrival=92500124487500 gate=OK
[08:34:44] [Server thread/INFO] [STDOUT]: [com.layue13.clashweave.forge.CombatServer:trace:871]: CW INPUT player=P0A seq=5 kind=-2 target=-1 origin=0 stamp=202 effectiveStamp=202 receivedTick=210 consumedTick=211 arrival=92500132595400 gate=OK
[08:34:44] [Server thread/INFO] [STDOUT]: [com.layue13.clashweave.forge.CombatServer:trace:871]: CW INPUT player=P0A seq=6 kind=-2 target=-1 origin=0 stamp=203 effectiveStamp=203 receivedTick=210 consumedTick=211 arrival=92500132622200 gate=OK
[08:34:44] [Server thread/INFO] [STDOUT]: [com.layue13.clashweave.forge.CombatServer:trace:871]: CW INPUT player=P0A seq=7 kind=-2 target=-1 origin=0 stamp=204 effectiveStamp=204 receivedTick=210 consumedTick=211 arrival=92500132635700 gate=OK
[08:34:44] [Server thread/INFO] [STDOUT]: [com.layue13.clashweave.forge.CombatServer:trace:871]: CW INPUT player=P0A seq=8 kind=-2 target=-1 origin=0 stamp=205 effectiveStamp=205 receivedTick=210 consumedTick=211 arrival=92500132720200 gate=OK
[08:34:44] [Server thread/INFO] [STDOUT]: [com.layue13.clashweave.forge.CombatServer:trace:871]: CW INPUT player=P0A seq=9 kind=-2 target=-1 origin=0 stamp=206 effectiveStamp=206 receivedTick=210 consumedTick=211 arrival=92500132746900 gate=OK
[08:34:44] [Server thread/INFO] [STDOUT]: [com.layue13.clashweave.forge.CombatServer:trace:871]: CW INPUT player=P0A seq=10 kind=-2 target=-1 origin=0 stamp=207 effectiveStamp=207 receivedTick=210 consumedTick=211 arrival=92500132761400 gate=OK
[08:34:44] [Server thread/INFO] [STDOUT]: [com.layue13.clashweave.forge.CombatServer:trace:871]: CW INPUT player=P0A seq=11 kind=-2 target=-1 origin=0 stamp=208 effectiveStamp=208 receivedTick=210 consumedTick=211 arrival=92500132823200 gate=OK
[08:34:44] [Server thread/INFO] [STDOUT]: [com.layue13.clashweave.forge.CombatServer:trace:871]: CW INPUT player=P0A seq=12 kind=-2 target=-1 origin=0 stamp=209 effectiveStamp=209 receivedTick=215 consumedTick=216 arrival=92500202478200 gate=OK
[08:34:48] [Server thread/INFO] [STDOUT]: [com.layue13.clashweave.forge.CombatServer:trace:871]: CW FACING player=P0A seq=16 requested=0.0 known=0.0 chosen=0.0 accepted=true reason=OK
[08:34:48] [Server thread/INFO] [STDOUT]: [com.layue13.clashweave.forge.CombatServer:trace:871]: CW START player=P0A id=1 action=iai tick=306
[08:34:48] [Server thread/INFO] [STDOUT]: [com.layue13.clashweave.forge.CombatServer:trace:871]: CW AIM player=P0A id=1 requested=0.0 requestedPitch=0.0 selectedPitch=0.0 beforePitchDelta=0.0 afterPitchDelta=0.0 baseline=0.0 selected=0.0 beforeDelta=0.0 afterDelta=0.0 accepted=true
[08:34:48] [Server thread/INFO] [STDOUT]: [com.layue13.clashweave.forge.SemanticDispatcher:publish:33]: CW_EVENT id=1 kind=DRAW actor=0 target=-1 instance=1 tick=306
[08:34:48] [Server thread/INFO] [STDOUT]: [com.layue13.clashweave.forge.SemanticDispatcher:publish:33]: CW_EVENT id=2 kind=SWING actor=0 target=-1 instance=1 tick=306
[08:34:48] [Server thread/INFO] [STDOUT]: [com.layue13.clashweave.forge.CombatServer:trace:871]: CW ACK player=P0A seq=16 result=START
[08:34:48] [Server thread/INFO] [STDOUT]: [com.layue13.clashweave.forge.CombatServer:trace:871]: CW ENGAGEMENT player=P0A engaged=true revision=2 tick=306 sent=92504283646400
[08:34:48] [Server thread/INFO] [STDOUT]: [com.layue13.clashweave.forge.CombatServer:trace:871]: CW ACK player=P0A seq=17 result=MOVE_READY
[08:34:49] [Server thread/INFO] [STDOUT]: [com.layue13.clashweave.forge.CombatServer:trace:871]: CW FACING player=P0A seq=18 requested=0.0 known=40.0 chosen=40.0 accepted=false reason=OLD_HISTORY
[08:34:49] [Server thread/INFO] [STDOUT]: [com.layue13.clashweave.forge.CombatServer:trace:871]: CW ACK player=P0A seq=18 result=ORIGIN_CHANGED
[08:34:50] [Server thread/INFO] [STDOUT]: [com.layue13.clashweave.forge.CombatServer:trace:871]: CW FACING player=P0A seq=19 requested=0.0 known=0.0 chosen=0.0 accepted=true reason=OK
[08:34:50] [Server thread/INFO] [STDOUT]: [com.layue13.clashweave.forge.CombatServer:trace:871]: CW START player=P0A id=2 action=light_1 tick=352
[08:34:50] [Server thread/INFO] [STDOUT]: [com.layue13.clashweave.forge.CombatServer:trace:871]: CW AIM player=P0A id=2 requested=0.0 requestedPitch=0.0 selectedPitch=0.0 beforePitchDelta=0.0 afterPitchDelta=0.0 baseline=0.0 selected=0.0 beforeDelta=0.0 afterDelta=0.0 accepted=true
[08:34:50] [Server thread/INFO] [STDOUT]: [com.layue13.clashweave.forge.SemanticDispatcher:publish:33]: CW_EVENT id=3 kind=SWING actor=0 target=-1 instance=2 tick=352
[08:34:50] [Server thread/INFO] [STDOUT]: [com.layue13.clashweave.forge.CombatServer:trace:871]: CW ACK player=P0A seq=19 result=START
[08:34:51] [Server thread/INFO] [STDOUT]: [com.layue13.clashweave.forge.CombatServer:trace:871]: CW ACK player=P0A seq=20 result=MOVE_READY
[08:34:51] [Server thread/INFO] [STDOUT]: [com.layue13.clashweave.forge.CombatServer:trace:871]: CW FACING player=P0A seq=21 requested=0.0 known=0.0 chosen=0.0 accepted=true reason=OK
[08:34:51] [Server thread/INFO] [STDOUT]: [com.layue13.clashweave.forge.CombatServer:trace:871]: CW ACK player=P0A seq=21 result=EXPIRED_OR_CHANGED
[08:34:52] [Server thread/INFO] [STDOUT]: [com.layue13.clashweave.forge.CombatServer:trace:871]: CW FACING player=P0A seq=22 requested=0.0 known=0.0 chosen=0.0 accepted=true reason=OK
[08:34:52] [Server thread/INFO] [STDOUT]: [com.layue13.clashweave.forge.CombatServer:trace:871]: CW START player=P0A id=3 action=heavy tick=377
[08:34:52] [Server thread/INFO] [STDOUT]: [com.layue13.clashweave.forge.CombatServer:trace:871]: CW AIM player=P0A id=3 requested=0.0 requestedPitch=0.0 selectedPitch=0.0 beforePitchDelta=0.0 afterPitchDelta=0.0 baseline=0.0 selected=0.0 beforeDelta=0.0 afterDelta=0.0 accepted=true
[08:34:52] [Server thread/INFO] [STDOUT]: [com.layue13.clashweave.forge.SemanticDispatcher:publish:33]: CW_EVENT id=4 kind=SWING actor=0 target=-1 instance=3 tick=377
[08:34:52] [Server thread/INFO] [STDOUT]: [com.layue13.clashweave.forge.CombatServer:trace:871]: CW ACK player=P0A seq=22 result=START
[08:34:52] [Server thread/INFO] [STDOUT]: [com.layue13.clashweave.forge.CombatServer:trace:871]: CW ACK player=P0A seq=23 result=MOVE_READY
[08:34:53] [Server thread/INFO] [STDOUT]: [com.layue13.clashweave.forge.CombatServer:trace:871]: CW FACING player=P0A seq=24 requested=0.0 known=0.0 chosen=0.0 accepted=true reason=OK
[08:34:53] [Server thread/INFO] [STDOUT]: [com.layue13.clashweave.forge.CombatServer:trace:871]: CW START player=P0A id=4 action=sheathe tick=402
[08:34:53] [Server thread/INFO] [STDOUT]: [com.layue13.clashweave.forge.CombatServer:trace:871]: CW AIM player=P0A id=4 requested=0.0 requestedPitch=0.0 selectedPitch=0.0 beforePitchDelta=0.0 afterPitchDelta=0.0 baseline=0.0 selected=0.0 beforeDelta=0.0 afterDelta=0.0 accepted=true
[08:34:53] [Server thread/INFO] [STDOUT]: [com.layue13.clashweave.forge.CombatServer:trace:871]: CW ACK player=P0A seq=24 result=START
[08:34:53] [Server thread/INFO] [STDOUT]: [com.layue13.clashweave.forge.SemanticDispatcher:publish:33]: CW_EVENT id=5 kind=SHEATHE actor=0 target=-1 instance=4 tick=410
[08:34:54] [Server thread/INFO] [STDOUT]: [com.layue13.clashweave.forge.CombatServer:trace:871]: CW FACING player=P0A seq=26 requested=0.0 known=0.0 chosen=0.0 accepted=true reason=OK
[08:34:54] [Server thread/INFO] [STDOUT]: [com.layue13.clashweave.forge.CombatServer:trace:871]: CW START player=P0A id=5 action=iai tick=427
[08:34:54] [Server thread/INFO] [STDOUT]: [com.layue13.clashweave.forge.CombatServer:trace:871]: CW AIM player=P0A id=5 requested=0.0 requestedPitch=0.0 selectedPitch=0.0 beforePitchDelta=0.0 afterPitchDelta=0.0 baseline=0.0 selected=0.0 beforeDelta=0.0 afterDelta=0.0 accepted=true
[08:34:54] [Server thread/INFO] [STDOUT]: [com.layue13.clashweave.forge.SemanticDispatcher:publish:33]: CW_EVENT id=6 kind=DRAW actor=0 target=-1 instance=5 tick=427
[08:34:54] [Server thread/INFO] [STDOUT]: [com.layue13.clashweave.forge.SemanticDispatcher:publish:33]: CW_EVENT id=7 kind=SWING actor=0 target=-1 instance=5 tick=427
[08:34:54] [Server thread/INFO] [STDOUT]: [com.layue13.clashweave.validation.NetworkScenario:login:44]: P0_NETWORK login=P0B
[08:34:55] [Server thread/INFO] [STDOUT]: [com.layue13.clashweave.forge.CombatServer:trace:871]: CW FACING player=P0A seq=28 requested=0.0 known=0.0 chosen=0.0 accepted=true reason=OK
[08:34:55] [Server thread/INFO] [STDOUT]: [com.layue13.clashweave.forge.CombatServer:trace:871]: CW LOCK_TARGET player=P0B target=-1 hint=0
[08:34:56] [Server thread/INFO] [STDOUT]: [com.layue13.clashweave.forge.CombatServer:trace:871]: CW FACING player=P0A seq=29 requested=0.0 known=0.0 chosen=0.0 accepted=true reason=OK
[08:34:56] [Server thread/INFO] [STDOUT]: [com.layue13.clashweave.forge.CombatServer:trace:871]: CW START player=P0A id=6 action=heavy tick=453
[08:34:56] [Server thread/INFO] [STDOUT]: [com.layue13.clashweave.forge.CombatServer:trace:871]: CW AIM player=P0A id=6 requested=0.0 requestedPitch=0.0 selectedPitch=0.0 beforePitchDelta=0.0 afterPitchDelta=0.0 baseline=0.0 selected=0.0 beforeDelta=0.0 afterDelta=0.0 accepted=true
[08:34:56] [Server thread/INFO] [STDOUT]: [com.layue13.clashweave.forge.SemanticDispatcher:publish:33]: CW_EVENT id=8 kind=SWING actor=0 target=-1 instance=6 tick=453
[08:34:56] [Server thread/INFO] [STDOUT]: [com.layue13.clashweave.validation.CompositionScenario:phase:14]: P0_COMPOSITION_PHASE name=WAIT target=87602 tick=458
[08:34:57] [Server thread/INFO] [STDOUT]: [com.layue13.clashweave.forge.CombatServer:trace:871]: CW FACING player=P0A seq=31 requested=0.0 known=0.0 chosen=0.0 accepted=true reason=OK
[08:34:57] [Server thread/INFO] [STDOUT]: [com.layue13.clashweave.forge.CombatServer:trace:871]: CW LOCK_TARGET player=P0A target=87602 hint=-1
[08:34:57] [Server thread/INFO] [STDOUT]: [com.layue13.clashweave.forge.CombatServer:trace:871]: CW START player=P0A id=7 action=sheathe tick=478
[08:34:57] [Server thread/INFO] [STDOUT]: [com.layue13.clashweave.forge.CombatServer:trace:871]: CW LOCK_AIM player=P0A id=7 target=87602 enabled=true before=0.0 after=0.0 correction=0.0 targetYaw=0.0 pitchCorrection=0
[08:34:57] [Server thread/INFO] [STDOUT]: [com.layue13.clashweave.forge.CombatServer:trace:871]: CW AIM player=P0A id=7 requested=0.0 requestedPitch=0.0 selectedPitch=0.0 beforePitchDelta=0.0 afterPitchDelta=0.0 baseline=0.0 selected=0.0 beforeDelta=0.0 afterDelta=0.0 accepted=true
[08:34:57] [Server thread/INFO] [STDOUT]: [com.layue13.clashweave.validation.CompositionScenario:phase:14]: P0_COMPOSITION_PHASE name=STILL target=87602 tick=478
[08:34:57] [Server thread/INFO] [STDOUT]: [com.layue13.clashweave.forge.SemanticDispatcher:publish:33]: CW_EVENT id=9 kind=SHEATHE actor=0 target=-1 instance=7 tick=486
[08:34:58] [Server thread/INFO] [STDOUT]: [com.layue13.clashweave.forge.CombatServer:trace:871]: CW FACING player=P0A seq=34 requested=0.0 known=0.0 chosen=0.0 accepted=true reason=OK
[08:34:58] [Server thread/INFO] [STDOUT]: [com.layue13.clashweave.forge.CombatServer:trace:871]: CW START player=P0A id=8 action=iai tick=503
[08:34:58] [Server thread/INFO] [STDOUT]: [com.layue13.clashweave.forge.CombatServer:trace:871]: CW LOCK_AIM player=P0A id=8 target=87602 enabled=true before=0.0 after=0.0 correction=0.0 targetYaw=0.0 pitchCorrection=0
[08:34:58] [Server thread/INFO] [STDOUT]: [com.layue13.clashweave.forge.CombatServer:trace:871]: CW AIM player=P0A id=8 requested=0.0 requestedPitch=10.028813 selectedPitch=10.028813 beforePitchDelta=10.028813 afterPitchDelta=0.0 baseline=0.0 selected=0.0 beforeDelta=0.0 afterDelta=0.0 accepted=true
[08:34:58] [Server thread/INFO] [STDOUT]: [com.layue13.clashweave.forge.SemanticDispatcher:publish:33]: CW_EVENT id=10 kind=DRAW actor=0 target=-1 instance=8 tick=503
[08:34:58] [Server thread/INFO] [STDOUT]: [com.layue13.clashweave.forge.SemanticDispatcher:publish:33]: CW_EVENT id=11 kind=SWING actor=0 target=-1 instance=8 tick=503
[08:34:58] [Server thread/INFO] [STDOUT]: [com.layue13.clashweave.forge.CombatServer:trace:871]: CW FACING player=P0A seq=36 requested=0.0 known=0.0 chosen=0.0 accepted=true reason=OK
[08:34:59] [Server thread/INFO] [STDOUT]: [com.layue13.clashweave.forge.CombatServer:trace:871]: CW START player=P0A id=9 action=heavy tick=528
[08:34:59] [Server thread/INFO] [STDOUT]: [com.layue13.clashweave.forge.CombatServer:trace:871]: CW LOCK_AIM player=P0A id=9 target=87602 enabled=true before=0.0 after=0.0 correction=0.0 targetYaw=0.0 pitchCorrection=0
[08:34:59] [Server thread/INFO] [STDOUT]: [com.layue13.clashweave.forge.CombatServer:trace:871]: CW AIM player=P0A id=9 requested=0.0 requestedPitch=10.02823 selectedPitch=10.02823 beforePitchDelta=10.02823 afterPitchDelta=0.0 baseline=0.0 selected=0.0 beforeDelta=0.0 afterDelta=0.0 accepted=true
[08:34:59] [Server thread/INFO] [STDOUT]: [com.layue13.clashweave.forge.SemanticDispatcher:publish:33]: CW_EVENT id=12 kind=SWING actor=0 target=-1 instance=9 tick=528
[08:34:59] [Server thread/INFO] [STDOUT]: [com.layue13.clashweave.validation.NetworkScenario:tick:105]: P0_PERF samples=100 meanNanos=289994 maxNanos=3795000
[08:35:01] [Server thread/INFO] [STDOUT]: [com.layue13.clashweave.forge.CombatServer:trace:871]: CW START player=P0A id=10 action=sheathe tick=553
[08:35:01] [Server thread/INFO] [STDOUT]: [com.layue13.clashweave.forge.CombatServer:trace:871]: CW LOCK_AIM player=P0A id=10 target=87602 enabled=true before=0.0 after=0.0 correction=0.0 targetYaw=0.0 pitchCorrection=0
[08:35:01] [Server thread/INFO] [STDOUT]: [com.layue13.clashweave.forge.CombatServer:trace:871]: CW AIM player=P0A id=10 requested=0.0 requestedPitch=10.0275955 selectedPitch=10.0275955 beforePitchDelta=10.0275955 afterPitchDelta=0.0 baseline=0.0 selected=0.0 beforeDelta=0.0 afterDelta=0.0 accepted=true
[08:35:02] [Server thread/INFO] [STDOUT]: [com.layue13.clashweave.forge.CombatServer:trace:871]: CW START player=P0A id=11 action=iai tick=578
[08:35:02] [Server thread/INFO] [STDOUT]: [com.layue13.clashweave.forge.CombatServer:trace:871]: CW LOCK_AIM player=P0A id=11 target=87602 enabled=true before=0.0 after=0.0 correction=0.0 targetYaw=0.0 pitchCorrection=0
[08:35:02] [Server thread/INFO] [STDOUT]: [com.layue13.clashweave.forge.CombatServer:trace:871]: CW AIM player=P0A id=11 requested=0.0 requestedPitch=10.027321 selectedPitch=10.027321 beforePitchDelta=10.027321 afterPitchDelta=0.0 baseline=0.0 selected=0.0 beforeDelta=0.0 afterDelta=0.0 accepted=true
[08:35:03] [Server thread/INFO] [STDOUT]: [com.layue13.clashweave.forge.CombatServer:trace:871]: CW START player=P0A id=12 action=heavy tick=603
[08:35:03] [Server thread/INFO] [STDOUT]: [com.layue13.clashweave.forge.CombatServer:trace:871]: CW LOCK_AIM player=P0A id=12 target=87602 enabled=true before=0.0 after=0.0 correction=0.0 targetYaw=0.0 pitchCorrection=0
[08:35:03] [Server thread/INFO] [STDOUT]: [com.layue13.clashweave.forge.CombatServer:trace:871]: CW AIM player=P0A id=12 requested=0.0 requestedPitch=10.029261 selectedPitch=10.029261 beforePitchDelta=10.029261 afterPitchDelta=0.0 baseline=0.0 selected=0.0 beforeDelta=0.0 afterDelta=0.0 accepted=true
[08:35:04] [Server thread/INFO] [STDOUT]: [com.layue13.clashweave.forge.CombatServer:trace:871]: CW LOCK_AIM player=P0A id=13 target=87602 enabled=true before=0.0 after=0.0 correction=0.0 targetYaw=0.0 pitchCorrection=0
[08:35:04] [Server thread/INFO] [STDOUT]: [com.layue13.clashweave.validation.NetworkScenario:tick:105]: P0_PERF samples=200 meanNanos=237836 maxNanos=3795000
[08:35:06] [Server thread/INFO] [STDOUT]: [com.layue13.clashweave.forge.CombatServer:trace:871]: CW LOCK_AIM player=P0A id=14 target=87602 enabled=true before=0.0 after=0.0 correction=0.0 targetYaw=0.0 pitchCorrection=0
[08:35:07] [Server thread/INFO] [STDOUT]: [com.layue13.clashweave.forge.CombatServer:trace:871]: CW LOCK_AIM player=P0A id=15 target=87602 enabled=true before=0.0 after=0.0 correction=0.0 targetYaw=0.0 pitchCorrection=0
[08:35:07] [Server thread/INFO] [STDOUT]: [com.layue13.clashweave.validation.CompositionScenario:phase:14]: P0_COMPOSITION_PHASE name=ORBIT target=87602 tick=678
[08:35:08] [Server thread/INFO] [STDOUT]: [com.layue13.clashweave.forge.CombatServer:trace:871]: CW LOCK_AIM player=P0A id=16 target=87602 enabled=true before=0.0 after=15.0 correction=15.0 targetYaw=36.0 pitchCorrection=0
[08:35:09] [Server thread/INFO] [STDOUT]: [com.layue13.clashweave.validation.NetworkScenario:tick:105]: P0_PERF samples=300 meanNanos=256717 maxNanos=13351600
[08:35:14] [Server thread/INFO] [STDOUT]: [com.layue13.clashweave.validation.NetworkScenario:tick:105]: P0_PERF samples=400 meanNanos=631258 maxNanos=158221800
[08:35:17] [Server thread/INFO] [STDOUT]: [com.layue13.clashweave.validation.CompositionScenario:phase:14]: P0_COMPOSITION_PHASE name=JITTER target=87602 tick=878
[08:35:19] [Server thread/INFO] [STDOUT]: [com.layue13.clashweave.validation.NetworkScenario:tick:105]: P0_PERF samples=500 meanNanos=537395 maxNanos=158221800
[08:35:24] [Server thread/INFO] [STDOUT]: [com.layue13.clashweave.validation.NetworkScenario:tick:105]: P0_PERF samples=600 meanNanos=474371 maxNanos=158221800
[08:35:27] [Server thread/INFO] [STDOUT]: [com.layue13.clashweave.validation.CompositionScenario:phase:14]: P0_COMPOSITION_PHASE name=JUMP target=87602 tick=1078
[08:35:29] [Server thread/INFO] [STDOUT]: [com.layue13.clashweave.validation.NetworkScenario:tick:105]: P0_PERF samples=700 meanNanos=428125 maxNanos=158221800
[08:35:34] [Server thread/INFO] [STDOUT]: [com.layue13.clashweave.validation.NetworkScenario:tick:105]: P0_PERF samples=800 meanNanos=391410 maxNanos=158221800
[08:35:37] [Server thread/INFO] [STDOUT]: [com.layue13.clashweave.validation.CompositionScenario:phase:14]: P0_COMPOSITION_PHASE name=MOUSE target=87602 tick=1278
[08:35:39] [Server thread/INFO] [STDOUT]: [com.layue13.clashweave.validation.NetworkScenario:tick:105]: P0_PERF samples=900 meanNanos=364084 maxNanos=158221800
[08:35:44] [Server thread/INFO] [STDOUT]: [com.layue13.clashweave.validation.NetworkScenario:tick:105]: P0_PERF samples=1000 meanNanos=342027 maxNanos=158221800
[08:35:47] [Server thread/INFO] [STDOUT]: [com.layue13.clashweave.validation.CompositionScenario:phase:14]: P0_COMPOSITION_PHASE name=FIRST target=87602 tick=1478
[08:35:49] [Server thread/INFO] [STDOUT]: [com.layue13.clashweave.validation.NetworkScenario:tick:105]: P0_PERF samples=1100 meanNanos=445081 maxNanos=158221800
[08:35:54] [Server thread/INFO] [STDOUT]: [com.layue13.clashweave.validation.NetworkScenario:tick:105]: P0_PERF samples=1200 meanNanos=421412 maxNanos=158221800
[08:35:57] [Server thread/INFO] [STDOUT]: [com.layue13.clashweave.validation.CompositionScenario:tick:26]: P0_NETWORK COMPLETE
