[04:07:03] [Server thread/INFO] [STDOUT]: [com.layue13.clashweave.s1c.DamageExperiment:nested:110]: CW2 S1C_NESTED scenario=attack-normal path=control at=attack-NORMAL timer=13 last=4.0 accepted=false loss=0.0
[04:07:03] [Server thread/INFO] [STDOUT]: [com.layue13.clashweave.s1c.DamageExperiment:run:101]: CW2 S1C_OUTER scenario=attack-normal path=control accepted=false hp=96.0 timer=13 last=4.0
[04:07:03] [Server thread/INFO] [STDOUT]: [com.layue13.clashweave.s1c.DamageExperiment:nested:110]: CW2 S1C_NESTED scenario=attack-normal path=candidate at=attack-NORMAL timer=13 last=4.0 accepted=false loss=0.0
[04:07:03] [Server thread/INFO] [STDOUT]: [com.layue13.clashweave.s1c.DamageExperiment:run:101]: CW2 S1C_OUTER scenario=attack-normal path=candidate accepted=true hp=94.0 timer=13 last=4.0
[04:07:03] [Server thread/INFO] [STDOUT]: [com.layue13.clashweave.s1c.DamageExperiment:pair:95]: CW2 S1C_PAIR scenario=attack-normal listenerRegisteredBeforeGate=true controlNested=false candidateNested=false controlLoss=0.0 candidateLoss=0.0 callbacks=1,1 equivalent=true
[04:07:03] [Server thread/INFO] [STDOUT]: [com.layue13.clashweave.s1c.DamageExperiment:nested:110]: CW2 S1C_NESTED scenario=hurt-high path=control at=hurt-HIGH timer=13 last=4.0 accepted=false loss=0.0
[04:07:03] [Server thread/INFO] [STDOUT]: [com.layue13.clashweave.s1c.DamageExperiment:run:101]: CW2 S1C_OUTER scenario=hurt-high path=control accepted=true hp=94.0 timer=13 last=6.0
[04:07:03] [Server thread/INFO] [STDOUT]: [com.layue13.clashweave.s1c.DamageExperiment:nested:110]: CW2 S1C_NESTED scenario=hurt-high path=candidate at=hurt-HIGH timer=13 last=4.0 accepted=false loss=0.0
[04:07:03] [Server thread/INFO] [STDOUT]: [com.layue13.clashweave.s1c.DamageExperiment:run:101]: CW2 S1C_OUTER scenario=hurt-high path=candidate accepted=true hp=94.0 timer=13 last=4.0
[04:07:03] [Server thread/INFO] [STDOUT]: [com.layue13.clashweave.s1c.DamageExperiment:pair:95]: CW2 S1C_PAIR scenario=hurt-high listenerRegisteredBeforeGate=true controlNested=false candidateNested=false controlLoss=0.0 candidateLoss=0.0 callbacks=1,1 equivalent=true
[04:07:03] [Server thread/INFO] [STDOUT]: [com.layue13.clashweave.s1c.DamageExperiment:nested:110]: CW2 S1C_NESTED scenario=hurt-low path=control at=hurt-LOW timer=13 last=4.0 accepted=false loss=0.0
[04:07:03] [Server thread/INFO] [STDOUT]: [com.layue13.clashweave.s1c.DamageExperiment:run:101]: CW2 S1C_OUTER scenario=hurt-low path=control accepted=true hp=94.0 timer=13 last=6.0
[04:07:03] [Server thread/INFO] [STDOUT]: [com.layue13.clashweave.s1c.DamageExperiment:nested:110]: CW2 S1C_NESTED scenario=hurt-low path=candidate at=hurt-LOW timer=13 last=4.0 accepted=false loss=0.0
[04:07:03] [Server thread/INFO] [STDOUT]: [com.layue13.clashweave.s1c.DamageExperiment:run:101]: CW2 S1C_OUTER scenario=hurt-low path=candidate accepted=true hp=94.0 timer=13 last=4.0
[04:07:03] [Server thread/INFO] [STDOUT]: [com.layue13.clashweave.s1c.DamageExperiment:pair:95]: CW2 S1C_PAIR scenario=hurt-low listenerRegisteredBeforeGate=true controlNested=false candidateNested=false controlLoss=0.0 candidateLoss=0.0 callbacks=1,1 equivalent=true
[04:07:03] [Server thread/INFO] [STDOUT]: [com.layue13.clashweave.s1c.DamageExperiment:nested:110]: CW2 S1C_NESTED scenario=attack-lowest-before path=control at=attack-LOWEST timer=13 last=4.0 accepted=false loss=0.0
[04:07:03] [Server thread/INFO] [STDOUT]: [com.layue13.clashweave.s1c.DamageExperiment:run:101]: CW2 S1C_OUTER scenario=attack-lowest-before path=control accepted=false hp=96.0 timer=13 last=4.0
[04:07:03] [Server thread/INFO] [STDOUT]: [com.layue13.clashweave.s1c.DamageExperiment:nested:110]: CW2 S1C_NESTED scenario=attack-lowest-before path=candidate at=attack-LOWEST timer=13 last=4.0 accepted=false loss=0.0
[04:07:03] [Server thread/INFO] [STDOUT]: [com.layue13.clashweave.s1c.DamageExperiment:run:101]: CW2 S1C_OUTER scenario=attack-lowest-before path=candidate accepted=true hp=94.0 timer=13 last=4.0
[04:07:03] [Server thread/INFO] [STDOUT]: [com.layue13.clashweave.s1c.DamageExperiment:pair:95]: CW2 S1C_PAIR scenario=attack-lowest-before listenerRegisteredBeforeGate=true controlNested=false candidateNested=false controlLoss=0.0 candidateLoss=0.0 callbacks=1,1 equivalent=true
[04:07:03] [Server thread/INFO] [STDOUT]: [com.layue13.clashweave.s1c.DamageExperiment:nested:110]: CW2 S1C_NESTED scenario=attack-lowest-after path=control at=attack-LOWEST timer=13 last=4.0 accepted=false loss=0.0
[04:07:03] [Server thread/INFO] [STDOUT]: [com.layue13.clashweave.s1c.DamageExperiment:run:101]: CW2 S1C_OUTER scenario=attack-lowest-after path=control accepted=false hp=96.0 timer=13 last=4.0
[04:07:03] [Server thread/INFO] [STDOUT]: [com.layue13.clashweave.s1c.DamageExperiment:nested:110]: CW2 S1C_NESTED scenario=attack-lowest-after path=candidate at=attack-LOWEST timer=0 last=4.0 accepted=true loss=4.0
[04:07:03] [Server thread/INFO] [STDOUT]: [com.layue13.clashweave.s1c.DamageExperiment:run:101]: CW2 S1C_OUTER scenario=attack-lowest-after path=candidate accepted=false hp=92.0 timer=13 last=4.0
[04:07:03] [Server thread/INFO] [STDOUT]: [com.layue13.clashweave.s1c.DamageExperiment:pair:95]: CW2 S1C_PAIR scenario=attack-lowest-after listenerRegisteredBeforeGate=false controlNested=false candidateNested=true controlLoss=0.0 candidateLoss=4.0 callbacks=1,1 equivalent=false
[04:07:03] [Server thread/INFO] [STDOUT]: [com.layue13.clashweave.s1c.DamageExperiment:nested:110]: CW2 S1C_NESTED scenario=hurt-highest-before path=control at=hurt-HIGHEST timer=13 last=4.0 accepted=false loss=0.0
[04:07:03] [Server thread/INFO] [STDOUT]: [com.layue13.clashweave.s1c.DamageExperiment:run:101]: CW2 S1C_OUTER scenario=hurt-highest-before path=control accepted=true hp=94.0 timer=13 last=6.0
[04:07:03] [Server thread/INFO] [STDOUT]: [com.layue13.clashweave.s1c.DamageExperiment:nested:110]: CW2 S1C_NESTED scenario=hurt-highest-before path=candidate at=hurt-HIGHEST timer=20 last=2.0 accepted=true loss=2.0
[04:07:03] [Server thread/INFO] [STDOUT]: [com.layue13.clashweave.s1c.DamageExperiment:run:101]: CW2 S1C_OUTER scenario=hurt-highest-before path=candidate accepted=true hp=92.0 timer=13 last=4.0
[04:07:03] [Server thread/INFO] [STDOUT]: [com.layue13.clashweave.s1c.DamageExperiment:pair:95]: CW2 S1C_PAIR scenario=hurt-highest-before listenerRegisteredBeforeGate=true controlNested=false candidateNested=true controlLoss=0.0 candidateLoss=2.0 callbacks=1,1 equivalent=false
[04:07:03] [Server thread/INFO] [STDOUT]: [com.layue13.clashweave.s1c.DamageExperiment:nested:110]: CW2 S1C_NESTED scenario=hurt-highest-after path=control at=hurt-HIGHEST timer=13 last=4.0 accepted=false loss=0.0
[04:07:03] [Server thread/INFO] [STDOUT]: [com.layue13.clashweave.s1c.DamageExperiment:run:101]: CW2 S1C_OUTER scenario=hurt-highest-after path=control accepted=true hp=94.0 timer=13 last=6.0
[04:07:03] [Server thread/INFO] [STDOUT]: [com.layue13.clashweave.s1c.DamageExperiment:nested:110]: CW2 S1C_NESTED scenario=hurt-highest-after path=candidate at=hurt-HIGHEST timer=13 last=4.0 accepted=false loss=0.0
[04:07:03] [Server thread/INFO] [STDOUT]: [com.layue13.clashweave.s1c.DamageExperiment:run:101]: CW2 S1C_OUTER scenario=hurt-highest-after path=candidate accepted=true hp=94.0 timer=13 last=4.0
[04:07:03] [Server thread/INFO] [STDOUT]: [com.layue13.clashweave.s1c.DamageExperiment:pair:95]: CW2 S1C_PAIR scenario=hurt-highest-after listenerRegisteredBeforeGate=false controlNested=false candidateNested=false controlLoss=0.0 candidateLoss=0.0 callbacks=1,1 equivalent=true
[04:07:03] [Server thread/INFO] [STDOUT]: [com.layue13.clashweave.s1c.DamageExperiment:nested:110]: CW2 S1C_NESTED scenario=player-attack path=control at=attack-NORMAL timer=13 last=4.0 accepted=false loss=0.0
[04:07:03] [Server thread/INFO] [STDOUT]: [com.layue13.clashweave.s1c.DamageExperiment:nested:110]: CW2 S1C_NESTED scenario=player-attack path=control at=attack-NORMAL timer=13 last=4.0 accepted=false loss=0.0
[04:07:03] [Server thread/INFO] [STDOUT]: [com.layue13.clashweave.s1c.DamageExperiment:run:101]: CW2 S1C_OUTER scenario=player-attack path=control accepted=false hp=96.0 timer=13 last=4.0
[04:07:03] [Server thread/INFO] [STDOUT]: [com.layue13.clashweave.s1c.DamageExperiment:nested:110]: CW2 S1C_NESTED scenario=player-attack path=candidate at=attack-NORMAL timer=13 last=4.0 accepted=false loss=0.0
[04:07:03] [Server thread/INFO] [STDOUT]: [com.layue13.clashweave.s1c.DamageExperiment:nested:110]: CW2 S1C_NESTED scenario=player-attack path=candidate at=attack-NORMAL timer=0 last=4.0 accepted=true loss=4.0
[04:07:03] [Server thread/INFO] [STDOUT]: [com.layue13.clashweave.s1c.DamageExperiment:run:101]: CW2 S1C_OUTER scenario=player-attack path=candidate accepted=true hp=90.0 timer=13 last=4.0
[04:07:03] [Server thread/INFO] [STDOUT]: [com.layue13.clashweave.s1c.DamageExperiment:pair:95]: CW2 S1C_PAIR scenario=player-attack listenerRegisteredBeforeGate=true controlNested=false candidateNested=true controlLoss=0.0 candidateLoss=4.0 callbacks=2,2 equivalent=false
[04:07:03] [Server thread/INFO] [STDOUT]: [com.layue13.clashweave.s1c.DamageExperiment:nested:110]: CW2 S1C_NESTED scenario=player-hurt path=control at=hurt-HIGH timer=13 last=4.0 accepted=false loss=0.0
[04:07:03] [Server thread/INFO] [STDOUT]: [com.layue13.clashweave.s1c.DamageExperiment:run:101]: CW2 S1C_OUTER scenario=player-hurt path=control accepted=true hp=94.0 timer=13 last=6.0
[04:07:03] [Server thread/INFO] [STDOUT]: [com.layue13.clashweave.s1c.DamageExperiment:nested:110]: CW2 S1C_NESTED scenario=player-hurt path=candidate at=hurt-HIGH timer=13 last=4.0 accepted=false loss=0.0
[04:07:03] [Server thread/INFO] [STDOUT]: [com.layue13.clashweave.s1c.DamageExperiment:run:101]: CW2 S1C_OUTER scenario=player-hurt path=candidate accepted=true hp=94.0 timer=13 last=4.0
[04:07:03] [Server thread/INFO] [STDOUT]: [com.layue13.clashweave.s1c.DamageExperiment:pair:95]: CW2 S1C_PAIR scenario=player-hurt listenerRegisteredBeforeGate=true controlNested=false candidateNested=false controlLoss=0.0 candidateLoss=0.0 callbacks=1,1 equivalent=true
[04:07:03] [Server thread/INFO] [STDOUT]: [com.layue13.clashweave.s1c.DamageExperiment:boundary:163]: CW2 S1C_BOUNDARY scenario=cancel-attack accepted=false threw=false loss=0.0 hp=96.0 deadFlag=false timer=13 last=4.0 restored=true noExtraLoss=true
[04:07:03] [Server thread/INFO] [STDOUT]: [com.layue13.clashweave.s1c.DamageExperiment:boundary:163]: CW2 S1C_BOUNDARY scenario=cancel-hurt accepted=true threw=false loss=0.0 hp=96.0 deadFlag=false timer=13 last=4.0 restored=true noExtraLoss=true
[04:07:03] [Server thread/INFO] [STDOUT]: [com.layue13.clashweave.s1c.DamageExperiment:boundary:163]: CW2 S1C_BOUNDARY scenario=zero accepted=true threw=false loss=0.0 hp=96.0 deadFlag=false timer=13 last=4.0 restored=true noExtraLoss=true
[04:07:03] [Server thread/INFO] [STDOUT]: [com.layue13.clashweave.s1c.DamageExperiment:boundary:163]: CW2 S1C_BOUNDARY scenario=already-dead accepted=false threw=false loss=0.0 hp=0.0 deadFlag=false timer=13 last=4.0 restored=true noExtraLoss=true
[04:07:03] [Server thread/INFO] [STDOUT]: [com.layue13.clashweave.s1c.DamageExperiment:boundary:163]: CW2 S1C_BOUNDARY scenario=lethal accepted=true threw=false loss=1.0 hp=0.0 deadFlag=false timer=13 last=4.0 restored=true noExtraLoss=true
[04:07:03] [Server thread/INFO] [STDOUT]: [com.layue13.clashweave.s1c.DamageExperiment:boundary:163]: CW2 S1C_BOUNDARY scenario=throw-attack accepted=false threw=true loss=0.0 hp=96.0 deadFlag=false timer=13 last=4.0 restored=true noExtraLoss=true
[04:07:03] [Server thread/INFO] [STDOUT]: [com.layue13.clashweave.s1c.DamageExperiment:boundary:163]: CW2 S1C_BOUNDARY scenario=throw-hurt accepted=false threw=true loss=0.0 hp=96.0 deadFlag=false timer=13 last=4.0 restored=true noExtraLoss=true
[04:07:03] [Server thread/INFO] [STDOUT]: [com.layue13.clashweave.s1c.DamageExperiment:attackLowest:125]: CW2 S1C_THROW at=attack-LOWEST timer=0 last=4.0
[04:07:03] [Server thread/INFO] [STDOUT]: [com.layue13.clashweave.s1c.DamageExperiment:boundary:163]: CW2 S1C_BOUNDARY scenario=throw-attack-after-clear accepted=false threw=true loss=0.0 hp=96.0 deadFlag=false timer=13 last=4.0 restored=true noExtraLoss=true
[04:07:03] [Server thread/INFO] [STDOUT]: [com.layue13.clashweave.s1c.DamageExperiment:hurtHighest:133]: CW2 S1C_THROW at=hurt-HIGHEST timer=20 last=2.0
[04:07:03] [Server thread/INFO] [STDOUT]: [com.layue13.clashweave.s1c.DamageExperiment:boundary:163]: CW2 S1C_BOUNDARY scenario=throw-hurt-before-restore accepted=false threw=true loss=0.0 hp=96.0 deadFlag=false timer=13 last=4.0 restored=true noExtraLoss=true
[04:07:03] [Server thread/INFO] [STDOUT]: [com.layue13.clashweave.s1c.DamageExperiment:ledger:175]: CW2 S1C_LEDGER first=true duplicate=false secondSegment=true beforeEnd=2 afterEnd=0 nextAction=true final=0
[04:07:03] [Server thread/INFO] [STDOUT]: [com.layue13.clashweave.s1c.DamageExperiment:started:50]: CW2 S1C_RESULT pairs=9 mismatches=3 frameDepth=0 ledger=0 verdict=FAIL
