# Log excerpt; complete raw log retained locally under build/p0/runs.
# Original lines: 6357
# Marker counts: {'Exception': 171, 'ERROR': 2, 'P0_NETWORK': 3, ' CW ENGAGEMENT': 2, ' CW INPUT': 229, ' CW ACK': 204, ' CW FACING': 62, ' CW START': 59, ' CW AIM': 59, 'CW_EVENT': 130, ' CW FREEZE': 39, ' CW COMMIT': 39, 'P0_PREP': 64, ' CW LOCK': 1, 'P0_PERF': 10}
[Loaded java.lang.Exception from C:\Program Files\Zulu\zulu-8\jre\lib\rt.jar]
[Loaded java.lang.RuntimeException from C:\Program Files\Zulu\zulu-8\jre\lib\rt.jar]
[Loaded java.lang.ReflectiveOperationException from C:\Program Files\Zulu\zulu-8\jre\lib\rt.jar]
[Loaded java.lang.ClassNotFoundException from C:\Program Files\Zulu\zulu-8\jre\lib\rt.jar]
[Loaded java.lang.ClassCastException from C:\Program Files\Zulu\zulu-8\jre\lib\rt.jar]
[Loaded java.lang.ArrayStoreException from C:\Program Files\Zulu\zulu-8\jre\lib\rt.jar]
[Loaded java.lang.IllegalMonitorStateException from C:\Program Files\Zulu\zulu-8\jre\lib\rt.jar]
[Loaded java.lang.Thread$UncaughtExceptionHandler from C:\Program Files\Zulu\zulu-8\jre\lib\rt.jar]
[Loaded java.lang.NullPointerException from C:\Program Files\Zulu\zulu-8\jre\lib\rt.jar]
[Loaded java.lang.ArithmeticException from C:\Program Files\Zulu\zulu-8\jre\lib\rt.jar]
[Loaded java.lang.InterruptedException from C:\Program Files\Zulu\zulu-8\jre\lib\rt.jar]
[Loaded java.security.PrivilegedExceptionAction from C:\Program Files\Zulu\zulu-8\jre\lib\rt.jar]
[15:48:13] [main/ERROR] [FML]: The binary patch set is missing. Either you are in a development environment, or things are not going to work!
[15:48:14] [main/ERROR] [FML]: FML appears to be missing any signature data. This is not a good thing
[15:48:34] [Server thread/INFO] [STDOUT]: [com.layue13.clashweave.validation.NetworkScenario:login:44]: P0_NETWORK login=P0A
[15:48:34] [Server thread/INFO] [STDOUT]: [com.layue13.clashweave.forge.CombatServer:trace:768]: CW ENGAGEMENT player=P0A engaged=true revision=2 tick=206 sent=32129984355100
[15:48:34] [Server thread/INFO] [STDOUT]: [com.layue13.clashweave.forge.CombatServer:trace:768]: CW INPUT player=P0A seq=1 kind=-2 target=-1 origin=0 stamp=207 receivedTick=234 consumedTick=235 arrival=32130410896900 gate=STALE
[15:48:34] [Server thread/INFO] [STDOUT]: [com.layue13.clashweave.forge.CombatServer:trace:768]: CW ACK player=P0A seq=1 result=REJECT:STALE
[15:48:34] [Server thread/INFO] [STDOUT]: [com.layue13.clashweave.forge.CombatServer:trace:768]: CW INPUT player=P0A seq=2 kind=-2 target=-1 origin=0 stamp=208 receivedTick=234 consumedTick=235 arrival=32130410943500 gate=STALE
[15:48:34] [Server thread/INFO] [STDOUT]: [com.layue13.clashweave.forge.CombatServer:trace:768]: CW ACK player=P0A seq=2 result=REJECT:STALE
[15:48:34] [Server thread/INFO] [STDOUT]: [com.layue13.clashweave.forge.CombatServer:trace:768]: CW INPUT player=P0A seq=3 kind=-2 target=-1 origin=0 stamp=209 receivedTick=234 consumedTick=235 arrival=32130410960500 gate=STALE
[15:48:34] [Server thread/INFO] [STDOUT]: [com.layue13.clashweave.forge.CombatServer:trace:768]: CW ACK player=P0A seq=3 result=REJECT:STALE
[15:48:34] [Server thread/INFO] [STDOUT]: [com.layue13.clashweave.forge.CombatServer:trace:768]: CW INPUT player=P0A seq=4 kind=-2 target=-1 origin=0 stamp=210 receivedTick=234 consumedTick=235 arrival=32130410974800 gate=STALE
[15:48:34] [Server thread/INFO] [STDOUT]: [com.layue13.clashweave.forge.CombatServer:trace:768]: CW ACK player=P0A seq=4 result=REJECT:STALE
[15:48:34] [Server thread/INFO] [STDOUT]: [com.layue13.clashweave.forge.CombatServer:trace:768]: CW INPUT player=P0A seq=5 kind=-2 target=-1 origin=0 stamp=211 receivedTick=234 consumedTick=235 arrival=32130410988700 gate=STALE
[15:48:34] [Server thread/INFO] [STDOUT]: [com.layue13.clashweave.forge.CombatServer:trace:768]: CW ACK player=P0A seq=5 result=REJECT:STALE
[15:48:34] [Server thread/INFO] [STDOUT]: [com.layue13.clashweave.forge.CombatServer:trace:768]: CW INPUT player=P0A seq=6 kind=-2 target=-1 origin=0 stamp=212 receivedTick=234 consumedTick=235 arrival=32130411380500 gate=STALE
[15:48:34] [Server thread/INFO] [STDOUT]: [com.layue13.clashweave.forge.CombatServer:trace:768]: CW ACK player=P0A seq=6 result=REJECT:STALE
[15:48:34] [Server thread/INFO] [STDOUT]: [com.layue13.clashweave.forge.CombatServer:trace:768]: CW INPUT player=P0A seq=7 kind=-2 target=-1 origin=0 stamp=213 receivedTick=234 consumedTick=235 arrival=32130411400400 gate=STALE
[15:48:34] [Server thread/INFO] [STDOUT]: [com.layue13.clashweave.forge.CombatServer:trace:768]: CW ACK player=P0A seq=7 result=REJECT:STALE
[15:48:34] [Server thread/INFO] [STDOUT]: [com.layue13.clashweave.forge.CombatServer:trace:768]: CW INPUT player=P0A seq=8 kind=-2 target=-1 origin=0 stamp=214 receivedTick=234 consumedTick=235 arrival=32130411412500 gate=STALE
[15:48:34] [Server thread/INFO] [STDOUT]: [com.layue13.clashweave.forge.CombatServer:trace:768]: CW ACK player=P0A seq=8 result=REJECT:STALE
[15:48:34] [Server thread/INFO] [STDOUT]: [com.layue13.clashweave.forge.CombatServer:trace:768]: CW INPUT player=P0A seq=9 kind=-2 target=-1 origin=0 stamp=215 receivedTick=234 consumedTick=235 arrival=32130411422700 gate=STALE
[15:48:34] [Server thread/INFO] [STDOUT]: [com.layue13.clashweave.forge.CombatServer:trace:768]: CW ACK player=P0A seq=9 result=REJECT:STALE
[15:48:34] [Server thread/INFO] [STDOUT]: [com.layue13.clashweave.forge.CombatServer:trace:768]: CW INPUT player=P0A seq=10 kind=-2 target=-1 origin=0 stamp=216 receivedTick=234 consumedTick=235 arrival=32130411431800 gate=STALE
[15:48:34] [Server thread/INFO] [STDOUT]: [com.layue13.clashweave.forge.CombatServer:trace:768]: CW ACK player=P0A seq=10 result=REJECT:STALE
[15:48:34] [Server thread/INFO] [STDOUT]: [com.layue13.clashweave.forge.CombatServer:trace:768]: CW INPUT player=P0A seq=11 kind=-2 target=-1 origin=0 stamp=217 receivedTick=234 consumedTick=235 arrival=32130411453900 gate=STALE
[15:48:34] [Server thread/INFO] [STDOUT]: [com.layue13.clashweave.forge.CombatServer:trace:768]: CW ACK player=P0A seq=11 result=REJECT:STALE
[15:48:34] [Server thread/INFO] [STDOUT]: [com.layue13.clashweave.forge.CombatServer:trace:768]: CW INPUT player=P0A seq=12 kind=-2 target=-1 origin=0 stamp=218 receivedTick=234 consumedTick=235 arrival=32130411463600 gate=STALE
[15:48:34] [Server thread/INFO] [STDOUT]: [com.layue13.clashweave.forge.CombatServer:trace:768]: CW ACK player=P0A seq=12 result=REJECT:STALE
[15:48:38] [Server thread/INFO] [STDOUT]: [com.layue13.clashweave.forge.CombatServer:trace:768]: CW FACING player=P0A seq=48 requested=0.0 known=40.0 chosen=40.0 accepted=false reason=TURN_RATE
[15:48:38] [Server thread/INFO] [STDOUT]: [com.layue13.clashweave.forge.CombatServer:trace:768]: CW START player=P0A id=1 action=iai tick=317
[15:48:38] [Server thread/INFO] [STDOUT]: [com.layue13.clashweave.forge.CombatServer:trace:768]: CW AIM player=P0A id=1 requested=0.0 baseline=40.0 selected=40.0 beforeDelta=40.0 afterDelta=40.0 accepted=false
[15:48:38] [Server thread/INFO] [STDOUT]: [com.layue13.clashweave.forge.SemanticDispatcher:publish:33]: CW_EVENT id=1 kind=DRAW actor=0 target=-1 instance=1 tick=317
[15:48:38] [Server thread/INFO] [STDOUT]: [com.layue13.clashweave.forge.SemanticDispatcher:publish:33]: CW_EVENT id=2 kind=SWING actor=0 target=-1 instance=1 tick=317
[15:48:39] [Server thread/INFO] [STDOUT]: [com.layue13.clashweave.forge.CombatServer:trace:768]: CW FREEZE player=P0A targetPlayer=false target=1 id=1 hitTick=322 frozen=32134753585800
[15:48:39] [Server thread/INFO] [STDOUT]: [com.layue13.clashweave.forge.SemanticDispatcher:publish:33]: CW_EVENT id=3 kind=HIT actor=0 target=1 instance=1 tick=322
[15:48:39] [Server thread/INFO] [STDOUT]: [com.layue13.clashweave.forge.SemanticDispatcher:publish:33]: CW_EVENT id=4 kind=HURT actor=1 target=0 instance=1 tick=322
[15:48:39] [Server thread/INFO] [STDOUT]: [com.layue13.clashweave.forge.CombatServer:trace:768]: CW COMMIT player=P0A targetPlayer=false target=1 id=1 hitTick=322 commitTick=322 frozen=32134753585800 cutoff=32134753924400 guard=0 damage=5.0 hit=true hp=191.4 facing=true
[15:48:39] [Server thread/INFO] [STDOUT]: [com.layue13.clashweave.forge.CombatServer:trace:768]: CW FACING player=P0A seq=50 requested=0.0 known=80.0 chosen=80.0 accepted=false reason=TURN_RATE
[15:48:39] [Server thread/INFO] [STDOUT]: [com.layue13.clashweave.forge.CombatServer:trace:768]: CW START player=P0A id=2 action=light_1 tick=326
[15:48:39] [Server thread/INFO] [STDOUT]: [com.layue13.clashweave.forge.CombatServer:trace:768]: CW AIM player=P0A id=2 requested=0.0 baseline=80.0 selected=80.0 beforeDelta=80.0 afterDelta=80.0 accepted=false
[15:48:39] [Server thread/INFO] [STDOUT]: [com.layue13.clashweave.forge.SemanticDispatcher:publish:33]: CW_EVENT id=5 kind=SWING actor=0 target=-1 instance=2 tick=326
[15:48:39] [Server thread/INFO] [STDOUT]: [com.layue13.clashweave.forge.CombatServer:trace:768]: CW FREEZE player=P0A targetPlayer=false target=1 id=2 hitTick=330 frozen=32135154287800
[15:48:39] [Server thread/INFO] [STDOUT]: [com.layue13.clashweave.forge.SemanticDispatcher:publish:33]: CW_EVENT id=6 kind=HIT actor=0 target=1 instance=2 tick=330
[15:48:39] [Server thread/INFO] [STDOUT]: [com.layue13.clashweave.forge.SemanticDispatcher:publish:33]: CW_EVENT id=7 kind=HURT actor=1 target=0 instance=2 tick=330
[15:48:39] [Server thread/INFO] [STDOUT]: [com.layue13.clashweave.forge.CombatServer:trace:768]: CW COMMIT player=P0A targetPlayer=false target=1 id=2 hitTick=330 commitTick=330 frozen=32135154287800 cutoff=32135154623200 guard=0 damage=3.0 hit=true hp=188.56 facing=true
[15:48:39] [Server thread/INFO] [STDOUT]: [com.layue13.clashweave.forge.CombatServer:trace:768]: CW FACING player=P0A seq=52 requested=0.0 known=0.0 chosen=0.0 accepted=true reason=OK
[15:48:39] [Server thread/INFO] [STDOUT]: [com.layue13.clashweave.forge.CombatServer:trace:768]: CW START player=P0A id=3 action=light_2 tick=334
[15:48:39] [Server thread/INFO] [STDOUT]: [com.layue13.clashweave.forge.CombatServer:trace:768]: CW AIM player=P0A id=3 requested=0.0 baseline=0.0 selected=0.0 beforeDelta=0.0 afterDelta=0.0 accepted=true
[15:48:39] [Server thread/INFO] [STDOUT]: [com.layue13.clashweave.forge.SemanticDispatcher:publish:33]: CW_EVENT id=8 kind=SWING actor=0 target=-1 instance=3 tick=334
[15:48:40] [Server thread/INFO] [STDOUT]: [com.layue13.clashweave.forge.CombatServer:trace:768]: CW FACING player=P0A seq=54 requested=0.0 known=0.0 chosen=0.0 accepted=true reason=OK
[15:48:40] [Server thread/INFO] [STDOUT]: [com.layue13.clashweave.forge.CombatServer:trace:768]: CW FACING player=P0A seq=55 requested=0.0 known=0.0 chosen=0.0 accepted=true reason=OK
[15:48:41] [Server thread/INFO] [STDOUT]: [com.layue13.clashweave.forge.CombatServer:trace:768]: CW FACING player=P0A seq=56 requested=0.0 known=0.0 chosen=0.0 accepted=true reason=OK
[15:48:41] [Server thread/INFO] [STDOUT]: [com.layue13.clashweave.forge.CombatServer:trace:768]: CW START player=P0A id=4 action=light_1 tick=363
[15:48:41] [Server thread/INFO] [STDOUT]: [com.layue13.clashweave.forge.CombatServer:trace:768]: CW AIM player=P0A id=4 requested=0.0 baseline=0.0 selected=0.0 beforeDelta=0.0 afterDelta=0.0 accepted=true
[15:48:41] [Server thread/INFO] [STDOUT]: [com.layue13.clashweave.forge.SemanticDispatcher:publish:33]: CW_EVENT id=9 kind=SWING actor=0 target=-1 instance=4 tick=363
[15:48:41] [Server thread/INFO] [STDOUT]: [com.layue13.clashweave.forge.CombatServer:trace:768]: CW FREEZE player=P0A targetPlayer=false target=1 id=4 hitTick=368 frozen=32137052313400
[15:48:41] [Server thread/INFO] [STDOUT]: [com.layue13.clashweave.forge.SemanticDispatcher:publish:33]: CW_EVENT id=10 kind=HIT actor=0 target=1 instance=4 tick=368
[15:48:41] [Server thread/INFO] [STDOUT]: [com.layue13.clashweave.forge.SemanticDispatcher:publish:33]: CW_EVENT id=11 kind=HURT actor=1 target=0 instance=4 tick=368
[15:48:41] [Server thread/INFO] [STDOUT]: [com.layue13.clashweave.forge.CombatServer:trace:768]: CW COMMIT player=P0A targetPlayer=false target=1 id=4 hitTick=368 commitTick=368 frozen=32137052313400 cutoff=32137052602600 guard=0 damage=3.0 hit=true hp=183.8 facing=true
[15:48:41] [Server thread/INFO] [STDOUT]: [com.layue13.clashweave.forge.CombatServer:trace:768]: CW FACING player=P0A seq=58 requested=0.0 known=0.0 chosen=0.0 accepted=true reason=OK
[15:48:41] [Server thread/INFO] [STDOUT]: [com.layue13.clashweave.forge.CombatServer:trace:768]: CW START player=P0A id=5 action=heavy tick=372
[15:48:41] [Server thread/INFO] [STDOUT]: [com.layue13.clashweave.forge.CombatServer:trace:768]: CW AIM player=P0A id=5 requested=0.0 baseline=0.0 selected=0.0 beforeDelta=0.0 afterDelta=0.0 accepted=true
[15:48:41] [Server thread/INFO] [STDOUT]: [com.layue13.clashweave.forge.SemanticDispatcher:publish:33]: CW_EVENT id=12 kind=SWING actor=0 target=-1 instance=5 tick=372
[15:48:43] [Server thread/INFO] [STDOUT]: [com.layue13.clashweave.forge.CombatServer:trace:768]: CW FACING player=P0A seq=60 requested=0.0 known=40.0 chosen=40.0 accepted=false reason=TURN_RATE
[15:48:43] [Server thread/INFO] [STDOUT]: [com.layue13.clashweave.forge.CombatServer:trace:768]: CW START player=P0A id=6 action=heavy tick=414
[15:48:43] [Server thread/INFO] [STDOUT]: [com.layue13.clashweave.forge.CombatServer:trace:768]: CW AIM player=P0A id=6 requested=0.0 baseline=40.0 selected=40.0 beforeDelta=40.0 afterDelta=40.0 accepted=false
[15:48:44] [Server thread/INFO] [STDOUT]: [com.layue13.clashweave.validation.NetworkScenario:login:44]: P0_NETWORK login=P0B
[15:48:44] [Server thread/INFO] [STDOUT]: [com.layue13.clashweave.validation.NetworkScenario:tick:91]: P0_PREP player=P0A afterInstance=6
[15:48:44] [Server thread/INFO] [STDOUT]: [com.layue13.clashweave.validation.NetworkScenario:tick:91]: P0_PREP player=P0B afterInstance=6
[15:48:44] [Server thread/INFO] [STDOUT]: [com.layue13.clashweave.forge.CombatServer:trace:768]: CW FACING player=P0A seq=62 requested=0.0 known=0.0 chosen=0.0 accepted=true reason=OK
[15:48:44] [Server thread/INFO] [STDOUT]: [com.layue13.clashweave.forge.CombatServer:trace:768]: CW START player=P0A id=7 action=sheathe tick=439
[15:48:44] [Server thread/INFO] [STDOUT]: [com.layue13.clashweave.forge.CombatServer:trace:768]: CW AIM player=P0A id=7 requested=0.0 baseline=0.0 selected=0.0 beforeDelta=0.0 afterDelta=0.0 accepted=true
[15:48:45] [Server thread/INFO] [STDOUT]: [com.layue13.clashweave.validation.NetworkScenario:tick:91]: P0_PREP player=P0A afterInstance=7
[15:48:45] [Server thread/INFO] [STDOUT]: [com.layue13.clashweave.validation.NetworkScenario:tick:91]: P0_PREP player=P0B afterInstance=7
[15:48:45] [Server thread/INFO] [STDOUT]: [com.layue13.clashweave.forge.CombatServer:trace:768]: CW LOCK_TARGET player=P0B target=0 hint=0
[15:48:45] [Server thread/INFO] [STDOUT]: [com.layue13.clashweave.forge.CombatServer:trace:768]: CW ENGAGEMENT player=P0B engaged=true revision=4 tick=456 sent=32141455190500
[15:48:46] [Server thread/INFO] [STDOUT]: [com.layue13.clashweave.forge.CombatServer:trace:768]: CW FACING player=P0A seq=64 requested=0.0 known=40.0 chosen=40.0 accepted=false reason=TURN_RATE
[15:48:46] [Server thread/INFO] [STDOUT]: [com.layue13.clashweave.forge.CombatServer:trace:768]: CW START player=P0A id=8 action=iai tick=464
[15:48:46] [Server thread/INFO] [STDOUT]: [com.layue13.clashweave.forge.CombatServer:trace:768]: CW AIM player=P0A id=8 requested=0.0 baseline=40.0 selected=40.0 beforeDelta=40.0 afterDelta=40.0 accepted=false
[15:48:46] [Server thread/INFO] [STDOUT]: [com.layue13.clashweave.forge.CombatServer:trace:768]: CW FACING player=P0A seq=66 requested=0.0 known=0.0 chosen=0.0 accepted=true reason=OK
[15:48:47] [Server thread/INFO] [STDOUT]: [com.layue13.clashweave.validation.NetworkScenario:tick:91]: P0_PREP player=P0A afterInstance=8
[15:48:47] [Server thread/INFO] [STDOUT]: [com.layue13.clashweave.validation.NetworkScenario:tick:91]: P0_PREP player=P0B afterInstance=8
[15:48:47] [Server thread/INFO] [STDOUT]: [com.layue13.clashweave.forge.CombatServer:trace:768]: CW FACING player=P0A seq=67 requested=0.0 known=0.0 chosen=0.0 accepted=true reason=OK
[15:48:47] [Server thread/INFO] [STDOUT]: [com.layue13.clashweave.forge.CombatServer:trace:768]: CW START player=P0A id=9 action=heavy tick=489
[15:48:47] [Server thread/INFO] [STDOUT]: [com.layue13.clashweave.forge.CombatServer:trace:768]: CW AIM player=P0A id=9 requested=0.0 baseline=0.0 selected=0.0 beforeDelta=0.0 afterDelta=0.0 accepted=true
[15:48:47] [Server thread/INFO] [STDOUT]: [com.layue13.clashweave.forge.CombatServer:trace:768]: CW FREEZE player=P0A targetPlayer=true target=70058 id=9 hitTick=494 frozen=32143355028200
[15:48:47] [Server thread/INFO] [STDOUT]: [com.layue13.clashweave.forge.CombatServer:trace:768]: CW COMMIT player=P0A targetPlayer=true target=70058 id=9 hitTick=494 commitTick=497 frozen=32143355028200 cutoff=32143506652200 guard=2 damage=0.0 hit=false hp=200.0 facing=true
[15:48:48] [Server thread/INFO] [STDOUT]: [com.layue13.clashweave.validation.NetworkScenario:tick:91]: P0_PREP player=P0A afterInstance=9
[15:48:48] [Server thread/INFO] [STDOUT]: [com.layue13.clashweave.validation.NetworkScenario:tick:91]: P0_PREP player=P0B afterInstance=9
[15:48:48] [Server thread/INFO] [STDOUT]: [com.layue13.clashweave.forge.CombatServer:trace:768]: CW START player=P0A id=10 action=sheathe tick=514
[15:48:48] [Server thread/INFO] [STDOUT]: [com.layue13.clashweave.forge.CombatServer:trace:768]: CW AIM player=P0A id=10 requested=0.0 baseline=0.0 selected=0.0 beforeDelta=0.0 afterDelta=0.0 accepted=true
[15:48:49] [Server thread/INFO] [STDOUT]: [com.layue13.clashweave.validation.NetworkScenario:tick:91]: P0_PREP player=P0A afterInstance=10
[15:48:49] [Server thread/INFO] [STDOUT]: [com.layue13.clashweave.validation.NetworkScenario:tick:91]: P0_PREP player=P0B afterInstance=10
[15:48:49] [Server thread/INFO] [STDOUT]: [com.layue13.clashweave.validation.NetworkScenario:tick:98]: P0_PERF samples=100 meanNanos=258581 maxNanos=1990900
[15:48:50] [Server thread/INFO] [STDOUT]: [com.layue13.clashweave.forge.CombatServer:trace:768]: CW START player=P0A id=11 action=iai tick=540
[15:48:50] [Server thread/INFO] [STDOUT]: [com.layue13.clashweave.forge.CombatServer:trace:768]: CW AIM player=P0A id=11 requested=0.0 baseline=0.0 selected=0.0 beforeDelta=0.0 afterDelta=0.0 accepted=true
[15:48:50] [Server thread/INFO] [STDOUT]: [com.layue13.clashweave.forge.CombatServer:trace:768]: CW FREEZE player=P0A targetPlayer=true target=70058 id=11 hitTick=545 frozen=32145904632600
[15:48:50] [Server thread/INFO] [STDOUT]: [com.layue13.clashweave.forge.CombatServer:trace:768]: CW COMMIT player=P0A targetPlayer=true target=70058 id=11 hitTick=545 commitTick=549 frozen=32145904632600 cutoff=32146103063800 guard=2 damage=0.0 hit=false hp=200.0 facing=true
[15:48:50] [Server thread/INFO] [STDOUT]: [com.layue13.clashweave.forge.CombatServer:trace:768]: CW START player=P0A id=12 action=light_1 tick=550
[15:48:50] [Server thread/INFO] [STDOUT]: [com.layue13.clashweave.forge.CombatServer:trace:768]: CW AIM player=P0A id=12 requested=0.0 baseline=0.0 selected=0.0 beforeDelta=0.0 afterDelta=0.0 accepted=true
[15:48:50] [Server thread/INFO] [STDOUT]: [com.layue13.clashweave.forge.CombatServer:trace:768]: CW FREEZE player=P0A targetPlayer=true target=70058 id=12 hitTick=554 frozen=32146353789500
[15:48:50] [Server thread/INFO] [STDOUT]: [com.layue13.clashweave.forge.CombatServer:trace:768]: CW COMMIT player=P0A targetPlayer=true target=70058 id=12 hitTick=554 commitTick=558 frozen=32146353789500 cutoff=32146552626600 guard=2 damage=0.0 hit=false hp=200.0 facing=true
[15:48:51] [Server thread/INFO] [STDOUT]: [com.layue13.clashweave.forge.CombatServer:trace:768]: CW FREEZE player=P0A targetPlayer=true target=70058 id=13 hitTick=564 frozen=32146853298400
[15:48:51] [Server thread/INFO] [STDOUT]: [com.layue13.clashweave.forge.CombatServer:trace:768]: CW COMMIT player=P0A targetPlayer=true target=70058 id=13 hitTick=564 commitTick=568 frozen=32146853298400 cutoff=32147052676300 guard=1 damage=1.5 hit=true hp=198.5 facing=true
[15:48:51] [Server thread/INFO] [STDOUT]: [com.layue13.clashweave.validation.NetworkScenario:tick:91]: P0_PREP player=P0A afterInstance=13
[15:48:51] [Server thread/INFO] [STDOUT]: [com.layue13.clashweave.validation.NetworkScenario:tick:91]: P0_PREP player=P0B afterInstance=13
[15:48:52] [Server thread/INFO] [STDOUT]: [com.layue13.clashweave.forge.CombatServer:trace:768]: CW FREEZE player=P0A targetPlayer=true target=70058 id=14 hitTick=595 frozen=32148402865400
[15:48:52] [Server thread/INFO] [STDOUT]: [com.layue13.clashweave.forge.CombatServer:trace:768]: CW COMMIT player=P0A targetPlayer=true target=70058 id=14 hitTick=595 commitTick=599 frozen=32148402865400 cutoff=32148602306500 guard=2 damage=0.0 hit=false hp=198.5 facing=true
[15:48:54] [Server thread/INFO] [STDOUT]: [com.layue13.clashweave.validation.NetworkScenario:tick:98]: P0_PERF samples=200 meanNanos=260403 maxNanos=2704600
[15:48:55] [Server thread/INFO] [STDOUT]: [com.layue13.clashweave.forge.CombatServer:trace:768]: CW FREEZE player=P0A targetPlayer=true target=70058 id=16 hitTick=645 frozen=32150904748300
[15:48:55] [Server thread/INFO] [STDOUT]: [com.layue13.clashweave.forge.CombatServer:trace:768]: CW COMMIT player=P0A targetPlayer=true target=70058 id=16 hitTick=645 commitTick=649 frozen=32150904748300 cutoff=32151102131900 guard=2 damage=0.0 hit=false hp=198.5 facing=true
[15:48:55] [Server thread/INFO] [STDOUT]: [com.layue13.clashweave.forge.CombatServer:trace:768]: CW FREEZE player=P0A targetPlayer=true target=70058 id=17 hitTick=654 frozen=32151354825600
[15:48:55] [Server thread/INFO] [STDOUT]: [com.layue13.clashweave.forge.CombatServer:trace:768]: CW COMMIT player=P0A targetPlayer=true target=70058 id=17 hitTick=654 commitTick=658 frozen=32151354825600 cutoff=32151554340800 guard=2 damage=0.0 hit=false hp=199.5 facing=true
[15:48:56] [Server thread/INFO] [STDOUT]: [com.layue13.clashweave.forge.CombatServer:trace:768]: CW FREEZE player=P0A targetPlayer=true target=70058 id=18 hitTick=662 frozen=32151752641100
[15:48:56] [Server thread/INFO] [STDOUT]: [com.layue13.clashweave.forge.CombatServer:trace:768]: CW COMMIT player=P0A targetPlayer=true target=70058 id=18 hitTick=662 commitTick=665 frozen=32151752641100 cutoff=32151902784700 guard=1 damage=0.75 hit=true hp=198.75 facing=true
[15:48:57] [Server thread/INFO] [STDOUT]: [com.layue13.clashweave.forge.CombatServer:trace:768]: CW FREEZE player=P0A targetPlayer=true target=70058 id=20 hitTick=695 frozen=32153402328000
[15:48:57] [Server thread/INFO] [STDOUT]: [com.layue13.clashweave.forge.CombatServer:trace:768]: CW COMMIT player=P0A targetPlayer=true target=70058 id=20 hitTick=695 commitTick=698 frozen=32153402328000 cutoff=32153553075000 guard=2 damage=0.0 hit=false hp=198.75 facing=true
[15:48:59] [Server thread/INFO] [STDOUT]: [com.layue13.clashweave.validation.NetworkScenario:tick:98]: P0_PERF samples=300 meanNanos=257163 maxNanos=2704600
[15:49:04] [Server thread/INFO] [STDOUT]: [com.layue13.clashweave.validation.NetworkScenario:tick:98]: P0_PERF samples=400 meanNanos=251991 maxNanos=2704600
[15:49:09] [Server thread/INFO] [STDOUT]: [com.layue13.clashweave.validation.NetworkScenario:tick:98]: P0_PERF samples=500 meanNanos=254551 maxNanos=2704600
[15:49:14] [Server thread/INFO] [STDOUT]: [com.layue13.clashweave.validation.NetworkScenario:tick:98]: P0_PERF samples=600 meanNanos=247654 maxNanos=2704600
[15:49:19] [Server thread/INFO] [STDOUT]: [com.layue13.clashweave.validation.NetworkScenario:tick:98]: P0_PERF samples=700 meanNanos=243355 maxNanos=2704600
[15:49:24] [Server thread/INFO] [STDOUT]: [com.layue13.clashweave.validation.NetworkScenario:tick:98]: P0_PERF samples=800 meanNanos=237699 maxNanos=2704600
[15:49:29] [Server thread/INFO] [STDOUT]: [com.layue13.clashweave.validation.NetworkScenario:tick:98]: P0_PERF samples=900 meanNanos=239441 maxNanos=2704600
[15:49:34] [Server thread/INFO] [STDOUT]: [com.layue13.clashweave.validation.NetworkScenario:tick:98]: P0_PERF samples=1000 meanNanos=256281 maxNanos=12879500
[15:49:34] [Server thread/INFO] [STDOUT]: [com.layue13.clashweave.validation.NetworkScenario:tick:100]: P0_NETWORK COMPLETE
