# Log excerpt; complete raw log retained locally under build/p0/runs.
# Original lines: 155
# Marker counts: {'ERROR': 3, 'CW_RENDER': 1, 'Exception': 2, 'P0_AUDIO': 5, 'CW_VIEW': 5, 'CW_ENGAGEMENT': 2, 'P0_SWEEP_INPUT': 3, 'P0_LOCAL_AUDIO': 3, 'CW_LOCAL_SWING': 3, 'CW_ALIGN': 3, 'CW_FEEDBACK': 4, 'CW_FRAME': 4}
[15:18:26] [main/ERROR] [FML]: The binary patch set is missing. Either you are in a development environment, or things are not going to work!
[15:18:26] [main/ERROR] [FML]: FML appears to be missing any signature data. This is not a good thing
This is just a prompt for computer specs to be printed. THIS IS NOT A ERROR
[15:18:30] [Client thread/INFO] [STDOUT]: [com.layue13.clashweave.client.KatanaRendering:load:42]: CW_RENDER models loaded units=block blade=+Y sheath=downwardBipedY angle=45.0
[15:18:30] [Forge Version Check/INFO] [STDERR]: [java.lang.Throwable$WrappedPrintStream:println:749]: com.google.gson.JsonSyntaxException: java.lang.IllegalStateException: Expected BEGIN_OBJECT but was STRING at line 1 column 1
[15:18:30] [Forge Version Check/INFO] [STDERR]: [java.lang.Throwable$WrappedPrintStream:println:749]: Caused by: java.lang.IllegalStateException: Expected BEGIN_OBJECT but was STRING at line 1 column 1
[15:18:31] [Client thread/INFO] [STDOUT]: [com.layue13.clashweave.validation.ClientReplay:<init>:67]: P0_AUDIO initial loader settled
[15:18:36] [Client thread/INFO] [STDOUT]: [com.layue13.clashweave.client.ViewPreservingCorrections$Preserved:processPacket:75]: CW_VIEW packet=1 yawDelta=0.0 pitchDelta=0.0 requestedYawDelta=0.0 requestedPitchDelta=0.0 nano=30332484173900
[15:18:36] [Client thread/INFO] [STDOUT]: [com.layue13.clashweave.client.ClientProxy:apply:215]: CW_ENGAGEMENT player=P0A engaged=false revision=1 tick=187 receive=30332485565600
[15:18:51] [Client thread/INFO] [STDOUT]: [com.layue13.clashweave.client.ViewPreservingCorrections$Preserved:processPacket:75]: CW_VIEW packet=1 yawDelta=0.0 pitchDelta=0.0 requestedYawDelta=0.0 requestedPitchDelta=0.0 nano=30346673756600
[15:18:51] [Client thread/INFO] [STDOUT]: [com.layue13.clashweave.validation.ClientReplay:sweepReplay:255]: P0_SWEEP_INPUT case=1 feet=64.0 targetHeight=0.9 nano=30347224104800
[15:18:51] [Client thread/INFO] [STDOUT]: [com.layue13.clashweave.validation.ClientReplay:audio:396]: P0_LOCAL_AUDIO nano=30347225427200
[15:18:51] [Client thread/INFO] [STDOUT]: [com.layue13.clashweave.client.ClientProxy:send:147]: CW_LOCAL_SWING seq=2 press=30347225096100 feedback=30347229704700
[15:18:51] [Client thread/INFO] [STDOUT]: [com.layue13.clashweave.client.ClientProxy:apply:229]: CW_ALIGN player=P0A seq=2 predicted=0 authoritative=0 sameAction=true
[15:18:51] [Client thread/INFO] [STDOUT]: [com.layue13.clashweave.client.ClientProxy:apply:215]: CW_ENGAGEMENT player=P0A engaged=true revision=3 tick=509 receive=30347324352500
[15:18:51] [Client thread/INFO] [STDOUT]: [com.layue13.clashweave.client.ClientProxy:apply:274]: CW_FEEDBACK player=P0A result=HIT frozen=30347528060600 receive=30347577704500 corrections=0
[15:18:51] [Client thread/INFO] [STDOUT]: [com.layue13.clashweave.validation.ClientReplay:audio:397]: P0_AUDIO source=random.successful_hit frozen=30347528060600 nano=30347578134700
[15:18:51] [Client thread/INFO] [STDOUT]: [com.layue13.clashweave.client.ClientProxy:hud:341]: CW_FRAME frozen=30347528060600 frame=30347581847200
[15:18:52] [Client thread/INFO] [STDOUT]: [com.layue13.clashweave.client.ClientProxy:apply:274]: CW_FEEDBACK player=P0A result=HIT frozen=30347527781000 receive=30347776811500 corrections=0
[15:18:52] [Client thread/INFO] [STDOUT]: [com.layue13.clashweave.validation.ClientReplay:audio:397]: P0_AUDIO source=random.successful_hit frozen=30347527781000 nano=30347777118700
[15:18:52] [Client thread/INFO] [STDOUT]: [com.layue13.clashweave.client.ClientProxy:hud:341]: CW_FRAME frozen=30347527781000 frame=30347777869600
[15:18:52] [Client thread/INFO] [STDOUT]: [com.layue13.clashweave.client.ViewPreservingCorrections$Preserved:processPacket:75]: CW_VIEW packet=1 yawDelta=0.0 pitchDelta=0.0 requestedYawDelta=0.0 requestedPitchDelta=0.0 nano=30348223867200
[15:18:53] [Client thread/INFO] [STDOUT]: [com.layue13.clashweave.validation.ClientReplay:sweepReplay:255]: P0_SWEEP_INPUT case=2 feet=64.0 targetHeight=0.65 nano=30348774602800
[15:18:53] [Client thread/INFO] [STDOUT]: [com.layue13.clashweave.validation.ClientReplay:audio:396]: P0_LOCAL_AUDIO nano=30348775040400
[15:18:53] [Client thread/INFO] [STDOUT]: [com.layue13.clashweave.client.ClientProxy:send:147]: CW_LOCAL_SWING seq=4 press=30348774897600 feedback=30348775258200
[15:18:53] [Client thread/INFO] [STDOUT]: [com.layue13.clashweave.client.ClientProxy:apply:229]: CW_ALIGN player=P0A seq=4 predicted=0 authoritative=0 sameAction=true
[15:18:53] [Client thread/INFO] [STDOUT]: [com.layue13.clashweave.client.ClientProxy:apply:274]: CW_FEEDBACK player=P0A result=HIT frozen=30349025708700 receive=30349076627100 corrections=0
[15:18:53] [Client thread/INFO] [STDOUT]: [com.layue13.clashweave.validation.ClientReplay:audio:397]: P0_AUDIO source=random.successful_hit frozen=30349025708700 nano=30349076941900
[15:18:53] [Client thread/INFO] [STDOUT]: [com.layue13.clashweave.client.ClientProxy:hud:341]: CW_FRAME frozen=30349025708700 frame=30349077518900
[15:18:53] [Client thread/INFO] [STDOUT]: [com.layue13.clashweave.client.ViewPreservingCorrections$Preserved:processPacket:75]: CW_VIEW packet=1 yawDelta=0.0 pitchDelta=0.0 requestedYawDelta=0.0 requestedPitchDelta=0.0 nano=30349573711700
[15:18:54] [Client thread/INFO] [STDOUT]: [com.layue13.clashweave.validation.ClientReplay:sweepReplay:255]: P0_SWEEP_INPUT case=3 feet=64.0 targetHeight=1.8 nano=30350124388800
[15:18:54] [Client thread/INFO] [STDOUT]: [com.layue13.clashweave.validation.ClientReplay:audio:396]: P0_LOCAL_AUDIO nano=30350125507900
[15:18:54] [Client thread/INFO] [STDOUT]: [com.layue13.clashweave.client.ClientProxy:send:147]: CW_LOCAL_SWING seq=6 press=30350125369800 feedback=30350125717300
[15:18:54] [Client thread/INFO] [STDOUT]: [com.layue13.clashweave.client.ClientProxy:apply:229]: CW_ALIGN player=P0A seq=6 predicted=0 authoritative=0 sameAction=true
[15:18:54] [Client thread/INFO] [STDOUT]: [com.layue13.clashweave.client.ClientProxy:apply:274]: CW_FEEDBACK player=P0A result=HIT frozen=30350376173300 receive=30350426501600 corrections=0
[15:18:54] [Client thread/INFO] [STDOUT]: [com.layue13.clashweave.validation.ClientReplay:audio:397]: P0_AUDIO source=random.successful_hit frozen=30350376173300 nano=30350426821200
[15:18:54] [Client thread/INFO] [STDOUT]: [com.layue13.clashweave.client.ClientProxy:hud:341]: CW_FRAME frozen=30350376173300 frame=30350427416200
[15:18:55] [Client thread/INFO] [STDOUT]: [com.layue13.clashweave.client.ViewPreservingCorrections$Preserved:processPacket:75]: CW_VIEW packet=1 yawDelta=0.0 pitchDelta=0.0 requestedYawDelta=0.0 requestedPitchDelta=0.0 nano=30350923715400
