# Log excerpt; complete raw log retained locally under build/p0/runs.
# Original lines: 7847
# Marker counts: {'ERROR': 3, 'CW_RENDER': 1, 'Exception': 2, 'P0_AUDIO': 1, 'CW_VIEW': 21, 'P0_COMPOSITION_FRAME': 4429, 'CW_ENGAGEMENT': 2, 'P0_COMPOSITION_PHASE': 14, 'CW_LOCK_MARKER': 2, 'CW_THIRD_FRAME': 2983, 'P0_FLICK_CASE': 43, 'CW_THIRD_MOUSE': 23, 'CW_LOCK_FOLLOW': 201, 'P0_LOCAL_AUDIO': 1, 'CW_LOCAL_SWING': 1, 'CW_ALIGN': 1, 'CW_PRESENT': 2}
[08:42:35] [main/ERROR] [FML]: The binary patch set is missing. Either you are in a development environment, or things are not going to work!
[08:42:35] [main/ERROR] [FML]: FML appears to be missing any signature data. This is not a good thing
This is just a prompt for computer specs to be printed. THIS IS NOT A ERROR
[08:42:39] [Client thread/INFO] [STDOUT]: [com.layue13.clashweave.client.KatanaRendering:load:35]: CW_RENDER models loaded units=block blade=+Y sheath=downwardBipedY angle=45.0
[08:42:39] [Forge Version Check/INFO] [STDERR]: [java.lang.Throwable$WrappedPrintStream:println:749]: com.google.gson.JsonSyntaxException: java.lang.IllegalStateException: Expected BEGIN_OBJECT but was STRING at line 1 column 1
[08:42:39] [Forge Version Check/INFO] [STDERR]: [java.lang.Throwable$WrappedPrintStream:println:749]: Caused by: java.lang.IllegalStateException: Expected BEGIN_OBJECT but was STRING at line 1 column 1
[08:42:39] [Client thread/INFO] [STDOUT]: [com.layue13.clashweave.validation.ClientReplay:<init>:69]: P0_AUDIO initial loader settled
[08:42:46] [Client thread/INFO] [STDOUT]: [com.layue13.clashweave.client.ViewPreservingCorrections$Preserved:processPacket:140]: CW_VIEW packet=1 marker=0 protected=false yawDelta=180.0 pitchDelta=0.0 requestedYawDelta=180.0 requestedPitchDelta=0.0 nano=92982546570500
[08:42:46] [Client thread/INFO] [STDOUT]: [com.layue13.clashweave.validation.CompositionReplay:world:40]: P0_COMPOSITION_FRAME phase= elapsed=1 nano=92982558137800 yaw=0.0 pitch=0.0 horizon=0.4979049563407898 view=0
[08:42:46] [Client thread/INFO] [STDOUT]: [com.layue13.clashweave.validation.CompositionReplay:world:40]: P0_COMPOSITION_FRAME phase= elapsed=4 nano=92982581302800 yaw=0.0 pitch=0.0 horizon=0.49588656425476074 view=0
[08:42:46] [Client thread/INFO] [STDOUT]: [com.layue13.clashweave.validation.CompositionReplay:world:40]: P0_COMPOSITION_FRAME phase= elapsed=4 nano=92982592776800 yaw=0.0 pitch=0.0 horizon=0.4959339499473572 view=0
[08:42:46] [Client thread/INFO] [STDOUT]: [com.layue13.clashweave.validation.CompositionReplay:world:40]: P0_COMPOSITION_FRAME phase= elapsed=4 nano=92982593750800 yaw=0.0 pitch=0.0 horizon=0.4959765076637268 view=0
[08:42:46] [Client thread/INFO] [STDOUT]: [com.layue13.clashweave.validation.CompositionReplay:world:40]: P0_COMPOSITION_FRAME phase= elapsed=4 nano=92982603707400 yaw=0.0 pitch=0.0 horizon=0.49601447582244873 view=0
[08:42:46] [Client thread/INFO] [STDOUT]: [com.layue13.clashweave.validation.CompositionReplay:world:40]: P0_COMPOSITION_FRAME phase= elapsed=5 nano=92982620552900 yaw=0.0 pitch=0.0 horizon=0.4960747957229614 view=0
[08:42:47] [Client thread/INFO] [STDOUT]: [com.layue13.clashweave.validation.CompositionReplay:world:40]: P0_COMPOSITION_FRAME phase= elapsed=5 nano=92982637185200 yaw=0.0 pitch=0.0 horizon=0.4961166977882385 view=0
[08:42:47] [Client thread/INFO] [STDOUT]: [com.layue13.clashweave.validation.CompositionReplay:world:40]: P0_COMPOSITION_FRAME phase= elapsed=5 nano=92982654129200 yaw=0.0 pitch=0.0 horizon=0.49615782499313354 view=0
[08:42:47] [Client thread/INFO] [STDOUT]: [com.layue13.clashweave.validation.CompositionReplay:world:40]: P0_COMPOSITION_FRAME phase= elapsed=6 nano=92982671097300 yaw=0.0 pitch=0.0 horizon=0.4962001442909241 view=0
[08:42:47] [Client thread/INFO] [STDOUT]: [com.layue13.clashweave.validation.CompositionReplay:world:40]: P0_COMPOSITION_FRAME phase= elapsed=6 nano=92982687335500 yaw=0.0 pitch=0.0 horizon=0.4962213635444641 view=0
[08:42:47] [Client thread/INFO] [STDOUT]: [com.layue13.clashweave.validation.CompositionReplay:world:40]: P0_COMPOSITION_FRAME phase= elapsed=6 nano=92982708984600 yaw=0.0 pitch=0.0 horizon=0.49624234437942505 view=0
[08:42:47] [Client thread/INFO] [STDOUT]: [com.layue13.clashweave.validation.CompositionReplay:world:40]: P0_COMPOSITION_FRAME phase= elapsed=6 nano=92982719976600 yaw=0.0 pitch=0.0 horizon=0.49626195430755615 view=0
[08:42:47] [Client thread/INFO] [STDOUT]: [com.layue13.clashweave.client.ViewPreservingCorrections$Preserved:processPacket:140]: CW_VIEW packet=1 marker=0 protected=false yawDelta=0.0 pitchDelta=0.0 requestedYawDelta=0.0 requestedPitchDelta=0.0 nano=92983369955000
[08:42:47] [Client thread/INFO] [STDOUT]: [com.layue13.clashweave.client.ViewPreservingCorrections$Preserved:processPacket:140]: CW_VIEW packet=1 marker=0 protected=false yawDelta=0.0 pitchDelta=0.0 requestedYawDelta=0.0 requestedPitchDelta=0.0 nano=92983370221400
[08:42:47] [Client thread/INFO] [STDOUT]: [com.layue13.clashweave.client.ViewPreservingCorrections$Preserved:processPacket:140]: CW_VIEW packet=1 marker=0 protected=false yawDelta=0.0 pitchDelta=0.0 requestedYawDelta=0.0 requestedPitchDelta=0.0 nano=92983370488100
[08:42:47] [Client thread/INFO] [STDOUT]: [com.layue13.clashweave.client.ViewPreservingCorrections$Preserved:processPacket:140]: CW_VIEW packet=1 marker=0 protected=false yawDelta=0.0 pitchDelta=0.0 requestedYawDelta=0.0 requestedPitchDelta=0.0 nano=92983370681000
[08:42:47] [Client thread/INFO] [STDOUT]: [com.layue13.clashweave.client.ViewPreservingCorrections$Preserved:processPacket:140]: CW_VIEW packet=1 marker=0 protected=false yawDelta=0.0 pitchDelta=0.0 requestedYawDelta=0.0 requestedPitchDelta=0.0 nano=92983370886400
[08:42:47] [Client thread/INFO] [STDOUT]: [com.layue13.clashweave.client.ViewPreservingCorrections$Preserved:processPacket:140]: CW_VIEW packet=1 marker=0 protected=false yawDelta=0.0 pitchDelta=0.0 requestedYawDelta=0.0 requestedPitchDelta=0.0 nano=92983371069400
[08:42:47] [Client thread/INFO] [STDOUT]: [com.layue13.clashweave.client.ViewPreservingCorrections$Preserved:processPacket:140]: CW_VIEW packet=1 marker=0 protected=false yawDelta=0.0 pitchDelta=0.0 requestedYawDelta=0.0 requestedPitchDelta=0.0 nano=92983371263700
[08:42:47] [Client thread/INFO] [STDOUT]: [com.layue13.clashweave.client.ViewPreservingCorrections$Preserved:processPacket:140]: CW_VIEW packet=1 marker=0 protected=false yawDelta=0.0 pitchDelta=0.0 requestedYawDelta=0.0 requestedPitchDelta=0.0 nano=92983371465000
[08:42:47] [Client thread/INFO] [STDOUT]: [com.layue13.clashweave.client.ViewPreservingCorrections$Preserved:processPacket:140]: CW_VIEW packet=1 marker=0 protected=false yawDelta=0.0 pitchDelta=0.0 requestedYawDelta=0.0 requestedPitchDelta=0.0 nano=92983371659800
[08:42:47] [Client thread/INFO] [STDOUT]: [com.layue13.clashweave.client.ViewPreservingCorrections$Preserved:processPacket:140]: CW_VIEW packet=1 marker=0 protected=false yawDelta=0.0 pitchDelta=0.0 requestedYawDelta=0.0 requestedPitchDelta=0.0 nano=92983371910100
[08:42:47] [Client thread/INFO] [STDOUT]: [com.layue13.clashweave.client.ViewPreservingCorrections$Preserved:processPacket:140]: CW_VIEW packet=1 marker=0 protected=false yawDelta=0.0 pitchDelta=0.0 requestedYawDelta=0.0 requestedPitchDelta=0.0 nano=92983372163900
[08:42:48] [Client thread/INFO] [STDOUT]: [com.layue13.clashweave.client.ClientProxy:apply:254]: CW_ENGAGEMENT player=P0A engaged=false revision=1 tick=239 receive=92983671306900
[08:43:00] [Client thread/INFO] [STDOUT]: [com.layue13.clashweave.validation.CompositionReplay:chat:21]: P0_COMPOSITION_PHASE name=WAIT receivedNano=92996619087200
[08:43:00] [Client thread/INFO]: [CHAT] P0_COMPOSITION_PHASE name=WAIT target=93266 tick=524
[08:43:01] [Client thread/INFO] [STDOUT]: [com.layue13.clashweave.client.ClientProxy:apply:254]: CW_ENGAGEMENT player=P0A engaged=true revision=3 tick=525 receive=92996718923300
[08:43:01] [Client thread/INFO] [STDOUT]: [com.layue13.clashweave.validation.CompositionReplay:chat:21]: P0_COMPOSITION_PHASE name=STILL receivedNano=92997618691700
[08:43:01] [Client thread/INFO]: [CHAT] P0_COMPOSITION_PHASE name=STILL target=93266 tick=544
[08:43:01] [Client thread/INFO] [STDOUT]: [com.layue13.clashweave.client.LockCamera:tick:188]: CW_LOCK_MARKER target=93266 nano=92997619349800
[08:43:01] [Client thread/INFO] [STDOUT]: [com.layue13.clashweave.client.LockCamera:frame:317]: CW_THIRD_FRAME nano=92997620113400 dt=0.0 target=93266 rawX=0.0 rawY=64.0 rawZ=8.0 filteredX=0.0 filteredY=65.52999997138977 filteredZ=8.0 goalYaw=-0.0 goalPitch=10.027822471763804 before=0.0 after=0.0 pitchBefore=0.0 pitchAfter=0.0 preset=GOLDEN fov=70.0 aspect=1.7777777777777777
[08:43:02] [Client thread/INFO] [STDOUT]: [com.layue13.clashweave.client.LockCamera:frame:317]: CW_THIRD_FRAME nano=92997635641000 dt=0.0155276 target=93266 rawX=0.0 rawY=64.0 rawZ=8.0 filteredX=0.0 filteredY=65.52999997138977 filteredZ=8.0 goalYaw=-0.0 goalPitch=10.027822471763804 before=0.0 after=0.0 pitchBefore=0.0 pitchAfter=0.18743119 preset=GOLDEN fov=70.0 aspect=1.7777777777777777
[08:43:02] [Client thread/INFO] [STDOUT]: [com.layue13.clashweave.client.LockCamera:frame:317]: CW_THIRD_FRAME nano=92997652613400 dt=0.0169724 target=93266 rawX=0.0 rawY=64.0 rawZ=8.0 filteredX=0.0 filteredY=65.52999997138977 filteredZ=8.0 goalYaw=-0.0 goalPitch=10.027822471763804 before=0.0 after=0.0 pitchBefore=0.18743119 pitchAfter=0.70903164 preset=GOLDEN fov=70.0 aspect=1.7777777777777777
[08:43:02] [Client thread/INFO] [STDOUT]: [com.layue13.clashweave.client.LockCamera:frame:317]: CW_THIRD_FRAME nano=92997669029000 dt=0.0164156 target=93266 rawX=0.0 rawY=64.0 rawZ=8.0 filteredX=0.0 filteredY=65.52999997138977 filteredZ=8.0 goalYaw=-0.0 goalPitch=10.027822471763804 before=0.0 after=0.0 pitchBefore=0.70903164 pitchAfter=1.3976191 preset=GOLDEN fov=70.0 aspect=1.7777777777777777
[08:43:02] [Client thread/INFO] [STDOUT]: [com.layue13.clashweave.client.LockCamera:frame:317]: CW_THIRD_FRAME nano=92997685820900 dt=0.0167919 target=93266 rawX=0.0 rawY=64.0 rawZ=8.0 filteredX=0.0 filteredY=65.52999997138977 filteredZ=8.0 goalYaw=-0.0 goalPitch=10.027822471763804 before=0.0 after=0.0 pitchBefore=1.3976191 pitchAfter=2.1939368 preset=GOLDEN fov=70.0 aspect=1.7777777777777777
[08:43:02] [Client thread/INFO] [STDOUT]: [com.layue13.clashweave.client.LockCamera:frame:317]: CW_THIRD_FRAME nano=92997702491800 dt=0.0166709 target=93266 rawX=0.0 rawY=64.0 rawZ=8.0 filteredX=0.0 filteredY=65.52999997138977 filteredZ=8.0 goalYaw=-0.0 goalPitch=10.027822471763804 before=0.0 after=0.0 pitchBefore=2.1939368 pitchAfter=3.0121274 preset=GOLDEN fov=70.0 aspect=1.7777777777777777
[08:43:02] [Client thread/INFO] [STDOUT]: [com.layue13.clashweave.client.LockCamera:frame:317]: CW_THIRD_FRAME nano=92997719055300 dt=0.0165635 target=93266 rawX=0.0 rawY=64.0 rawZ=8.0 filteredX=0.0 filteredY=65.52999997138977 filteredZ=8.0 goalYaw=-0.0 goalPitch=10.027822471763804 before=0.0 after=0.0 pitchBefore=3.0121274 pitchAfter=3.8103008 preset=GOLDEN fov=70.0 aspect=1.7777777777777777
[08:43:02] [Client thread/INFO] [STDOUT]: [com.layue13.clashweave.client.LockCamera:frame:317]: CW_THIRD_FRAME nano=92997735474200 dt=0.0164189 target=93266 rawX=0.0 rawY=64.0 rawZ=8.0 filteredX=0.0 filteredY=65.52999997138977 filteredZ=8.0 goalYaw=-0.0 goalPitch=10.027822471763804 before=0.0 after=0.0 pitchBefore=3.8103008 pitchAfter=4.561246 preset=GOLDEN fov=70.0 aspect=1.7777777777777777
[08:43:02] [Client thread/INFO] [STDOUT]: [com.layue13.clashweave.client.LockCamera:frame:317]: CW_THIRD_FRAME nano=92997752583800 dt=0.0171096 target=93266 rawX=0.0 rawY=64.0 rawZ=8.0 filteredX=0.0 filteredY=65.52999997138977 filteredZ=8.0 goalYaw=-0.0 goalPitch=10.027822471763804 before=0.0 after=0.0 pitchBefore=4.561246 pitchAfter=5.2851915 preset=GOLDEN fov=70.0 aspect=1.7777777777777777
[08:43:02] [Client thread/INFO] [STDOUT]: [com.layue13.clashweave.client.LockCamera:frame:317]: CW_THIRD_FRAME nano=92997769466000 dt=0.0168822 target=93266 rawX=0.0 rawY=64.0 rawZ=8.0 filteredX=0.0 filteredY=65.52999997138977 filteredZ=8.0 goalYaw=-0.0 goalPitch=10.027822471763804 before=0.0 after=0.0 pitchBefore=5.2851915 pitchAfter=5.932988 preset=GOLDEN fov=70.0 aspect=1.7777777777777777
[08:43:02] [Client thread/INFO] [STDOUT]: [com.layue13.clashweave.client.LockCamera:frame:317]: CW_THIRD_FRAME nano=92997785410200 dt=0.0159442 target=93266 rawX=0.0 rawY=64.0 rawZ=8.0 filteredX=0.0 filteredY=65.52999997138977 filteredZ=8.0 goalYaw=-0.0 goalPitch=10.027822471763804 before=0.0 after=0.0 pitchBefore=5.932988 pitchAfter=6.48192 preset=GOLDEN fov=70.0 aspect=1.7777777777777777
[08:43:02] [Client thread/INFO] [STDOUT]: [com.layue13.clashweave.client.LockCamera:frame:317]: CW_THIRD_FRAME nano=92997802338400 dt=0.0169282 target=93266 rawX=0.0 rawY=64.0 rawZ=8.0 filteredX=0.0 filteredY=65.52999997138977 filteredZ=8.0 goalYaw=-0.0 goalPitch=10.027822471763804 before=0.0 after=0.0 pitchBefore=6.48192 pitchAfter=6.999043 preset=GOLDEN fov=70.0 aspect=1.7777777777777777
[08:43:12] [Client thread/INFO] [STDOUT]: [com.layue13.clashweave.validation.CompositionReplay:chat:21]: P0_COMPOSITION_PHASE name=ORBIT receivedNano=93007639796000
[08:43:12] [Client thread/INFO]: [CHAT] P0_COMPOSITION_PHASE name=ORBIT target=93266 tick=744
[08:43:22] [Client thread/INFO] [STDOUT]: [com.layue13.clashweave.validation.CompositionReplay:chat:21]: P0_COMPOSITION_PHASE name=JITTER receivedNano=93017639719200
[08:43:22] [Client thread/INFO]: [CHAT] P0_COMPOSITION_PHASE name=JITTER target=93266 tick=944
[08:43:32] [Client thread/INFO] [STDOUT]: [com.layue13.clashweave.validation.CompositionReplay:chat:21]: P0_COMPOSITION_PHASE name=JUMP receivedNano=93027639499000
[08:43:32] [Client thread/INFO]: [CHAT] P0_COMPOSITION_PHASE name=JUMP target=93266 tick=1144
[08:43:42] [Client thread/INFO] [STDOUT]: [com.layue13.clashweave.validation.CompositionReplay:chat:21]: P0_COMPOSITION_PHASE name=MOUSE receivedNano=93037639354800
[08:43:42] [Client thread/INFO]: [CHAT] P0_COMPOSITION_PHASE name=MOUSE target=93266 tick=1344
[08:43:42] [Client thread/INFO] [STDOUT]: [com.layue13.clashweave.validation.CompositionReplay:tick:28]: P0_FLICK_CASE kind=stationary serial=1 delta=0
[08:43:42] [Client thread/INFO] [STDOUT]: [com.layue13.clashweave.validation.CompositionReplay:tick:28]: P0_FLICK_CASE kind=stationary serial=2 delta=0
[08:43:42] [Client thread/INFO] [STDOUT]: [com.layue13.clashweave.validation.CompositionReplay:tick:28]: P0_FLICK_CASE kind=stationary serial=3 delta=0
[08:43:42] [Client thread/INFO] [STDOUT]: [com.layue13.clashweave.validation.CompositionReplay:tick:28]: P0_FLICK_CASE kind=stationary serial=4 delta=0
[08:43:42] [Client thread/INFO] [STDOUT]: [com.layue13.clashweave.validation.CompositionReplay:tick:28]: P0_FLICK_CASE kind=stationary serial=5 delta=0
[08:43:43] [Client thread/INFO] [STDOUT]: [com.layue13.clashweave.validation.CompositionReplay:tick:28]: P0_FLICK_CASE kind=stationary serial=6 delta=0
[08:43:43] [Client thread/INFO] [STDOUT]: [com.layue13.clashweave.validation.CompositionReplay:tick:28]: P0_FLICK_CASE kind=stationary serial=7 delta=0
[08:43:43] [Client thread/INFO] [STDOUT]: [com.layue13.clashweave.validation.CompositionReplay:tick:28]: P0_FLICK_CASE kind=stationary serial=8 delta=0
[08:43:43] [Client thread/INFO] [STDOUT]: [com.layue13.clashweave.validation.CompositionReplay:tick:28]: P0_FLICK_CASE kind=stationary serial=9 delta=0
[08:43:43] [Client thread/INFO] [STDOUT]: [com.layue13.clashweave.validation.CompositionReplay:tick:28]: P0_FLICK_CASE kind=stationary serial=10 delta=0
[08:43:44] [Client thread/INFO] [STDOUT]: [com.layue13.clashweave.validation.CompositionReplay:tick:28]: P0_FLICK_CASE kind=stationary serial=11 delta=0
[08:43:44] [Client thread/INFO] [STDOUT]: [com.layue13.clashweave.validation.CompositionReplay:tick:28]: P0_FLICK_CASE kind=stationary serial=12 delta=0
[08:43:46] [Client thread/INFO] [STDOUT]: [com.layue13.clashweave.client.LockCamera:mouse:93]: CW_THIRD_MOUSE nano=93041790966500 delta=2.0 switch=0 offset=2.0
[08:43:46] [Client thread/INFO] [STDOUT]: [com.layue13.clashweave.client.LockCamera:mouse:93]: CW_THIRD_MOUSE nano=93041990001600 delta=2.0 switch=0 offset=2.0
[08:43:46] [Client thread/INFO] [STDOUT]: [com.layue13.clashweave.client.LockCamera:mouse:93]: CW_THIRD_MOUSE nano=93042190032000 delta=2.0 switch=0 offset=2.0
[08:43:46] [Client thread/INFO] [STDOUT]: [com.layue13.clashweave.client.LockCamera:mouse:93]: CW_THIRD_MOUSE nano=93042389992000 delta=2.0 switch=0 offset=2.0
[08:43:46] [Client thread/INFO] [STDOUT]: [com.layue13.clashweave.client.LockCamera:mouse:93]: CW_THIRD_MOUSE nano=93042589556400 delta=2.0 switch=0 offset=2.0
[08:43:47] [Client thread/INFO] [STDOUT]: [com.layue13.clashweave.client.LockCamera:mouse:93]: CW_THIRD_MOUSE nano=93042789819600 delta=2.0 switch=0 offset=2.0
[08:43:47] [Client thread/INFO] [STDOUT]: [com.layue13.clashweave.client.LockCamera:mouse:93]: CW_THIRD_MOUSE nano=93042989589100 delta=2.0 switch=0 offset=2.0
[08:43:47] [Client thread/INFO] [STDOUT]: [com.layue13.clashweave.client.LockCamera:mouse:93]: CW_THIRD_MOUSE nano=93043189646700 delta=2.0 switch=0 offset=2.0
[08:43:47] [Client thread/INFO] [STDOUT]: [com.layue13.clashweave.client.LockCamera:mouse:93]: CW_THIRD_MOUSE nano=93043389691200 delta=2.0 switch=0 offset=2.0
[08:43:47] [Client thread/INFO] [STDOUT]: [com.layue13.clashweave.client.LockCamera:mouse:93]: CW_THIRD_MOUSE nano=93043593942700 delta=2.0 switch=0 offset=2.0
[08:43:48] [Client thread/INFO] [STDOUT]: [com.layue13.clashweave.client.LockCamera:mouse:93]: CW_THIRD_MOUSE nano=93043789908900 delta=2.0 switch=0 offset=2.0
[08:43:48] [Client thread/INFO] [STDOUT]: [com.layue13.clashweave.client.LockCamera:mouse:93]: CW_THIRD_MOUSE nano=93043990067700 delta=2.0 switch=0 offset=2.0
[08:43:50] [Client thread/INFO] [STDOUT]: [com.layue13.clashweave.client.LockCamera:tick:188]: CW_LOCK_MARKER target=390639 nano=93046140542100
[08:43:52] [Client thread/INFO] [STDOUT]: [com.layue13.clashweave.client.LockCamera:tick:230]: CW_LOCK_FOLLOW mode=WEAK reason=WEAK target=390639 nano=93047640696300 dt=0.0510983 before=35.0 after=35.0 pitchBefore=12.0 pitchAfter=8.643903 offset=0.0 instance=0 committed=0.0
[08:43:52] [Client thread/INFO] [STDOUT]: [com.layue13.clashweave.client.LockCamera:tick:230]: CW_LOCK_FOLLOW mode=WEAK reason=WEAK target=390639 nano=93047690057300 dt=0.049361 before=35.0 after=35.0 pitchBefore=8.643903 pitchAfter=8.643903 offset=0.0 instance=0 committed=0.0
[08:43:52] [Client thread/INFO] [STDOUT]: [com.layue13.clashweave.client.LockCamera:tick:230]: CW_LOCK_FOLLOW mode=WEAK reason=WEAK target=390639 nano=93047740179800 dt=0.0501225 before=35.0 after=35.0 pitchBefore=8.643903 pitchAfter=8.643903 offset=0.0 instance=0 committed=0.0
[08:43:52] [Client thread/INFO] [STDOUT]: [com.layue13.clashweave.client.LockCamera:tick:230]: CW_LOCK_FOLLOW mode=WEAK reason=WEAK target=390639 nano=93047789774000 dt=0.0495942 before=35.0 after=35.0 pitchBefore=8.643903 pitchAfter=8.643903 offset=0.0 instance=0 committed=0.0
[08:43:52] [Client thread/INFO] [STDOUT]: [com.layue13.clashweave.client.LockCamera:tick:230]: CW_LOCK_FOLLOW mode=WEAK reason=WEAK target=390639 nano=93047840089500 dt=0.0503155 before=35.0 after=35.0 pitchBefore=8.643903 pitchAfter=8.643903 offset=0.0 instance=0 committed=0.0
[08:43:52] [Client thread/INFO] [STDOUT]: [com.layue13.clashweave.client.LockCamera:tick:230]: CW_LOCK_FOLLOW mode=WEAK reason=WEAK target=390639 nano=93047890085600 dt=0.0499961 before=35.0 after=35.0 pitchBefore=8.643903 pitchAfter=8.643903 offset=0.0 instance=0 committed=0.0
[08:43:52] [Client thread/INFO] [STDOUT]: [com.layue13.clashweave.client.LockCamera:tick:230]: CW_LOCK_FOLLOW mode=WEAK reason=WEAK target=390639 nano=93047940717600 dt=0.050632 before=35.0 after=35.0 pitchBefore=8.643903 pitchAfter=8.643903 offset=0.0 instance=0 committed=0.0
[08:43:52] [Client thread/INFO] [STDOUT]: [com.layue13.clashweave.client.LockCamera:tick:230]: CW_LOCK_FOLLOW mode=WEAK reason=WEAK target=390639 nano=93047990807000 dt=0.0500894 before=35.0 after=35.0 pitchBefore=8.643903 pitchAfter=8.643903 offset=0.0 instance=0 committed=0.0
[08:43:52] [Client thread/INFO] [STDOUT]: [com.layue13.clashweave.client.LockCamera:tick:230]: CW_LOCK_FOLLOW mode=WEAK reason=WEAK target=390639 nano=93048040483700 dt=0.0496767 before=35.0 after=35.0 pitchBefore=8.643903 pitchAfter=8.643903 offset=0.0 instance=0 committed=0.0
[08:43:52] [Client thread/INFO] [STDOUT]: [com.layue13.clashweave.client.LockCamera:tick:230]: CW_LOCK_FOLLOW mode=WEAK reason=WEAK target=390639 nano=93048090042500 dt=0.0495588 before=35.0 after=35.0 pitchBefore=8.643903 pitchAfter=8.643903 offset=0.0 instance=0 committed=0.0
[08:43:52] [Client thread/INFO] [STDOUT]: [com.layue13.clashweave.client.LockCamera:tick:230]: CW_LOCK_FOLLOW mode=WEAK reason=WEAK target=390639 nano=93048139848700 dt=0.0498062 before=35.0 after=35.0 pitchBefore=8.643903 pitchAfter=8.643903 offset=0.0 instance=0 committed=0.0
[08:43:52] [Client thread/INFO] [STDOUT]: [com.layue13.clashweave.client.LockCamera:tick:230]: CW_LOCK_FOLLOW mode=WEAK reason=WEAK target=390639 nano=93048189836200 dt=0.0499875 before=35.0 after=35.0 pitchBefore=8.643903 pitchAfter=8.643903 offset=0.0 instance=0 committed=0.0
[08:43:54] [Client thread/INFO] [STDOUT]: [com.layue13.clashweave.validation.ClientReplay:audio:418]: P0_LOCAL_AUDIO nano=93050090121600
[08:43:54] [Client thread/INFO] [STDOUT]: [com.layue13.clashweave.client.ClientProxy:send:169]: CW_LOCAL_SWING seq=7 press=93050089947400 feedback=93050092414400
[08:43:54] [Client thread/INFO] [STDOUT]: [com.layue13.clashweave.client.ClientProxy:apply:268]: CW_ALIGN player=P0A seq=7 predicted=0 authoritative=0 sameAction=true
[08:43:54] [Client thread/INFO] [STDOUT]: [com.layue13.clashweave.client.ClientProxy:tick:197]: CW_PRESENT id=1 kind=DRAW actor=0 owner=0
[08:43:54] [Client thread/INFO] [STDOUT]: [com.layue13.clashweave.client.ClientProxy:tick:197]: CW_PRESENT id=2 kind=SWING actor=0 owner=0
