# Log excerpt; complete raw log retained locally under build/p0/runs.
# Original lines: 176
# Marker counts: {'ERROR': 3, 'CW_RENDER': 1, 'Exception': 2, 'P0_AUDIO': 1, 'CW_ENGAGEMENT': 3, 'P0_APPEARANCE': 2, 'CW_VIEW': 1, 'CW_PRESENT': 45, 'CW_FEEDBACK': 1, 'CW_FRAME': 1}
[17:47:26] [main/ERROR] [FML]: The binary patch set is missing. Either you are in a development environment, or things are not going to work!
[17:47:26] [main/ERROR] [FML]: FML appears to be missing any signature data. This is not a good thing
This is just a prompt for computer specs to be printed. THIS IS NOT A ERROR
[17:47:30] [Client thread/INFO] [STDOUT]: [com.layue13.clashweave.client.KatanaRendering:load:35]: CW_RENDER models loaded units=block blade=+Y sheath=downwardBipedY angle=45.0
[17:47:30] [Forge Version Check/INFO] [STDERR]: [java.lang.Throwable$WrappedPrintStream:println:749]: com.google.gson.JsonSyntaxException: java.lang.IllegalStateException: Expected BEGIN_OBJECT but was STRING at line 1 column 1
[17:47:30] [Forge Version Check/INFO] [STDERR]: [java.lang.Throwable$WrappedPrintStream:println:749]: Caused by: java.lang.IllegalStateException: Expected BEGIN_OBJECT but was STRING at line 1 column 1
[17:47:30] [Client thread/INFO] [STDOUT]: [com.layue13.clashweave.validation.ClientReplay:<init>:69]: P0_AUDIO initial loader settled
[17:47:36] [Client thread/INFO] [STDOUT]: [com.layue13.clashweave.client.ClientProxy:apply:246]: CW_ENGAGEMENT player=P0B engaged=false revision=2 tick=422 receive=39271850248900
[17:47:36] [Client thread/INFO] [STDOUT]: [com.layue13.clashweave.validation.ClientReplay:tick:96]: P0_APPEARANCE entity=0 skin=clashweave:katana effects=clashweave:default animations=clashweave:katana style=katana
[17:47:36] [Client thread/INFO] [STDOUT]: [com.layue13.clashweave.validation.ClientReplay:tick:96]: P0_APPEARANCE entity=73225 skin=clashweave:katana effects=clashweave:default animations=clashweave:katana style=katana
[17:47:36] [Client thread/INFO] [STDOUT]: [com.layue13.clashweave.client.ViewPreservingCorrections$Preserved:processPacket:140]: CW_VIEW packet=1 marker=0 protected=false yawDelta=0.0 pitchDelta=0.0 requestedYawDelta=0.0 requestedPitchDelta=0.0 nano=39271955272800
[17:47:36] [Client thread/INFO] [STDOUT]: [com.layue13.clashweave.client.ClientProxy:tick:190]: CW_PRESENT id=1 kind=DRAW actor=0 owner=73225
[17:47:36] [Client thread/INFO] [STDOUT]: [com.layue13.clashweave.client.ClientProxy:tick:190]: CW_PRESENT id=2 kind=SWING actor=0 owner=73225
[17:47:36] [Client thread/INFO] [STDOUT]: [com.layue13.clashweave.client.ClientProxy:tick:190]: CW_PRESENT id=3 kind=HIT actor=0 owner=73225
[17:47:36] [Client thread/INFO] [STDOUT]: [com.layue13.clashweave.client.ClientProxy:tick:190]: CW_PRESENT id=4 kind=HURT actor=73886 owner=73225
[17:47:38] [Client thread/INFO] [STDOUT]: [com.layue13.clashweave.client.ClientProxy:tick:190]: CW_PRESENT id=5 kind=SWING actor=0 owner=73225
[17:47:39] [Client thread/INFO] [STDOUT]: [com.layue13.clashweave.client.ClientProxy:tick:190]: CW_PRESENT id=6 kind=SWING actor=0 owner=73225
[17:47:39] [Client thread/INFO] [STDOUT]: [com.layue13.clashweave.client.ClientProxy:tick:190]: CW_PRESENT id=7 kind=HIT actor=0 owner=73225
[17:47:39] [Client thread/INFO] [STDOUT]: [com.layue13.clashweave.client.ClientProxy:tick:190]: CW_PRESENT id=8 kind=HURT actor=73886 owner=73225
[17:47:40] [Client thread/INFO] [STDOUT]: [com.layue13.clashweave.client.ClientProxy:apply:305]: CW_FEEDBACK player=P0B result=HURT frozen=39275512020100 receive=39275742120500 corrections=0
[17:47:40] [Client thread/INFO] [STDOUT]: [com.layue13.clashweave.client.ClientProxy:tick:190]: CW_PRESENT id=9 kind=HIT actor=0 owner=73225
[17:47:40] [Client thread/INFO] [STDOUT]: [com.layue13.clashweave.client.ClientProxy:tick:190]: CW_PRESENT id=10 kind=HURT actor=73225 owner=73225
[17:47:40] [Client thread/INFO] [STDOUT]: [com.layue13.clashweave.client.ClientProxy:hud:368]: CW_FRAME frozen=39275512020100 frame=39275743266500
[17:47:40] [Client thread/INFO] [STDOUT]: [com.layue13.clashweave.client.ClientProxy:apply:246]: CW_ENGAGEMENT player=P0B engaged=true revision=4 tick=502 receive=39275789794800
[17:47:41] [Client thread/INFO] [STDOUT]: [com.layue13.clashweave.client.ClientProxy:tick:190]: CW_PRESENT id=11 kind=SWING actor=0 owner=73225
[17:47:41] [Client thread/INFO] [STDOUT]: [com.layue13.clashweave.client.ClientProxy:tick:190]: CW_PRESENT id=12 kind=HIT actor=0 owner=73225
[17:47:43] [Client thread/INFO] [STDOUT]: [com.layue13.clashweave.client.ClientProxy:apply:246]: CW_ENGAGEMENT player=P0B engaged=false revision=5 tick=570 receive=39279172451300
