# Log excerpt; complete raw log retained locally under build/p0/runs.
# Original lines: 272
# Marker counts: {'ERROR': 3, 'CW_RENDER': 1, 'Exception': 2, 'P0_AUDIO': 33, 'CW_ENGAGEMENT': 2, 'P0_REMOTE': 49, 'CW_FEEDBACK': 33, 'CW_FRAME': 33}
[14:32:30] [main/ERROR] [FML]: The binary patch set is missing. Either you are in a development environment, or things are not going to work!
[14:32:30] [main/ERROR] [FML]: FML appears to be missing any signature data. This is not a good thing
This is just a prompt for computer specs to be printed. THIS IS NOT A ERROR
[14:32:33] [Client thread/INFO] [STDOUT]: [com.layue13.clashweave.client.KatanaRendering:load:42]: CW_RENDER models loaded units=block blade=+Y sheath=downwardBipedY angle=45.0
[14:32:34] [Forge Version Check/INFO] [STDERR]: [java.lang.Throwable$WrappedPrintStream:println:749]: com.google.gson.JsonSyntaxException: java.lang.IllegalStateException: Expected BEGIN_OBJECT but was STRING at line 1 column 1
[14:32:34] [Forge Version Check/INFO] [STDERR]: [java.lang.Throwable$WrappedPrintStream:println:749]: Caused by: java.lang.IllegalStateException: Expected BEGIN_OBJECT but was STRING at line 1 column 1
[14:32:34] [Client thread/INFO] [STDOUT]: [com.layue13.clashweave.validation.ClientReplay:<init>:55]: P0_AUDIO initial loader settled
[14:32:39] [Client thread/INFO] [STDOUT]: [com.layue13.clashweave.client.ClientProxy:apply:204]: CW_ENGAGEMENT player=P0B engaged=false revision=3 tick=391 receive=27574854068300
[14:32:40] [Client thread/INFO] [STDOUT]: [com.layue13.clashweave.validation.ClientReplay:tick:140]: P0_REMOTE action= sneak=false
[14:32:40] [Client thread/INFO] [STDOUT]: [com.layue13.clashweave.client.ClientProxy:apply:204]: CW_ENGAGEMENT player=P0B engaged=true revision=4 tick=412 receive=27575870876500
[14:32:40] [Client thread/INFO] [STDOUT]: [com.layue13.clashweave.client.ClientProxy:apply:263]: CW_FEEDBACK player=P0B result=HURT frozen=27575928904100 receive=27576086530900 corrections=0
[14:32:40] [Client thread/INFO] [STDOUT]: [com.layue13.clashweave.client.ClientProxy:hud:330]: CW_FRAME frozen=27575928904100 frame=27576087486700
[14:32:41] [Client thread/INFO] [STDOUT]: [com.layue13.clashweave.validation.ClientReplay:tick:140]: P0_REMOTE action= sneak=false
[14:32:41] [Client thread/INFO] [STDOUT]: [com.layue13.clashweave.client.ClientProxy:apply:263]: CW_FEEDBACK player=P0B result=PARRY frozen=27577173926000 receive=27577370984200 corrections=0
[14:32:41] [Client thread/INFO] [STDOUT]: [com.layue13.clashweave.validation.ClientReplay:audio:310]: P0_AUDIO source=random.anvil_land frozen=27577173926000 nano=27577371407800
[14:32:41] [Client thread/INFO] [STDOUT]: [com.layue13.clashweave.client.ClientProxy:hud:330]: CW_FRAME frozen=27577173926000 frame=27577376161200
[14:32:42] [Client thread/INFO] [STDOUT]: [com.layue13.clashweave.validation.ClientReplay:tick:140]: P0_REMOTE action= sneak=false
[14:32:43] [Client thread/INFO] [STDOUT]: [com.layue13.clashweave.validation.ClientReplay:tick:140]: P0_REMOTE action= sneak=false
[14:32:44] [Client thread/INFO] [STDOUT]: [com.layue13.clashweave.client.ClientProxy:apply:263]: CW_FEEDBACK player=P0B result=PARRY frozen=27579680835000 receive=27579870329500 corrections=0
[14:32:44] [Client thread/INFO] [STDOUT]: [com.layue13.clashweave.validation.ClientReplay:audio:310]: P0_AUDIO source=random.anvil_land frozen=27579680835000 nano=27579870693200
[14:32:44] [Client thread/INFO] [STDOUT]: [com.layue13.clashweave.client.ClientProxy:hud:330]: CW_FRAME frozen=27579680835000 frame=27579871418900
[14:32:44] [Client thread/INFO] [STDOUT]: [com.layue13.clashweave.validation.ClientReplay:tick:140]: P0_REMOTE action= sneak=false
[14:32:44] [Client thread/INFO] [STDOUT]: [com.layue13.clashweave.client.ClientProxy:apply:263]: CW_FEEDBACK player=P0B result=BLOCK frozen=27580082767200 receive=27580288232200 corrections=0
[14:32:44] [Client thread/INFO] [STDOUT]: [com.layue13.clashweave.validation.ClientReplay:audio:310]: P0_AUDIO source=random.anvil_land frozen=27580082767200 nano=27580288560500
[14:32:44] [Client thread/INFO] [STDOUT]: [com.layue13.clashweave.client.ClientProxy:hud:330]: CW_FRAME frozen=27580082767200 frame=27580289255300
[14:32:45] [Client thread/INFO] [STDOUT]: [com.layue13.clashweave.validation.ClientReplay:tick:140]: P0_REMOTE action= sneak=false
[14:32:46] [Client thread/INFO] [STDOUT]: [com.layue13.clashweave.validation.ClientReplay:tick:140]: P0_REMOTE action= sneak=false
[14:32:46] [Client thread/INFO] [STDOUT]: [com.layue13.clashweave.client.ClientProxy:apply:263]: CW_FEEDBACK player=P0B result=PARRY frozen=27582178746300 receive=27582336292500 corrections=0
[14:32:46] [Client thread/INFO] [STDOUT]: [com.layue13.clashweave.validation.ClientReplay:audio:310]: P0_AUDIO source=random.anvil_land frozen=27582178746300 nano=27582336704500
[14:32:46] [Client thread/INFO] [STDOUT]: [com.layue13.clashweave.client.ClientProxy:hud:330]: CW_FRAME frozen=27582178746300 frame=27582337348400
[14:32:47] [Client thread/INFO] [STDOUT]: [com.layue13.clashweave.validation.ClientReplay:tick:140]: P0_REMOTE action= sneak=false
[14:32:48] [Client thread/INFO] [STDOUT]: [com.layue13.clashweave.validation.ClientReplay:tick:140]: P0_REMOTE action= sneak=false
[14:32:49] [Client thread/INFO] [STDOUT]: [com.layue13.clashweave.client.ClientProxy:apply:263]: CW_FEEDBACK player=P0B result=PARRY frozen=27584676426300 receive=27584870156700 corrections=0
[14:32:49] [Client thread/INFO] [STDOUT]: [com.layue13.clashweave.validation.ClientReplay:audio:310]: P0_AUDIO source=random.anvil_land frozen=27584676426300 nano=27584870534800
[14:32:49] [Client thread/INFO] [STDOUT]: [com.layue13.clashweave.client.ClientProxy:hud:330]: CW_FRAME frozen=27584676426300 frame=27584871098200
[14:32:49] [Client thread/INFO] [STDOUT]: [com.layue13.clashweave.validation.ClientReplay:tick:140]: P0_REMOTE action= sneak=false
[14:32:49] [Client thread/INFO] [STDOUT]: [com.layue13.clashweave.client.ClientProxy:apply:263]: CW_FEEDBACK player=P0B result=BLOCK frozen=27585079492500 receive=27585270427800 corrections=0
[14:32:49] [Client thread/INFO] [STDOUT]: [com.layue13.clashweave.validation.ClientReplay:audio:310]: P0_AUDIO source=random.anvil_land frozen=27585079492500 nano=27585270776800
[14:32:49] [Client thread/INFO] [STDOUT]: [com.layue13.clashweave.client.ClientProxy:hud:330]: CW_FRAME frozen=27585079492500 frame=27585271411800
[14:32:49] [Client thread/INFO] [STDOUT]: [com.layue13.clashweave.client.ClientProxy:apply:263]: CW_FEEDBACK player=P0B result=BLOCK frozen=27585432346900 receive=27585622637800 corrections=0
[14:32:49] [Client thread/INFO] [STDOUT]: [com.layue13.clashweave.validation.ClientReplay:audio:310]: P0_AUDIO source=random.anvil_land frozen=27585432346900 nano=27585623004300
[14:32:49] [Client thread/INFO] [STDOUT]: [com.layue13.clashweave.client.ClientProxy:hud:330]: CW_FRAME frozen=27585432346900 frame=27585623583600
[14:32:50] [Client thread/INFO] [STDOUT]: [com.layue13.clashweave.validation.ClientReplay:tick:140]: P0_REMOTE action= sneak=false
[14:32:51] [Client thread/INFO] [STDOUT]: [com.layue13.clashweave.validation.ClientReplay:tick:140]: P0_REMOTE action= sneak=false
[14:32:51] [Client thread/INFO] [STDOUT]: [com.layue13.clashweave.client.ClientProxy:apply:263]: CW_FEEDBACK player=P0B result=PARRY frozen=27587186685400 receive=27587386900000 corrections=0
[14:32:51] [Client thread/INFO] [STDOUT]: [com.layue13.clashweave.validation.ClientReplay:audio:310]: P0_AUDIO source=random.anvil_land frozen=27587186685400 nano=27587387225500
[14:32:51] [Client thread/INFO] [STDOUT]: [com.layue13.clashweave.client.ClientProxy:hud:330]: CW_FRAME frozen=27587186685400 frame=27587387733000
[14:32:54] [Client thread/INFO] [STDOUT]: [com.layue13.clashweave.client.ClientProxy:apply:263]: CW_FEEDBACK player=P0B result=PARRY frozen=27589678316600 receive=27589853207900 corrections=0
[14:32:54] [Client thread/INFO] [STDOUT]: [com.layue13.clashweave.validation.ClientReplay:audio:310]: P0_AUDIO source=random.anvil_land frozen=27589678316600 nano=27589853587000
[14:32:54] [Client thread/INFO] [STDOUT]: [com.layue13.clashweave.client.ClientProxy:hud:330]: CW_FRAME frozen=27589678316600 frame=27589854175200
[14:32:54] [Client thread/INFO] [STDOUT]: [com.layue13.clashweave.client.ClientProxy:apply:263]: CW_FEEDBACK player=P0B result=BLOCK frozen=27590076585900 receive=27590256055200 corrections=0
[14:32:54] [Client thread/INFO] [STDOUT]: [com.layue13.clashweave.validation.ClientReplay:audio:310]: P0_AUDIO source=random.anvil_land frozen=27590076585900 nano=27590256382100
[14:32:54] [Client thread/INFO] [STDOUT]: [com.layue13.clashweave.client.ClientProxy:hud:330]: CW_FRAME frozen=27590076585900 frame=27590256908000
[14:32:56] [Client thread/INFO] [STDOUT]: [com.layue13.clashweave.client.ClientProxy:apply:263]: CW_FEEDBACK player=P0B result=PARRY frozen=27592236527200 receive=27592452993100 corrections=0
[14:32:56] [Client thread/INFO] [STDOUT]: [com.layue13.clashweave.validation.ClientReplay:audio:310]: P0_AUDIO source=random.anvil_land frozen=27592236527200 nano=27592453335000
[14:32:56] [Client thread/INFO] [STDOUT]: [com.layue13.clashweave.client.ClientProxy:hud:330]: CW_FRAME frozen=27592236527200 frame=27592453871900
