# Log excerpt; complete raw log retained locally under build/p0/runs.
# Original lines: 311
# Marker counts: {'ERROR': 3, 'CW_RENDER': 1, 'Exception': 2, 'P0_AUDIO': 35, 'CW_ENGAGEMENT': 2, 'CW_VIEW': 35, 'P0_REMOTE': 49, 'CW_FEEDBACK': 34, 'CW_FRAME': 34}
[15:04:13] [main/ERROR] [FML]: The binary patch set is missing. Either you are in a development environment, or things are not going to work!
[15:04:13] [main/ERROR] [FML]: FML appears to be missing any signature data. This is not a good thing
This is just a prompt for computer specs to be printed. THIS IS NOT A ERROR
[15:04:17] [Client thread/INFO] [STDOUT]: [com.layue13.clashweave.client.KatanaRendering:load:42]: CW_RENDER models loaded units=block blade=+Y sheath=downwardBipedY angle=45.0
[15:04:17] [Forge Version Check/INFO] [STDERR]: [java.lang.Throwable$WrappedPrintStream:println:749]: com.google.gson.JsonSyntaxException: java.lang.IllegalStateException: Expected BEGIN_OBJECT but was STRING at line 1 column 1
[15:04:17] [Forge Version Check/INFO] [STDERR]: [java.lang.Throwable$WrappedPrintStream:println:749]: Caused by: java.lang.IllegalStateException: Expected BEGIN_OBJECT but was STRING at line 1 column 1
[15:04:18] [Client thread/INFO] [STDOUT]: [com.layue13.clashweave.validation.ClientReplay:<init>:64]: P0_AUDIO initial loader settled
[15:04:22] [Client thread/INFO] [STDOUT]: [com.layue13.clashweave.client.ClientProxy:apply:207]: CW_ENGAGEMENT player=P0B engaged=false revision=3 tick=395 receive=29478505963900
[15:04:23] [Client thread/INFO] [STDOUT]: [com.layue13.clashweave.client.ViewPreservingCorrections$Preserved:processPacket:75]: CW_VIEW packet=1 yawDelta=0.0 pitchDelta=0.0 requestedYawDelta=0.0 requestedPitchDelta=0.0 nano=29478729301300
[15:04:23] [Client thread/INFO] [STDOUT]: [com.layue13.clashweave.validation.ClientReplay:tick:150]: P0_REMOTE action= sneak=true
[15:04:24] [Client thread/INFO] [STDOUT]: [com.layue13.clashweave.client.ClientProxy:apply:207]: CW_ENGAGEMENT player=P0B engaged=true revision=4 tick=419 receive=29479651253800
[15:04:24] [Client thread/INFO] [STDOUT]: [com.layue13.clashweave.client.ViewPreservingCorrections$Preserved:processPacket:75]: CW_VIEW packet=1 yawDelta=0.0 pitchDelta=0.0 requestedYawDelta=53.90805 requestedPitchDelta=0.0 nano=29480008705000
[15:04:24] [Client thread/INFO] [STDOUT]: [com.layue13.clashweave.client.ViewPreservingCorrections$Preserved:processPacket:75]: CW_VIEW packet=1 yawDelta=0.0 pitchDelta=0.0 requestedYawDelta=53.90805 requestedPitchDelta=0.0 nano=29480059255300
[15:04:24] [Client thread/INFO] [STDOUT]: [com.layue13.clashweave.validation.ClientReplay:tick:150]: P0_REMOTE action= sneak=false
[15:04:25] [Client thread/INFO] [STDOUT]: [com.layue13.clashweave.client.ClientProxy:apply:266]: CW_FEEDBACK player=P0B result=PARRY frozen=29480563284300 receive=29480858579300 corrections=0
[15:04:25] [Client thread/INFO] [STDOUT]: [com.layue13.clashweave.validation.ClientReplay:audio:357]: P0_AUDIO source=random.anvil_land frozen=29480563284300 nano=29480858995300
[15:04:25] [Client thread/INFO] [STDOUT]: [com.layue13.clashweave.client.ClientProxy:hud:333]: CW_FRAME frozen=29480563284300 frame=29480868228500
[15:04:25] [Client thread/INFO] [STDOUT]: [com.layue13.clashweave.client.ViewPreservingCorrections$Preserved:processPacket:75]: CW_VIEW packet=1 yawDelta=0.0 pitchDelta=0.0 requestedYawDelta=37.59175 requestedPitchDelta=0.0 nano=29481242021200
[15:04:25] [Client thread/INFO] [STDOUT]: [com.layue13.clashweave.validation.ClientReplay:tick:150]: P0_REMOTE action= sneak=false
[15:04:26] [Client thread/INFO] [STDOUT]: [com.layue13.clashweave.client.ViewPreservingCorrections$Preserved:processPacket:75]: CW_VIEW packet=1 yawDelta=0.0 pitchDelta=0.0 requestedYawDelta=31.184967 requestedPitchDelta=0.0 nano=29482025100000
[15:04:26] [Client thread/INFO] [STDOUT]: [com.layue13.clashweave.validation.ClientReplay:tick:150]: P0_REMOTE action= sneak=false
[15:04:27] [Client thread/INFO] [STDOUT]: [com.layue13.clashweave.client.ClientProxy:apply:266]: CW_FEEDBACK player=P0B result=PARRY frozen=29483062904700 receive=29483328142900 corrections=0
[15:04:27] [Client thread/INFO] [STDOUT]: [com.layue13.clashweave.validation.ClientReplay:audio:357]: P0_AUDIO source=random.anvil_land frozen=29483062904700 nano=29483328444700
[15:04:27] [Client thread/INFO] [STDOUT]: [com.layue13.clashweave.client.ClientProxy:hud:333]: CW_FRAME frozen=29483062904700 frame=29483329092500
[15:04:28] [Client thread/INFO] [STDOUT]: [com.layue13.clashweave.validation.ClientReplay:tick:150]: P0_REMOTE action= sneak=false
[15:04:28] [Client thread/INFO] [STDOUT]: [com.layue13.clashweave.client.ClientProxy:apply:266]: CW_FEEDBACK player=P0B result=BLOCK frozen=29483517101400 receive=29483794929000 corrections=0
[15:04:28] [Client thread/INFO] [STDOUT]: [com.layue13.clashweave.validation.ClientReplay:audio:357]: P0_AUDIO source=random.anvil_land frozen=29483517101400 nano=29483795227600
[15:04:28] [Client thread/INFO] [STDOUT]: [com.layue13.clashweave.client.ClientProxy:hud:333]: CW_FRAME frozen=29483517101400 frame=29483795953900
[15:04:29] [Client thread/INFO] [STDOUT]: [com.layue13.clashweave.validation.ClientReplay:tick:150]: P0_REMOTE action= sneak=false
[15:04:29] [Client thread/INFO] [STDOUT]: [com.layue13.clashweave.client.ViewPreservingCorrections$Preserved:processPacket:75]: CW_VIEW packet=1 yawDelta=0.0 pitchDelta=0.0 requestedYawDelta=76.968094 requestedPitchDelta=0.0 nano=29484707880600
[15:04:30] [Client thread/INFO] [STDOUT]: [com.layue13.clashweave.validation.ClientReplay:tick:150]: P0_REMOTE action= sneak=false
[15:04:30] [Client thread/INFO] [STDOUT]: [com.layue13.clashweave.client.ClientProxy:apply:266]: CW_FEEDBACK player=P0B result=PARRY frozen=29485561796800 receive=29485792322400 corrections=0
[15:04:30] [Client thread/INFO] [STDOUT]: [com.layue13.clashweave.validation.ClientReplay:audio:357]: P0_AUDIO source=random.anvil_land frozen=29485561796800 nano=29485792664700
[15:04:30] [Client thread/INFO] [STDOUT]: [com.layue13.clashweave.client.ClientProxy:hud:333]: CW_FRAME frozen=29485561796800 frame=29485793186600
[15:04:30] [Client thread/INFO] [STDOUT]: [com.layue13.clashweave.client.ViewPreservingCorrections$Preserved:processPacket:75]: CW_VIEW packet=1 yawDelta=0.0 pitchDelta=0.0 requestedYawDelta=37.59175 requestedPitchDelta=0.0 nano=29486242063900
[15:04:31] [Client thread/INFO] [STDOUT]: [com.layue13.clashweave.validation.ClientReplay:tick:150]: P0_REMOTE action= sneak=false
[15:04:31] [Client thread/INFO] [STDOUT]: [com.layue13.clashweave.client.ViewPreservingCorrections$Preserved:processPacket:75]: CW_VIEW packet=1 yawDelta=0.0 pitchDelta=0.0 requestedYawDelta=31.184967 requestedPitchDelta=0.0 nano=29487108192000
[15:04:32] [Client thread/INFO] [STDOUT]: [com.layue13.clashweave.validation.ClientReplay:tick:150]: P0_REMOTE action= sneak=false
[15:04:32] [Client thread/INFO] [STDOUT]: [com.layue13.clashweave.client.ClientProxy:apply:266]: CW_FEEDBACK player=P0B result=PARRY frozen=29488117471600 receive=29488375166600 corrections=0
[15:04:32] [Client thread/INFO] [STDOUT]: [com.layue13.clashweave.validation.ClientReplay:audio:357]: P0_AUDIO source=random.anvil_land frozen=29488117471600 nano=29488375474000
[15:04:32] [Client thread/INFO] [STDOUT]: [com.layue13.clashweave.client.ClientProxy:hud:333]: CW_FRAME frozen=29488117471600 frame=29488376021000
[15:04:33] [Client thread/INFO] [STDOUT]: [com.layue13.clashweave.validation.ClientReplay:tick:150]: P0_REMOTE action= sneak=false
[15:04:33] [Client thread/INFO] [STDOUT]: [com.layue13.clashweave.client.ClientProxy:apply:266]: CW_FEEDBACK player=P0B result=PARRY frozen=29488562837100 receive=29488826060300 corrections=0
[15:04:33] [Client thread/INFO] [STDOUT]: [com.layue13.clashweave.validation.ClientReplay:audio:357]: P0_AUDIO source=random.anvil_land frozen=29488562837100 nano=29488826342800
[15:04:33] [Client thread/INFO] [STDOUT]: [com.layue13.clashweave.client.ClientProxy:hud:333]: CW_FRAME frozen=29488562837100 frame=29488826982100
[15:04:33] [Client thread/INFO] [STDOUT]: [com.layue13.clashweave.client.ClientProxy:apply:266]: CW_FEEDBACK player=P0B result=BLOCK frozen=29488962930400 receive=29489245346100 corrections=0
[15:04:33] [Client thread/INFO] [STDOUT]: [com.layue13.clashweave.validation.ClientReplay:audio:357]: P0_AUDIO source=random.anvil_land frozen=29488962930400 nano=29489245639500
[15:04:33] [Client thread/INFO] [STDOUT]: [com.layue13.clashweave.client.ClientProxy:hud:333]: CW_FRAME frozen=29488962930400 frame=29489246113300
[15:04:34] [Client thread/INFO] [STDOUT]: [com.layue13.clashweave.validation.ClientReplay:tick:150]: P0_REMOTE action= sneak=false
[15:04:34] [Client thread/INFO] [STDOUT]: [com.layue13.clashweave.client.ViewPreservingCorrections$Preserved:processPacket:75]: CW_VIEW packet=1 yawDelta=0.0 pitchDelta=0.0 requestedYawDelta=82.65884 requestedPitchDelta=0.0 nano=29489992281000
[15:04:34] [Client thread/INFO] [STDOUT]: [com.layue13.clashweave.client.ViewPreservingCorrections$Preserved:processPacket:75]: CW_VIEW packet=1 yawDelta=0.0 pitchDelta=0.0 requestedYawDelta=94.96974 requestedPitchDelta=0.0 nano=29490042494400
[15:04:35] [Client thread/INFO] [STDOUT]: [com.layue13.clashweave.validation.ClientReplay:tick:150]: P0_REMOTE action= sneak=false
[15:04:35] [Client thread/INFO] [STDOUT]: [com.layue13.clashweave.client.ClientProxy:apply:266]: CW_FEEDBACK player=P0B result=PARRY frozen=29490612368600 receive=29490892509500 corrections=0
[15:04:35] [Client thread/INFO] [STDOUT]: [com.layue13.clashweave.validation.ClientReplay:audio:357]: P0_AUDIO source=random.anvil_land frozen=29490612368600 nano=29490892839400
[15:04:35] [Client thread/INFO] [STDOUT]: [com.layue13.clashweave.client.ClientProxy:hud:333]: CW_FRAME frozen=29490612368600 frame=29490893379800
[15:04:35] [Client thread/INFO] [STDOUT]: [com.layue13.clashweave.client.ViewPreservingCorrections$Preserved:processPacket:75]: CW_VIEW packet=1 yawDelta=0.0 pitchDelta=0.0 requestedYawDelta=37.59175 requestedPitchDelta=0.0 nano=29491292384500
[15:04:36] [Client thread/INFO] [STDOUT]: [com.layue13.clashweave.client.ViewPreservingCorrections$Preserved:processPacket:75]: CW_VIEW packet=1 yawDelta=0.0 pitchDelta=0.0 requestedYawDelta=31.184967 requestedPitchDelta=0.0 nano=29492107899400
[15:04:37] [Client thread/INFO] [STDOUT]: [com.layue13.clashweave.client.ClientProxy:apply:266]: CW_FEEDBACK player=P0B result=PARRY frozen=29493112150500 receive=29493358897300 corrections=0
[15:04:37] [Client thread/INFO] [STDOUT]: [com.layue13.clashweave.validation.ClientReplay:audio:357]: P0_AUDIO source=random.anvil_land frozen=29493112150500 nano=29493359181100
[15:04:37] [Client thread/INFO] [STDOUT]: [com.layue13.clashweave.client.ClientProxy:hud:333]: CW_FRAME frozen=29493112150500 frame=29493359753100
[15:04:38] [Client thread/INFO] [STDOUT]: [com.layue13.clashweave.client.ClientProxy:apply:266]: CW_FEEDBACK player=P0B result=BLOCK frozen=29493511964600 receive=29493808172600 corrections=0
[15:04:38] [Client thread/INFO] [STDOUT]: [com.layue13.clashweave.validation.ClientReplay:audio:357]: P0_AUDIO source=random.anvil_land frozen=29493511964600 nano=29493808427000
[15:04:38] [Client thread/INFO] [STDOUT]: [com.layue13.clashweave.client.ClientProxy:hud:333]: CW_FRAME frozen=29493511964600 frame=29493808900000
[15:04:40] [Client thread/INFO] [STDOUT]: [com.layue13.clashweave.client.ClientProxy:apply:266]: CW_FEEDBACK player=P0B result=PARRY frozen=29495611869800 receive=29495858195600 corrections=0
[15:04:40] [Client thread/INFO] [STDOUT]: [com.layue13.clashweave.validation.ClientReplay:audio:357]: P0_AUDIO source=random.anvil_land frozen=29495611869800 nano=29495858526800
[15:04:40] [Client thread/INFO] [STDOUT]: [com.layue13.clashweave.client.ClientProxy:hud:333]: CW_FRAME frozen=29495611869800 frame=29495859014100
[15:04:42] [Client thread/INFO] [STDOUT]: [com.layue13.clashweave.client.ClientProxy:apply:266]: CW_FEEDBACK player=P0B result=PARRY frozen=29498111612100 receive=29498325449500 corrections=0
[15:04:42] [Client thread/INFO] [STDOUT]: [com.layue13.clashweave.client.ClientProxy:hud:333]: CW_FRAME frozen=29498111612100 frame=29498326271800
