[19:37:53] [Server thread/INFO] [STDOUT]: [com.layue13.clashweave.probe.ProbeServer:log:56]: CWPROBE S1_START interval=7 unspawnedEntities=true actualVanillaMethods=true
[19:37:53] [Server thread/INFO] [STDOUT]: [com.layue13.clashweave.probe.ProbeServer:log:56]: CWPROBE S1_SEGMENT tick=0 vanilla=true naive=true isolated=true duplicate=false hp=98.0,98.0,98.0
[19:37:54] [Server thread/INFO] [STDOUT]: [com.layue13.clashweave.probe.ProbeServer:log:56]: CWPROBE S1_SEGMENT tick=7 vanilla=false naive=true isolated=true duplicate=false hp=98.0,96.0,96.0
[19:37:54] [Server thread/INFO] [STDOUT]: [com.layue13.clashweave.probe.ProbeServer:log:56]: CWPROBE S1_OTHER tick=8 equalVanillaControl=false naive=true isolated=false hp=96.0,92.0,94.0
[19:37:54] [Server thread/INFO] [STDOUT]: [com.layue13.clashweave.probe.ProbeServer:log:56]: CWPROBE S1_STRONGER control=true isolated=true hp=94.0,92.0
[19:37:54] [Server thread/INFO] [STDOUT]: [com.layue13.clashweave.probe.ProbeServer:log:56]: CWPROBE S1_CANCEL accepted=false hp=100.0 timer=13
[19:37:54] [Server thread/INFO] [STDOUT]: [com.layue13.clashweave.probe.ProbeServer:log:56]: CWPROBE S1_SEGMENT tick=14 vanilla=true naive=true isolated=true duplicate=false hp=96.0,94.0,94.0
[19:37:54] [Server thread/INFO] [STDOUT]: [com.layue13.clashweave.probe.ProbeServer:log:56]: CWPROBE S1_SUMMARY vanillaHp=96.0 naiveHp=94.0 isolatedHp=94.0
[19:38:01] [Server thread/INFO] [STDOUT]: [com.layue13.clashweave.probe.ProbeServer:log:56]: CWPROBE LOGIN name=ProbeB side=DEDICATED_OR_INTEGRATED
[19:38:09] [Server thread/INFO] [STDOUT]: [com.layue13.clashweave.probe.ProbeServer:log:56]: CWPROBE LOGIN name=ProbeA side=DEDICATED_OR_INTEGRATED
[19:38:14] [Server thread/INFO] [STDOUT]: [com.layue13.clashweave.probe.ProbeServer:log:56]: CWPROBE S2_START name=ProbeA lane=open speed=0.4000000059604645 id=420
[19:38:16] [Server thread/INFO] [STDOUT]: [com.layue13.clashweave.probe.ProbeServer:log:56]: CWPROBE S2_END name=ProbeA lane=open speed=0.4000000059604645 valid=0 rejects=0 dx=5.0 x=5.5 expectedX=0.5
[19:38:17] [Server thread/INFO] [STDOUT]: [com.layue13.clashweave.probe.ProbeServer:log:56]: CWPROBE S5_WORLD_FIXTURES peacefulDoor=true engagedDoor=false noToggle=true peacefulChest=true engagedChest=false configClosed=true villagerInteract=false protectedLoss=0.0 unprotectedLoss=2.0 leftBlocked=true passed=true
[19:38:17] [Server thread/INFO] [STDOUT]: [com.layue13.clashweave.probe.ProbeServer:log:56]: CWPROBE S5_TARGET_SERVER entity=10 target=8 distance=4
[19:38:17] [Server thread/INFO] [STDOUT]: [com.layue13.clashweave.probe.ProbeServer:log:56]: CWPROBE S2_START name=ProbeA lane=wall speed=0.800000011920929 id=474
[19:38:18] [Server thread/INFO] [STDOUT]: [com.layue13.clashweave.probe.ProbeServer:log:56]: CWPROBE S2_SAMPLE name=ProbeA sample=1 valid=true x=1.300000011920929 z=4.5
[19:38:18] [Server thread/INFO] [STDOUT]: [com.layue13.clashweave.probe.ProbeServer:log:56]: CWPROBE S2_SAMPLE name=ProbeA sample=2 valid=true x=2.100000023841858 z=4.5
[19:38:18] [Server thread/INFO] [STDOUT]: [com.layue13.clashweave.probe.ProbeServer:log:56]: CWPROBE S2_SAMPLE name=ProbeA sample=3 valid=true x=2.699999988079071 z=4.5
[19:38:18] [Server thread/INFO] [STDOUT]: [com.layue13.clashweave.probe.ProbeServer:log:56]: CWPROBE S2_SAMPLE name=ProbeA sample=4 valid=true x=2.699999988079071 z=4.5
[19:38:18] [Server thread/INFO] [STDOUT]: [com.layue13.clashweave.probe.ProbeServer:log:56]: CWPROBE S2_SAMPLE name=ProbeA sample=5 valid=true x=2.699999988079071 z=4.5
[19:38:19] [Server thread/INFO] [STDOUT]: [com.layue13.clashweave.probe.ProbeServer:log:56]: CWPROBE S2_END name=ProbeA lane=wall speed=0.800000011920929 valid=5 rejects=0 dx=2.199999988079071 x=2.699999988079071 expectedX=2.699999988079071
[19:38:20] [Server thread/INFO] [STDOUT]: [com.layue13.clashweave.probe.ProbeServer:log:56]: CWPROBE S2_START name=ProbeA lane=invalid speed=0.4000000059604645 id=528
[19:38:20] [Server thread/INFO] [STDOUT]: [com.layue13.clashweave.probe.ProbeServer:log:56]: CWPROBE S2_SAMPLE name=ProbeA sample=1 valid=false x=5.5 z=0.5
[19:38:20] [Server thread/INFO] [STDOUT]: [com.layue13.clashweave.probe.ProbeServer:log:56]: CWPROBE S2_SAMPLE name=ProbeA sample=2 valid=false x=5.9000000059604645 z=0.5
[19:38:20] [Server thread/INFO] [STDOUT]: [com.layue13.clashweave.probe.ProbeServer:log:56]: CWPROBE S2_SAMPLE name=ProbeA sample=3 valid=false x=6.300000011920929 z=0.5
[19:38:20] [Server thread/INFO] [STDOUT]: [com.layue13.clashweave.probe.ProbeServer:log:56]: CWPROBE S2_SAMPLE name=ProbeA sample=4 valid=false x=6.700000017881393 z=0.5
[19:38:20] [Server thread/INFO] [STDOUT]: [com.layue13.clashweave.probe.ProbeServer:log:56]: CWPROBE S2_SAMPLE name=ProbeA sample=5 valid=false x=0.9000000059604645 z=0.5
[19:38:22] [Server thread/INFO] [STDOUT]: [com.layue13.clashweave.probe.ProbeServer:log:56]: CWPROBE S2_END name=ProbeA lane=invalid speed=0.4000000059604645 valid=0 rejects=5 dx=0.0 x=0.5 expectedX=0.5
[19:38:22] [Server thread/INFO] [STDOUT]: [com.layue13.clashweave.probe.ProbeServer:log:56]: CWPROBE S2_START name=ProbeA lane=open speed=0.800000011920929 id=582
[19:38:23] [Server thread/INFO] [STDOUT]: [com.layue13.clashweave.probe.ProbeServer:log:56]: CWPROBE S2_SAMPLE name=ProbeA sample=1 valid=true x=1.300000011920929 z=0.5
[19:38:23] [Server thread/INFO] [STDOUT]: [com.layue13.clashweave.probe.ProbeServer:log:56]: CWPROBE S2_SAMPLE name=ProbeA sample=2 valid=true x=2.100000023841858 z=0.5
[19:38:23] [Server thread/INFO] [STDOUT]: [com.layue13.clashweave.probe.ProbeServer:log:56]: CWPROBE S2_SAMPLE name=ProbeA sample=3 valid=true x=2.900000035762787 z=0.5
[19:38:23] [Server thread/INFO] [STDOUT]: [com.layue13.clashweave.probe.ProbeServer:log:56]: CWPROBE S2_SAMPLE name=ProbeA sample=4 valid=true x=3.700000047683716 z=0.5
[19:38:23] [Server thread/INFO] [STDOUT]: [com.layue13.clashweave.probe.ProbeServer:log:56]: CWPROBE S2_SAMPLE name=ProbeA sample=5 valid=true x=4.500000059604645 z=0.5
[19:38:24] [Server thread/INFO] [STDOUT]: [com.layue13.clashweave.probe.ProbeServer:log:56]: CWPROBE S2_END name=ProbeA lane=open speed=0.800000011920929 valid=5 rejects=0 dx=4.000000059604645 x=4.500000059604645 expectedX=4.500000059604645
[19:38:25] [Server thread/INFO] [STDOUT]: [com.layue13.clashweave.probe.ProbeServer:log:56]: CWPROBE S2_START name=ProbeA lane=wall speed=0.4000000059604645 id=636
[19:38:26] [Server thread/INFO] [STDOUT]: [com.layue13.clashweave.probe.ProbeServer:log:56]: CWPROBE S2_SAMPLE name=ProbeA sample=1 valid=true x=0.9000000059604645 z=4.5
[19:38:26] [Server thread/INFO] [STDOUT]: [com.layue13.clashweave.probe.ProbeServer:log:56]: CWPROBE S2_SAMPLE name=ProbeA sample=2 valid=true x=1.300000011920929 z=4.5
[19:38:26] [Server thread/INFO] [STDOUT]: [com.layue13.clashweave.probe.ProbeServer:log:56]: CWPROBE S2_SAMPLE name=ProbeA sample=3 valid=true x=1.7000000178813934 z=4.5
[19:38:26] [Server thread/INFO] [STDOUT]: [com.layue13.clashweave.probe.ProbeServer:log:56]: CWPROBE S2_SAMPLE name=ProbeA sample=4 valid=true x=2.100000023841858 z=4.5
[19:38:26] [Server thread/INFO] [STDOUT]: [com.layue13.clashweave.probe.ProbeServer:log:56]: CWPROBE S2_SAMPLE name=ProbeA sample=5 valid=true x=2.5000000298023224 z=4.5
[19:38:27] [Server thread/INFO] [STDOUT]: [com.layue13.clashweave.probe.ProbeServer:log:56]: CWPROBE S2_END name=ProbeA lane=wall speed=0.4000000059604645 valid=5 rejects=0 dx=2.0000000298023224 x=2.5000000298023224 expectedX=2.5000000298023224
[19:38:28] [Server thread/INFO] [STDOUT]: [com.layue13.clashweave.probe.ProbeServer:log:56]: CWPROBE S2_START name=ProbeA lane=invalid speed=0.800000011920929 id=690
[19:38:28] [Server thread/INFO] [STDOUT]: [com.layue13.clashweave.probe.ProbeServer:log:56]: CWPROBE S2_SAMPLE name=ProbeA sample=1 valid=false x=5.5 z=0.5
[19:38:28] [Server thread/INFO] [STDOUT]: [com.layue13.clashweave.probe.ProbeServer:log:56]: CWPROBE S2_SAMPLE name=ProbeA sample=2 valid=false x=6.300000011920929 z=0.5
[19:38:28] [Server thread/INFO] [STDOUT]: [com.layue13.clashweave.probe.ProbeServer:log:56]: CWPROBE S2_SAMPLE name=ProbeA sample=3 valid=false x=7.100000023841858 z=0.5
[19:38:28] [Server thread/INFO] [STDOUT]: [com.layue13.clashweave.probe.ProbeServer:log:56]: CWPROBE S2_SAMPLE name=ProbeA sample=4 valid=false x=7.900000035762787 z=0.5
[19:38:29] [Server thread/INFO] [STDOUT]: [com.layue13.clashweave.probe.ProbeServer:log:56]: CWPROBE S2_SAMPLE name=ProbeA sample=5 valid=false x=1.300000011920929 z=0.5
[19:38:30] [Server thread/INFO] [STDOUT]: [com.layue13.clashweave.probe.ProbeServer:log:56]: CWPROBE S2_END name=ProbeA lane=invalid speed=0.800000011920929 valid=0 rejects=5 dx=0.0 x=0.5 expectedX=0.5
[19:38:30] [Server thread/INFO] [STDOUT]: [com.layue13.clashweave.probe.ProbeServer:log:56]: CWPROBE S2_VELOCITY_SENT x=0.4 y=0.25 origin=SERVER
[19:38:33] [Server thread/INFO] [STDOUT]: [com.layue13.clashweave.probe.ProbeServer:log:56]: CWPROBE S3_IMPACT trial=0 lead=0 tick=794 press=null parry=false damage=1.0
[19:38:33] [Server thread/INFO] [STDOUT]: [com.layue13.clashweave.probe.ProbeServer:log:56]: CWPROBE S3_INPUT name=ProbeB seq=1 stamp=794 arrival=797 age=3 accepted=true
[19:38:35] [Server thread/INFO] [STDOUT]: [com.layue13.clashweave.probe.ProbeServer:log:56]: CWPROBE S3_IMPACT trial=1 lead=1 tick=824 press=null parry=false damage=1.0
[19:38:35] [Server thread/INFO] [STDOUT]: [com.layue13.clashweave.probe.ProbeServer:log:56]: CWPROBE S3_INPUT name=ProbeB seq=2 stamp=823 arrival=826 age=3 accepted=true
[19:38:36] [Server thread/INFO] [STDOUT]: [com.layue13.clashweave.probe.ProbeServer:log:56]: CWPROBE S3_IMPACT trial=2 lead=2 tick=854 press=null parry=false damage=1.0
[19:38:36] [Server thread/INFO] [STDOUT]: [com.layue13.clashweave.probe.ProbeServer:log:56]: CWPROBE S3_INPUT name=ProbeB seq=3 stamp=852 arrival=856 age=4 accepted=true
[19:38:38] [Server thread/INFO] [STDOUT]: [com.layue13.clashweave.probe.ProbeServer:log:56]: CWPROBE S3_INPUT name=ProbeB seq=4 stamp=881 arrival=884 age=3 accepted=true
[19:38:38] [Server thread/INFO] [STDOUT]: [com.layue13.clashweave.probe.ProbeServer:log:56]: CWPROBE S3_IMPACT trial=3 lead=3 tick=884 press=881 parry=true damage=0.0
[19:38:39] [Server thread/INFO] [STDOUT]: [com.layue13.clashweave.probe.ProbeServer:log:56]: CWPROBE S3_INPUT name=ProbeB seq=5 stamp=910 arrival=913 age=3 accepted=true
[19:38:39] [Server thread/INFO] [STDOUT]: [com.layue13.clashweave.probe.ProbeServer:log:56]: CWPROBE S3_IMPACT trial=4 lead=4 tick=914 press=910 parry=true damage=0.0
[19:38:41] [Server thread/INFO] [STDOUT]: [com.layue13.clashweave.probe.ProbeServer:log:56]: CWPROBE S3_IMPACT trial=5 lead=0 tick=944 press=null parry=false damage=1.0
[19:38:41] [Server thread/INFO] [STDOUT]: [com.layue13.clashweave.probe.ProbeServer:log:56]: CWPROBE S3_INPUT name=ProbeB seq=6 stamp=944 arrival=947 age=3 accepted=true
[19:38:42] [Server thread/INFO] [STDOUT]: [com.layue13.clashweave.probe.ProbeServer:log:56]: CWPROBE S3_IMPACT trial=6 lead=1 tick=974 press=null parry=false damage=1.0
[19:38:42] [Server thread/INFO] [STDOUT]: [com.layue13.clashweave.probe.ProbeServer:log:56]: CWPROBE S3_INPUT name=ProbeB seq=7 stamp=973 arrival=976 age=3 accepted=true
[19:38:44] [Server thread/INFO] [STDOUT]: [com.layue13.clashweave.probe.ProbeServer:log:56]: CWPROBE S3_IMPACT trial=7 lead=2 tick=1004 press=null parry=false damage=1.0
[19:38:44] [Server thread/INFO] [STDOUT]: [com.layue13.clashweave.probe.ProbeServer:log:56]: CWPROBE S3_INPUT name=ProbeB seq=8 stamp=1002 arrival=1005 age=3 accepted=true
[19:38:45] [Server thread/INFO] [STDOUT]: [com.layue13.clashweave.probe.ProbeServer:log:56]: CWPROBE S3_INPUT name=ProbeB seq=9 stamp=1031 arrival=1034 age=3 accepted=true
[19:38:45] [Server thread/INFO] [STDOUT]: [com.layue13.clashweave.probe.ProbeServer:log:56]: CWPROBE S3_IMPACT trial=8 lead=3 tick=1034 press=1031 parry=true damage=0.0
[19:38:46] [Server thread/INFO] [STDOUT]: [com.layue13.clashweave.probe.ProbeServer:log:56]: CWPROBE S3_INPUT name=ProbeB seq=10 stamp=1060 arrival=1063 age=3 accepted=true
[19:38:47] [Server thread/INFO] [STDOUT]: [com.layue13.clashweave.probe.ProbeServer:log:56]: CWPROBE S3_IMPACT trial=9 lead=4 tick=1064 press=1060 parry=true damage=0.0
[19:38:48] [Server thread/INFO] [STDOUT]: [com.layue13.clashweave.probe.ProbeServer:log:56]: CWPROBE S3_IMPACT trial=10 lead=0 tick=1094 press=null parry=false damage=1.0
[19:38:48] [Server thread/INFO] [STDOUT]: [com.layue13.clashweave.probe.ProbeServer:log:56]: CWPROBE S3_INPUT name=ProbeB seq=11 stamp=1094 arrival=1097 age=3 accepted=true
[19:38:50] [Server thread/INFO] [STDOUT]: [com.layue13.clashweave.probe.ProbeServer:log:56]: CWPROBE S3_IMPACT trial=11 lead=1 tick=1124 press=null parry=false damage=1.0
[19:38:50] [Server thread/INFO] [STDOUT]: [com.layue13.clashweave.probe.ProbeServer:log:56]: CWPROBE S3_INPUT name=ProbeB seq=12 stamp=1123 arrival=1126 age=3 accepted=true
[19:38:51] [Server thread/INFO] [STDOUT]: [com.layue13.clashweave.probe.ProbeServer:log:56]: CWPROBE S3_IMPACT trial=12 lead=2 tick=1154 press=null parry=false damage=1.0
[19:38:51] [Server thread/INFO] [STDOUT]: [com.layue13.clashweave.probe.ProbeServer:log:56]: CWPROBE S3_INPUT name=ProbeB seq=13 stamp=1152 arrival=1155 age=3 accepted=true
[19:38:53] [Server thread/INFO] [STDOUT]: [com.layue13.clashweave.probe.ProbeServer:log:56]: CWPROBE S3_INPUT name=ProbeB seq=14 stamp=1181 arrival=1184 age=3 accepted=true
[19:38:53] [Server thread/INFO] [STDOUT]: [com.layue13.clashweave.probe.ProbeServer:log:56]: CWPROBE S3_IMPACT trial=13 lead=3 tick=1184 press=1181 parry=true damage=0.0
[19:38:54] [Server thread/INFO] [STDOUT]: [com.layue13.clashweave.probe.ProbeServer:log:56]: CWPROBE S3_INPUT name=ProbeB seq=15 stamp=1210 arrival=1213 age=3 accepted=true
[19:38:54] [Server thread/INFO] [STDOUT]: [com.layue13.clashweave.probe.ProbeServer:log:56]: CWPROBE S3_IMPACT trial=14 lead=4 tick=1214 press=1210 parry=true damage=0.0
[19:38:56] [Server thread/INFO] [STDOUT]: [com.layue13.clashweave.probe.ProbeServer:log:56]: CWPROBE S3_IMPACT trial=15 lead=0 tick=1244 press=null parry=false damage=1.0
[19:38:56] [Server thread/INFO] [STDOUT]: [com.layue13.clashweave.probe.ProbeServer:log:56]: CWPROBE S3_INPUT name=ProbeB seq=16 stamp=1244 arrival=1247 age=3 accepted=true
[19:38:57] [Server thread/INFO] [STDOUT]: [com.layue13.clashweave.probe.ProbeServer:log:56]: CWPROBE S3_IMPACT trial=16 lead=1 tick=1274 press=null parry=false damage=1.0
[19:38:57] [Server thread/INFO] [STDOUT]: [com.layue13.clashweave.probe.ProbeServer:log:56]: CWPROBE S3_INPUT name=ProbeB seq=17 stamp=1273 arrival=1276 age=3 accepted=true
[19:38:59] [Server thread/INFO] [STDOUT]: [com.layue13.clashweave.probe.ProbeServer:log:56]: CWPROBE S3_IMPACT trial=17 lead=2 tick=1304 press=null parry=false damage=1.0
[19:38:59] [Server thread/INFO] [STDOUT]: [com.layue13.clashweave.probe.ProbeServer:log:56]: CWPROBE S3_INPUT name=ProbeB seq=18 stamp=1302 arrival=1305 age=3 accepted=true
[19:39:00] [Server thread/INFO] [STDOUT]: [com.layue13.clashweave.probe.ProbeServer:log:56]: CWPROBE S3_INPUT name=ProbeB seq=19 stamp=1331 arrival=1334 age=3 accepted=true
[19:39:00] [Server thread/INFO] [STDOUT]: [com.layue13.clashweave.probe.ProbeServer:log:56]: CWPROBE S3_IMPACT trial=18 lead=3 tick=1334 press=1331 parry=true damage=0.0
[19:39:01] [Server thread/INFO] [STDOUT]: [com.layue13.clashweave.probe.ProbeServer:log:56]: CWPROBE S3_INPUT name=ProbeB seq=20 stamp=1360 arrival=1363 age=3 accepted=true
[19:39:01] [Server thread/INFO] [STDOUT]: [com.layue13.clashweave.probe.ProbeServer:log:56]: CWPROBE S3_INPUT name=ProbeB seq=20 stamp=1360 arrival=1363 age=3 accepted=false
[19:39:01] [Server thread/INFO] [STDOUT]: [com.layue13.clashweave.probe.ProbeServer:log:56]: CWPROBE S3_INPUT name=ProbeB seq=21 stamp=1340 arrival=1363 age=23 accepted=false
[19:39:01] [Server thread/INFO] [STDOUT]: [com.layue13.clashweave.probe.ProbeServer:log:56]: CWPROBE S3_INPUT name=ProbeB seq=22 stamp=1460 arrival=1363 age=-97 accepted=false
[19:39:02] [Server thread/INFO] [STDOUT]: [com.layue13.clashweave.probe.ProbeServer:log:56]: CWPROBE S3_IMPACT trial=19 lead=4 tick=1364 press=1360 parry=true damage=0.0
[19:39:02] [Server thread/INFO] [STDOUT]: [com.layue13.clashweave.probe.ProbeServer:log:56]: CWPROBE S3_SUMMARY success=8 total=20 window=5 cap=4 worldRollback=false lateUndo=false
[19:38:06] [Client thread/INFO] [STDOUT]: [com.layue13.clashweave.probe.ProbeServer:log:56]: CWPROBE S4_IMPORT loader=AdvancedModelLoader format=OBJ texture=PNG units=blocks up=Y origin=grip
[19:38:13] [Client thread/INFO] [STDOUT]: [com.layue13.clashweave.probe.ProbeServer:log:56]: CWPROBE S5_CHECK peace sneaks at 0.3 passed=true
[19:38:13] [Client thread/INFO] [STDOUT]: [com.layue13.clashweave.probe.ProbeServer:log:56]: CWPROBE S5_CHECK engage restores movement and jump passed=true
[19:38:13] [Client thread/INFO] [STDOUT]: [com.layue13.clashweave.probe.ProbeServer:log:56]: CWPROBE S5_CHECK held Shift on engagement creates no press passed=true
[19:38:13] [Client thread/INFO] [STDOUT]: [com.layue13.clashweave.probe.ProbeServer:log:56]: CWPROBE S5_CHECK real rising edge creates press passed=true
[19:38:13] [Client thread/INFO] [STDOUT]: [com.layue13.clashweave.probe.ProbeServer:log:56]: CWPROBE S5_CHECK hold creates no repeat passed=true
[19:38:13] [Client thread/INFO] [STDOUT]: [com.layue13.clashweave.probe.ProbeServer:log:56]: CWPROBE S5_CHECK GUI close while held creates no press passed=true
[19:38:13] [Client thread/INFO] [STDOUT]: [com.layue13.clashweave.probe.ProbeServer:log:56]: CWPROBE S5_CHECK equip while held creates no press passed=true
[19:38:13] [Client thread/INFO] [STDOUT]: [com.layue13.clashweave.probe.ProbeServer:log:56]: CWPROBE S5_CHECK release then press survives transitions passed=true
[19:38:13] [Client thread/INFO] [STDOUT]: [com.layue13.clashweave.probe.ProbeServer:log:56]: CWPROBE S5_CHECK peace mapping restored passed=true
[19:38:13] [Client thread/INFO] [STDOUT]: [com.layue13.clashweave.probe.ProbeServer:log:56]: CWPROBE S5_CHECK exactly two genuine presses passed=true
[19:38:13] [Client thread/INFO] [STDOUT]: [com.layue13.clashweave.probe.ProbeServer:log:56]: CWPROBE S5_REPLAY assertions=10 presses=2 releases=4 passed=true provider=MovementInputFromOptions
[19:38:15] [Client thread/INFO] [STDOUT]: [com.layue13.clashweave.probe.ProbeServer:log:56]: CWPROBE S2_PREDICT sample=1 x=5.5
[19:38:15] [Client thread/INFO] [STDOUT]: [com.layue13.clashweave.probe.ProbeServer:log:56]: CWPROBE S2_PREDICT sample=2 x=5.5
[19:38:15] [Client thread/INFO] [STDOUT]: [com.layue13.clashweave.probe.ProbeServer:log:56]: CWPROBE S2_PREDICT sample=3 x=5.5
[19:38:15] [Client thread/INFO] [STDOUT]: [com.layue13.clashweave.probe.ProbeServer:log:56]: CWPROBE S2_PREDICT sample=4 x=5.5
[19:38:15] [Client thread/INFO] [STDOUT]: [com.layue13.clashweave.probe.ProbeServer:log:56]: CWPROBE S2_PREDICT sample=5 x=5.5
[19:38:16] [Client thread/INFO] [STDOUT]: [com.layue13.clashweave.probe.ProbeServer:log:56]: CWPROBE S2_RESULT trial=0 predicted=5.5 server=5.5 validated=0.5 delta=0.0 rejects=0 S08=0 postMotionS08=0
[19:38:17] [Client thread/INFO] [STDOUT]: [com.layue13.clashweave.probe.ProbeServer:log:56]: CWPROBE S5_TARGET_REPLICA entityPresent=true localAttackTarget=false clientEngaged=false serverTargetConfirmed=true
[19:38:17] [Client thread/INFO] [STDOUT]: [com.layue13.clashweave.probe.ProbeServer:log:56]: CWPROBE S2_PREDICT sample=1 x=1.300000011920929
[19:38:17] [Client thread/INFO] [STDOUT]: [com.layue13.clashweave.probe.ProbeServer:log:56]: CWPROBE S2_PREDICT sample=2 x=2.100000023841858
[19:38:18] [Client thread/INFO] [STDOUT]: [com.layue13.clashweave.probe.ProbeServer:log:56]: CWPROBE S2_PREDICT sample=3 x=2.699999988079071
[19:38:18] [Client thread/INFO] [STDOUT]: [com.layue13.clashweave.probe.ProbeServer:log:56]: CWPROBE S2_PREDICT sample=4 x=2.699999988079071
[19:38:18] [Client thread/INFO] [STDOUT]: [com.layue13.clashweave.probe.ProbeServer:log:56]: CWPROBE S2_PREDICT sample=5 x=2.699999988079071
[19:38:19] [Client thread/INFO] [STDOUT]: [com.layue13.clashweave.probe.ProbeServer:log:56]: CWPROBE S2_RESULT trial=1 predicted=2.699999988079071 server=2.699999988079071 validated=2.699999988079071 delta=0.0 rejects=0 S08=0 postMotionS08=0
[19:38:20] [Client thread/INFO] [STDOUT]: [com.layue13.clashweave.probe.ProbeServer:log:56]: CWPROBE S2_PREDICT sample=1 x=5.5
[19:38:20] [Client thread/INFO] [STDOUT]: [com.layue13.clashweave.probe.ProbeServer:log:56]: CWPROBE S2_PREDICT sample=2 x=5.9000000059604645
[19:38:20] [Client thread/INFO] [STDOUT]: [com.layue13.clashweave.probe.ProbeServer:log:56]: CWPROBE S2_PREDICT sample=3 x=6.300000011920929
[19:38:20] [Client thread/INFO] [STDOUT]: [com.layue13.clashweave.probe.ProbeServer:log:56]: CWPROBE S2_PREDICT sample=4 x=6.700000017881393
[19:38:20] [Client thread/INFO] [STDOUT]: [com.layue13.clashweave.probe.ProbeServer:log:56]: CWPROBE S2_PREDICT sample=5 x=0.9000000059604645
[19:38:22] [Client thread/INFO] [STDOUT]: [com.layue13.clashweave.probe.ProbeServer:log:56]: CWPROBE S2_RESULT trial=2 predicted=0.9000000059604645 server=0.5 validated=0.5 delta=0.4000000059604645 rejects=5 S08=5 postMotionS08=3
[19:38:23] [Client thread/INFO] [STDOUT]: [com.layue13.clashweave.probe.ProbeServer:log:56]: CWPROBE S2_PREDICT sample=1 x=1.300000011920929
[19:38:23] [Client thread/INFO] [STDOUT]: [com.layue13.clashweave.probe.ProbeServer:log:56]: CWPROBE S2_PREDICT sample=2 x=2.100000023841858
[19:38:23] [Client thread/INFO] [STDOUT]: [com.layue13.clashweave.probe.ProbeServer:log:56]: CWPROBE S2_PREDICT sample=3 x=2.900000035762787
[19:38:23] [Client thread/INFO] [STDOUT]: [com.layue13.clashweave.probe.ProbeServer:log:56]: CWPROBE S2_PREDICT sample=4 x=3.700000047683716
[19:38:23] [Client thread/INFO] [STDOUT]: [com.layue13.clashweave.probe.ProbeServer:log:56]: CWPROBE S2_PREDICT sample=5 x=4.500000059604645
[19:38:25] [Client thread/INFO] [STDOUT]: [com.layue13.clashweave.probe.ProbeServer:log:56]: CWPROBE S2_RESULT trial=3 predicted=4.500000059604645 server=4.500000059604645 validated=4.500000059604645 delta=0.0 rejects=0 S08=0 postMotionS08=0
[19:38:26] [Client thread/INFO] [STDOUT]: [com.layue13.clashweave.probe.ProbeServer:log:56]: CWPROBE S2_PREDICT sample=1 x=0.9000000059604645
[19:38:26] [Client thread/INFO] [STDOUT]: [com.layue13.clashweave.probe.ProbeServer:log:56]: CWPROBE S2_PREDICT sample=2 x=1.300000011920929
[19:38:26] [Client thread/INFO] [STDOUT]: [com.layue13.clashweave.probe.ProbeServer:log:56]: CWPROBE S2_PREDICT sample=3 x=1.7000000178813934
[19:38:26] [Client thread/INFO] [STDOUT]: [com.layue13.clashweave.probe.ProbeServer:log:56]: CWPROBE S2_PREDICT sample=4 x=2.100000023841858
[19:38:26] [Client thread/INFO] [STDOUT]: [com.layue13.clashweave.probe.ProbeServer:log:56]: CWPROBE S2_PREDICT sample=5 x=2.5000000298023224
[19:38:27] [Client thread/INFO] [STDOUT]: [com.layue13.clashweave.probe.ProbeServer:log:56]: CWPROBE S2_RESULT trial=4 predicted=2.5000000298023224 server=2.5000000298023224 validated=2.5000000298023224 delta=0.0 rejects=0 S08=0 postMotionS08=0
[19:38:28] [Client thread/INFO] [STDOUT]: [com.layue13.clashweave.probe.ProbeServer:log:56]: CWPROBE S2_PREDICT sample=1 x=5.5
[19:38:28] [Client thread/INFO] [STDOUT]: [com.layue13.clashweave.probe.ProbeServer:log:56]: CWPROBE S2_PREDICT sample=2 x=6.300000011920929
[19:38:28] [Client thread/INFO] [STDOUT]: [com.layue13.clashweave.probe.ProbeServer:log:56]: CWPROBE S2_PREDICT sample=3 x=7.100000023841858
[19:38:28] [Client thread/INFO] [STDOUT]: [com.layue13.clashweave.probe.ProbeServer:log:56]: CWPROBE S2_PREDICT sample=4 x=7.900000035762787
[19:38:28] [Client thread/INFO] [STDOUT]: [com.layue13.clashweave.probe.ProbeServer:log:56]: CWPROBE S2_PREDICT sample=5 x=1.300000011920929
[19:38:30] [Client thread/INFO] [STDOUT]: [com.layue13.clashweave.probe.ProbeServer:log:56]: CWPROBE S2_RESULT trial=5 predicted=1.300000011920929 server=0.5 validated=0.5 delta=0.800000011920929 rejects=5 S08=6 postMotionS08=3
[19:38:30] [Netty Client IO #0/INFO] [STDOUT]: [com.layue13.clashweave.probe.ProbeServer:log:56]: CWPROBE S2_VELOCITY_RECEIVED x=0.4 y=0.25
[19:38:32] [Client thread/INFO] [STDOUT]: [com.layue13.clashweave.probe.ProbeServer:log:56]: CWPROBE S2_VELOCITY_RESULT packets=1 finalX=2.314665588728958 finalY=66.62000000476837
[19:39:02] [Client thread/INFO] [STDOUT]: [com.layue13.clashweave.probe.ProbeServer:log:56]: CWPROBE S3_CLIENT_SUMMARY success=8 total=20.0
[19:39:02] [Client thread/INFO] [STDOUT]: [com.layue13.clashweave.probe.ProbeServer:log:56]: CWPROBE S4_START entity=8 instance=1378 localStart=1109
[19:39:02] [Client thread/INFO] [STDOUT]: [com.layue13.clashweave.probe.ProbeServer:log:56]: CWPROBE S4_VIEW view=0 instance=1378 elapsed=2 progress=0.15384616
[19:39:03] [Client thread/INFO] [STDOUT]: [com.layue13.clashweave.probe.ProbeServer:log:56]: CWPROBE S4_VIEW view=1 instance=1378 elapsed=6 progress=0.46153846
[19:39:03] [Client thread/INFO] [STDOUT]: [com.layue13.clashweave.probe.ProbeServer:log:56]: CWPROBE S4_VIEW view=2 instance=1378 elapsed=9 progress=0.6923077
[19:39:03] [Client thread/INFO] [STDOUT]: [com.layue13.clashweave.probe.ProbeServer:log:56]: CWPROBE CLIENT_COMPLETE moves=6 screenshots=3
