# Log excerpt; complete raw log retained locally under build/p0/runs.
# Original lines: 271
# Marker counts: {'ERROR': 3, 'CW_RENDER': 1, 'Exception': 2, 'P0_AUDIO': 1, 'CW_ENGAGEMENT': 2, 'P0_REPLAY': 29, 'P0_CAPTURE': 12, 'P0_POSE': 3, 'P0_REQUEST': 58, 'CW_ALIGN': 43}
[14:36:55] [main/ERROR] [FML]: The binary patch set is missing. Either you are in a development environment, or things are not going to work!
[14:36:55] [main/ERROR] [FML]: FML appears to be missing any signature data. This is not a good thing
This is just a prompt for computer specs to be printed. THIS IS NOT A ERROR
[14:36:59] [Client thread/INFO] [STDOUT]: [com.layue13.clashweave.client.KatanaRendering:load:42]: CW_RENDER models loaded units=block blade=+Y sheath=downwardBipedY angle=45.0
[14:36:59] [Forge Version Check/INFO] [STDERR]: [java.lang.Throwable$WrappedPrintStream:println:749]: com.google.gson.JsonSyntaxException: java.lang.IllegalStateException: Expected BEGIN_OBJECT but was STRING at line 1 column 1
[14:36:59] [Forge Version Check/INFO] [STDERR]: [java.lang.Throwable$WrappedPrintStream:println:749]: Caused by: java.lang.IllegalStateException: Expected BEGIN_OBJECT but was STRING at line 1 column 1
[14:36:59] [Client thread/INFO] [STDOUT]: [com.layue13.clashweave.validation.ClientReplay:<init>:55]: P0_AUDIO initial loader settled
[14:37:04] [Client thread/INFO] [STDOUT]: [com.layue13.clashweave.client.ClientProxy:apply:204]: CW_ENGAGEMENT player=P0A engaged=false revision=1 tick=193 receive=27840067269300
[14:37:06] [Client thread/INFO] [STDOUT]: [com.layue13.clashweave.validation.ClientReplay:tick:208]: P0_REPLAY tick=40 action= progress=2.150738593229562E-4 feedback=
[14:37:06] [Client thread/INFO] [STDOUT]: [com.layue13.clashweave.validation.ClientReplay:frame:298]: P0_CAPTURE sheathed-0 instance=0 progress=2.0626080077036306 nano=27842341365400
[14:37:06] [Client thread/INFO] [STDOUT]: [com.layue13.clashweave.validation.ClientReplay:frame:298]: P0_CAPTURE sheathed-2 instance=0 progress=1.9633000000000038 nano=27842441135800
[14:37:07] [Client thread/INFO] [STDOUT]: [com.layue13.clashweave.validation.ClientReplay:frame:298]: P0_CAPTURE pose-waist-0 instance=0 progress=3.4968920000000026 nano=27842666762500
[14:37:07] [Client thread/INFO] [STDOUT]: [com.layue13.clashweave.validation.ClientReplay:tick:171]: P0_POSE walk onGround=true feetY=64.0 water=false
[14:37:07] [Client thread/INFO] [STDOUT]: [com.layue13.clashweave.validation.ClientReplay:frame:298]: P0_CAPTURE pose-walk-1 instance=0 progress=1.9361266951808886 nano=27842915690200
[14:37:07] [Client thread/INFO] [STDOUT]: [com.layue13.clashweave.validation.ClientReplay:tick:171]: P0_POSE jump onGround=false feetY=65.24918707874468 water=false
[14:37:08] [Client thread/INFO] [STDOUT]: [com.layue13.clashweave.validation.ClientReplay:frame:298]: P0_CAPTURE pose-jump-1 instance=0 progress=1.6391780000000153 nano=27843632410600
[14:37:08] [Client thread/INFO] [STDOUT]: [com.layue13.clashweave.validation.ClientReplay:tick:171]: P0_POSE sneak onGround=true feetY=64.0 water=false
[14:37:08] [Client thread/INFO] [STDOUT]: [com.layue13.clashweave.validation.ClientReplay:frame:298]: P0_CAPTURE pose-sneak-1 instance=0 progress=1.7440906227816981 nano=27844104924500
[14:37:08] [Client thread/INFO] [STDOUT]: [com.layue13.clashweave.validation.ClientReplay:request:214]: P0_REQUEST intent=LIGHT nano=27844272805200
[14:37:08] [Client thread/INFO] [STDOUT]: [com.layue13.clashweave.validation.ClientReplay:tick:208]: P0_REPLAY tick=80 action= progress=2.479999999991378E-4 feedback=
[14:37:08] [Client thread/INFO] [STDOUT]: [com.layue13.clashweave.client.ClientProxy:apply:218]: CW_ALIGN player=P0A seq=2 predicted=0 authoritative=0 sameAction=true
[14:37:08] [Client thread/INFO] [STDOUT]: [com.layue13.clashweave.client.ClientProxy:apply:204]: CW_ENGAGEMENT player=P0A engaged=true revision=2 tick=281 receive=27844322885000
[14:37:08] [Client thread/INFO] [STDOUT]: [com.layue13.clashweave.validation.ClientReplay:frame:298]: P0_CAPTURE draw-0 instance=1 progress=2.262764476146913 nano=27844477429400
[14:37:08] [Client thread/INFO] [STDOUT]: [com.layue13.clashweave.validation.ClientReplay:frame:298]: P0_CAPTURE draw-2 instance=1 progress=4.925384000000008 nano=27844575718700
[14:37:09] [Client thread/INFO] [STDOUT]: [com.layue13.clashweave.validation.ClientReplay:request:214]: P0_REQUEST intent=LIGHT nano=27844644632700
[14:37:10] [Client thread/INFO] [STDOUT]: [com.layue13.clashweave.validation.ClientReplay:tick:208]: P0_REPLAY tick=120 action= progress=8.957254772212764E-5 feedback=EXPIRED_OR_CHANGED
[14:37:10] [Client thread/INFO] [STDOUT]: [com.layue13.clashweave.validation.ClientReplay:request:214]: P0_REQUEST intent=LIGHT nano=27846593838700
[14:37:11] [Client thread/INFO] [STDOUT]: [com.layue13.clashweave.client.ClientProxy:apply:218]: CW_ALIGN player=P0A seq=5 predicted=0 authoritative=0 sameAction=true
[14:37:11] [Client thread/INFO] [STDOUT]: [com.layue13.clashweave.validation.ClientReplay:request:214]: P0_REQUEST intent=HEAVY nano=27846910332800
[14:37:12] [Client thread/INFO] [STDOUT]: [com.layue13.clashweave.validation.ClientReplay:request:214]: P0_REQUEST intent=HEAVY nano=27847877017100
[14:37:12] [Client thread/INFO] [STDOUT]: [com.layue13.clashweave.client.ClientProxy:apply:218]: CW_ALIGN player=P0A seq=8 predicted=0 authoritative=0 sameAction=true
[14:37:12] [Client thread/INFO] [STDOUT]: [com.layue13.clashweave.validation.ClientReplay:frame:298]: P0_CAPTURE swing-0 instance=3 progress=7.162884761491 nano=27848285526900
[14:37:12] [Client thread/INFO] [STDOUT]: [com.layue13.clashweave.validation.ClientReplay:frame:298]: P0_CAPTURE swing-2 instance=3 progress=8.52391413748768 nano=27848377864300
[14:37:12] [Client thread/INFO] [STDOUT]: [com.layue13.clashweave.validation.ClientReplay:tick:208]: P0_REPLAY tick=160 action=heavy progress=9.003456000000028 feedback=MOVE_READY
[14:37:13] [Client thread/INFO] [STDOUT]: [com.layue13.clashweave.validation.ClientReplay:request:214]: P0_REQUEST intent=SHEATHE nano=27849146000900
[14:37:13] [Client thread/INFO] [STDOUT]: [com.layue13.clashweave.client.ClientProxy:apply:218]: CW_ALIGN player=P0A seq=10 predicted=0 authoritative=0 sameAction=true
[14:37:13] [Client thread/INFO] [STDOUT]: [com.layue13.clashweave.validation.ClientReplay:frame:298]: P0_CAPTURE sheathe-0 instance=4 progress=4.3570100000000025 nano=27849414189500
[14:37:13] [Client thread/INFO] [STDOUT]: [com.layue13.clashweave.validation.ClientReplay:frame:298]: P0_CAPTURE sheathe-2 instance=4 progress=5.39650709830039 nano=27849512076100
[14:37:14] [Client thread/INFO] [STDOUT]: [com.layue13.clashweave.validation.ClientReplay:request:214]: P0_REQUEST intent=LIGHT nano=27850396580000
[14:37:14] [Client thread/INFO] [STDOUT]: [com.layue13.clashweave.validation.ClientReplay:tick:208]: P0_REPLAY tick=200 action= progress=8.800000000519503E-5 feedback=MOVE_READY
[14:37:14] [Client thread/INFO] [STDOUT]: [com.layue13.clashweave.client.ClientProxy:apply:218]: CW_ALIGN player=P0A seq=12 predicted=0 authoritative=0 sameAction=true
[14:37:15] [Client thread/INFO] [STDOUT]: [com.layue13.clashweave.validation.ClientReplay:request:214]: P0_REQUEST intent=LIGHT nano=27850763359300
[14:37:16] [Client thread/INFO] [STDOUT]: [com.layue13.clashweave.validation.ClientReplay:request:214]: P0_REQUEST intent=HEAVY nano=27851662592100
[14:37:16] [Client thread/INFO] [STDOUT]: [com.layue13.clashweave.client.ClientProxy:apply:218]: CW_ALIGN player=P0A seq=15 predicted=0 authoritative=0 sameAction=true
[14:37:16] [Client thread/INFO] [STDOUT]: [com.layue13.clashweave.validation.ClientReplay:tick:208]: P0_REPLAY tick=240 action=heavy progress=14.000095999999985 feedback=MOVE_READY
[14:37:17] [Client thread/INFO] [STDOUT]: [com.layue13.clashweave.validation.ClientReplay:request:214]: P0_REQUEST intent=SHEATHE nano=27852929764000
[14:37:17] [Client thread/INFO] [STDOUT]: [com.layue13.clashweave.client.ClientProxy:apply:218]: CW_ALIGN player=P0A seq=17 predicted=0 authoritative=0 sameAction=true
[14:37:18] [Client thread/INFO] [STDOUT]: [com.layue13.clashweave.validation.ClientReplay:request:214]: P0_REQUEST intent=LIGHT nano=27854179537800
[14:37:18] [Client thread/INFO] [STDOUT]: [com.layue13.clashweave.client.ClientProxy:apply:218]: CW_ALIGN player=P0A seq=19 predicted=0 authoritative=0 sameAction=true
[14:37:18] [Client thread/INFO] [STDOUT]: [com.layue13.clashweave.validation.ClientReplay:tick:208]: P0_REPLAY tick=280 action=iai progress=4.001800000000003 feedback=MOVE_READY
[14:37:18] [Client thread/INFO] [STDOUT]: [com.layue13.clashweave.validation.ClientReplay:request:214]: P0_REQUEST intent=LIGHT nano=27854529566200
[14:37:19] [Client thread/INFO] [STDOUT]: [com.layue13.clashweave.client.ClientProxy:apply:218]: CW_ALIGN player=P0A seq=22 predicted=0 authoritative=0 sameAction=true
[14:37:20] [Client thread/INFO] [STDOUT]: [com.layue13.clashweave.validation.ClientReplay:tick:208]: P0_REPLAY tick=320 action= progress=7.722221778294625E-5 feedback=MOVE_READY
[14:37:21] [Client thread/INFO] [STDOUT]: [com.layue13.clashweave.client.ClientProxy:apply:218]: CW_ALIGN player=P0A seq=24 predicted=0 authoritative=0 sameAction=true
[14:37:22] [Client thread/INFO] [STDOUT]: [com.layue13.clashweave.client.ClientProxy:apply:218]: CW_ALIGN player=P0A seq=26 predicted=0 authoritative=0 sameAction=true
[14:37:22] [Client thread/INFO] [STDOUT]: [com.layue13.clashweave.validation.ClientReplay:tick:208]: P0_REPLAY tick=360 action=iai progress=9.00010199999997 feedback=MOVE_READY
[14:37:23] [Client thread/INFO] [STDOUT]: [com.layue13.clashweave.client.ClientProxy:apply:218]: CW_ALIGN player=P0A seq=29 predicted=0 authoritative=0 sameAction=true
[14:37:24] [Client thread/INFO] [STDOUT]: [com.layue13.clashweave.validation.ClientReplay:tick:208]: P0_REPLAY tick=400 action= progress=9.316579348706E-5 feedback=MOVE_READY
[14:37:26] [Client thread/INFO] [STDOUT]: [com.layue13.clashweave.validation.ClientReplay:tick:208]: P0_REPLAY tick=440 action=iai progress=14.00009966333721 feedback=EXPIRED_OR_CHANGED
[14:37:28] [Client thread/INFO] [STDOUT]: [com.layue13.clashweave.validation.ClientReplay:tick:208]: P0_REPLAY tick=480 action=sheathe progress=3.973423384431385 feedback=MOVE_READY
