# Log excerpt; complete raw log retained locally under build/p0/runs.
# Original lines: 260
# Marker counts: {'ERROR': 3, 'CW_RENDER': 1, 'P0_AUDIO': 1, 'Exception': 2, 'CW_ENGAGEMENT': 2, 'P0_REQUEST': 30, 'P0_MOVEMENT': 74, 'CW_ALIGN': 30}
[11:25:33] [main/ERROR] [FML]: The binary patch set is missing. Either you are in a development environment, or things are not going to work!
[11:25:33] [main/ERROR] [FML]: FML appears to be missing any signature data. This is not a good thing
This is just a prompt for computer specs to be printed. THIS IS NOT A ERROR
[11:25:36] [Client thread/INFO] [STDOUT]: [com.layue13.clashweave.client.KatanaRendering:load:42]: CW_RENDER models loaded units=block blade=+Y sheath=downwardBipedY angle=45.0
[11:25:37] [Client thread/INFO] [STDOUT]: [com.layue13.clashweave.validation.ClientReplay:<init>:53]: P0_AUDIO initial loader settled
[11:25:37] [Forge Version Check/INFO] [STDERR]: [java.lang.Throwable$WrappedPrintStream:println:749]: com.google.gson.JsonSyntaxException: java.lang.IllegalStateException: Expected BEGIN_OBJECT but was STRING at line 1 column 1
[11:25:37] [Forge Version Check/INFO] [STDERR]: [java.lang.Throwable$WrappedPrintStream:println:749]: Caused by: java.lang.IllegalStateException: Expected BEGIN_OBJECT but was STRING at line 1 column 1
[11:25:43] [Client thread/INFO] [STDOUT]: [com.layue13.clashweave.client.ClientProxy:apply:199]: CW_ENGAGEMENT player=P0A engaged=false revision=1 tick=70 receive=16358958749600
[11:25:53] [Client thread/INFO] [STDOUT]: [com.layue13.clashweave.validation.ClientReplay:request:194]: P0_REQUEST intent=LIGHT nano=16369212169000
[11:25:53] [Client thread/INFO] [STDOUT]: [com.layue13.clashweave.validation.ClientReplay:movement:270]: P0_MOVEMENT clientCase=0 x=0.0 y=65.62000000476837 z=0.0 corrections=0
[11:25:53] [Client thread/INFO] [STDOUT]: [com.layue13.clashweave.client.ClientProxy:apply:213]: CW_ALIGN player=P0A seq=2 predicted=0 authoritative=0 sameAction=true
[11:25:53] [Client thread/INFO] [STDOUT]: [com.layue13.clashweave.client.ClientProxy:apply:199]: CW_ENGAGEMENT player=P0A engaged=true revision=3 tick=138 receive=16369411827300
[11:25:54] [Client thread/INFO] [STDOUT]: [com.layue13.clashweave.validation.ClientReplay:movement:270]: P0_MOVEMENT clientCase=1 x=0.0 y=65.62000000476837 z=1.1999999999999997 corrections=0
[11:25:56] [Client thread/INFO] [STDOUT]: [com.layue13.clashweave.validation.ClientReplay:movement:270]: P0_MOVEMENT clientCase=1 x=0.0 y=65.62000000476837 z=1.1999999999999997 corrections=0
[11:25:57] [Client thread/INFO] [STDOUT]: [com.layue13.clashweave.validation.ClientReplay:request:194]: P0_REQUEST intent=LIGHT nano=16372978058500
[11:25:57] [Client thread/INFO] [STDOUT]: [com.layue13.clashweave.validation.ClientReplay:movement:270]: P0_MOVEMENT clientCase=1 x=0.0 y=65.62000000476837 z=0.0 corrections=0
[11:25:57] [Client thread/INFO] [STDOUT]: [com.layue13.clashweave.client.ClientProxy:apply:213]: CW_ALIGN player=P0A seq=4 predicted=0 authoritative=0 sameAction=true
[11:25:58] [Client thread/INFO] [STDOUT]: [com.layue13.clashweave.validation.ClientReplay:movement:270]: P0_MOVEMENT clientCase=2 x=-3.66457936995013 y=65.62000000476837 z=0.29999999999999993 corrections=0
[11:25:59] [Client thread/INFO] [STDOUT]: [com.layue13.clashweave.validation.ClientReplay:request:194]: P0_REQUEST intent=LIGHT nano=16375478345100
[11:25:59] [Client thread/INFO] [STDOUT]: [com.layue13.clashweave.validation.ClientReplay:movement:270]: P0_MOVEMENT clientCase=2 x=-0.24922792423074103 y=65.62000000476837 z=0.0 corrections=0
[11:25:59] [Client thread/INFO] [STDOUT]: [com.layue13.clashweave.client.ClientProxy:apply:213]: CW_ALIGN player=P0A seq=6 predicted=0 authoritative=0 sameAction=true
[11:26:01] [Client thread/INFO] [STDOUT]: [com.layue13.clashweave.validation.ClientReplay:movement:270]: P0_MOVEMENT clientCase=3 x=-0.24130221366131366 y=65.62000000476837 z=4.426013452573519 corrections=0
[11:26:02] [Client thread/INFO] [STDOUT]: [com.layue13.clashweave.validation.ClientReplay:request:194]: P0_REQUEST intent=LIGHT nano=16377994352600
[11:26:02] [Client thread/INFO] [STDOUT]: [com.layue13.clashweave.validation.ClientReplay:movement:270]: P0_MOVEMENT clientCase=3 x=0.0 y=65.62000000476837 z=0.24922792423074103 corrections=0
[11:26:02] [Client thread/INFO] [STDOUT]: [com.layue13.clashweave.client.ClientProxy:apply:213]: CW_ALIGN player=P0A seq=8 predicted=0 authoritative=0 sameAction=true
[11:26:03] [Client thread/INFO] [STDOUT]: [com.layue13.clashweave.validation.ClientReplay:movement:270]: P0_MOVEMENT clientCase=4 x=-1.912170183502547 y=65.62000000476837 z=0.01929914729635343 corrections=0
[11:26:04] [Client thread/INFO] [STDOUT]: [com.layue13.clashweave.validation.ClientReplay:request:194]: P0_REQUEST intent=LIGHT nano=16380494392000
[11:26:04] [Client thread/INFO] [STDOUT]: [com.layue13.clashweave.validation.ClientReplay:movement:270]: P0_MOVEMENT clientCase=4 x=0.0 y=65.62000000476837 z=0.0 corrections=0
[11:26:05] [Client thread/INFO] [STDOUT]: [com.layue13.clashweave.client.ClientProxy:apply:213]: CW_ALIGN player=P0A seq=10 predicted=0 authoritative=0 sameAction=true
[11:26:06] [Client thread/INFO] [STDOUT]: [com.layue13.clashweave.validation.ClientReplay:movement:270]: P0_MOVEMENT clientCase=5 x=0.0 y=65.62000000476837 z=0.29999999999999993 corrections=0
[11:26:07] [Client thread/INFO] [STDOUT]: [com.layue13.clashweave.validation.ClientReplay:request:194]: P0_REQUEST intent=LIGHT nano=16382994645800
[11:26:07] [Client thread/INFO] [STDOUT]: [com.layue13.clashweave.validation.ClientReplay:movement:270]: P0_MOVEMENT clientCase=5 x=0.0 y=65.62000000476837 z=0.0 corrections=0
[11:26:07] [Client thread/INFO] [STDOUT]: [com.layue13.clashweave.client.ClientProxy:apply:213]: CW_ALIGN player=P0A seq=12 predicted=0 authoritative=0 sameAction=true
[11:26:09] [Client thread/INFO] [STDOUT]: [com.layue13.clashweave.validation.ClientReplay:request:194]: P0_REQUEST intent=LIGHT nano=16385494242900
[11:26:10] [Client thread/INFO] [STDOUT]: [com.layue13.clashweave.client.ClientProxy:apply:213]: CW_ALIGN player=P0A seq=14 predicted=0 authoritative=0 sameAction=true
[11:26:10] [Client thread/INFO] [STDOUT]: [com.layue13.clashweave.validation.ClientReplay:movement:258]: P0_MOVEMENT inject=horizontal5 nano=16385894415600
[11:26:12] [Client thread/INFO] [STDOUT]: [com.layue13.clashweave.validation.ClientReplay:request:194]: P0_REQUEST intent=LIGHT nano=16387995228500
[11:26:12] [Client thread/INFO] [STDOUT]: [com.layue13.clashweave.client.ClientProxy:apply:213]: CW_ALIGN player=P0A seq=16 predicted=0 authoritative=0 sameAction=true
[11:26:12] [Client thread/INFO] [STDOUT]: [com.layue13.clashweave.validation.ClientReplay:movement:263]: P0_MOVEMENT inject=vertical5 nano=16388345079200
[11:26:14] [Client thread/INFO] [STDOUT]: [com.layue13.clashweave.validation.ClientReplay:request:194]: P0_REQUEST intent=LIGHT nano=16390494692299
[11:26:15] [Client thread/INFO] [STDOUT]: [com.layue13.clashweave.client.ClientProxy:apply:213]: CW_ALIGN player=P0A seq=18 predicted=0 authoritative=0 sameAction=true
[11:26:15] [Client thread/INFO] [STDOUT]: [com.layue13.clashweave.validation.ClientReplay:movement:267]: P0_MOVEMENT inject=wall3 nano=16390897857700
[11:26:17] [Client thread/INFO] [STDOUT]: [com.layue13.clashweave.validation.ClientReplay:request:194]: P0_REQUEST intent=LIGHT nano=16392995193399
[11:26:17] [Client thread/INFO] [STDOUT]: [com.layue13.clashweave.client.ClientProxy:apply:213]: CW_ALIGN player=P0A seq=20 predicted=0 authoritative=0 sameAction=true
[11:26:19] [Client thread/INFO] [STDOUT]: [com.layue13.clashweave.validation.ClientReplay:request:194]: P0_REQUEST intent=LIGHT nano=16395496119900
[11:26:20] [Client thread/INFO] [STDOUT]: [com.layue13.clashweave.client.ClientProxy:apply:213]: CW_ALIGN player=P0A seq=22 predicted=0 authoritative=0 sameAction=true
[11:26:22] [Client thread/INFO] [STDOUT]: [com.layue13.clashweave.validation.ClientReplay:request:194]: P0_REQUEST intent=LIGHT nano=16397995412400
[11:26:22] [Client thread/INFO] [STDOUT]: [com.layue13.clashweave.client.ClientProxy:apply:213]: CW_ALIGN player=P0A seq=24 predicted=0 authoritative=0 sameAction=true
