# Log excerpt; complete raw log retained locally under build/p0/runs.
# Original lines: 474
# Marker counts: {'ERROR': 3, 'CW_RENDER': 1, 'Exception': 2, 'P0_AUDIO': 38, 'CW_ENGAGEMENT': 1, 'CW_VIEW': 32, 'P0_REPLAY': 29, 'P0_CAPTURE': 8, 'P0_REQUEST': 63, 'P0_PENDING': 70, 'CW_ALIGN': 35, 'CW_FEEDBACK': 37, 'CW_FRAME': 37, 'P0_LATE_WIRE': 1}
[15:04:03] [main/ERROR] [FML]: The binary patch set is missing. Either you are in a development environment, or things are not going to work!
[15:04:04] [main/ERROR] [FML]: FML appears to be missing any signature data. This is not a good thing
This is just a prompt for computer specs to be printed. THIS IS NOT A ERROR
[15:04:07] [Client thread/INFO] [STDOUT]: [com.layue13.clashweave.client.KatanaRendering:load:42]: CW_RENDER models loaded units=block blade=+Y sheath=downwardBipedY angle=45.0
[15:04:08] [Forge Version Check/INFO] [STDERR]: [java.lang.Throwable$WrappedPrintStream:println:749]: com.google.gson.JsonSyntaxException: java.lang.IllegalStateException: Expected BEGIN_OBJECT but was STRING at line 1 column 1
[15:04:08] [Forge Version Check/INFO] [STDERR]: [java.lang.Throwable$WrappedPrintStream:println:749]: Caused by: java.lang.IllegalStateException: Expected BEGIN_OBJECT but was STRING at line 1 column 1
[15:04:08] [Client thread/INFO] [STDOUT]: [com.layue13.clashweave.validation.ClientReplay:<init>:64]: P0_AUDIO initial loader settled
[15:04:13] [Client thread/INFO] [STDOUT]: [com.layue13.clashweave.client.ClientProxy:apply:207]: CW_ENGAGEMENT player=P0A engaged=true revision=2 tick=199 receive=29468805680500
[15:04:13] [Client thread/INFO] [STDOUT]: [com.layue13.clashweave.client.ViewPreservingCorrections$Preserved:processPacket:75]: CW_VIEW packet=1 yawDelta=0.0 pitchDelta=0.0 requestedYawDelta=0.0 requestedPitchDelta=0.0 nano=29468962448600
[15:04:15] [Client thread/INFO] [STDOUT]: [com.layue13.clashweave.validation.ClientReplay:tick:218]: P0_REPLAY tick=40 action= progress=2.9000000000678483E-4 feedback=
[15:04:15] [Client thread/INFO] [STDOUT]: [com.layue13.clashweave.validation.ClientReplay:frame:345]: P0_CAPTURE sheathed-0 instance=0 progress=1.6959014815484181 nano=29470883518100
[15:04:15] [Client thread/INFO] [STDOUT]: [com.layue13.clashweave.validation.ClientReplay:frame:345]: P0_CAPTURE sheathed-2 instance=0 progress=1.7718580000000088 nano=29470973802700
[15:04:17] [Client thread/INFO] [STDOUT]: [com.layue13.clashweave.validation.ClientReplay:request:260]: P0_REQUEST intent=LIGHT nano=29472843134200
[15:04:17] [Client thread/INFO] [STDOUT]: [com.layue13.clashweave.validation.ClientReplay:tick:218]: P0_REPLAY tick=80 action= progress=2.024677476697434E-4 feedback=
[15:04:17] [Client thread/INFO] [STDOUT]: [com.layue13.clashweave.validation.ClientReplay:tick:170]: P0_PENDING engaged=true
[15:04:17] [Client thread/INFO] [STDOUT]: [com.layue13.clashweave.validation.ClientReplay:tick:170]: P0_PENDING engaged=true
[15:04:17] [Client thread/INFO] [STDOUT]: [com.layue13.clashweave.client.ClientProxy:apply:221]: CW_ALIGN player=P0A seq=7 predicted=0 authoritative=0 sameAction=true
[15:04:17] [Client thread/INFO] [STDOUT]: [com.layue13.clashweave.validation.ClientReplay:frame:345]: P0_CAPTURE draw-0 instance=1 progress=2.3492315991866235 nano=29473127886400
[15:04:17] [Client thread/INFO] [STDOUT]: [com.layue13.clashweave.validation.ClientReplay:frame:345]: P0_CAPTURE draw-2 instance=1 progress=4.481025999999986 nano=29473203171600
[15:04:17] [Client thread/INFO] [STDOUT]: [com.layue13.clashweave.validation.ClientReplay:request:260]: P0_REQUEST intent=LIGHT nano=29473303934000
[15:04:17] [Client thread/INFO] [STDOUT]: [com.layue13.clashweave.client.ClientProxy:apply:266]: CW_FEEDBACK player=P0A result=HIT frozen=29473163183500 receive=29473421228100 corrections=0
[15:04:17] [Client thread/INFO] [STDOUT]: [com.layue13.clashweave.validation.ClientReplay:audio:357]: P0_AUDIO source=random.successful_hit frozen=29473163183500 nano=29473421577800
[15:04:17] [Client thread/INFO] [STDOUT]: [com.layue13.clashweave.client.ClientProxy:hud:333]: CW_FRAME frozen=29473163183500 frame=29473424612900
[15:04:18] [Client thread/INFO] [STDOUT]: [com.layue13.clashweave.validation.ClientReplay:request:260]: P0_REQUEST intent=LIGHT nano=29473721040000
[15:04:18] [Client thread/INFO] [STDOUT]: [com.layue13.clashweave.client.ClientProxy:apply:266]: CW_FEEDBACK player=P0A result=HIT frozen=29473612417100 receive=29473888235900 corrections=0
[15:04:18] [Client thread/INFO] [STDOUT]: [com.layue13.clashweave.validation.ClientReplay:audio:357]: P0_AUDIO source=random.successful_hit frozen=29473612417100 nano=29473888533500
[15:04:18] [Client thread/INFO] [STDOUT]: [com.layue13.clashweave.client.ClientProxy:hud:333]: CW_FRAME frozen=29473612417100 frame=29473889149100
[15:04:18] [Client thread/INFO] [STDOUT]: [com.layue13.clashweave.validation.ClientReplay:request:260]: P0_REQUEST intent=LIGHT nano=29474138466900
[15:04:18] [Client thread/INFO] [STDOUT]: [com.layue13.clashweave.client.ClientProxy:apply:266]: CW_FEEDBACK player=P0A result=HIT frozen=29474062239100 receive=29474342261400 corrections=0
[15:04:18] [Client thread/INFO] [STDOUT]: [com.layue13.clashweave.validation.ClientReplay:audio:357]: P0_AUDIO source=random.successful_hit frozen=29474062239100 nano=29474342599600
[15:04:18] [Client thread/INFO] [STDOUT]: [com.layue13.clashweave.client.ClientProxy:hud:333]: CW_FRAME frozen=29474062239100 frame=29474343296000
[15:04:19] [Client thread/INFO] [STDOUT]: [com.layue13.clashweave.validation.ClientReplay:tick:218]: P0_REPLAY tick=120 action=light_3 progress=10.000167999999974 feedback=MOVE_READY
[15:04:19] [Client thread/INFO] [STDOUT]: [com.layue13.clashweave.validation.ClientReplay:tick:167]: P0_LATE_WIRE seq=15 origin=1
[15:04:19] [Client thread/INFO] [STDOUT]: [com.layue13.clashweave.validation.ClientReplay:request:260]: P0_REQUEST intent=LIGHT nano=29475171150300
[15:04:19] [Client thread/INFO] [STDOUT]: [com.layue13.clashweave.validation.ClientReplay:tick:170]: P0_PENDING engaged=true
[15:04:19] [Client thread/INFO] [STDOUT]: [com.layue13.clashweave.validation.ClientReplay:tick:170]: P0_PENDING engaged=true
[15:04:19] [Client thread/INFO] [STDOUT]: [com.layue13.clashweave.client.ClientProxy:apply:221]: CW_ALIGN player=P0A seq=16 predicted=0 authoritative=0 sameAction=true
[15:04:19] [Client thread/INFO] [STDOUT]: [com.layue13.clashweave.validation.ClientReplay:request:260]: P0_REQUEST intent=HEAVY nano=29475570820500
[15:04:20] [Client thread/INFO] [STDOUT]: [com.layue13.clashweave.validation.ClientReplay:request:260]: P0_REQUEST intent=HEAVY nano=29476438532300
[15:04:20] [Client thread/INFO] [STDOUT]: [com.layue13.clashweave.validation.ClientReplay:tick:170]: P0_PENDING engaged=true
[15:04:20] [Client thread/INFO] [STDOUT]: [com.layue13.clashweave.validation.ClientReplay:tick:170]: P0_PENDING engaged=true
[15:04:20] [Client thread/INFO] [STDOUT]: [com.layue13.clashweave.client.ClientProxy:apply:221]: CW_ALIGN player=P0A seq=19 predicted=0 authoritative=0 sameAction=true
[15:04:21] [Client thread/INFO] [STDOUT]: [com.layue13.clashweave.validation.ClientReplay:frame:345]: P0_CAPTURE swing-0 instance=6 progress=7.212413984847444 nano=29476965175000
[15:04:21] [Client thread/INFO] [STDOUT]: [com.layue13.clashweave.validation.ClientReplay:tick:218]: P0_REPLAY tick=160 action=heavy progress=8.000220000000013 feedback=MOVE_READY
[15:04:21] [Client thread/INFO] [STDOUT]: [com.layue13.clashweave.validation.ClientReplay:frame:345]: P0_CAPTURE swing-2 instance=6 progress=9.17655000000002 nano=29477025005300
[15:04:22] [Client thread/INFO] [STDOUT]: [com.layue13.clashweave.validation.ClientReplay:request:260]: P0_REQUEST intent=SHEATHE nano=29477708810400
[15:04:22] [Client thread/INFO] [STDOUT]: [com.layue13.clashweave.validation.ClientReplay:tick:170]: P0_PENDING engaged=true
[15:04:22] [Client thread/INFO] [STDOUT]: [com.layue13.clashweave.validation.ClientReplay:tick:170]: P0_PENDING engaged=true
[15:04:22] [Client thread/INFO] [STDOUT]: [com.layue13.clashweave.client.ClientProxy:apply:221]: CW_ALIGN player=P0A seq=21 predicted=0 authoritative=0 sameAction=true
[15:04:22] [Client thread/INFO] [STDOUT]: [com.layue13.clashweave.validation.ClientReplay:frame:345]: P0_CAPTURE sheathe-0 instance=7 progress=3.4755957899329246 nano=29478036235700
[15:04:22] [Client thread/INFO] [STDOUT]: [com.layue13.clashweave.validation.ClientReplay:frame:345]: P0_CAPTURE sheathe-2 instance=7 progress=5.573671999999988 nano=29478116543400
[15:04:22] [Client thread/INFO] [STDOUT]: [com.layue13.clashweave.client.ViewPreservingCorrections$Preserved:processPacket:75]: CW_VIEW packet=1 yawDelta=0.0 pitchDelta=0.0 requestedYawDelta=-80.0 requestedPitchDelta=0.0 nano=29478368796500
[15:04:23] [Client thread/INFO] [STDOUT]: [com.layue13.clashweave.validation.ClientReplay:request:260]: P0_REQUEST intent=LIGHT nano=29478968987600
[15:04:23] [Client thread/INFO] [STDOUT]: [com.layue13.clashweave.validation.ClientReplay:tick:218]: P0_REPLAY tick=200 action= progress=1.0400000002164234E-4 feedback=MOVE_READY
[15:04:23] [Client thread/INFO] [STDOUT]: [com.layue13.clashweave.validation.ClientReplay:tick:170]: P0_PENDING engaged=true
[15:04:23] [Client thread/INFO] [STDOUT]: [com.layue13.clashweave.validation.ClientReplay:tick:170]: P0_PENDING engaged=true
[15:04:23] [Client thread/INFO] [STDOUT]: [com.layue13.clashweave.client.ClientProxy:apply:221]: CW_ALIGN player=P0A seq=23 predicted=0 authoritative=0 sameAction=true
[15:04:23] [Client thread/INFO] [STDOUT]: [com.layue13.clashweave.validation.ClientReplay:request:260]: P0_REQUEST intent=LIGHT nano=29479435194200
[15:04:24] [Client thread/INFO] [STDOUT]: [com.layue13.clashweave.client.ViewPreservingCorrections$Preserved:processPacket:75]: CW_VIEW packet=1 yawDelta=0.0 pitchDelta=0.0 requestedYawDelta=0.0 requestedPitchDelta=0.0 nano=29479985124700
[15:04:24] [Client thread/INFO] [STDOUT]: [com.layue13.clashweave.validation.ClientReplay:request:260]: P0_REQUEST intent=HEAVY nano=29480235026500
[15:04:24] [Client thread/INFO] [STDOUT]: [com.layue13.clashweave.validation.ClientReplay:tick:170]: P0_PENDING engaged=true
[15:04:24] [Client thread/INFO] [STDOUT]: [com.layue13.clashweave.validation.ClientReplay:tick:170]: P0_PENDING engaged=true
[15:04:24] [Client thread/INFO] [STDOUT]: [com.layue13.clashweave.client.ClientProxy:apply:221]: CW_ALIGN player=P0A seq=26 predicted=0 authoritative=0 sameAction=true
[15:04:25] [Client thread/INFO] [STDOUT]: [com.layue13.clashweave.client.ClientProxy:apply:266]: CW_FEEDBACK player=P0A result=PARRY frozen=29480563284300 receive=29480834852100 corrections=0
[15:04:25] [Client thread/INFO] [STDOUT]: [com.layue13.clashweave.validation.ClientReplay:audio:357]: P0_AUDIO source=random.anvil_land frozen=29480563284300 nano=29480835303900
[15:04:25] [Client thread/INFO] [STDOUT]: [com.layue13.clashweave.client.ClientProxy:hud:333]: CW_FRAME frozen=29480563284300 frame=29480839233300
[15:04:25] [Client thread/INFO] [STDOUT]: [com.layue13.clashweave.validation.ClientReplay:tick:218]: P0_REPLAY tick=240 action=heavy progress=12.000077959772739 feedback=PARRY
[15:04:25] [Client thread/INFO] [STDOUT]: [com.layue13.clashweave.client.ViewPreservingCorrections$Preserved:processPacket:75]: CW_VIEW packet=1 yawDelta=0.0 pitchDelta=0.0 requestedYawDelta=0.0 requestedPitchDelta=0.0 nano=29481252492900
[15:04:25] [Client thread/INFO] [STDOUT]: [com.layue13.clashweave.validation.ClientReplay:request:260]: P0_REQUEST intent=SHEATHE nano=29481502585000
[15:04:26] [Client thread/INFO] [STDOUT]: [com.layue13.clashweave.client.ClientProxy:apply:221]: CW_ALIGN player=P0A seq=28 predicted=0 authoritative=0 sameAction=true
[15:04:26] [Client thread/INFO] [STDOUT]: [com.layue13.clashweave.client.ViewPreservingCorrections$Preserved:processPacket:75]: CW_VIEW packet=1 yawDelta=0.0 pitchDelta=0.0 requestedYawDelta=0.0 requestedPitchDelta=0.0 nano=29482051335000
[15:04:27] [Client thread/INFO] [STDOUT]: [com.layue13.clashweave.client.ClientProxy:apply:221]: CW_ALIGN player=P0A seq=30 predicted=0 authoritative=0 sameAction=true
[15:04:27] [Client thread/INFO] [STDOUT]: [com.layue13.clashweave.validation.ClientReplay:tick:218]: P0_REPLAY tick=280 action=iai progress=2.00008099949423 feedback=START
[15:04:27] [Client thread/INFO] [STDOUT]: [com.layue13.clashweave.client.ClientProxy:apply:266]: CW_FEEDBACK player=P0A result=PARRY frozen=29483062904700 receive=29483351989600 corrections=0
[15:04:27] [Client thread/INFO] [STDOUT]: [com.layue13.clashweave.validation.ClientReplay:audio:357]: P0_AUDIO source=random.anvil_land frozen=29483062904700 nano=29483352318200
[15:04:27] [Client thread/INFO] [STDOUT]: [com.layue13.clashweave.client.ClientProxy:hud:333]: CW_FRAME frozen=29483062904700 frame=29483352822700
[15:04:28] [Client thread/INFO] [STDOUT]: [com.layue13.clashweave.client.ClientProxy:apply:266]: CW_FEEDBACK player=P0A result=BLOCK frozen=29483517101400 receive=29483804542500 corrections=0
[15:04:28] [Client thread/INFO] [STDOUT]: [com.layue13.clashweave.validation.ClientReplay:audio:357]: P0_AUDIO source=random.anvil_land frozen=29483517101400 nano=29483804844300
[15:04:28] [Client thread/INFO] [STDOUT]: [com.layue13.clashweave.client.ClientProxy:hud:333]: CW_FRAME frozen=29483517101400 frame=29483805291200
[15:04:29] [Client thread/INFO] [STDOUT]: [com.layue13.clashweave.client.ViewPreservingCorrections$Preserved:processPacket:75]: CW_VIEW packet=1 yawDelta=0.0 pitchDelta=0.0 requestedYawDelta=0.0 requestedPitchDelta=0.0 nano=29484701639200
[15:04:29] [Client thread/INFO] [STDOUT]: [com.layue13.clashweave.validation.ClientReplay:tick:218]: P0_REPLAY tick=320 action= progress=5.7456461831861816E-5 feedback=MOVE_READY
[15:04:29] [Client thread/INFO] [STDOUT]: [com.layue13.clashweave.client.ClientProxy:apply:221]: CW_ALIGN player=P0A seq=36 predicted=0 authoritative=0 sameAction=true
[15:04:30] [Client thread/INFO] [STDOUT]: [com.layue13.clashweave.client.ClientProxy:apply:266]: CW_FEEDBACK player=P0A result=PARRY frozen=29485561796800 receive=29485767848800 corrections=0
[15:04:30] [Client thread/INFO] [STDOUT]: [com.layue13.clashweave.validation.ClientReplay:audio:357]: P0_AUDIO source=random.anvil_land frozen=29485561796800 nano=29485768191400
[15:04:30] [Client thread/INFO] [STDOUT]: [com.layue13.clashweave.client.ClientProxy:hud:333]: CW_FRAME frozen=29485561796800 frame=29485768755000
[15:04:30] [Client thread/INFO] [STDOUT]: [com.layue13.clashweave.client.ViewPreservingCorrections$Preserved:processPacket:75]: CW_VIEW packet=1 yawDelta=0.0 pitchDelta=0.0 requestedYawDelta=0.0 requestedPitchDelta=0.0 nano=29486218143100
[15:04:31] [Client thread/INFO] [STDOUT]: [com.layue13.clashweave.client.ClientProxy:apply:221]: CW_ALIGN player=P0A seq=38 predicted=0 authoritative=0 sameAction=true
[15:04:31] [Client thread/INFO] [STDOUT]: [com.layue13.clashweave.validation.ClientReplay:tick:218]: P0_REPLAY tick=360 action=sheathe progress=7.000080000000025 feedback=MOVE_READY
[15:04:31] [Client thread/INFO] [STDOUT]: [com.layue13.clashweave.client.ViewPreservingCorrections$Preserved:processPacket:75]: CW_VIEW packet=1 yawDelta=0.0 pitchDelta=0.0 requestedYawDelta=0.0 requestedPitchDelta=0.0 nano=29487067485700
[15:04:32] [Client thread/INFO] [STDOUT]: [com.layue13.clashweave.client.ClientProxy:apply:221]: CW_ALIGN player=P0A seq=40 predicted=0 authoritative=0 sameAction=true
[15:04:32] [Client thread/INFO] [STDOUT]: [com.layue13.clashweave.client.ClientProxy:apply:266]: CW_FEEDBACK player=P0A result=PARRY frozen=29488117471600 receive=29488368267200 corrections=0
[15:04:32] [Client thread/INFO] [STDOUT]: [com.layue13.clashweave.validation.ClientReplay:audio:357]: P0_AUDIO source=random.anvil_land frozen=29488117471600 nano=29488368606700
[15:04:32] [Client thread/INFO] [STDOUT]: [com.layue13.clashweave.client.ClientProxy:hud:333]: CW_FRAME frozen=29488117471600 frame=29488369204600
[15:04:33] [Client thread/INFO] [STDOUT]: [com.layue13.clashweave.client.ClientProxy:apply:266]: CW_FEEDBACK player=P0A result=PARRY frozen=29488562837100 receive=29488817964800 corrections=0
[15:04:33] [Client thread/INFO] [STDOUT]: [com.layue13.clashweave.validation.ClientReplay:audio:357]: P0_AUDIO source=random.anvil_land frozen=29488562837100 nano=29488818269800
[15:04:33] [Client thread/INFO] [STDOUT]: [com.layue13.clashweave.client.ClientProxy:hud:333]: CW_FRAME frozen=29488562837100 frame=29488818865400
[15:04:33] [Client thread/INFO] [STDOUT]: [com.layue13.clashweave.validation.ClientReplay:tick:218]: P0_REPLAY tick=400 action=light_2 progress=3.000091999999995 feedback=MOVE_READY
[15:04:33] [Client thread/INFO] [STDOUT]: [com.layue13.clashweave.client.ClientProxy:apply:266]: CW_FEEDBACK player=P0A result=BLOCK frozen=29488962930400 receive=29489220440500 corrections=0
[15:04:33] [Client thread/INFO] [STDOUT]: [com.layue13.clashweave.validation.ClientReplay:audio:357]: P0_AUDIO source=random.anvil_land frozen=29488962930400 nano=29489220701300
[15:04:33] [Client thread/INFO] [STDOUT]: [com.layue13.clashweave.client.ClientProxy:hud:333]: CW_FRAME frozen=29488962930400 frame=29489221134100
[15:04:34] [Client thread/INFO] [STDOUT]: [com.layue13.clashweave.client.ViewPreservingCorrections$Preserved:processPacket:75]: CW_VIEW packet=1 yawDelta=0.0 pitchDelta=0.0 requestedYawDelta=0.0 requestedPitchDelta=0.0 nano=29489967259500
[15:04:34] [Client thread/INFO] [STDOUT]: [com.layue13.clashweave.client.ClientProxy:apply:221]: CW_ALIGN player=P0A seq=48 predicted=0 authoritative=0 sameAction=true
[15:04:35] [Client thread/INFO] [STDOUT]: [com.layue13.clashweave.client.ClientProxy:apply:266]: CW_FEEDBACK player=P0A result=PARRY frozen=29490612368600 receive=29490868174900 corrections=0
[15:04:35] [Client thread/INFO] [STDOUT]: [com.layue13.clashweave.validation.ClientReplay:audio:357]: P0_AUDIO source=random.anvil_land frozen=29490612368600 nano=29490868489100
[15:04:35] [Client thread/INFO] [STDOUT]: [com.layue13.clashweave.client.ClientProxy:hud:333]: CW_FRAME frozen=29490612368600 frame=29490868980100
[15:04:35] [Client thread/INFO] [STDOUT]: [com.layue13.clashweave.validation.ClientReplay:tick:218]: P0_REPLAY tick=440 action=heavy progress=12.00008600000001 feedback=PARRY
[15:04:35] [Client thread/INFO] [STDOUT]: [com.layue13.clashweave.client.ViewPreservingCorrections$Preserved:processPacket:75]: CW_VIEW packet=1 yawDelta=0.0 pitchDelta=0.0 requestedYawDelta=0.0 requestedPitchDelta=0.0 nano=29491268190700
[15:04:36] [Client thread/INFO] [STDOUT]: [com.layue13.clashweave.client.ViewPreservingCorrections$Preserved:processPacket:75]: CW_VIEW packet=1 yawDelta=0.0 pitchDelta=0.0 requestedYawDelta=0.0 requestedPitchDelta=0.0 nano=29492067383600
[15:04:37] [Client thread/INFO] [STDOUT]: [com.layue13.clashweave.validation.ClientReplay:tick:218]: P0_REPLAY tick=480 action=iai progress=2.000091752817866 feedback=START
[15:04:37] [Client thread/INFO] [STDOUT]: [com.layue13.clashweave.client.ClientProxy:apply:266]: CW_FEEDBACK player=P0A result=PARRY frozen=29493112150500 receive=29493317522400 corrections=0
[15:04:37] [Client thread/INFO] [STDOUT]: [com.layue13.clashweave.client.ClientProxy:hud:333]: CW_FRAME frozen=29493112150500 frame=29493318253000
[15:04:39] [Client thread/INFO] [STDOUT]: [com.layue13.clashweave.client.ViewPreservingCorrections$Preserved:processPacket:75]: CW_VIEW packet=1 yawDelta=0.0 pitchDelta=0.0 requestedYawDelta=0.0 requestedPitchDelta=0.0 nano=29494667664000
