# Log excerpt; complete raw log retained locally under build/p0/runs.
# Original lines: 5280
# Marker counts: {'ERROR': 3, 'CW_RENDER': 1, 'Exception': 2, 'P0_AUDIO': 64, 'CW_VIEW': 3, 'CW_ENGAGEMENT': 4, 'P0_LOCK_PHASE': 144, 'P0_LOCK_CAMERA': 2264, 'CW_LOCK_MARKER': 6, 'CW_LOCK_FOLLOW': 2092, 'P0_LOCK_MARKER': 5, 'P0_LOCAL_AUDIO': 64, 'CW_LOCAL_SWING': 64, 'P0_LOCK_ATTACK': 62, 'CW_ALIGN': 64, 'CW_PRESENT': 191, 'CW_FEEDBACK': 63, 'CW_FRAME': 63, 'P0_LOCK_MOUSE': 2, 'P0_LOCK_F': 2}
[07:41:57] [main/ERROR] [FML]: The binary patch set is missing. Either you are in a development environment, or things are not going to work!
[07:41:58] [main/ERROR] [FML]: FML appears to be missing any signature data. This is not a good thing
This is just a prompt for computer specs to be printed. THIS IS NOT A ERROR
[07:42:01] [Client thread/INFO] [STDOUT]: [com.layue13.clashweave.client.KatanaRendering:load:35]: CW_RENDER models loaded units=block blade=+Y sheath=downwardBipedY angle=45.0
[07:42:02] [Forge Version Check/INFO] [STDERR]: [java.lang.Throwable$WrappedPrintStream:println:749]: com.google.gson.JsonSyntaxException: java.lang.IllegalStateException: Expected BEGIN_OBJECT but was STRING at line 1 column 1
[07:42:02] [Forge Version Check/INFO] [STDERR]: [java.lang.Throwable$WrappedPrintStream:println:749]: Caused by: java.lang.IllegalStateException: Expected BEGIN_OBJECT but was STRING at line 1 column 1
[07:42:02] [Client thread/INFO] [STDOUT]: [com.layue13.clashweave.validation.ClientReplay:<init>:69]: P0_AUDIO initial loader settled
[07:42:07] [Client thread/INFO] [STDOUT]: [com.layue13.clashweave.client.ViewPreservingCorrections$Preserved:processPacket:140]: CW_VIEW packet=1 marker=0 protected=false yawDelta=180.0 pitchDelta=0.0 requestedYawDelta=180.0 requestedPitchDelta=0.0 nano=89343595245400
[07:42:08] [Client thread/INFO] [STDOUT]: [com.layue13.clashweave.client.ViewPreservingCorrections$Preserved:processPacket:140]: CW_VIEW packet=1 marker=0 protected=false yawDelta=0.0 pitchDelta=0.0 requestedYawDelta=0.0 requestedPitchDelta=0.0 nano=89343823224500
[07:42:08] [Client thread/INFO] [STDOUT]: [com.layue13.clashweave.client.ViewPreservingCorrections$Preserved:processPacket:140]: CW_VIEW packet=1 marker=0 protected=false yawDelta=0.0 pitchDelta=0.0 requestedYawDelta=0.0 requestedPitchDelta=0.0 nano=89344156672700
[07:42:08] [Client thread/INFO] [STDOUT]: [com.layue13.clashweave.client.ClientProxy:apply:251]: CW_ENGAGEMENT player=P0A engaged=false revision=1 tick=219 receive=89344158600800
[07:42:20] [Client thread/INFO] [STDOUT]: [com.layue13.clashweave.validation.LockSupportReplay:phase:49]: P0_LOCK_PHASE name=WAIT serial=0 angle=0.0 assist=true target=83030 tick=474 receivedNano=89356274514500
[07:42:20] [Client thread/INFO]: [CHAT] P0_LOCK_PHASE name=WAIT serial=0 angle=0.0 assist=true target=83030 tick=474
[07:42:20] [Client thread/INFO] [STDOUT]: [com.layue13.clashweave.validation.LockSupportReplay:tick:77]: P0_LOCK_CAMERA phase=WAIT elapsed=1 nano=89356275754400 yaw=0.0 view=0
[07:42:20] [Client thread/INFO] [STDOUT]: [com.layue13.clashweave.client.ClientProxy:apply:251]: CW_ENGAGEMENT player=P0A engaged=true revision=3 tick=476 receive=89356319021000
[07:42:20] [Client thread/INFO] [STDOUT]: [com.layue13.clashweave.validation.LockSupportReplay:tick:77]: P0_LOCK_CAMERA phase=WAIT elapsed=2 nano=89356319390900 yaw=0.0 view=0
[07:42:20] [Client thread/INFO] [STDOUT]: [com.layue13.clashweave.validation.LockSupportReplay:tick:77]: P0_LOCK_CAMERA phase=WAIT elapsed=3 nano=89356377447000 yaw=0.0 view=0
[07:42:20] [Client thread/INFO] [STDOUT]: [com.layue13.clashweave.validation.LockSupportReplay:tick:77]: P0_LOCK_CAMERA phase=WAIT elapsed=4 nano=89356418774600 yaw=0.0 view=0
[07:42:20] [Client thread/INFO] [STDOUT]: [com.layue13.clashweave.validation.LockSupportReplay:tick:77]: P0_LOCK_CAMERA phase=WAIT elapsed=5 nano=89356469318000 yaw=0.0 view=0
[07:42:20] [Client thread/INFO] [STDOUT]: [com.layue13.clashweave.validation.LockSupportReplay:tick:77]: P0_LOCK_CAMERA phase=WAIT elapsed=6 nano=89356518662700 yaw=0.0 view=0
[07:42:20] [Client thread/INFO] [STDOUT]: [com.layue13.clashweave.validation.LockSupportReplay:tick:77]: P0_LOCK_CAMERA phase=WAIT elapsed=7 nano=89356568822000 yaw=0.0 view=0
[07:42:20] [Client thread/INFO] [STDOUT]: [com.layue13.clashweave.validation.LockSupportReplay:tick:77]: P0_LOCK_CAMERA phase=WAIT elapsed=8 nano=89356618723100 yaw=0.0 view=0
[07:42:21] [Client thread/INFO] [STDOUT]: [com.layue13.clashweave.validation.LockSupportReplay:tick:77]: P0_LOCK_CAMERA phase=WAIT elapsed=9 nano=89356668485800 yaw=0.0 view=0
[07:42:21] [Client thread/INFO] [STDOUT]: [com.layue13.clashweave.validation.LockSupportReplay:tick:77]: P0_LOCK_CAMERA phase=WAIT elapsed=10 nano=89356719218100 yaw=0.0 view=0
[07:42:21] [Client thread/INFO] [STDOUT]: [com.layue13.clashweave.validation.LockSupportReplay:tick:77]: P0_LOCK_CAMERA phase=WAIT elapsed=11 nano=89356773346400 yaw=0.0 view=0
[07:42:21] [Client thread/INFO] [STDOUT]: [com.layue13.clashweave.validation.LockSupportReplay:tick:77]: P0_LOCK_CAMERA phase=WAIT elapsed=12 nano=89356818667900 yaw=0.0 view=0
[07:42:21] [Client thread/INFO] [STDOUT]: [com.layue13.clashweave.client.LockCamera:tick:132]: CW_LOCK_MARKER target=83030 nano=89357369669800
[07:42:21] [Client thread/INFO] [STDOUT]: [com.layue13.clashweave.client.LockCamera:tick:170]: CW_LOCK_FOLLOW mode=WEAK reason=WEAK target=83030 nano=89357369669800 dt=0.0504993 before=0.0 after=0.0 pitchBefore=0.0 pitchAfter=0.0 offset=0.0 instance=0 committed=0.0
[07:42:21] [Client thread/INFO] [STDOUT]: [com.layue13.clashweave.client.LockCamera:tick:170]: CW_LOCK_FOLLOW mode=WEAK reason=WEAK target=83030 nano=89357418662800 dt=0.048993 before=0.0 after=0.0 pitchBefore=0.0 pitchAfter=0.0 offset=0.0 instance=0 committed=0.0
[07:42:21] [Client thread/INFO] [STDOUT]: [com.layue13.clashweave.client.LockCamera:tick:170]: CW_LOCK_FOLLOW mode=WEAK reason=WEAK target=83030 nano=89357469247500 dt=0.0505847 before=0.0 after=0.0 pitchBefore=0.0 pitchAfter=0.0 offset=0.0 instance=0 committed=0.0
[07:42:21] [Client thread/INFO] [STDOUT]: [com.layue13.clashweave.client.LockCamera:tick:170]: CW_LOCK_FOLLOW mode=WEAK reason=WEAK target=83030 nano=89357518904800 dt=0.0496573 before=0.0 after=0.0 pitchBefore=0.0 pitchAfter=0.0 offset=0.0 instance=0 committed=0.0
[07:42:21] [Client thread/INFO] [STDOUT]: [com.layue13.clashweave.client.LockCamera:tick:170]: CW_LOCK_FOLLOW mode=WEAK reason=WEAK target=83030 nano=89357569627300 dt=0.0507225 before=0.0 after=0.0 pitchBefore=0.0 pitchAfter=0.0 offset=0.0 instance=0 committed=0.0
[07:42:21] [Client thread/INFO] [STDOUT]: [com.layue13.clashweave.client.LockCamera:tick:170]: CW_LOCK_FOLLOW mode=WEAK reason=WEAK target=83030 nano=89357618907600 dt=0.0492803 before=0.0 after=0.0 pitchBefore=0.0 pitchAfter=0.0 offset=0.0 instance=0 committed=0.0
[07:42:22] [Client thread/INFO] [STDOUT]: [com.layue13.clashweave.client.LockCamera:tick:170]: CW_LOCK_FOLLOW mode=WEAK reason=WEAK target=83030 nano=89357668723100 dt=0.0498155 before=0.0 after=0.0 pitchBefore=0.0 pitchAfter=0.0 offset=0.0 instance=0 committed=0.0
[07:42:22] [Client thread/INFO] [STDOUT]: [com.layue13.clashweave.client.LockCamera:tick:170]: CW_LOCK_FOLLOW mode=WEAK reason=WEAK target=83030 nano=89357719186200 dt=0.0504631 before=0.0 after=0.0 pitchBefore=0.0 pitchAfter=0.0 offset=0.0 instance=0 committed=0.0
[07:42:22] [Client thread/INFO] [STDOUT]: [com.layue13.clashweave.client.LockCamera:tick:170]: CW_LOCK_FOLLOW mode=WEAK reason=WEAK target=83030 nano=89357769024500 dt=0.0498383 before=0.0 after=0.0 pitchBefore=0.0 pitchAfter=0.0 offset=0.0 instance=0 committed=0.0
[07:42:22] [Client thread/INFO] [STDOUT]: [com.layue13.clashweave.client.LockCamera:tick:170]: CW_LOCK_FOLLOW mode=WEAK reason=WEAK target=83030 nano=89357819244600 dt=0.0502201 before=0.0 after=0.0 pitchBefore=0.0 pitchAfter=0.0 offset=0.0 instance=0 committed=0.0
[07:42:22] [Client thread/INFO] [STDOUT]: [com.layue13.clashweave.client.LockCamera:tick:170]: CW_LOCK_FOLLOW mode=WEAK reason=WEAK target=83030 nano=89357869204300 dt=0.0499597 before=0.0 after=0.0 pitchBefore=0.0 pitchAfter=0.0 offset=0.0 instance=0 committed=0.0
[07:42:22] [Client thread/INFO] [STDOUT]: [com.layue13.clashweave.client.LockCamera:tick:170]: CW_LOCK_FOLLOW mode=WEAK reason=WEAK target=83030 nano=89357918745000 dt=0.0495407 before=0.0 after=0.0 pitchBefore=0.0 pitchAfter=0.0 offset=0.0 instance=0 committed=0.0
[07:42:23] [Client thread/INFO] [STDOUT]: [com.layue13.clashweave.validation.LockSupportReplay:phase:49]: P0_LOCK_PHASE name=MARK_LOCK serial=0 angle=0.0 assist=true target=83030 tick=537 receivedNano=89359419339700
[07:42:23] [Client thread/INFO]: [CHAT] P0_LOCK_PHASE name=MARK_LOCK serial=0 angle=0.0 assist=true target=83030 tick=537
[07:42:24] [Client thread/INFO] [STDOUT]: [com.layue13.clashweave.validation.LockSupportReplay:tick:60]: P0_LOCK_MARKER phase=MARK_LOCK expected=true actual=true failures=0 lock=83030
[07:42:25] [Client thread/INFO] [STDOUT]: [com.layue13.clashweave.validation.LockSupportReplay:phase:49]: P0_LOCK_PHASE name=MARK_UNLOCK serial=0 angle=0.0 assist=true target=83030 tick=577 receivedNano=89361421284700
[07:42:25] [Client thread/INFO]: [CHAT] P0_LOCK_PHASE name=MARK_UNLOCK serial=0 angle=0.0 assist=true target=83030 tick=577
[07:42:25] [Client thread/INFO] [STDOUT]: [com.layue13.clashweave.client.LockCamera:tick:132]: CW_LOCK_MARKER target=-1 nano=89361571571600
[07:42:27] [Client thread/INFO] [STDOUT]: [com.layue13.clashweave.validation.LockSupportReplay:tick:60]: P0_LOCK_MARKER phase=MARK_UNLOCK expected=false actual=false failures=0 lock=-1
[07:42:27] [Client thread/INFO] [STDOUT]: [com.layue13.clashweave.validation.LockSupportReplay:phase:49]: P0_LOCK_PHASE name=MARK_DEAD serial=0 angle=0.0 assist=true target=83030 tick=617 receivedNano=89363438082200
[07:42:27] [Client thread/INFO]: [CHAT] P0_LOCK_PHASE name=MARK_DEAD serial=0 angle=0.0 assist=true target=83030 tick=617
[07:42:28] [Client thread/INFO] [STDOUT]: [com.layue13.clashweave.client.ClientProxy:apply:251]: CW_ENGAGEMENT player=P0A engaged=false revision=4 tick=640 receive=89364538250700
[07:42:29] [Client thread/INFO] [STDOUT]: [com.layue13.clashweave.validation.LockSupportReplay:tick:60]: P0_LOCK_MARKER phase=MARK_DEAD expected=false actual=false failures=0 lock=-1
[07:42:29] [Client thread/INFO] [STDOUT]: [com.layue13.clashweave.validation.LockSupportReplay:phase:49]: P0_LOCK_PHASE name=MARK_RELOCK serial=0 angle=0.0 assist=true target=149559 tick=657 receivedNano=89365433570500
[07:42:29] [Client thread/INFO]: [CHAT] P0_LOCK_PHASE name=MARK_RELOCK serial=0 angle=0.0 assist=true target=149559 tick=657
[07:42:29] [Client thread/INFO] [STDOUT]: [com.layue13.clashweave.client.ClientProxy:apply:251]: CW_ENGAGEMENT player=P0A engaged=true revision=5 tick=661 receive=89365583801000
[07:42:29] [Client thread/INFO] [STDOUT]: [com.layue13.clashweave.client.LockCamera:tick:132]: CW_LOCK_MARKER target=149559 nano=89365584049100
[07:42:31] [Client thread/INFO] [STDOUT]: [com.layue13.clashweave.validation.LockSupportReplay:tick:60]: P0_LOCK_MARKER phase=MARK_RELOCK expected=true actual=true failures=0 lock=149559
[07:42:31] [Client thread/INFO] [STDOUT]: [com.layue13.clashweave.validation.LockSupportReplay:phase:49]: P0_LOCK_PHASE name=MARK_RANGE serial=0 angle=0.0 assist=true target=149559 tick=697 receivedNano=89367427080100
[07:42:31] [Client thread/INFO]: [CHAT] P0_LOCK_PHASE name=MARK_RANGE serial=0 angle=0.0 assist=true target=149559 tick=697
[07:42:31] [Client thread/INFO] [STDOUT]: [com.layue13.clashweave.client.LockCamera:tick:132]: CW_LOCK_MARKER target=-1 nano=89367428152600
[07:42:32] [Client thread/INFO] [STDOUT]: [com.layue13.clashweave.validation.LockSupportReplay:tick:60]: P0_LOCK_MARKER phase=MARK_RANGE expected=false actual=false failures=0 lock=-1
[07:42:33] [Client thread/INFO] [STDOUT]: [com.layue13.clashweave.client.LockCamera:tick:132]: CW_LOCK_MARKER target=149559 nano=89369087940300
[07:42:33] [Client thread/INFO] [STDOUT]: [com.layue13.clashweave.validation.ClientReplay:audio:418]: P0_LOCAL_AUDIO nano=89369288990200
[07:42:33] [Client thread/INFO] [STDOUT]: [com.layue13.clashweave.client.ClientProxy:send:166]: CW_LOCAL_SWING seq=32 press=89369288740300 feedback=89369291192500
[07:42:33] [Client thread/INFO] [STDOUT]: [com.layue13.clashweave.validation.LockSupportReplay:tick:68]: P0_LOCK_ATTACK phase=AIM_READY serial=0 seq=32 yaw=0.0 nano=89369291556600
[07:42:33] [Client thread/INFO] [STDOUT]: [com.layue13.clashweave.client.ClientProxy:apply:265]: CW_ALIGN player=P0A seq=32 predicted=0 authoritative=0 sameAction=true
[07:42:33] [Client thread/INFO] [STDOUT]: [com.layue13.clashweave.client.ClientProxy:tick:194]: CW_PRESENT id=1 kind=DRAW actor=0 owner=0
[07:42:33] [Client thread/INFO] [STDOUT]: [com.layue13.clashweave.client.ClientProxy:tick:194]: CW_PRESENT id=2 kind=SWING actor=0 owner=0
[07:42:34] [Client thread/INFO] [STDOUT]: [com.layue13.clashweave.client.ClientProxy:apply:310]: CW_FEEDBACK player=P0A result=HIT frozen=89369594495600 receive=89369688346200 corrections=0
[07:42:34] [Client thread/INFO] [STDOUT]: [com.layue13.clashweave.validation.ClientReplay:audio:419]: P0_AUDIO source=random.successful_hit frozen=89369594495600 nano=89369688677400
[07:42:34] [Client thread/INFO] [STDOUT]: [com.layue13.clashweave.client.ClientProxy:tick:194]: CW_PRESENT id=3 kind=HIT actor=0 owner=0
[07:42:34] [Client thread/INFO] [STDOUT]: [com.layue13.clashweave.client.ClientProxy:tick:194]: CW_PRESENT id=4 kind=HURT actor=149559 owner=0
[07:42:34] [Client thread/INFO] [STDOUT]: [com.layue13.clashweave.client.ClientProxy:hud:374]: CW_FRAME frozen=89369594495600 frame=89369692604200
[07:42:35] [Client thread/INFO] [STDOUT]: [com.layue13.clashweave.validation.ClientReplay:audio:418]: P0_LOCAL_AUDIO nano=89370788115600
[07:42:35] [Client thread/INFO] [STDOUT]: [com.layue13.clashweave.client.ClientProxy:send:166]: CW_LOCAL_SWING seq=34 press=89370787948600 feedback=89370788360900
[07:42:35] [Client thread/INFO] [STDOUT]: [com.layue13.clashweave.validation.LockSupportReplay:tick:68]: P0_LOCK_ATTACK phase=AIM serial=0 seq=34 yaw=0.0 nano=89370788551200
[07:42:35] [Client thread/INFO] [STDOUT]: [com.layue13.clashweave.client.ClientProxy:apply:265]: CW_ALIGN player=P0A seq=34 predicted=0 authoritative=0 sameAction=true
[07:42:35] [Client thread/INFO] [STDOUT]: [com.layue13.clashweave.client.ClientProxy:tick:194]: CW_PRESENT id=5 kind=SWING actor=0 owner=0
[07:42:35] [Client thread/INFO] [STDOUT]: [com.layue13.clashweave.client.ClientProxy:apply:310]: CW_FEEDBACK player=P0A result=HIT frozen=89371049736200 receive=89371138405200 corrections=0
[07:42:35] [Client thread/INFO] [STDOUT]: [com.layue13.clashweave.validation.ClientReplay:audio:419]: P0_AUDIO source=random.successful_hit frozen=89371049736200 nano=89371138720800
[07:42:35] [Client thread/INFO] [STDOUT]: [com.layue13.clashweave.client.ClientProxy:tick:194]: CW_PRESENT id=6 kind=HIT actor=0 owner=0
[07:42:35] [Client thread/INFO] [STDOUT]: [com.layue13.clashweave.client.ClientProxy:tick:194]: CW_PRESENT id=7 kind=HURT actor=149559 owner=0
[07:42:35] [Client thread/INFO] [STDOUT]: [com.layue13.clashweave.client.ClientProxy:hud:374]: CW_FRAME frozen=89371049736200 frame=89371139975700
[07:42:36] [Client thread/INFO] [STDOUT]: [com.layue13.clashweave.validation.ClientReplay:audio:418]: P0_LOCAL_AUDIO nano=89371988563600
[07:42:36] [Client thread/INFO] [STDOUT]: [com.layue13.clashweave.client.ClientProxy:send:166]: CW_LOCAL_SWING seq=36 press=89371988428900 feedback=89371988745500
[07:42:36] [Client thread/INFO] [STDOUT]: [com.layue13.clashweave.validation.LockSupportReplay:tick:68]: P0_LOCK_ATTACK phase=AIM serial=1 seq=36 yaw=0.0 nano=89371988901700
[07:42:36] [Client thread/INFO] [STDOUT]: [com.layue13.clashweave.client.ClientProxy:apply:265]: CW_ALIGN player=P0A seq=36 predicted=0 authoritative=0 sameAction=true
[07:42:36] [Client thread/INFO] [STDOUT]: [com.layue13.clashweave.client.ClientProxy:tick:194]: CW_PRESENT id=8 kind=SWING actor=0 owner=0
[07:42:36] [Client thread/INFO] [STDOUT]: [com.layue13.clashweave.client.ClientProxy:apply:310]: CW_FEEDBACK player=P0A result=HIT frozen=89372252936500 receive=89372337984800 corrections=0
[07:42:36] [Client thread/INFO] [STDOUT]: [com.layue13.clashweave.validation.ClientReplay:audio:419]: P0_AUDIO source=random.successful_hit frozen=89372252936500 nano=89372338264100
[07:42:36] [Client thread/INFO] [STDOUT]: [com.layue13.clashweave.client.ClientProxy:tick:194]: CW_PRESENT id=9 kind=HIT actor=0 owner=0
[07:42:36] [Client thread/INFO] [STDOUT]: [com.layue13.clashweave.client.ClientProxy:tick:194]: CW_PRESENT id=10 kind=HURT actor=149559 owner=0
[07:42:36] [Client thread/INFO] [STDOUT]: [com.layue13.clashweave.client.ClientProxy:hud:374]: CW_FRAME frozen=89372252936500 frame=89372341849900
[07:42:37] [Client thread/INFO] [STDOUT]: [com.layue13.clashweave.validation.ClientReplay:audio:418]: P0_LOCAL_AUDIO nano=89373188803800
[07:42:37] [Client thread/INFO] [STDOUT]: [com.layue13.clashweave.client.ClientProxy:send:166]: CW_LOCAL_SWING seq=38 press=89373188649900 feedback=89373189010000
[07:42:37] [Client thread/INFO] [STDOUT]: [com.layue13.clashweave.validation.LockSupportReplay:tick:68]: P0_LOCK_ATTACK phase=AIM serial=2 seq=38 yaw=0.0 nano=89373189219300
[07:42:37] [Client thread/INFO] [STDOUT]: [com.layue13.clashweave.client.ClientProxy:apply:265]: CW_ALIGN player=P0A seq=38 predicted=0 authoritative=0 sameAction=true
[07:42:37] [Client thread/INFO] [STDOUT]: [com.layue13.clashweave.client.ClientProxy:tick:194]: CW_PRESENT id=11 kind=SWING actor=0 owner=0
[07:42:37] [Client thread/INFO] [STDOUT]: [com.layue13.clashweave.client.ClientProxy:apply:310]: CW_FEEDBACK player=P0A result=HIT frozen=89373500199900 receive=89373588068600 corrections=0
[07:42:37] [Client thread/INFO] [STDOUT]: [com.layue13.clashweave.validation.ClientReplay:audio:419]: P0_AUDIO source=random.successful_hit frozen=89373500199900 nano=89373588385600
[07:42:37] [Client thread/INFO] [STDOUT]: [com.layue13.clashweave.client.ClientProxy:tick:194]: CW_PRESENT id=12 kind=HIT actor=0 owner=0
[07:42:37] [Client thread/INFO] [STDOUT]: [com.layue13.clashweave.client.ClientProxy:hud:374]: CW_FRAME frozen=89373500199900 frame=89373589592900
[07:42:38] [Client thread/INFO] [STDOUT]: [com.layue13.clashweave.validation.ClientReplay:audio:418]: P0_LOCAL_AUDIO nano=89374388402000
[07:42:38] [Client thread/INFO] [STDOUT]: [com.layue13.clashweave.client.ClientProxy:send:166]: CW_LOCAL_SWING seq=40 press=89374388253800 feedback=89374388606300
[07:42:38] [Client thread/INFO] [STDOUT]: [com.layue13.clashweave.validation.LockSupportReplay:tick:68]: P0_LOCK_ATTACK phase=AIM serial=3 seq=40 yaw=0.0 nano=89374388819800
[07:42:38] [Client thread/INFO] [STDOUT]: [com.layue13.clashweave.client.ClientProxy:apply:265]: CW_ALIGN player=P0A seq=40 predicted=0 authoritative=0 sameAction=true
[07:42:39] [Client thread/INFO] [STDOUT]: [com.layue13.clashweave.client.ClientProxy:apply:310]: CW_FEEDBACK player=P0A result=HIT frozen=89374643212900 receive=89374738043200 corrections=0
[07:42:39] [Client thread/INFO] [STDOUT]: [com.layue13.clashweave.validation.ClientReplay:audio:419]: P0_AUDIO source=random.successful_hit frozen=89374643212900 nano=89374738398300
[07:42:39] [Client thread/INFO] [STDOUT]: [com.layue13.clashweave.client.ClientProxy:hud:374]: CW_FRAME frozen=89374643212900 frame=89374739540900
[07:42:39] [Client thread/INFO] [STDOUT]: [com.layue13.clashweave.validation.ClientReplay:audio:418]: P0_LOCAL_AUDIO nano=89375588641400
[07:42:39] [Client thread/INFO] [STDOUT]: [com.layue13.clashweave.client.ClientProxy:send:166]: CW_LOCAL_SWING seq=42 press=89375588480100 feedback=89375588874000
[07:42:39] [Client thread/INFO] [STDOUT]: [com.layue13.clashweave.validation.LockSupportReplay:tick:68]: P0_LOCK_ATTACK phase=AIM serial=4 seq=42 yaw=0.0 nano=89375589068800
[07:42:40] [Client thread/INFO] [STDOUT]: [com.layue13.clashweave.client.ClientProxy:apply:265]: CW_ALIGN player=P0A seq=42 predicted=0 authoritative=0 sameAction=true
[07:42:40] [Client thread/INFO] [STDOUT]: [com.layue13.clashweave.client.ClientProxy:apply:310]: CW_FEEDBACK player=P0A result=HIT frozen=89375888577300 receive=89375987699300 corrections=0
[07:42:40] [Client thread/INFO] [STDOUT]: [com.layue13.clashweave.validation.ClientReplay:audio:419]: P0_AUDIO source=random.successful_hit frozen=89375888577300 nano=89375987985000
[07:42:40] [Client thread/INFO] [STDOUT]: [com.layue13.clashweave.client.ClientProxy:hud:374]: CW_FRAME frozen=89375888577300 frame=89375989009700
[07:42:41] [Client thread/INFO] [STDOUT]: [com.layue13.clashweave.validation.ClientReplay:audio:418]: P0_LOCAL_AUDIO nano=89376788174800
[07:42:41] [Client thread/INFO] [STDOUT]: [com.layue13.clashweave.client.ClientProxy:send:166]: CW_LOCAL_SWING seq=44 press=89376788015100 feedback=89376788395700
[07:42:41] [Client thread/INFO] [STDOUT]: [com.layue13.clashweave.validation.LockSupportReplay:tick:68]: P0_LOCK_ATTACK phase=AIM serial=5 seq=44 yaw=0.0 nano=89376788545000
[07:42:41] [Client thread/INFO] [STDOUT]: [com.layue13.clashweave.client.ClientProxy:apply:265]: CW_ALIGN player=P0A seq=44 predicted=0 authoritative=0 sameAction=true
[07:42:41] [Client thread/INFO] [STDOUT]: [com.layue13.clashweave.client.ClientProxy:apply:310]: CW_FEEDBACK player=P0A result=HIT frozen=89377092605700 receive=89377187873900 corrections=0
[07:42:41] [Client thread/INFO] [STDOUT]: [com.layue13.clashweave.validation.ClientReplay:audio:419]: P0_AUDIO source=random.successful_hit frozen=89377092605700 nano=89377188154500
[07:42:41] [Client thread/INFO] [STDOUT]: [com.layue13.clashweave.client.ClientProxy:hud:374]: CW_FRAME frozen=89377092605700 frame=89377189284300
[07:42:42] [Client thread/INFO] [STDOUT]: [com.layue13.clashweave.validation.ClientReplay:audio:418]: P0_LOCAL_AUDIO nano=89378037954800
[07:42:42] [Client thread/INFO] [STDOUT]: [com.layue13.clashweave.client.ClientProxy:send:166]: CW_LOCAL_SWING seq=46 press=89378037834600 feedback=89378038188400
[07:42:42] [Client thread/INFO] [STDOUT]: [com.layue13.clashweave.validation.LockSupportReplay:tick:68]: P0_LOCK_ATTACK phase=AIM serial=6 seq=46 yaw=0.0 nano=89378038370900
[07:42:42] [Client thread/INFO] [STDOUT]: [com.layue13.clashweave.client.ClientProxy:apply:265]: CW_ALIGN player=P0A seq=46 predicted=0 authoritative=0 sameAction=true
[07:42:42] [Client thread/INFO] [STDOUT]: [com.layue13.clashweave.client.ClientProxy:apply:310]: CW_FEEDBACK player=P0A result=HIT frozen=89378305271400 receive=89378388205900 corrections=0
[07:42:42] [Client thread/INFO] [STDOUT]: [com.layue13.clashweave.validation.ClientReplay:audio:419]: P0_AUDIO source=random.successful_hit frozen=89378305271400 nano=89378388516600
[07:42:42] [Client thread/INFO] [STDOUT]: [com.layue13.clashweave.client.ClientProxy:hud:374]: CW_FRAME frozen=89378305271400 frame=89378389656100
[07:42:43] [Client thread/INFO] [STDOUT]: [com.layue13.clashweave.validation.ClientReplay:audio:418]: P0_LOCAL_AUDIO nano=89379188258900
[07:42:43] [Client thread/INFO] [STDOUT]: [com.layue13.clashweave.client.ClientProxy:send:166]: CW_LOCAL_SWING seq=48 press=89379188119800 feedback=89379188445500
[07:42:43] [Client thread/INFO] [STDOUT]: [com.layue13.clashweave.validation.LockSupportReplay:tick:68]: P0_LOCK_ATTACK phase=AIM serial=7 seq=48 yaw=0.0 nano=89379188606400
[07:42:43] [Client thread/INFO] [STDOUT]: [com.layue13.clashweave.client.ClientProxy:apply:265]: CW_ALIGN player=P0A seq=48 predicted=0 authoritative=0 sameAction=true
[07:42:43] [Client thread/INFO] [STDOUT]: [com.layue13.clashweave.client.ClientProxy:apply:310]: CW_FEEDBACK player=P0A result=HIT frozen=89379439734100 receive=89379537951100 corrections=0
[07:42:43] [Client thread/INFO] [STDOUT]: [com.layue13.clashweave.validation.ClientReplay:audio:419]: P0_AUDIO source=random.successful_hit frozen=89379439734100 nano=89379538197800
[07:42:43] [Client thread/INFO] [STDOUT]: [com.layue13.clashweave.client.ClientProxy:hud:374]: CW_FRAME frozen=89379439734100 frame=89379539129400
[07:42:44] [Client thread/INFO] [STDOUT]: [com.layue13.clashweave.validation.ClientReplay:audio:418]: P0_LOCAL_AUDIO nano=89380388356500
[07:42:44] [Client thread/INFO] [STDOUT]: [com.layue13.clashweave.client.ClientProxy:send:166]: CW_LOCAL_SWING seq=50 press=89380388170100 feedback=89380388625100
[07:42:44] [Client thread/INFO] [STDOUT]: [com.layue13.clashweave.validation.LockSupportReplay:tick:68]: P0_LOCK_ATTACK phase=AIM serial=8 seq=50 yaw=0.0 nano=89380388828200
[07:42:44] [Client thread/INFO] [STDOUT]: [com.layue13.clashweave.client.ClientProxy:apply:265]: CW_ALIGN player=P0A seq=50 predicted=0 authoritative=0 sameAction=true
[07:42:45] [Client thread/INFO] [STDOUT]: [com.layue13.clashweave.client.ClientProxy:apply:310]: CW_FEEDBACK player=P0A result=HIT frozen=89380699375000 receive=89380787721700 corrections=0
[07:42:45] [Client thread/INFO] [STDOUT]: [com.layue13.clashweave.validation.ClientReplay:audio:419]: P0_AUDIO source=random.successful_hit frozen=89380699375000 nano=89380788049500
[07:42:45] [Client thread/INFO] [STDOUT]: [com.layue13.clashweave.client.ClientProxy:hud:374]: CW_FRAME frozen=89380699375000 frame=89380789182900
[07:42:45] [Client thread/INFO] [STDOUT]: [com.layue13.clashweave.validation.ClientReplay:audio:418]: P0_LOCAL_AUDIO nano=89381588999500
[07:42:45] [Client thread/INFO] [STDOUT]: [com.layue13.clashweave.client.ClientProxy:send:166]: CW_LOCAL_SWING seq=52 press=89381588834800 feedback=89381589226500
[07:42:45] [Client thread/INFO] [STDOUT]: [com.layue13.clashweave.validation.LockSupportReplay:tick:68]: P0_LOCK_ATTACK phase=AIM serial=9 seq=52 yaw=0.0 nano=89381589460600
[07:42:46] [Client thread/INFO] [STDOUT]: [com.layue13.clashweave.client.ClientProxy:apply:265]: CW_ALIGN player=P0A seq=52 predicted=0 authoritative=0 sameAction=true
[07:42:46] [Client thread/INFO] [STDOUT]: [com.layue13.clashweave.client.ClientProxy:apply:310]: CW_FEEDBACK player=P0A result=HIT frozen=89381837485000 receive=89381937831400 corrections=0
[07:42:46] [Client thread/INFO] [STDOUT]: [com.layue13.clashweave.validation.ClientReplay:audio:419]: P0_AUDIO source=random.successful_hit frozen=89381837485000 nano=89381938111300
[07:42:46] [Client thread/INFO] [STDOUT]: [com.layue13.clashweave.client.ClientProxy:hud:374]: CW_FRAME frozen=89381837485000 frame=89381939221200
[07:42:47] [Client thread/INFO] [STDOUT]: [com.layue13.clashweave.validation.ClientReplay:audio:418]: P0_LOCAL_AUDIO nano=89382788119800
[07:42:47] [Client thread/INFO] [STDOUT]: [com.layue13.clashweave.client.ClientProxy:send:166]: CW_LOCAL_SWING seq=54 press=89382787993200 feedback=89382788287900
[07:42:47] [Client thread/INFO] [STDOUT]: [com.layue13.clashweave.validation.LockSupportReplay:tick:68]: P0_LOCK_ATTACK phase=AIM serial=10 seq=54 yaw=0.0 nano=89382788423800
[07:42:47] [Client thread/INFO] [STDOUT]: [com.layue13.clashweave.client.ClientProxy:apply:265]: CW_ALIGN player=P0A seq=54 predicted=0 authoritative=0 sameAction=true
[07:42:47] [Client thread/INFO] [STDOUT]: [com.layue13.clashweave.client.ClientProxy:apply:310]: CW_FEEDBACK player=P0A result=HIT frozen=89383094020200 receive=89383187621800 corrections=0
[07:42:47] [Client thread/INFO] [STDOUT]: [com.layue13.clashweave.client.ClientProxy:hud:374]: CW_FRAME frozen=89383094020200 frame=89383189100400
[07:43:24] [Client thread/INFO] [STDOUT]: [com.layue13.clashweave.validation.LockSupportReplay:tick:72]: P0_LOCK_MOUSE phase=WEAK delta=5 nano=89419888963900
[07:43:30] [Client thread/INFO] [STDOUT]: [com.layue13.clashweave.validation.LockSupportReplay:tick:72]: P0_LOCK_MOUSE phase=STRONG delta=5 nano=89425906482500
[07:43:33] [Client thread/INFO] [STDOUT]: [com.layue13.clashweave.validation.LockSupportReplay:tick:75]: P0_LOCK_F5 nano=89429138513900
[07:43:34] [Client thread/INFO] [STDOUT]: [com.layue13.clashweave.validation.LockSupportReplay:tick:76]: P0_LOCK_F5 nano=89429636824800
[07:44:12] [Client thread/INFO] [STDOUT]: [com.layue13.clashweave.client.LockCamera:tick:132]: CW_LOCK_MARKER target=-1 nano=89467636210800
