# Log excerpt; complete raw log retained locally under build/p0/runs.
# Original lines: 901
# Marker counts: {'ERROR': 3, 'CW_RENDER': 1, 'Exception': 2, 'P0_AUDIO': 2, 'CW_ENGAGEMENT': 11, 'P0_ENGAGEMENT': 763, 'CW_FEEDBACK': 1, 'CW_FRAME': 1}
[10:44:36] [main/ERROR] [FML]: The binary patch set is missing. Either you are in a development environment, or things are not going to work!
[10:44:36] [main/ERROR] [FML]: FML appears to be missing any signature data. This is not a good thing
This is just a prompt for computer specs to be printed. THIS IS NOT A ERROR
[10:44:40] [Client thread/INFO] [STDOUT]: [com.layue13.clashweave.client.KatanaRendering:load:42]: CW_RENDER models loaded units=block blade=+Y sheath=downwardBipedY angle=45.0
[10:44:40] [Forge Version Check/INFO] [STDERR]: [java.lang.Throwable$WrappedPrintStream:println:749]: com.google.gson.JsonSyntaxException: java.lang.IllegalStateException: Expected BEGIN_OBJECT but was STRING at line 1 column 1
[10:44:40] [Forge Version Check/INFO] [STDERR]: [java.lang.Throwable$WrappedPrintStream:println:749]: Caused by: java.lang.IllegalStateException: Expected BEGIN_OBJECT but was STRING at line 1 column 1
[10:44:40] [Client thread/INFO] [STDOUT]: [com.layue13.clashweave.validation.ClientReplay:<init>:53]: P0_AUDIO initial loader settled
[10:44:46] [Client thread/INFO] [STDOUT]: [com.layue13.clashweave.client.ClientProxy:apply:195]: CW_ENGAGEMENT player=P0A engaged=false revision=1 tick=214 receive=13902062029200
[10:44:46] [Client thread/INFO] [STDOUT]: [com.layue13.clashweave.validation.ClientReplay:tick:99]: P0_ENGAGEMENT client tick=1 engaged=false sneak=false forward=0.0
[10:44:46] [Client thread/INFO] [STDOUT]: [com.layue13.clashweave.validation.ClientReplay:tick:99]: P0_ENGAGEMENT client tick=2 engaged=false sneak=true forward=0.0
[10:44:46] [Client thread/INFO] [STDOUT]: [com.layue13.clashweave.validation.ClientReplay:tick:99]: P0_ENGAGEMENT client tick=3 engaged=false sneak=true forward=0.0
[10:44:46] [Client thread/INFO] [STDOUT]: [com.layue13.clashweave.validation.ClientReplay:tick:99]: P0_ENGAGEMENT client tick=4 engaged=false sneak=true forward=0.0
[10:44:46] [Client thread/INFO] [STDOUT]: [com.layue13.clashweave.validation.ClientReplay:tick:99]: P0_ENGAGEMENT client tick=5 engaged=false sneak=true forward=0.0
[10:44:46] [Client thread/INFO] [STDOUT]: [com.layue13.clashweave.validation.ClientReplay:tick:99]: P0_ENGAGEMENT client tick=6 engaged=false sneak=true forward=0.0
[10:44:46] [Client thread/INFO] [STDOUT]: [com.layue13.clashweave.validation.ClientReplay:tick:99]: P0_ENGAGEMENT client tick=7 engaged=false sneak=true forward=0.0
[10:44:46] [Client thread/INFO] [STDOUT]: [com.layue13.clashweave.validation.ClientReplay:tick:99]: P0_ENGAGEMENT client tick=8 engaged=false sneak=true forward=0.0
[10:44:46] [Client thread/INFO] [STDOUT]: [com.layue13.clashweave.validation.ClientReplay:tick:99]: P0_ENGAGEMENT client tick=9 engaged=false sneak=true forward=0.0
[10:44:46] [Client thread/INFO] [STDOUT]: [com.layue13.clashweave.validation.ClientReplay:tick:99]: P0_ENGAGEMENT client tick=10 engaged=false sneak=true forward=0.0
[10:44:46] [Client thread/INFO] [STDOUT]: [com.layue13.clashweave.validation.ClientReplay:tick:99]: P0_ENGAGEMENT client tick=11 engaged=false sneak=true forward=0.0
[10:44:46] [Client thread/INFO] [STDOUT]: [com.layue13.clashweave.validation.ClientReplay:tick:99]: P0_ENGAGEMENT client tick=12 engaged=false sneak=true forward=0.0
[10:44:56] [Client thread/INFO] [STDOUT]: [com.layue13.clashweave.client.ClientProxy:apply:195]: CW_ENGAGEMENT player=P0A engaged=true revision=3 tick=416 receive=13912054246100
[10:45:01] [Client thread/INFO] [STDOUT]: [com.layue13.clashweave.client.ClientProxy:apply:195]: CW_ENGAGEMENT player=P0A engaged=false revision=4 tick=514 receive=13916934368400
[10:45:02] [Client thread/INFO] [STDOUT]: [com.layue13.clashweave.client.ClientProxy:apply:195]: CW_ENGAGEMENT player=P0A engaged=true revision=5 tick=535 receive=13917983576000
[10:45:06] [Client thread/INFO] [STDOUT]: [com.layue13.clashweave.client.ClientProxy:apply:195]: CW_ENGAGEMENT player=P0A engaged=false revision=6 tick=614 receive=13921950995100
[10:45:07] [Client thread/INFO] [STDOUT]: [com.layue13.clashweave.client.ClientProxy:apply:195]: CW_ENGAGEMENT player=P0A engaged=true revision=7 tick=635 receive=13923001235500
[10:45:10] [Client thread/INFO] [STDOUT]: [com.layue13.clashweave.client.ClientProxy:apply:195]: CW_ENGAGEMENT player=P0A engaged=false revision=8 tick=703 receive=13926400615000
[10:45:11] [Client thread/INFO] [STDOUT]: [com.layue13.clashweave.client.ClientProxy:apply:195]: CW_ENGAGEMENT player=P0A engaged=true revision=9 tick=719 receive=13927200655100
[10:45:16] [Client thread/INFO] [STDOUT]: [com.layue13.clashweave.client.ClientProxy:apply:195]: CW_ENGAGEMENT player=P0A engaged=false revision=10 tick=818 receive=13932150306600
[10:45:18] [Client thread/INFO] [STDOUT]: [com.layue13.clashweave.client.ClientProxy:apply:195]: CW_ENGAGEMENT player=P0A engaged=true revision=11 tick=859 receive=13934200792200
[10:45:19] [Client thread/INFO] [STDOUT]: [com.layue13.clashweave.client.ClientProxy:apply:241]: CW_FEEDBACK player=P0A result=HIT frozen=13934367625500 receive=13934650551400 corrections=0
[10:45:19] [Client thread/INFO] [STDOUT]: [com.layue13.clashweave.validation.ClientReplay:audio:280]: P0_AUDIO source=random.successful_hit frozen=13934367625500 nano=13934650723300
[10:45:19] [Client thread/INFO] [STDOUT]: [com.layue13.clashweave.client.ClientProxy:hud:308]: CW_FRAME frozen=13934367625500 frame=13934653570100
[10:45:22] [Client thread/INFO] [STDOUT]: [com.layue13.clashweave.client.ClientProxy:apply:195]: CW_ENGAGEMENT player=P0A engaged=false revision=12 tick=935 receive=13938001286300
