# Log excerpt; complete raw log retained locally under build/p0/runs.
# Original lines: 598
# Marker counts: {'ERROR': 3, 'CW_RENDER': 1, 'Exception': 2, 'P0_AUDIO': 39, 'CW_VIEW': 45, 'CW_ENGAGEMENT': 1, 'P0_APPEARANCE': 2, 'P0_REPLAY': 29, 'P0_CAPTURE': 8, 'P0_LOCAL_AUDIO': 23, 'CW_LOCAL_SWING': 23, 'P0_REQUEST': 62, 'CW_ALIGN': 33, 'CW_PRESENT': 133, 'CW_FEEDBACK': 38, 'CW_FRAME': 38, 'P0_LATE_WIRE': 1}
[17:50:00] [main/ERROR] [FML]: The binary patch set is missing. Either you are in a development environment, or things are not going to work!
[17:50:00] [main/ERROR] [FML]: FML appears to be missing any signature data. This is not a good thing
This is just a prompt for computer specs to be printed. THIS IS NOT A ERROR
[17:50:04] [Client thread/INFO] [STDOUT]: [com.layue13.clashweave.client.KatanaRendering:load:35]: CW_RENDER models loaded units=block blade=+Y sheath=downwardBipedY angle=45.0
[17:50:04] [Forge Version Check/INFO] [STDERR]: [java.lang.Throwable$WrappedPrintStream:println:749]: com.google.gson.JsonSyntaxException: java.lang.IllegalStateException: Expected BEGIN_OBJECT but was STRING at line 1 column 1
[17:50:04] [Forge Version Check/INFO] [STDERR]: [java.lang.Throwable$WrappedPrintStream:println:749]: Caused by: java.lang.IllegalStateException: Expected BEGIN_OBJECT but was STRING at line 1 column 1
[17:50:05] [Client thread/INFO] [STDOUT]: [com.layue13.clashweave.validation.ClientReplay:<init>:69]: P0_AUDIO initial loader settled
[17:50:09] [Client thread/INFO] [STDOUT]: [com.layue13.clashweave.client.ViewPreservingCorrections$Preserved:processPacket:140]: CW_VIEW packet=1 marker=0 protected=false yawDelta=180.0 pitchDelta=0.0 requestedYawDelta=180.0 requestedPitchDelta=0.0 nano=39424859330600
[17:50:09] [Client thread/INFO] [STDOUT]: [com.layue13.clashweave.client.ViewPreservingCorrections$Preserved:processPacket:140]: CW_VIEW packet=1 marker=0 protected=false yawDelta=0.0 pitchDelta=0.0 requestedYawDelta=0.0 requestedPitchDelta=0.0 nano=39425350776400
[17:50:09] [Client thread/INFO] [STDOUT]: [com.layue13.clashweave.client.ViewPreservingCorrections$Preserved:processPacket:140]: CW_VIEW packet=1 marker=0 protected=false yawDelta=0.0 pitchDelta=0.0 requestedYawDelta=0.0 requestedPitchDelta=0.0 nano=39425351054300
[17:50:09] [Client thread/INFO] [STDOUT]: [com.layue13.clashweave.client.ViewPreservingCorrections$Preserved:processPacket:140]: CW_VIEW packet=1 marker=0 protected=false yawDelta=0.0 pitchDelta=0.0 requestedYawDelta=0.0 requestedPitchDelta=0.0 nano=39425351327600
[17:50:09] [Client thread/INFO] [STDOUT]: [com.layue13.clashweave.client.ViewPreservingCorrections$Preserved:processPacket:140]: CW_VIEW packet=1 marker=0 protected=false yawDelta=0.0 pitchDelta=0.0 requestedYawDelta=0.0 requestedPitchDelta=0.0 nano=39425351532600
[17:50:09] [Client thread/INFO] [STDOUT]: [com.layue13.clashweave.client.ViewPreservingCorrections$Preserved:processPacket:140]: CW_VIEW packet=1 marker=0 protected=false yawDelta=0.0 pitchDelta=0.0 requestedYawDelta=0.0 requestedPitchDelta=0.0 nano=39425351714300
[17:50:09] [Client thread/INFO] [STDOUT]: [com.layue13.clashweave.client.ViewPreservingCorrections$Preserved:processPacket:140]: CW_VIEW packet=1 marker=0 protected=false yawDelta=0.0 pitchDelta=0.0 requestedYawDelta=0.0 requestedPitchDelta=0.0 nano=39425351932900
[17:50:09] [Client thread/INFO] [STDOUT]: [com.layue13.clashweave.client.ViewPreservingCorrections$Preserved:processPacket:140]: CW_VIEW packet=1 marker=0 protected=false yawDelta=0.0 pitchDelta=0.0 requestedYawDelta=0.0 requestedPitchDelta=0.0 nano=39425352119500
[17:50:09] [Client thread/INFO] [STDOUT]: [com.layue13.clashweave.client.ViewPreservingCorrections$Preserved:processPacket:140]: CW_VIEW packet=1 marker=0 protected=false yawDelta=0.0 pitchDelta=0.0 requestedYawDelta=0.0 requestedPitchDelta=0.0 nano=39425352277700
[17:50:09] [Client thread/INFO] [STDOUT]: [com.layue13.clashweave.client.ViewPreservingCorrections$Preserved:processPacket:140]: CW_VIEW packet=1 marker=0 protected=false yawDelta=0.0 pitchDelta=0.0 requestedYawDelta=0.0 requestedPitchDelta=0.0 nano=39425352496800
[17:50:09] [Client thread/INFO] [STDOUT]: [com.layue13.clashweave.client.ViewPreservingCorrections$Preserved:processPacket:140]: CW_VIEW packet=1 marker=0 protected=false yawDelta=0.0 pitchDelta=0.0 requestedYawDelta=0.0 requestedPitchDelta=0.0 nano=39425352757700
[17:50:09] [Client thread/INFO] [STDOUT]: [com.layue13.clashweave.client.ViewPreservingCorrections$Preserved:processPacket:140]: CW_VIEW packet=1 marker=0 protected=false yawDelta=0.0 pitchDelta=0.0 requestedYawDelta=0.0 requestedPitchDelta=0.0 nano=39425352993900
[17:50:10] [Client thread/INFO] [STDOUT]: [com.layue13.clashweave.client.ClientProxy:apply:246]: CW_ENGAGEMENT player=P0A engaged=true revision=2 tick=183 receive=39425685763400
[17:50:10] [Client thread/INFO] [STDOUT]: [com.layue13.clashweave.validation.ClientReplay:tick:96]: P0_APPEARANCE entity=0 skin=clashweave:katana effects=clashweave:default animations=clashweave:katana style=katana
[17:50:12] [Client thread/INFO] [STDOUT]: [com.layue13.clashweave.validation.ClientReplay:tick:256]: P0_REPLAY tick=40 action= progress=2.5180711574535053E-4 feedback=
[17:50:12] [Client thread/INFO] [STDOUT]: [com.layue13.clashweave.validation.ClientReplay:frame:404]: P0_CAPTURE sheathed-0 instance=0 progress=1.7047000000000025 nano=39427917583800
[17:50:12] [Client thread/INFO] [STDOUT]: [com.layue13.clashweave.validation.ClientReplay:frame:404]: P0_CAPTURE sheathed-2 instance=0 progress=1.5826959999999985 nano=39427998078500
[17:50:14] [Client thread/INFO] [STDOUT]: [com.layue13.clashweave.validation.ClientReplay:audio:417]: P0_LOCAL_AUDIO nano=39429882741900
[17:50:14] [Client thread/INFO] [STDOUT]: [com.layue13.clashweave.client.ClientProxy:send:163]: CW_LOCAL_SWING seq=2 press=39429882499900 feedback=39429885503800
[17:50:14] [Client thread/INFO] [STDOUT]: [com.layue13.clashweave.validation.ClientReplay:request:319]: P0_REQUEST intent=LIGHT yaw=0.0 pitch=0.0 nano=39429885813600
[17:50:14] [Client thread/INFO] [STDOUT]: [com.layue13.clashweave.validation.ClientReplay:tick:256]: P0_REPLAY tick=80 action= progress=2.3660262490921014E-4 feedback=
[17:50:14] [Client thread/INFO] [STDOUT]: [com.layue13.clashweave.client.ClientProxy:apply:260]: CW_ALIGN player=P0A seq=2 predicted=0 authoritative=0 sameAction=true
[17:50:14] [Client thread/INFO] [STDOUT]: [com.layue13.clashweave.client.ClientProxy:tick:190]: CW_PRESENT id=1 kind=DRAW actor=0 owner=0
[17:50:14] [Client thread/INFO] [STDOUT]: [com.layue13.clashweave.client.ClientProxy:tick:190]: CW_PRESENT id=2 kind=SWING actor=0 owner=0
[17:50:14] [Client thread/INFO] [STDOUT]: [com.layue13.clashweave.validation.ClientReplay:frame:404]: P0_CAPTURE draw-0 instance=1 progress=2.7276939999999854 nano=39430068750600
[17:50:14] [Client thread/INFO] [STDOUT]: [com.layue13.clashweave.validation.ClientReplay:frame:404]: P0_CAPTURE draw-2 instance=1 progress=4.82905599999998 nano=39430161573700
[17:50:14] [Client thread/INFO] [STDOUT]: [com.layue13.clashweave.client.ClientProxy:apply:305]: CW_FEEDBACK player=P0A result=HIT frozen=39430207137300 receive=39430245744400 corrections=0
[17:50:14] [Client thread/INFO] [STDOUT]: [com.layue13.clashweave.validation.ClientReplay:audio:418]: P0_AUDIO source=random.successful_hit frozen=39430207137300 nano=39430246059500
[17:50:14] [Client thread/INFO] [STDOUT]: [com.layue13.clashweave.client.ClientProxy:tick:190]: CW_PRESENT id=3 kind=HIT actor=0 owner=0
[17:50:14] [Client thread/INFO] [STDOUT]: [com.layue13.clashweave.client.ClientProxy:tick:190]: CW_PRESENT id=4 kind=HURT actor=1 owner=0
[17:50:14] [Client thread/INFO] [STDOUT]: [com.layue13.clashweave.validation.ClientReplay:request:319]: P0_REQUEST intent=LIGHT yaw=0.0 pitch=0.0 nano=39430249615100
[17:50:14] [Client thread/INFO] [STDOUT]: [com.layue13.clashweave.client.ClientProxy:hud:368]: CW_FRAME frozen=39430207137300 frame=39430250412600
[17:50:14] [Client thread/INFO] [STDOUT]: [com.layue13.clashweave.client.ClientProxy:tick:190]: CW_PRESENT id=5 kind=SWING actor=0 owner=0
[17:50:14] [Client thread/INFO] [STDOUT]: [com.layue13.clashweave.client.ClientProxy:apply:305]: CW_FEEDBACK player=P0A result=HIT frozen=39430556016200 receive=39430595116800 corrections=0
[17:50:14] [Client thread/INFO] [STDOUT]: [com.layue13.clashweave.validation.ClientReplay:audio:418]: P0_AUDIO source=random.successful_hit frozen=39430556016200 nano=39430595386200
[17:50:14] [Client thread/INFO] [STDOUT]: [com.layue13.clashweave.client.ClientProxy:tick:190]: CW_PRESENT id=6 kind=HIT actor=0 owner=0
[17:50:14] [Client thread/INFO] [STDOUT]: [com.layue13.clashweave.client.ClientProxy:tick:190]: CW_PRESENT id=7 kind=HURT actor=1 owner=0
[17:50:14] [Client thread/INFO] [STDOUT]: [com.layue13.clashweave.validation.ClientReplay:request:319]: P0_REQUEST intent=LIGHT yaw=0.0 pitch=0.0 nano=39430595905500
[17:50:14] [Client thread/INFO] [STDOUT]: [com.layue13.clashweave.client.ClientProxy:hud:368]: CW_FRAME frozen=39430556016200 frame=39430596428400
[17:50:15] [Client thread/INFO] [STDOUT]: [com.layue13.clashweave.client.ClientProxy:tick:190]: CW_PRESENT id=8 kind=SWING actor=0 owner=0
[17:50:15] [Client thread/INFO] [STDOUT]: [com.layue13.clashweave.validation.ClientReplay:request:319]: P0_REQUEST intent=LIGHT yaw=0.0 pitch=0.0 nano=39430861140800
[17:50:15] [Client thread/INFO] [STDOUT]: [com.layue13.clashweave.validation.ClientReplay:tick:191]: P0_LATE_WIRE seq=9 origin=1
[17:50:16] [Client thread/INFO] [STDOUT]: [com.layue13.clashweave.validation.ClientReplay:tick:256]: P0_REPLAY tick=120 action= progress=1.219999999761967E-4 feedback=ORIGIN_CHANGED
[17:50:16] [Client thread/INFO] [STDOUT]: [com.layue13.clashweave.validation.ClientReplay:audio:417]: P0_LOCAL_AUDIO nano=39432195140900
[17:50:16] [Client thread/INFO] [STDOUT]: [com.layue13.clashweave.client.ClientProxy:send:163]: CW_LOCAL_SWING seq=10 press=39432195032400 feedback=39432196039800
[17:50:16] [Client thread/INFO] [STDOUT]: [com.layue13.clashweave.validation.ClientReplay:request:319]: P0_REQUEST intent=LIGHT yaw=0.0 pitch=0.0 nano=39432196182800
[17:50:16] [Client thread/INFO] [STDOUT]: [com.layue13.clashweave.client.ClientProxy:apply:260]: CW_ALIGN player=P0A seq=10 predicted=0 authoritative=0 sameAction=true
[17:50:16] [Client thread/INFO] [STDOUT]: [com.layue13.clashweave.client.ClientProxy:tick:190]: CW_PRESENT id=9 kind=SWING actor=0 owner=0
[17:50:16] [Client thread/INFO] [STDOUT]: [com.layue13.clashweave.client.ClientProxy:apply:305]: CW_FEEDBACK player=P0A result=HIT frozen=39432457087800 receive=39432495407100 corrections=0
[17:50:16] [Client thread/INFO] [STDOUT]: [com.layue13.clashweave.validation.ClientReplay:audio:418]: P0_AUDIO source=random.successful_hit frozen=39432457087800 nano=39432495762900
[17:50:16] [Client thread/INFO] [STDOUT]: [com.layue13.clashweave.client.ClientProxy:tick:190]: CW_PRESENT id=10 kind=HIT actor=0 owner=0
[17:50:16] [Client thread/INFO] [STDOUT]: [com.layue13.clashweave.client.ClientProxy:tick:190]: CW_PRESENT id=11 kind=HURT actor=1 owner=0
[17:50:16] [Client thread/INFO] [STDOUT]: [com.layue13.clashweave.validation.ClientReplay:request:319]: P0_REQUEST intent=HEAVY yaw=0.0 pitch=0.0 nano=39432496378700
[17:50:16] [Client thread/INFO] [STDOUT]: [com.layue13.clashweave.client.ClientProxy:hud:368]: CW_FRAME frozen=39432457087800 frame=39432496833300
[17:50:16] [Client thread/INFO] [STDOUT]: [com.layue13.clashweave.client.ClientProxy:tick:190]: CW_PRESENT id=12 kind=SWING actor=0 owner=0
[17:50:17] [Client thread/INFO] [STDOUT]: [com.layue13.clashweave.validation.ClientReplay:audio:417]: P0_LOCAL_AUDIO nano=39433462000600
[17:50:17] [Client thread/INFO] [STDOUT]: [com.layue13.clashweave.client.ClientProxy:send:163]: CW_LOCAL_SWING seq=14 press=39433461856200 feedback=39433463045800
[17:50:17] [Client thread/INFO] [STDOUT]: [com.layue13.clashweave.validation.ClientReplay:request:319]: P0_REQUEST intent=HEAVY yaw=0.0 pitch=0.0 nano=39433463242100
[17:50:17] [Client thread/INFO] [STDOUT]: [com.layue13.clashweave.client.ClientProxy:apply:260]: CW_ALIGN player=P0A seq=14 predicted=0 authoritative=0 sameAction=true
[17:50:18] [Client thread/INFO] [STDOUT]: [com.layue13.clashweave.validation.ClientReplay:frame:404]: P0_CAPTURE swing-0 instance=6 progress=7.071754064868458 nano=39433865961500
[17:50:18] [Client thread/INFO] [STDOUT]: [com.layue13.clashweave.validation.ClientReplay:frame:404]: P0_CAPTURE swing-2 instance=6 progress=8.856775878802296 nano=39433969920600
[17:50:18] [Client thread/INFO] [STDOUT]: [com.layue13.clashweave.validation.ClientReplay:tick:256]: P0_REPLAY tick=160 action=heavy progress=9.004024000000015 feedback=MOVE_READY
[17:50:18] [Client thread/INFO] [STDOUT]: [com.layue13.clashweave.client.ViewPreservingCorrections$Preserved:processPacket:140]: CW_VIEW packet=1 marker=0 protected=false yawDelta=-40.0 pitchDelta=0.0 requestedYawDelta=-40.0 requestedPitchDelta=0.0 nano=39434538765900
[17:50:18] [Client thread/INFO] [STDOUT]: [com.layue13.clashweave.validation.ClientReplay:tick:96]: P0_APPEARANCE entity=63086 skin=clashweave:katana effects=clashweave:default animations=clashweave:katana style=katana
[17:50:19] [Client thread/INFO] [STDOUT]: [com.layue13.clashweave.validation.ClientReplay:request:319]: P0_REQUEST intent=SHEATHE yaw=0.0 pitch=0.0 nano=39434738237500
[17:50:19] [Client thread/INFO] [STDOUT]: [com.layue13.clashweave.client.ClientProxy:apply:260]: CW_ALIGN player=P0A seq=16 predicted=0 authoritative=0 sameAction=true
[17:50:19] [Client thread/INFO] [STDOUT]: [com.layue13.clashweave.validation.ClientReplay:frame:404]: P0_CAPTURE sheathe-0 instance=7 progress=3.5057499999999777 nano=39434962219400
[17:50:19] [Client thread/INFO] [STDOUT]: [com.layue13.clashweave.validation.ClientReplay:frame:404]: P0_CAPTURE sheathe-2 instance=7 progress=6.008320000000026 nano=39435063895800
[17:50:19] [Client thread/INFO] [STDOUT]: [com.layue13.clashweave.client.ViewPreservingCorrections$Preserved:processPacket:140]: CW_VIEW packet=1 marker=0 protected=false yawDelta=-40.0 pitchDelta=0.0 requestedYawDelta=-40.0 requestedPitchDelta=0.0 nano=39435180753000
[17:50:20] [Client thread/INFO] [STDOUT]: [com.layue13.clashweave.validation.ClientReplay:audio:417]: P0_LOCAL_AUDIO nano=39435997975600
[17:50:20] [Client thread/INFO] [STDOUT]: [com.layue13.clashweave.client.ClientProxy:send:163]: CW_LOCAL_SWING seq=18 press=39435997873000 feedback=39435998305500
[17:50:20] [Client thread/INFO] [STDOUT]: [com.layue13.clashweave.validation.ClientReplay:request:319]: P0_REQUEST intent=LIGHT yaw=0.0 pitch=0.0 nano=39435998511800
[17:50:20] [Client thread/INFO] [STDOUT]: [com.layue13.clashweave.validation.ClientReplay:tick:256]: P0_REPLAY tick=200 action= progress=6.600000000389628E-5 feedback=MOVE_READY
[17:50:20] [Client thread/INFO] [STDOUT]: [com.layue13.clashweave.client.ClientProxy:apply:260]: CW_ALIGN player=P0A seq=18 predicted=0 authoritative=0 sameAction=true
[17:50:20] [Client thread/INFO] [STDOUT]: [com.layue13.clashweave.validation.ClientReplay:request:319]: P0_REQUEST intent=LIGHT yaw=0.0 pitch=0.0 nano=39436347971800
[17:50:20] [Client thread/INFO] [STDOUT]: [com.layue13.clashweave.client.ClientProxy:apply:305]: CW_FEEDBACK player=P0A result=PARRY frozen=39436262451100 receive=39436498260300 corrections=0
[17:50:20] [Client thread/INFO] [STDOUT]: [com.layue13.clashweave.validation.ClientReplay:audio:418]: P0_AUDIO source=random.anvil_land frozen=39436262451100 nano=39436498697200
[17:50:20] [Client thread/INFO] [STDOUT]: [com.layue13.clashweave.client.ClientProxy:hud:368]: CW_FRAME frozen=39436262451100 frame=39436502753100
[17:50:21] [Client thread/INFO] [STDOUT]: [com.layue13.clashweave.validation.ClientReplay:request:319]: P0_REQUEST intent=LIGHT yaw=0.0 pitch=0.0 nano=39436798159700
[17:50:21] [Client thread/INFO] [STDOUT]: [com.layue13.clashweave.client.ClientProxy:apply:305]: CW_FEEDBACK player=P0A result=BLOCK frozen=39436708868700 receive=39436947894300 corrections=0
[17:50:21] [Client thread/INFO] [STDOUT]: [com.layue13.clashweave.validation.ClientReplay:audio:418]: P0_AUDIO source=random.anvil_land frozen=39436708868700 nano=39436948238000
[17:50:21] [Client thread/INFO] [STDOUT]: [com.layue13.clashweave.client.ClientProxy:hud:368]: CW_FRAME frozen=39436708868700 frame=39436948860100
[17:50:21] [Client thread/INFO] [STDOUT]: [com.layue13.clashweave.validation.ClientReplay:request:319]: P0_REQUEST intent=LIGHT yaw=0.0 pitch=0.0 nano=39437198661000
[17:50:21] [Client thread/INFO] [STDOUT]: [com.layue13.clashweave.client.ClientProxy:apply:305]: CW_FEEDBACK player=P0A result=BLOCK frozen=39437109261900 receive=39437347996500 corrections=0
[17:50:21] [Client thread/INFO] [STDOUT]: [com.layue13.clashweave.validation.ClientReplay:audio:418]: P0_AUDIO source=random.anvil_land frozen=39437109261900 nano=39437348298300
[17:50:21] [Client thread/INFO] [STDOUT]: [com.layue13.clashweave.client.ClientProxy:hud:368]: CW_FRAME frozen=39437109261900 frame=39437348918600
[17:50:22] [Client thread/INFO] [STDOUT]: [com.layue13.clashweave.validation.ClientReplay:tick:256]: P0_REPLAY tick=240 action=light_3 progress=13.00027 feedback=MOVE_READY
[17:50:22] [Client thread/INFO] [STDOUT]: [com.layue13.clashweave.validation.ClientReplay:audio:417]: P0_LOCAL_AUDIO nano=39438514537700
[17:50:22] [Client thread/INFO] [STDOUT]: [com.layue13.clashweave.client.ClientProxy:send:163]: CW_LOCAL_SWING seq=26 press=39438514386700 feedback=39438515514200
[17:50:22] [Client thread/INFO] [STDOUT]: [com.layue13.clashweave.client.ClientProxy:apply:260]: CW_ALIGN player=P0A seq=26 predicted=0 authoritative=0 sameAction=true
[17:50:23] [Client thread/INFO] [STDOUT]: [com.layue13.clashweave.client.ClientProxy:apply:305]: CW_FEEDBACK player=P0A result=PARRY frozen=39438807198600 receive=39439014332800 corrections=0
[17:50:23] [Client thread/INFO] [STDOUT]: [com.layue13.clashweave.validation.ClientReplay:audio:418]: P0_AUDIO source=random.anvil_land frozen=39438807198600 nano=39439014697400
[17:50:23] [Client thread/INFO] [STDOUT]: [com.layue13.clashweave.client.ClientProxy:hud:368]: CW_FRAME frozen=39438807198600 frame=39439015458400
[17:50:24] [Client thread/INFO] [STDOUT]: [com.layue13.clashweave.client.ClientProxy:apply:260]: CW_ALIGN player=P0A seq=28 predicted=0 authoritative=0 sameAction=true
[17:50:24] [Client thread/INFO] [STDOUT]: [com.layue13.clashweave.validation.ClientReplay:tick:256]: P0_REPLAY tick=280 action=sheathe progress=4.000102000000027 feedback=MOVE_READY
[17:50:25] [Client thread/INFO] [STDOUT]: [com.layue13.clashweave.validation.ClientReplay:audio:417]: P0_LOCAL_AUDIO nano=39441030887800
[17:50:25] [Client thread/INFO] [STDOUT]: [com.layue13.clashweave.client.ClientProxy:send:163]: CW_LOCAL_SWING seq=30 press=39441030765000 feedback=39441031856300
[17:50:25] [Client thread/INFO] [STDOUT]: [com.layue13.clashweave.client.ClientProxy:apply:260]: CW_ALIGN player=P0A seq=30 predicted=0 authoritative=0 sameAction=true
[17:50:25] [Client thread/INFO] [STDOUT]: [com.layue13.clashweave.client.ClientProxy:apply:305]: CW_FEEDBACK player=P0A result=PARRY frozen=39441306825900 receive=39441531145800 corrections=0
[17:50:25] [Client thread/INFO] [STDOUT]: [com.layue13.clashweave.validation.ClientReplay:audio:418]: P0_AUDIO source=random.anvil_land frozen=39441306825900 nano=39441531429100
[17:50:25] [Client thread/INFO] [STDOUT]: [com.layue13.clashweave.client.ClientProxy:hud:368]: CW_FRAME frozen=39441306825900 frame=39441531989200
[17:50:26] [Client thread/INFO] [STDOUT]: [com.layue13.clashweave.client.ClientProxy:apply:305]: CW_FEEDBACK player=P0A result=PARRY frozen=39441756223000 receive=39441931139000 corrections=0
[17:50:26] [Client thread/INFO] [STDOUT]: [com.layue13.clashweave.validation.ClientReplay:audio:418]: P0_AUDIO source=random.anvil_land frozen=39441756223000 nano=39441931440000
[17:50:26] [Client thread/INFO] [STDOUT]: [com.layue13.clashweave.client.ClientProxy:hud:368]: CW_FRAME frozen=39441756223000 frame=39441932085900
[17:50:26] [Client thread/INFO] [STDOUT]: [com.layue13.clashweave.validation.ClientReplay:tick:256]: P0_REPLAY tick=320 action=heavy progress=1.000139832480727 feedback=MOVE_READY
[17:50:27] [Client thread/INFO] [STDOUT]: [com.layue13.clashweave.validation.ClientReplay:audio:417]: P0_LOCAL_AUDIO nano=39443531185500
[17:50:27] [Client thread/INFO] [STDOUT]: [com.layue13.clashweave.client.ClientProxy:send:163]: CW_LOCAL_SWING seq=36 press=39443531096900 feedback=39443532153400
[17:50:27] [Client thread/INFO] [STDOUT]: [com.layue13.clashweave.client.ClientProxy:apply:260]: CW_ALIGN player=P0A seq=36 predicted=0 authoritative=0 sameAction=true
[17:50:28] [Client thread/INFO] [STDOUT]: [com.layue13.clashweave.client.ClientProxy:apply:305]: CW_FEEDBACK player=P0A result=PARRY frozen=39443807833500 receive=39444031732100 corrections=0
[17:50:28] [Client thread/INFO] [STDOUT]: [com.layue13.clashweave.validation.ClientReplay:audio:418]: P0_AUDIO source=random.anvil_land frozen=39443807833500 nano=39444032067700
[17:50:28] [Client thread/INFO] [STDOUT]: [com.layue13.clashweave.validation.ClientReplay:tick:256]: P0_REPLAY tick=360 action=heavy progress=9.00804617359529 feedback=PARRY
[17:50:28] [Client thread/INFO] [STDOUT]: [com.layue13.clashweave.client.ClientProxy:hud:368]: CW_FRAME frozen=39443807833500 frame=39444032797500
[17:50:29] [Client thread/INFO] [STDOUT]: [com.layue13.clashweave.client.ClientProxy:apply:260]: CW_ALIGN player=P0A seq=38 predicted=0 authoritative=0 sameAction=true
[17:50:30] [Client thread/INFO] [STDOUT]: [com.layue13.clashweave.validation.ClientReplay:audio:417]: P0_LOCAL_AUDIO nano=39446031605800
[17:50:30] [Client thread/INFO] [STDOUT]: [com.layue13.clashweave.client.ClientProxy:send:163]: CW_LOCAL_SWING seq=40 press=39446031478600 feedback=39446031888000
[17:50:30] [Client thread/INFO] [STDOUT]: [com.layue13.clashweave.validation.ClientReplay:tick:256]: P0_REPLAY tick=400 action= progress=6.13359767385191E-5 feedback=MOVE_READY
[17:50:30] [Client thread/INFO] [STDOUT]: [com.layue13.clashweave.client.ClientProxy:apply:260]: CW_ALIGN player=P0A seq=40 predicted=0 authoritative=0 sameAction=true
[17:50:30] [Client thread/INFO] [STDOUT]: [com.layue13.clashweave.client.ClientProxy:apply:305]: CW_FEEDBACK player=P0A result=PARRY frozen=39446307957800 receive=39446531018700 corrections=0
[17:50:30] [Client thread/INFO] [STDOUT]: [com.layue13.clashweave.validation.ClientReplay:audio:418]: P0_AUDIO source=random.anvil_land frozen=39446307957800 nano=39446531366700
[17:50:30] [Client thread/INFO] [STDOUT]: [com.layue13.clashweave.client.ClientProxy:hud:368]: CW_FRAME frozen=39446307957800 frame=39446532050900
[17:50:31] [Client thread/INFO] [STDOUT]: [com.layue13.clashweave.client.ClientProxy:apply:305]: CW_FEEDBACK player=P0A result=BLOCK frozen=39446756047100 receive=39446932974500 corrections=0
[17:50:31] [Client thread/INFO] [STDOUT]: [com.layue13.clashweave.client.ClientProxy:hud:368]: CW_FRAME frozen=39446756047100 frame=39446934262700
[17:50:32] [Client thread/INFO] [STDOUT]: [com.layue13.clashweave.validation.ClientReplay:tick:256]: P0_REPLAY tick=440 action=light_3 progress=13.000081885524082 feedback=MOVE_READY
[17:50:32] [Client thread/INFO] [STDOUT]: [com.layue13.clashweave.validation.ClientReplay:audio:417]: P0_LOCAL_AUDIO nano=39448531024700
[17:50:32] [Client thread/INFO] [STDOUT]: [com.layue13.clashweave.client.ClientProxy:send:163]: CW_LOCAL_SWING seq=48 press=39448530882100 feedback=39448531993500
[17:50:32] [Client thread/INFO] [STDOUT]: [com.layue13.clashweave.client.ClientProxy:apply:260]: CW_ALIGN player=P0A seq=48 predicted=0 authoritative=0 sameAction=true
[17:50:34] [Client thread/INFO] [STDOUT]: [com.layue13.clashweave.validation.ClientReplay:tick:256]: P0_REPLAY tick=480 action=sheathe progress=4.000103999999965 feedback=MOVE_READY
[17:50:35] [Client thread/INFO] [STDOUT]: [com.layue13.clashweave.validation.ClientReplay:audio:417]: P0_LOCAL_AUDIO nano=39451031322600
[17:50:35] [Client thread/INFO] [STDOUT]: [com.layue13.clashweave.client.ClientProxy:send:163]: CW_LOCAL_SWING seq=52 press=39451031179000 feedback=39451031629000
[17:50:37] [Client thread/INFO] [STDOUT]: [com.layue13.clashweave.validation.ClientReplay:audio:417]: P0_LOCAL_AUDIO nano=39453531524600
[17:50:37] [Client thread/INFO] [STDOUT]: [com.layue13.clashweave.client.ClientProxy:send:163]: CW_LOCAL_SWING seq=58 press=39453531427400 feedback=39453532487100
[17:50:40] [Client thread/INFO] [STDOUT]: [com.layue13.clashweave.validation.ClientReplay:audio:417]: P0_LOCAL_AUDIO nano=39456031787900
[17:50:40] [Client thread/INFO] [STDOUT]: [com.layue13.clashweave.client.ClientProxy:send:163]: CW_LOCAL_SWING seq=62 press=39456031651700 feedback=39456032093200
